Myntra_Clean_Data.csv
date,product_id,category,brand,listed_price,cost_price,discount_pct,final_price,units_sold,inventory_level,rating,competitor_price,revenue,profit
2023-01-01,P002,Kids,H&M,1260.11,856.51,15,1071.09,108,821,4.0,1175.13,115677.72,23174.64
2023-01-06,P002,Kids,H&M,3157.75,2164.76,20,2526.2,5,181,4.8,2569.88,12631.0,1807.2
2023-01-08,P002,Kids,H&M,1034.39,592.24,5,982.67,45,380,3.3,1077.69,44220.15,17569.35
2023-01-12,P002,Kids,H&M,4931.96,3039.31,15,4192.17,31,252,3.4,3966.63,129957.27,35738.66
2023-01-15,P002,Kids,H&M,3324.42,2367.18,10,2991.98,33,649,4.3,3063.62,98735.34,20618.4
2023-01-18,P002,Kids,H&M,2902.84,2152.2,40,1741.7,62,931,3.9,1877.83,107985.4,-25451.0
2023-01-28,P002,Kids,H&M,820.57,568.13,10,738.51,192,139,3.5,725.22,141793.92,32712.96
2023-02-11,P002,Kids,H&M,2778.23,1728.6,15,2361.5,58,189,3.3,2488.66,136967.0,36708.2
2023-02-12,P002,Kids,H&M,4087.86,2902.64,15,3474.68,10,995,4.2,3675.87,34746.8,5720.4
2023-02-12,P002,Kids,H&M,681.72,406.63,40,409.03,204,140,5.0,416.83,83442.12,489.6
2023-02-12,P002,Kids,H&M,4306.15,3212.16,5,4090.84,16,778,4.6,3942.57,65453.44,14058.88
2023-02-14,P002,Kids,H&M,4320.07,2747.44,15,3672.06,19,551,3.9,3905.14,69769.14,17567.78
2023-02-18,P002,Kids,H&M,1975.95,1361.16,30,1383.16,36,666,4.3,1409.17,49793.76,792.0
2023-02-19,P002,Kids,H&M,719.1,452.39,20,575.28,240,749,4.7,561.55,138067.2,29493.6
2023-02-22,P002,Kids,H&M,1969.1,1255.17,30,1378.37,78,941,3.3,1503.56,107512.86,9609.6
2023-02-26,P002,Kids,H&M,4390.1,2950.52,10,3951.09,8,918,4.7,3808.35,31608.72,8004.56
2023-02-26,P002,Kids,H&M,1613.56,932.84,40,968.14,30,727,4.7,1016.84,29044.2,1059.0
2023-03-06,P002,Kids,H&M,3942.64,2177.17,5,3745.51,18,744,3.4,3996.68,67419.18,28230.12
2023-03-07,P002,Kids,H&M,3270.67,1919.03,5,3107.14,18,191,4.4,2820.08,55928.52,21385.98
2023-03-21,P002,Kids,H&M,2379.37,1557.25,20,1903.5,62,395,3.9,1976.86,118017.0,21467.5
2023-03-23,P002,Kids,H&M,2294.48,1589.81,20,1835.58,56,316,3.5,1992.18,102792.48,13763.12
2023-03-29,P002,Kids,H&M,3994.61,2454.65,5,3794.88,34,654,3.6,3905.38,129025.92,45567.82
2023-04-02,P002,Kids,H&M,1988.68,1290.89,0,1988.68,22,393,3.8,1855.21,43750.96,15351.38
2023-04-05,P002,Kids,H&M,4011.99,2458.12,15,3410.19,7,306,4.5,3495.83,23871.33,6664.49
2023-04-10,P002,Kids,H&M,1950.6,1099.18,10,1755.54,64,423,4.6,1895.36,112354.56,42007.04
2023-04-18,P002,Kids,H&M,4669.21,2597.59,40,2801.53,8,288,3.3,2762.21,22412.24,1631.52
2023-04-19,P002,Kids,H&M,2550.51,1477.58,20,2040.41,56,921,4.4,2218.3,114262.96,31518.48
2023-04-20,P002,Kids,H&M,4544.92,3116.07,15,3863.18,25,302,3.3,4166.31,96579.5,18677.75
2023-04-23,P002,Kids,H&M,4300.16,2556.06,0,4300.16,18,492,4.8,3965.28,77402.88,31393.8
2023-05-10,P002,Kids,H&M,3934.82,2249.68,40,2360.89,20,730,4.1,2350.58,47217.8,2224.2
2023-05-10,P002,Kids,H&M,837.14,479.66,30,586.0,208,334,3.5,587.53,121888.0,22118.72
2023-06-05,P002,Kids,H&M,4963.55,2774.94,15,4219.02,29,209,4.7,4151.28,122351.58,41878.32
2023-06-13,P002,Kids,H&M,3620.28,2549.49,5,3439.27,8,934,4.1,3414.02,27514.16,7118.24
2023-06-28,P002,Kids,H&M,1624.92,960.75,5,1543.67,51,473,4.8,1644.89,78727.17,29728.92
2023-06-30,P002,Kids,H&M,3576.29,2533.48,10,3218.66,11,984,4.9,3476.09,35405.26,7536.98
2023-07-18,P002,Kids,H&M,2035.04,1368.42,15,1729.78,64,630,4.7,1630.06,110705.92,23127.04
2023-08-05,P002,Kids,H&M,3980.41,2551.93,40,2388.25,32,991,4.5,2548.61,76424.0,-5237.76
2023-08-10,P002,Kids,H&M,3748.66,2391.59,5,3561.23,7,990,3.5,3407.09,24928.61,8187.48
2023-08-21,P002,Kids,H&M,3150.4,2187.59,5,2992.88,5,148,4.2,3026.62,14964.4,4026.45
2023-08-26,P002,Kids,H&M,2425.91,1450.0,0,2425.91,44,725,4.9,2298.41,106740.04,42940.04
2023-08-28,P002,Kids,H&M,3932.38,2310.0,0,3932.38,28,943,3.5,3562.49,110106.64,45426.64
2023-09-03,P002,Kids,H&M,1564.87,879.77,20,1251.9,63,378,4.3,1276.98,78869.7,23444.19
2023-09-03,P002,Kids,H&M,1346.96,866.4,5,1279.61,96,412,3.3,1307.9,122842.56,39668.16
2023-09-05,P002,Kids,H&M,4739.44,2888.44,0,4739.44,17,212,3.4,4728.84,80570.48,31467.0
2023-09-09,P002,Kids,H&M,4236.3,2496.67,5,4024.48,17,595,4.4,3746.15,68416.16,25972.77
2023-09-18,P002,Kids,H&M,2212.76,1220.24,40,1327.66,30,919,4.4,1273.2,39829.8,3222.6
2023-09-19,P002,Kids,H&M,3966.4,2733.28,15,3371.44,16,793,4.9,3269.22,53943.04,10210.56
2023-09-19,P002,Kids,H&M,3446.22,2108.57,20,2756.98,13,733,3.2,2961.69,35840.74,8429.33
2023-09-20,P002,Kids,H&M,1836.36,1082.63,0,1836.36,40,607,3.3,1763.12,73454.4,30149.2
2023-09-24,P002,Kids,H&M,2946.09,2015.69,30,2062.26,14,673,4.8,1926.57,28871.64,651.98
2023-09-26,P002,Kids,H&M,1468.63,1011.67,5,1395.2,87,224,3.9,1470.89,121382.4,33367.11
2023-09-28,P002,Kids,H&M,4288.14,2609.31,40,2572.88,34,945,3.6,2642.09,87477.92,-1238.62
2023-10-03,P002,Kids,H&M,2788.61,1826.99,20,2230.89,39,816,3.5,2074.02,87004.71,15752.1
2023-10-08,P002,Kids,H&M,4508.88,3130.84,0,4508.88,27,127,4.9,4081.29,121739.76,37207.08
2023-10-15,P002,Kids,H&M,4542.21,2682.53,10,4087.99,41,696,4.5,3720.89,167607.59,57623.86
2023-10-17,P002,Kids,H&M,4933.41,3313.27,15,4193.4,33,978,4.5,3989.61,138382.2,29044.29
2023-10-20,P002,Kids,H&M,2935.01,1804.38,20,2348.01,46,423,4.9,2457.95,108008.46,25006.98
2023-10-20,P002,Kids,H&M,728.27,509.85,15,619.03,312,717,3.9,570.44,193137.36,34064.16
2023-10-21,P002,Kids,H&M,1573.71,1065.14,5,1495.02,105,666,5.0,1361.61,156977.1,45137.4
2023-10-23,P002,Kids,H&M,3209.88,1995.11,5,3049.39,23,121,4.9,3000.06,70135.97,24248.44
2023-10-25,P002,Kids,H&M,545.43,302.83,20,436.34,157,302,4.7,412.54,68505.38,20961.07
2023-10-25,P002,Kids,H&M,3045.32,2252.84,0,3045.32,40,493,3.3,3166.86,121812.8,31699.2
2023-11-07,P002,Kids,H&M,1896.15,1371.51,5,1801.34,88,548,4.0,1687.14,158517.92,37825.04
2023-11-20,P002,Kids,H&M,4659.57,2664.94,40,2795.74,37,466,4.3,2828.73,103442.38,4839.6
2023-11-21,P002,Kids,H&M,870.05,622.72,10,783.04,101,113,4.3,796.94,79087.04,16192.32
2023-12-08,P002,Kids,H&M,4659.85,2659.85,5,4426.86,44,875,3.3,4691.31,194781.84,77748.44
2023-12-10,P002,Kids,H&M,1431.81,887.16,5,1360.22,50,619,4.9,1245.97,68011.0,23653.0
2023-12-10,P002,Kids,H&M,4023.45,2878.31,20,3218.76,26,640,4.2,3120.34,83687.76,8851.7
2023-12-15,P002,Kids,H&M,2461.5,1457.05,0,2461.5,65,814,3.5,2321.9,159997.5,65289.25
2023-12-19,P002,Kids,H&M,2803.7,2099.48,40,1682.22,15,591,3.4,1530.25,25233.3,-6258.9
2023-12-20,P002,Kids,H&M,808.47,449.75,15,687.2,191,957,3.9,628.32,131255.2,45352.95
2023-12-24,P002,Kids,H&M,1431.15,840.52,10,1288.04,120,149,4.9,1291.57,154564.8,53702.4
2023-12-24,P002,Kids,H&M,4255.71,2900.89,0,4255.71,7,722,4.8,4443.7,29789.97,9483.74
2023-12-28,P002,Kids,H&M,3103.52,2327.13,10,2793.17,41,821,4.5,2600.18,114519.97,19107.64
2024-01-22,P002,Kids,H&M,1552.76,969.32,30,1086.93,136,121,4.2,1044.9,147822.48,15994.96
2024-02-13,P002,Kids,H&M,538.5,337.33,0,538.5,288,620,4.2,583.0,155088.0,57936.96
2024-02-20,P002,Kids,H&M,3473.68,2510.96,40,2084.21,40,430,3.4,2046.55,83368.4,-17070.0
2024-02-26,P002,Kids,H&M,2786.6,2085.4,40,1671.96,18,218,4.2,1534.24,30095.28,-7441.92
2024-02-26,P002,Kids,H&M,3563.18,2599.16,30,2494.23,34,161,4.6,2555.35,84803.82,-3567.62
2024-03-03,P002,Kids,H&M,4087.55,2890.47,30,2861.28,24,226,3.7,3053.55,68670.72,-700.56
2024-03-06,P002,Kids,H&M,745.43,459.96,15,633.62,203,216,4.3,584.74,128624.86,35252.98
2024-03-08,P002,Kids,H&M,3876.69,2315.16,10,3489.02,31,195,4.4,3496.76,108159.62,36389.66
2024-03-12,P002,Kids,H&M,2061.6,1335.87,0,2061.6,18,248,4.5,2118.54,37108.8,13063.14
2024-03-17,P002,Kids,H&M,941.78,642.35,5,894.69,50,722,3.3,978.41,44734.5,12617.0
2024-03-18,P002,Kids,H&M,3879.76,2258.68,30,2715.83,19,106,4.1,2654.11,51600.77,8685.85
2024-03-23,P002,Kids,H&M,1513.63,853.85,5,1437.95,51,928,4.3,1453.9,73335.45,29789.1
2024-03-24,P002,Kids,H&M,4796.97,2647.29,40,2878.18,17,576,3.6,3030.51,48929.06,3925.13
2024-04-06,P002,Kids,H&M,2369.02,1358.76,0,2369.02,62,364,3.9,2429.18,146879.24,62636.12
2024-04-10,P002,Kids,H&M,2633.47,1654.7,10,2370.12,56,994,4.4,2324.9,132726.72,40063.52
2024-04-13,P002,Kids,H&M,3467.92,1945.49,30,2427.54,54,938,4.3,2506.32,131087.16,26030.7
2024-04-14,P002,Kids,H&M,1353.63,913.9,15,1150.59,68,401,3.8,1236.27,78240.12,16094.92
2024-04-15,P002,Kids,H&M,930.4,603.7,10,837.36,165,375,3.9,876.23,138164.4,38553.9
2024-04-19,P002,Kids,H&M,3270.91,2415.32,0,3270.91,33,630,3.3,3488.01,107940.03,28234.47
2024-05-05,P002,Kids,H&M,3120.05,2201.81,15,2652.04,33,414,3.7,2586.33,87517.32,14857.59
2024-05-07,P002,Kids,H&M,4701.18,3426.18,10,4231.06,24,724,4.3,4238.68,101545.44,19317.12
2024-05-13,P002,Kids,H&M,4904.79,2925.41,0,4904.79,16,531,3.8,4801.1,78476.64,31670.08
2024-05-13,P002,Kids,H&M,2293.0,1656.56,30,1605.1,21,437,4.6,1610.23,33707.1,-1080.66
2024-05-16,P002,Kids,H&M,3231.89,2382.0,40,1939.13,14,750,4.2,1980.56,27147.82,-6200.18
2024-05-20,P002,Kids,H&M,4822.42,2720.66,10,4340.18,22,484,3.4,4099.71,95483.96,35629.44
2024-05-20,P002,Kids,H&M,1989.55,1136.55,15,1691.12,26,548,4.9,1740.82,43969.12,14418.82
2024-05-23,P002,Kids,H&M,4504.45,3335.23,20,3603.56,25,444,4.8,3278.99,90089.0,6708.25
2024-05-23,P002,Kids,H&M,2804.68,1604.79,10,2524.21,11,229,3.3,2646.88,27766.31,10113.62
2024-05-26,P002,Kids,H&M,4666.23,3296.55,0,4666.23,19,256,3.6,4406.68,88658.37,26023.92
2024-06-03,P002,Kids,H&M,4935.27,2959.15,15,4194.98,20,735,4.2,3997.85,83899.6,24716.6
2024-06-04,P002,Kids,H&M,1188.76,763.06,40,713.26,224,542,4.9,772.91,159770.24,-11155.2
2024-06-06,P002,Kids,H&M,1118.99,758.44,15,951.14,120,778,3.3,1026.2,114136.8,23124.0
2024-06-18,P002,Kids,H&M,2068.92,1519.9,0,2068.92,32,389,4.6,2072.43,66205.44,17568.64
2024-07-01,P002,Kids,H&M,896.84,654.56,0,896.84,105,442,3.9,942.07,94168.2,25439.4
2024-07-04,P002,Kids,H&M,3142.69,1883.65,15,2671.29,23,240,3.5,2429.73,61439.67,18115.72
2024-07-07,P002,Kids,H&M,2650.57,1907.77,10,2385.51,42,573,4.6,2480.28,100191.42,20065.08
2024-07-14,P002,Kids,H&M,1613.45,1015.38,0,1613.45,93,789,3.4,1484.79,150050.85,55620.51
2024-07-23,P002,Kids,H&M,3647.05,2631.43,0,3647.05,14,133,4.2,3953.77,51058.7,14218.68
2024-07-23,P002,Kids,H&M,4465.87,3029.21,20,3572.7,20,547,4.5,3750.66,71454.0,10869.8
2024-07-28,P002,Kids,H&M,1687.02,1067.96,10,1518.32,57,616,4.3,1627.07,86544.24,25670.52
2024-07-29,P002,Kids,H&M,1786.96,1162.62,5,1697.61,64,669,3.9,1841.69,108647.04,34239.36
2024-08-02,P002,Kids,H&M,1300.94,839.11,20,1040.75,52,476,4.5,1058.04,54119.0,10485.28
2024-08-05,P002,Kids,H&M,3541.47,2322.51,5,3364.4,17,397,3.2,3546.43,57194.8,17712.13
2024-08-18,P002,Kids,H&M,3848.33,2608.04,30,2693.83,19,196,4.5,2526.8,51182.77,1630.01
2024-08-19,P002,Kids,H&M,4780.94,2686.07,40,2868.56,11,887,4.6,2659.56,31554.16,2007.39
2024-08-19,P002,Kids,H&M,868.84,504.57,5,825.4,186,913,4.4,857.6,153524.4,59674.38
2024-08-27,P002,Kids,H&M,2453.31,1694.01,40,1471.99,42,502,3.9,1427.25,61823.58,-9324.84
2024-08-27,P002,Kids,H&M,2020.48,1114.78,10,1818.43,54,962,3.7,1800.89,98195.22,37997.1
2024-09-11,P002,Kids,H&M,547.21,355.18,0,547.21,171,884,4.4,519.04,93572.91,32837.13
2024-09-21,P002,Kids,H&M,2833.46,2018.22,5,2691.79,10,642,4.9,2439.95,26917.9,6735.7
2024-09-23,P002,Kids,H&M,2553.63,1639.25,30,1787.54,48,805,3.8,1905.32,85801.92,7117.92
2024-09-23,P002,Kids,H&M,1201.3,734.29,20,961.04,100,139,4.3,881.92,96104.0,22675.0
2024-09-26,P002,Kids,H&M,3305.49,1897.53,15,2809.67,10,656,4.1,2816.56,28096.7,9121.4
2024-09-30,P002,Kids,H&M,3200.68,2158.25,40,1920.41,68,583,3.4,1851.67,130587.88,-16173.12
2024-10-17,P002,Kids,H&M,4961.21,3347.55,10,4465.09,26,730,4.5,4269.34,116092.34,29056.04
2024-10-20,P002,Kids,H&M,1671.33,1135.1,20,1337.06,113,937,4.1,1363.09,151087.78,22821.48
2024-10-23,P002,Kids,H&M,2846.2,2017.66,40,1707.72,54,175,4.7,1792.54,92216.88,-16736.76
2024-10-24,P002,Kids,H&M,2784.68,2060.69,0,2784.68,24,839,3.9,2963.77,66832.32,17375.76
2024-10-25,P002,Kids,H&M,2444.8,1601.3,30,1711.36,26,697,4.8,1684.89,44495.36,2861.56
2024-10-25,P002,Kids,H&M,2444.26,1807.1,0,2444.26,13,776,3.2,2345.72,31775.38,8283.08
2024-10-26,P002,Kids,H&M,803.79,526.62,15,683.22,182,719,3.4,730.2,124346.04,28501.2
2024-10-27,P002,Kids,H&M,2868.32,1887.03,5,2724.9,10,365,3.9,2924.28,27249.0,8378.7
2024-10-27,P002,Kids,H&M,2566.47,1785.69,40,1539.88,58,733,3.3,1587.59,89313.04,-14256.98
2024-10-29,P002,Kids,H&M,4026.75,2355.58,40,2416.05,18,571,4.1,2456.69,43488.9,1088.46
2024-11-08,P002,Kids,H&M,4658.07,3330.56,5,4425.17,29,878,4.0,4418.45,128329.93,31743.69
2024-11-21,P002,Kids,H&M,2471.23,1594.87,5,2347.67,49,507,3.2,2299.03,115035.83,36887.2
2024-11-22,P002,Kids,H&M,1134.15,637.35,10,1020.74,114,988,3.5,1118.62,116364.36,43706.46
2024-11-26,P002,Kids,H&M,1393.7,1005.18,0,1393.7,58,200,3.3,1513.57,80834.6,22534.16
2024-11-28,P002,Kids,H&M,2005.71,1157.46,40,1203.43,83,434,4.5,1087.05,99884.69,3815.51
2024-11-29,P002,Kids,H&M,517.39,321.21,20,413.91,499,291,3.3,402.56,206541.09,46257.3
2024-11-29,P002,Kids,H&M,2252.85,1259.57,5,2140.21,41,489,3.7,2233.41,87748.61,36106.24
2024-12-01,P002,Kids,H&M,726.68,442.13,40,436.01,300,561,4.3,473.68,130803.0,-1836.0
2024-12-05,P002,Kids,H&M,1553.83,1020.09,10,1398.45,105,829,3.3,1441.06,146837.25,39727.8
2024-12-09,P002,Kids,H&M,3814.56,2567.91,20,3051.65,35,582,3.4,2955.93,106807.75,16930.9
2024-12-14,P002,Kids,H&M,3386.46,2469.29,0,3386.46,26,406,3.5,3469.62,88047.96,23846.42
2024-12-15,P002,Kids,H&M,1135.95,738.0,20,908.76,84,616,3.4,992.28,76335.84,14343.84
