Myntra_Clean_Data.csv
date,product_id,category,brand,listed_price,cost_price,discount_pct,final_price,units_sold,inventory_level,rating,competitor_price,revenue,profit
2023-01-01,P004,Women,Puma,3934.44,2225.61,10,3541.0,23,960,4.8,3440.58,81443.0,30253.97
2023-01-02,P004,Women,Puma,2251.87,1472.06,20,1801.5,28,582,3.4,1845.14,50442.0,9224.32
2023-01-04,P004,Women,Puma,1182.85,743.66,20,946.28,50,698,4.6,956.49,47314.0,10131.0
2023-01-08,P004,Women,Puma,3842.04,2639.94,0,3842.04,26,602,4.3,4190.37,99893.04,31254.6
2023-01-08,P004,Women,Puma,2660.73,1838.78,5,2527.69,25,725,3.3,2600.58,63192.25,17222.75
2023-01-11,P004,Women,Puma,2494.76,1517.16,30,1746.33,62,800,3.3,1687.15,108272.46,14208.54
2023-01-12,P004,Women,Puma,1060.23,778.96,10,954.21,25,579,4.9,1029.35,23855.25,4381.25
2023-01-14,P004,Women,Puma,4343.02,3170.27,5,4125.87,23,426,3.4,4342.33,94895.01,21978.8
2023-01-23,P004,Women,Puma,2609.68,1698.6,10,2348.71,16,158,4.4,2569.8,37579.36,10401.76
2023-02-01,P004,Women,Puma,1635.75,1041.88,10,1472.18,93,230,3.4,1587.14,136912.74,40017.9
2023-02-02,P004,Women,Puma,3022.75,1758.74,10,2720.48,14,969,3.2,2686.39,38086.72,13464.36
2023-02-15,P004,Women,Puma,1450.06,843.32,20,1160.05,64,596,3.3,1095.11,74243.2,20270.72
2023-03-01,P004,Women,Puma,1738.35,1192.53,20,1390.68,75,794,4.2,1479.7,104301.0,14861.25
2023-03-09,P004,Women,Puma,3835.45,2789.81,20,3068.36,9,394,4.2,3167.6,27615.24,2506.95
2023-03-15,P004,Women,Puma,2947.82,1626.02,10,2653.04,22,663,3.4,2620.92,58366.88,22594.44
2023-03-18,P004,Women,Puma,707.91,460.68,10,637.12,133,951,4.9,613.37,84736.96,23466.52
2023-03-21,P004,Women,Puma,4855.23,3343.86,40,2913.14,26,673,3.8,2710.63,75741.64,-11198.72
2023-03-23,P004,Women,Puma,626.68,447.0,10,564.01,48,530,3.9,586.94,27072.48,5616.48
2023-03-26,P004,Women,Puma,2526.45,1454.81,10,2273.8,34,816,3.6,2445.8,77309.2,27845.66
2023-03-28,P004,Women,Puma,3090.73,2022.84,40,1854.44,56,407,4.3,1851.02,103848.64,-9430.4
2023-04-11,P004,Women,Puma,2958.82,1954.89,0,2958.82,6,219,4.0,2716.87,17752.92,6023.58
2023-04-12,P004,Women,Puma,2724.46,1818.18,0,2724.46,16,742,4.2,2486.09,43591.36,14500.48
2023-04-15,P004,Women,Puma,1063.55,761.85,10,957.2,105,505,4.9,997.36,100506.0,20511.75
2023-04-22,P004,Women,Puma,4164.31,2972.72,15,3539.66,15,464,4.6,3270.82,53094.9,8504.1
2023-04-23,P004,Women,Puma,1622.07,992.38,30,1135.45,60,571,4.6,1202.4,68127.0,8584.2
2023-04-23,P004,Women,Puma,4665.7,2945.71,10,4199.13,26,847,4.6,4314.2,109177.38,32588.92
2023-04-27,P004,Women,Puma,2408.71,1450.0,20,1926.97,32,214,3.8,1974.92,61663.04,15263.04
2023-05-06,P004,Women,Puma,2801.77,2081.69,20,2241.42,62,220,4.0,2462.88,138968.04,9903.26
2023-05-14,P004,Women,Puma,4650.21,3128.48,40,2790.13,32,396,4.2,2536.55,89284.16,-10827.2
2023-05-16,P004,Women,Puma,3801.37,2341.85,20,3041.1,22,966,3.5,2765.79,66904.2,15383.5
2023-05-18,P004,Women,Puma,1776.74,1082.42,10,1599.07,42,657,4.4,1570.39,67160.94,21699.3
2023-05-23,P004,Women,Puma,1662.94,1171.64,10,1496.65,93,336,4.5,1392.35,139188.45,30225.93
2023-05-27,P004,Women,Puma,2260.08,1463.41,10,2034.07,22,227,4.2,2135.43,44749.54,12554.52
2023-06-01,P004,Women,Puma,2288.63,1575.27,40,1373.18,63,659,3.4,1283.53,86510.34,-12731.67
2023-06-10,P004,Women,Puma,3046.84,2048.79,30,2132.79,34,876,4.3,2249.04,72514.86,2856.0
2023-06-12,P004,Women,Puma,602.95,374.89,40,361.77,429,844,4.1,336.59,155199.33,-5628.48
2023-06-24,P004,Women,Puma,2045.58,1282.37,10,1841.02,14,999,3.6,1745.16,25774.28,7821.1
2023-06-25,P004,Women,Puma,842.21,477.04,10,757.99,48,248,4.7,709.89,36383.52,13485.6
2023-06-26,P004,Women,Puma,1902.52,1341.07,15,1617.14,78,877,3.5,1716.11,126136.92,21533.46
2023-07-03,P004,Women,Puma,3126.96,1888.97,10,2814.26,21,723,4.1,3022.84,59099.46,19431.09
2023-07-04,P004,Women,Puma,1607.43,886.22,20,1285.94,87,987,4.3,1405.86,111876.78,34775.64
2023-07-11,P004,Women,Puma,2019.95,1297.12,15,1716.96,30,788,3.7,1788.94,51508.8,12595.2
2023-07-13,P004,Women,Puma,1594.1,908.56,10,1434.69,90,577,3.7,1304.33,129122.1,47351.7
2023-07-13,P004,Women,Puma,704.69,502.51,0,704.69,77,924,4.5,683.86,54261.13,15567.86
2023-07-24,P004,Women,Puma,586.97,388.56,0,586.97,168,709,4.2,534.22,98610.96,33332.88
2023-08-02,P004,Women,Puma,2900.6,2151.89,0,2900.6,33,425,4.1,2693.0,95719.8,24707.43
2023-08-23,P004,Women,Puma,3395.09,1940.69,40,2037.05,32,450,3.5,1865.77,65185.6,3083.52
2023-08-26,P004,Women,Puma,2464.57,1690.1,0,2464.57,26,412,4.1,2439.76,64078.82,20136.22
2023-09-01,P004,Women,Puma,3722.68,2661.4,0,3722.68,32,873,4.1,3968.4,119125.76,33960.96
2023-09-02,P004,Women,Puma,2700.86,1954.66,15,2295.73,30,251,4.4,2406.92,68871.9,10232.1
2023-09-15,P004,Women,Puma,2673.85,1918.0,5,2540.16,32,377,3.3,2672.13,81285.12,19909.12
2023-09-18,P004,Women,Puma,936.38,616.75,30,655.47,196,113,4.4,628.86,128472.12,7589.12
2023-10-17,P004,Women,Puma,543.0,375.8,40,325.8,195,465,3.6,298.33,63531.0,-9750.0
2023-10-23,P004,Women,Puma,1077.0,751.48,40,646.2,100,351,4.6,678.3,64620.0,-10528.0
2023-10-29,P004,Women,Puma,1795.83,1189.29,30,1257.08,23,850,3.7,1161.72,28912.84,1559.17
2023-11-02,P004,Women,Puma,3214.61,2066.11,30,2250.23,57,646,3.8,2393.73,128263.11,10494.84
2023-11-06,P004,Women,Puma,2598.67,1835.15,30,1819.07,26,695,4.7,1652.23,47295.82,-418.08
2023-11-18,P004,Women,Puma,3912.91,2198.87,40,2347.75,59,409,4.1,2191.56,138517.25,8783.92
2023-11-19,P004,Women,Puma,4986.29,3353.13,40,2991.77,7,457,4.2,3022.33,20942.39,-2529.52
2023-11-25,P004,Women,Puma,1285.53,873.65,10,1156.98,150,705,4.1,1266.39,173547.0,42499.5
2023-11-28,P004,Women,Puma,1585.84,1125.89,15,1347.96,54,129,3.2,1329.07,72789.84,11991.78
2023-11-29,P004,Women,Puma,3947.06,2920.93,10,3552.35,20,809,3.8,3612.37,71047.0,12628.4
2023-11-30,P004,Women,Puma,3961.66,2598.48,30,2773.16,20,934,4.5,2701.67,55463.2,3493.6
2023-12-04,P004,Women,Puma,1267.19,704.68,20,1013.75,104,666,4.4,958.35,105430.0,32143.28
2023-12-08,P004,Women,Puma,4862.64,2744.93,15,4133.24,11,702,3.9,4178.35,45465.64,15271.41
2023-12-12,P004,Women,Puma,4266.8,2869.86,20,3413.44,10,591,4.8,3548.77,34134.4,5435.8
2023-12-25,P004,Women,Puma,3357.92,2176.66,10,3022.13,35,419,4.3,2847.55,105774.55,29591.45
2024-01-14,P004,Women,Puma,2016.46,1271.28,5,1915.64,52,336,4.4,1817.38,99613.28,33506.72
2024-01-17,P004,Women,Puma,3196.21,2356.98,20,2556.97,6,891,3.4,2429.94,15341.82,1199.94
2024-01-18,P004,Women,Puma,2235.73,1534.87,15,1900.37,62,617,4.4,1736.22,117822.94,22661.0
2024-01-20,P004,Women,Puma,875.77,547.45,40,525.46,306,186,3.9,477.81,160790.76,-6728.94
2024-01-23,P004,Women,Puma,1940.01,1322.3,10,1746.01,24,314,3.3,1842.79,41904.24,10169.04
2024-01-23,P004,Women,Puma,2480.66,1416.1,40,1488.4,84,209,4.1,1624.17,125025.6,6073.2
2024-02-16,P004,Women,Puma,3510.71,2245.51,10,3159.64,22,853,3.3,3419.82,69512.08,20110.86
2024-02-27,P004,Women,Puma,2152.29,1293.98,30,1506.6,87,205,4.9,1571.21,131074.2,18497.94
2024-03-01,P004,Women,Puma,2024.29,1397.71,20,1619.43,63,290,4.9,1721.57,102024.09,13968.36
2024-03-12,P004,Women,Puma,1303.78,952.26,30,912.65,130,919,4.3,830.62,118644.5,-5149.3
2024-03-14,P004,Women,Puma,2727.12,1528.38,10,2454.41,36,647,3.8,2213.72,88358.76,33337.08
2024-03-17,P004,Women,Puma,4916.56,3084.3,0,4916.56,10,201,4.1,4936.13,49165.6,18322.6
2024-03-20,P004,Women,Puma,2954.63,1791.03,20,2363.7,20,391,4.8,2464.3,47274.0,11453.4
2024-03-21,P004,Women,Puma,1547.0,1095.15,10,1392.3,51,183,3.7,1481.86,71007.3,15154.65
2024-03-21,P004,Women,Puma,4809.76,2649.53,10,4328.78,7,227,4.1,4699.91,30301.46,11754.75
2024-03-22,P004,Women,Puma,3500.74,2525.24,40,2100.44,44,154,4.0,1901.55,92419.36,-18691.2
2024-04-11,P004,Women,Puma,2900.53,1874.13,10,2610.48,21,641,4.8,2800.67,54820.08,15463.35
2024-04-15,P004,Women,Puma,4038.07,2955.04,15,3432.36,16,816,3.3,3157.69,54917.76,7637.12
2024-04-20,P004,Women,Puma,2635.68,1638.22,15,2240.33,52,675,3.3,2105.53,116497.16,31309.72
2024-04-24,P004,Women,Puma,3170.99,2065.26,15,2695.34,23,514,4.8,2748.47,61992.82,14491.84
2024-04-27,P004,Women,Puma,4161.29,2722.81,30,2912.9,22,634,4.9,3191.91,64083.8,4181.98
2024-04-29,P004,Women,Puma,800.96,464.21,15,680.82,63,773,4.4,660.57,42891.66,13646.43
2024-05-01,P004,Women,Puma,1533.28,845.9,5,1456.62,87,775,3.3,1480.97,126725.94,53132.64
2024-05-02,P004,Women,Puma,4719.29,3464.02,10,4247.36,11,964,4.4,3954.07,46720.96,8616.74
2024-05-07,P004,Women,Puma,1078.13,762.49,0,1078.13,104,201,3.6,1034.26,112125.52,32826.56
2024-05-23,P004,Women,Puma,3837.45,2567.13,20,3069.96,7,953,3.9,3176.38,21489.72,3519.81
2024-05-24,P004,Women,Puma,2146.55,1368.57,10,1931.9,10,473,3.4,2040.49,19319.0,5633.3
2024-05-29,P004,Women,Puma,1834.6,1351.91,10,1651.14,78,127,3.4,1568.75,128788.92,23339.94
2024-06-08,P004,Women,Puma,3170.17,2174.17,10,2853.15,13,208,4.1,2901.2,37090.95,8826.74
2024-06-08,P004,Women,Puma,4199.64,2768.64,40,2519.78,13,249,3.8,2720.9,32757.14,-3235.18
2024-06-14,P004,Women,Puma,3911.96,2737.41,5,3716.36,16,122,4.4,3662.5,59461.76,15663.2
2024-06-15,P004,Women,Puma,4535.65,2726.41,30,3174.95,17,784,4.2,3077.27,53974.15,7625.18
2024-06-17,P004,Women,Puma,4561.18,3127.4,5,4333.12,18,348,3.7,4318.16,77996.16,21702.96
2024-07-02,P004,Women,Puma,4112.54,2556.07,30,2878.78,6,136,4.7,2738.11,17272.68,1936.26
2024-07-07,P004,Women,Puma,2822.65,1605.96,40,1693.59,20,996,3.4,1799.22,33871.8,1752.6
2024-07-07,P004,Women,Puma,1727.67,1264.13,5,1641.29,60,694,3.5,1670.52,98477.4,22629.6
2024-07-10,P004,Women,Puma,3750.79,2511.14,20,3000.63,21,988,3.2,3300.45,63013.23,10279.29
2024-07-27,P004,Women,Puma,2254.17,1604.86,40,1352.5,99,354,4.3,1332.5,133897.5,-24983.64
2024-08-04,P004,Women,Puma,3115.77,2292.07,5,2959.98,19,627,4.5,3223.61,56239.62,12690.29
2024-08-05,P004,Women,Puma,1355.65,1016.6,30,948.96,35,674,4.9,1019.09,33213.6,-2367.4
2024-08-12,P004,Women,Puma,1119.31,729.24,15,951.41,155,215,3.8,887.44,147468.55,34436.35
2024-08-16,P004,Women,Puma,3767.03,2789.45,10,3390.33,30,853,3.7,3273.85,101709.9,18026.4
2024-08-17,P004,Women,Puma,4055.84,2905.9,40,2433.5,16,512,3.7,2282.96,38936.0,-7558.4
2024-08-17,P004,Women,Puma,2475.69,1726.84,5,2351.91,16,676,3.4,2132.44,37630.56,10001.12
2024-08-23,P004,Women,Puma,3552.17,2164.37,15,3019.34,6,449,3.2,3108.99,18116.04,5129.82
2024-09-06,P004,Women,Puma,3736.73,2439.07,10,3363.06,15,394,3.6,3512.3,50445.9,13859.85
2024-09-11,P004,Women,Puma,4489.73,3089.2,10,4040.76,24,829,4.1,4113.15,96978.24,22837.44
2024-09-23,P004,Women,Puma,4619.66,2665.45,20,3695.73,34,414,4.8,3734.83,125654.82,35029.52
2024-09-29,P004,Women,Puma,1605.15,1006.22,10,1444.64,42,696,4.0,1461.32,60674.88,18413.64
2024-09-30,P004,Women,Puma,2884.19,2007.21,20,2307.35,30,329,4.2,2523.87,69220.5,9004.2
2024-10-03,P004,Women,Puma,4261.4,2609.59,5,4048.33,32,170,4.7,3676.03,129546.56,46039.68
2024-10-05,P004,Women,Puma,2999.61,1722.12,0,2999.61,18,689,4.5,3099.69,53992.98,22994.82
2024-10-13,P004,Women,Puma,4377.0,2627.41,15,3720.45,9,892,4.7,3595.7,33484.05,9837.36
2024-10-15,P004,Women,Puma,2627.17,1889.77,5,2495.81,52,598,4.1,2545.55,129782.12,31514.08
2024-10-21,P004,Women,Puma,3001.28,2089.64,20,2401.02,26,933,4.9,2550.22,62426.52,8095.88
2024-11-04,P004,Women,Puma,2684.97,1851.66,20,2147.98,41,191,4.2,2269.15,88067.18,12149.12
2024-11-08,P004,Women,Puma,3762.62,2214.29,40,2257.57,54,910,3.6,2327.73,121908.78,2337.12
2024-11-09,P004,Women,Puma,2953.44,1661.18,30,2067.41,83,670,4.0,1882.15,171595.03,33717.09
2024-11-12,P004,Women,Puma,4141.13,2948.58,0,4141.13,36,624,3.3,3731.31,149080.68,42931.8
2024-11-14,P004,Women,Puma,1551.85,993.97,30,1086.29,36,211,4.1,995.02,39106.44,3323.52
2024-11-14,P004,Women,Puma,1270.4,736.01,15,1079.84,171,322,4.4,995.95,184652.64,58794.93
2024-11-19,P004,Women,Puma,2344.1,1365.95,10,2109.69,75,594,4.3,2152.81,158226.75,55780.5
2024-11-21,P004,Women,Puma,1657.07,917.66,0,1657.07,62,146,4.9,1688.3,102738.34,45843.42
2024-11-21,P004,Women,Puma,3178.31,2254.73,15,2701.56,14,538,3.8,2893.83,37821.84,6255.62
2024-12-09,P004,Women,Puma,947.94,531.7,10,853.15,156,659,4.1,790.17,133091.4,50146.2
2024-12-10,P004,Women,Puma,3812.06,2338.63,30,2668.44,20,202,4.7,2408.07,53368.8,6596.2
2024-12-25,P004,Women,Puma,2113.75,1364.1,30,1479.62,85,881,4.5,1403.86,125767.7,9819.2
2024-12-25,P004,Women,Puma,1121.54,762.8,15,953.31,175,422,3.5,1020.09,166829.25,33339.25
2024-12-28,P004,Women,Puma,2016.93,1370.61,0,2016.93,41,700,3.2,1948.36,82694.13,26499.12
