Myntra_Clean_Data.csv
date,product_id,category,brand,listed_price,cost_price,discount_pct,final_price,units_sold,inventory_level,rating,competitor_price,revenue,profit
2023-01-01,P010,Women,H&M,4841.94,2847.58,20,3873.55,33,913,4.5,4043.49,127827.15,33857.01
2023-01-02,P010,Women,H&M,4872.66,3078.17,30,3410.86,8,554,3.9,3155.05,27286.88,2661.52
2023-01-03,P010,Women,H&M,3309.08,2361.5,10,2978.17,13,816,3.5,3115.21,38716.21,8016.71
2023-02-06,P010,Women,H&M,4851.42,3310.23,30,3395.99,13,625,3.6,3721.11,44147.87,1114.88
2023-02-15,P010,Women,H&M,2949.18,1972.79,40,1769.51,46,858,4.5,1654.36,81397.46,-9350.88
2023-02-17,P010,Women,H&M,3400.33,2191.98,0,3400.33,27,678,4.2,3296.64,91808.91,32625.45
2023-02-24,P010,Women,H&M,4783.82,3507.58,0,4783.82,20,910,3.2,4414.32,95676.4,25524.8
2023-02-27,P010,Women,H&M,2315.84,1560.73,10,2084.26,18,334,4.7,2062.67,37516.68,9423.54
2023-03-13,P010,Women,H&M,4891.1,3446.91,5,4646.54,26,580,3.8,4332.59,120810.04,31190.38
2023-03-21,P010,Women,H&M,3936.57,2414.98,5,3739.74,27,498,4.6,3655.73,100972.98,35768.52
2023-03-23,P010,Women,H&M,896.98,609.27,15,762.43,108,785,4.9,770.69,82342.44,16541.28
2023-03-24,P010,Women,H&M,1116.95,659.54,15,949.41,85,625,3.8,881.29,80699.85,24638.95
2023-03-27,P010,Women,H&M,4368.78,2874.44,5,4150.34,14,385,3.8,4068.0,58104.76,17862.6
2023-03-27,P010,Women,H&M,2786.27,2001.77,15,2368.33,20,797,4.9,2297.41,47366.6,7331.2
2023-04-02,P010,Women,H&M,1205.43,663.43,5,1145.16,76,684,4.4,1163.23,87032.16,36611.48
2023-04-04,P010,Women,H&M,4415.59,3110.83,30,3090.91,22,277,3.3,3006.25,68000.02,-438.24
2023-04-04,P010,Women,H&M,4941.41,3455.28,20,3953.13,26,101,4.9,4323.74,102781.38,12944.1
2023-04-11,P010,Women,H&M,2655.36,1785.92,30,1858.75,46,215,5.0,1694.84,85502.5,3350.18
2023-04-14,P010,Women,H&M,4905.69,3494.83,5,4660.41,23,280,4.6,4458.46,107189.43,26808.34
2023-04-15,P010,Women,H&M,2902.41,2003.56,10,2612.17,11,393,3.5,2709.49,28733.87,6694.71
2023-04-19,P010,Women,H&M,1098.48,714.47,15,933.71,35,805,3.4,1008.93,32679.85,7673.4
2023-04-28,P010,Women,H&M,3390.54,2150.45,15,2881.96,24,851,3.5,2989.12,69167.04,17556.24
2023-05-01,P010,Women,H&M,4846.86,2756.91,40,2908.12,28,963,3.5,2870.99,81427.36,4233.88
2023-05-02,P010,Women,H&M,4693.39,2659.19,10,4224.05,24,397,4.2,4271.17,101377.2,37556.64
2023-05-07,P010,Women,H&M,879.82,650.06,15,747.85,102,378,3.4,757.62,76280.7,9974.58
2023-05-15,P010,Women,H&M,1788.34,1010.74,15,1520.09,84,693,4.2,1643.43,127687.56,42785.4
2023-05-18,P010,Women,H&M,3059.74,1815.55,30,2141.82,20,782,3.9,2288.37,42836.4,6525.4
2023-05-18,P010,Women,H&M,2249.63,1295.3,5,2137.15,64,428,3.3,2159.58,136777.6,53878.4
2023-05-26,P010,Women,H&M,1635.11,990.53,15,1389.84,21,726,3.8,1497.96,29186.64,8385.51
2023-06-03,P010,Women,H&M,2100.88,1473.91,0,2100.88,66,319,3.3,1907.91,138658.08,41380.02
2023-06-03,P010,Women,H&M,1463.12,1000.23,0,1463.12,72,205,4.9,1425.87,105344.64,33328.08
2023-06-05,P010,Women,H&M,1168.53,760.49,30,817.97,168,176,4.8,747.16,137418.96,9656.64
2023-06-12,P010,Women,H&M,2310.66,1436.57,10,2079.59,48,965,4.9,1901.61,99820.32,30864.96
2023-06-22,P010,Women,H&M,4824.82,3567.86,10,4342.34,12,696,4.4,4354.28,52108.08,9293.76
2023-06-30,P010,Women,H&M,1446.35,1076.17,10,1301.71,57,638,4.3,1265.95,74197.47,12855.78
2023-06-30,P010,Women,H&M,3629.03,2230.94,40,2177.42,34,876,3.5,2290.6,74032.28,-1819.68
2023-07-01,P010,Women,H&M,3404.94,2015.44,40,2042.96,26,447,4.7,1954.93,53116.96,715.52
2023-07-04,P010,Women,H&M,4250.76,3062.12,30,2975.53,16,649,4.9,2887.05,47608.48,-1385.44
2023-07-20,P010,Women,H&M,3378.32,2082.53,30,2364.82,20,712,3.8,2507.29,47296.4,5645.8
2023-07-28,P010,Women,H&M,587.65,337.94,15,499.5,280,219,3.4,500.56,139860.0,45236.8
2023-08-01,P010,Women,H&M,913.46,569.0,5,867.79,65,881,3.4,832.72,56406.35,19421.35
2023-08-02,P010,Women,H&M,1749.52,1137.91,10,1574.57,87,176,3.4,1516.25,136987.59,37989.42
2023-08-03,P010,Women,H&M,934.71,584.97,10,841.24,120,660,4.5,825.79,100948.8,30752.4
2023-08-10,P010,Women,H&M,2576.41,1610.32,15,2189.95,18,875,3.9,2402.06,39419.1,10433.34
2023-08-16,P010,Women,H&M,1853.35,1379.07,15,1575.35,36,496,3.9,1513.81,56712.6,7066.08
2023-09-02,P010,Women,H&M,730.43,508.23,30,511.3,117,967,3.7,536.65,59822.1,359.19
2023-09-03,P010,Women,H&M,2332.22,1707.93,20,1865.78,58,918,3.3,1927.05,108215.24,9155.3
2023-09-08,P010,Women,H&M,702.48,390.07,0,702.48,182,164,4.1,770.66,127851.36,56858.62
2023-09-14,P010,Women,H&M,2334.62,1489.54,15,1984.43,12,691,4.0,2058.33,23813.16,5938.68
2023-09-22,P010,Women,H&M,1935.91,1432.6,15,1645.52,69,605,4.3,1628.55,113540.88,14691.48
2023-09-23,P010,Women,H&M,4144.07,2623.02,30,2900.85,16,298,3.6,2727.94,46413.6,4445.28
2023-09-29,P010,Women,H&M,3374.3,2435.14,20,2699.44,31,738,3.5,2584.71,83682.64,8193.3
2023-10-01,P010,Women,H&M,4014.26,2787.73,0,4014.26,29,890,4.0,4059.03,116413.54,35569.37
2023-10-09,P010,Women,H&M,2213.62,1579.85,30,1549.53,124,343,4.8,1535.54,192141.72,-3759.68
2023-10-17,P010,Women,H&M,2906.89,1687.7,30,2034.82,46,947,4.2,1859.53,93601.72,15967.52
2023-10-18,P010,Women,H&M,975.33,579.52,10,877.8,175,387,4.0,931.12,153615.0,52199.0
2023-10-19,P010,Women,H&M,3666.16,2363.19,20,2932.93,23,663,4.7,2843.41,67457.39,13104.02
2023-10-25,P010,Women,H&M,1309.22,865.81,30,916.45,52,950,4.6,975.74,47655.4,2633.28
2023-10-31,P010,Women,H&M,3489.23,2379.34,10,3140.31,31,716,4.9,3228.84,97349.61,23590.07
2023-11-01,P010,Women,H&M,1332.16,776.22,30,932.51,52,377,4.2,950.18,48490.52,8127.08
2023-11-09,P010,Women,H&M,3114.95,1771.08,40,1868.97,20,465,4.5,1845.64,37379.4,1957.8
2023-11-13,P010,Women,H&M,1017.43,657.52,30,712.2,282,491,3.8,683.62,200840.4,15419.76
2023-11-21,P010,Women,H&M,4414.64,3023.22,20,3531.71,39,313,3.4,3727.46,137736.69,19831.11
2023-11-22,P010,Women,H&M,2052.81,1453.82,30,1436.97,117,553,3.6,1436.5,168125.49,-1971.45
2023-11-27,P010,Women,H&M,4456.23,3245.38,15,3787.8,9,973,4.4,3768.76,34090.2,4881.78
2023-12-01,P010,Women,H&M,4093.44,2780.64,10,3684.1,18,743,4.7,3429.04,66313.8,16262.28
2023-12-04,P010,Women,H&M,512.73,371.73,0,512.73,117,419,3.9,544.66,59989.41,16497.0
2024-01-12,P010,Women,H&M,1489.26,957.06,30,1042.48,56,452,4.0,1090.95,58378.88,4783.52
2024-01-15,P010,Women,H&M,4122.68,2613.08,10,3710.41,15,985,3.4,3366.68,55656.15,16459.95
2024-01-17,P010,Women,H&M,3742.97,2805.09,40,2245.78,22,396,3.8,2394.41,49407.16,-12304.82
2024-01-21,P010,Women,H&M,4930.78,3098.42,0,4930.78,31,162,3.3,5247.14,152854.18,56803.16
2024-01-25,P010,Women,H&M,2917.11,1878.18,10,2625.4,10,609,4.3,2394.41,26254.0,7472.2
2024-01-25,P010,Women,H&M,2625.21,1857.83,20,2100.17,18,665,4.3,2143.94,37803.06,4362.12
2024-02-01,P010,Women,H&M,2147.77,1468.54,15,1825.6,68,466,3.8,1917.63,124140.8,24280.08
2024-02-07,P010,Women,H&M,2578.66,1694.59,5,2449.73,26,328,4.2,2218.54,63692.98,19633.64
2024-02-09,P010,Women,H&M,1787.28,1055.45,15,1519.19,78,214,4.5,1405.11,118496.82,36171.72
2024-02-10,P010,Women,H&M,1174.6,659.7,40,704.76,182,675,3.3,754.31,128266.32,8200.92
2024-02-11,P010,Women,H&M,590.86,347.64,5,561.32,240,692,4.8,526.31,134716.8,51283.2
2024-02-12,P010,Women,H&M,2086.32,1167.34,30,1460.42,54,763,3.9,1372.7,78862.68,15826.32
2024-02-17,P010,Women,H&M,1306.27,842.92,5,1240.96,120,526,4.4,1235.57,148915.2,47764.8
2024-02-19,P010,Women,H&M,2888.81,2109.13,30,2022.17,34,352,3.7,2039.06,68753.78,-2956.64
2024-02-22,P010,Women,H&M,1627.52,974.33,15,1383.39,45,411,3.7,1372.52,62252.55,18407.7
2024-03-03,P010,Women,H&M,837.86,523.81,5,795.97,54,154,5.0,793.62,42982.38,14696.64
2024-03-05,P010,Women,H&M,2203.95,1418.69,5,2093.75,14,853,4.6,2015.32,29312.5,9450.84
2024-03-06,P010,Women,H&M,2438.78,1490.45,30,1707.15,38,783,4.7,1564.1,64871.7,8234.6
2024-03-10,P010,Women,H&M,2313.54,1445.54,20,1850.83,58,990,4.1,1959.23,107348.14,23506.82
2024-04-10,P010,Women,H&M,810.19,579.69,10,729.17,84,234,4.6,738.49,61250.28,12556.32
2024-04-12,P010,Women,H&M,4083.44,2516.77,0,4083.44,6,511,3.4,4487.01,24500.64,9400.02
2024-04-15,P010,Women,H&M,3840.62,2247.21,5,3648.59,23,313,4.6,3407.9,83917.57,32231.74
2024-05-08,P010,Women,H&M,4250.52,2818.24,30,2975.36,24,678,4.3,3016.92,71408.64,3770.88
2024-05-11,P010,Women,H&M,2288.77,1382.4,5,2174.33,46,511,3.3,1993.97,100019.18,36428.78
2024-05-18,P010,Women,H&M,3742.1,2685.31,10,3367.89,26,202,4.1,3518.49,87565.14,17747.08
2024-05-26,P010,Women,H&M,3536.06,2540.67,5,3359.26,25,612,4.8,3371.55,83981.5,20464.75
2024-05-29,P010,Women,H&M,2253.8,1397.0,30,1577.66,66,303,4.6,1445.23,104125.56,11923.56
2024-06-08,P010,Women,H&M,2122.79,1472.3,40,1273.67,30,427,4.2,1348.43,38210.1,-5958.9
2024-06-11,P010,Women,H&M,4979.06,3318.76,0,4979.06,30,536,3.8,4882.17,149371.8,49809.0
2024-06-12,P010,Women,H&M,1883.66,1347.25,20,1506.93,96,997,3.3,1452.49,144665.28,15329.28
2024-06-23,P010,Women,H&M,3998.36,2229.73,15,3398.61,17,924,4.6,3104.44,57776.37,19870.96
2024-07-01,P010,Women,H&M,2928.29,1705.44,15,2489.05,30,948,4.1,2537.26,74671.5,23508.3
2024-07-05,P010,Women,H&M,4875.76,2787.78,15,4144.4,33,407,4.2,4197.55,136765.2,44768.46
2024-07-21,P010,Women,H&M,2618.38,1791.92,30,1832.87,20,878,4.6,1720.92,36657.4,819.0
2024-07-28,P010,Women,H&M,2150.03,1504.49,5,2042.53,32,331,3.6,2204.26,65360.96,17217.28
2024-08-29,P010,Women,H&M,3842.96,2172.91,15,3266.52,10,143,3.5,3212.26,32665.2,10936.1
2024-09-01,P010,Women,H&M,2218.52,1483.93,40,1331.11,15,197,3.6,1202.23,19966.65,-2292.3
2024-09-18,P010,Women,H&M,4387.04,2710.35,40,2632.22,34,649,4.9,2513.48,89495.48,-2656.42
2024-09-23,P010,Women,H&M,4508.95,2694.26,0,4508.95,15,438,4.9,4593.24,67634.25,27220.35
2024-10-07,P010,Women,H&M,4963.57,2818.92,20,3970.86,44,565,4.8,3927.54,174717.84,50685.36
2024-10-18,P010,Women,H&M,4162.12,2575.62,20,3329.7,18,145,3.5,3325.46,59934.6,13573.44
2024-10-18,P010,Women,H&M,2039.44,1476.09,0,2039.44,28,904,4.9,2089.28,57104.32,15773.8
2024-10-21,P010,Women,H&M,4250.63,2454.96,5,4038.1,31,212,5.0,3658.23,125181.1,49077.34
2024-10-22,P010,Women,H&M,588.52,409.07,15,500.24,245,110,4.8,525.27,122558.8,22336.65
2024-10-28,P010,Women,H&M,1892.91,1115.38,20,1514.33,109,527,4.8,1393.19,165061.97,43485.55
2024-11-01,P010,Women,H&M,1862.44,1194.7,10,1676.2,49,281,4.8,1551.99,82133.8,23593.5
2024-11-03,P010,Women,H&M,1434.49,796.58,20,1147.59,119,647,4.4,1194.4,136563.21,41770.19
2024-11-12,P010,Women,H&M,643.11,387.42,40,385.87,343,497,3.7,366.21,132353.41,-531.65
2024-11-17,P010,Women,H&M,1762.24,1128.1,20,1409.79,50,769,4.8,1482.78,70489.5,14084.5
2024-11-21,P010,Women,H&M,4347.57,3058.74,5,4130.19,44,495,4.0,4440.79,181728.36,47143.8
2024-11-24,P010,Women,H&M,2608.83,1556.54,10,2347.95,31,983,4.1,2117.28,72786.45,24533.71
2024-12-05,P010,Women,H&M,4355.49,3232.16,40,2613.29,41,152,3.9,2872.51,107144.89,-25373.67
2024-12-15,P010,Women,H&M,3974.83,2958.45,5,3776.09,7,745,3.4,3769.53,26432.63,5723.48
2024-12-20,P010,Women,H&M,4974.06,2910.75,15,4227.95,6,497,3.8,4436.38,25367.7,7903.2
2024-12-22,P010,Women,H&M,4456.21,2545.11,0,4456.21,19,766,3.8,4218.44,84667.99,36310.9
2024-12-23,P010,Women,H&M,4118.78,2515.58,20,3295.02,28,443,4.9,3475.48,92260.56,21824.32
2024-12-30,P010,Women,H&M,3240.9,1813.83,15,2754.76,24,747,3.5,2545.61,66114.24,22582.32
