Myntra_Clean_Data.csv
date,product_id,category,brand,listed_price,cost_price,discount_pct,final_price,units_sold,inventory_level,rating,competitor_price,revenue,profit
2023-01-01,P015,Men,Roadster,1870.3,1118.47,30,1309.21,36,596,3.7,1306.36,47131.56,6866.64
2023-01-04,P015,Men,Roadster,1801.81,1187.05,5,1711.72,56,219,4.5,1653.59,95856.32,29381.52
2023-01-10,P015,Men,Roadster,3986.67,2669.29,20,3189.34,24,932,4.8,3166.18,76544.16,12481.2
2023-01-19,P015,Men,Roadster,4978.39,3475.45,40,2987.03,11,352,4.3,3283.21,32857.33,-5372.62
2023-01-20,P015,Men,Roadster,572.62,388.62,5,543.99,63,919,4.7,497.44,34271.37,9788.31
2023-01-23,P015,Men,Roadster,2170.47,1434.56,30,1519.33,63,367,4.5,1381.61,95717.79,5340.51
2023-01-23,P015,Men,Roadster,1631.49,999.36,15,1386.77,99,210,3.9,1494.32,137290.23,38353.59
2023-01-28,P015,Men,Roadster,1292.05,839.49,15,1098.24,116,624,3.9,1172.39,127395.84,30015.0
2023-02-04,P015,Men,Roadster,1182.55,829.52,10,1064.3,20,140,4.4,984.85,21286.0,4695.6
2023-02-15,P015,Men,Roadster,2986.12,1974.03,15,2538.2,29,173,4.1,2395.71,73607.8,16360.93
2023-02-19,P015,Men,Roadster,4293.18,2809.78,0,4293.18,30,649,3.7,4428.59,128795.4,44502.0
2023-02-25,P015,Men,Roadster,4113.35,2286.2,40,2468.01,54,269,4.8,2325.08,133272.54,9817.74
2023-03-04,P015,Men,Roadster,4058.46,2370.27,5,3855.54,34,508,4.1,4092.04,131088.36,50499.18
2023-03-10,P015,Men,Roadster,3106.91,1886.93,30,2174.84,42,668,4.4,2355.12,91343.28,12092.22
2023-03-15,P015,Men,Roadster,4028.89,2519.66,15,3424.56,14,354,4.3,3234.21,47943.84,12668.6
2023-03-21,P015,Men,Roadster,2835.74,1629.47,20,2268.59,52,885,4.1,2057.25,117966.68,33234.24
2023-03-23,P015,Men,Roadster,3528.53,2401.52,40,2117.12,56,438,4.6,1970.53,118558.72,-15926.4
2023-03-29,P015,Men,Roadster,698.19,421.16,0,698.19,210,290,3.8,676.15,146619.9,58176.3
2023-03-31,P015,Men,Roadster,2485.15,1737.8,10,2236.64,42,507,5.0,2214.95,93938.88,20951.28
2023-04-03,P015,Men,Roadster,2173.09,1444.47,15,1847.13,16,795,5.0,1835.7,29554.08,6442.56
2023-04-03,P015,Men,Roadster,2588.23,1507.57,20,2070.58,42,453,4.6,2211.3,86964.36,23646.42
2023-04-10,P015,Men,Roadster,1702.8,1215.82,0,1702.8,44,912,3.8,1788.94,74923.2,21427.12
2023-04-16,P015,Men,Roadster,4059.07,2253.83,15,3450.21,11,295,4.0,3524.62,37952.31,13160.18
2023-04-16,P015,Men,Roadster,3720.04,2249.34,10,3348.04,8,153,3.4,3037.54,26784.32,8789.6
2023-04-30,P015,Men,Roadster,3366.79,2492.66,5,3198.45,30,739,4.2,3457.33,95953.5,21173.7
2023-05-07,P015,Men,Roadster,3625.9,2211.06,10,3263.31,23,939,3.5,3586.31,75056.13,24201.75
2023-05-16,P015,Men,Roadster,2253.19,1437.06,0,2253.19,44,323,3.7,2131.1,99140.36,35909.72
2023-05-19,P015,Men,Roadster,4868.26,3626.32,15,4138.02,26,289,4.5,4098.27,107588.52,13304.2
2023-05-23,P015,Men,Roadster,1919.75,1359.71,40,1151.85,132,359,4.3,1070.32,152044.2,-27437.52
2023-05-27,P015,Men,Roadster,3267.85,1897.82,5,3104.46,28,646,4.4,3046.86,86924.88,33785.92
2023-05-31,P015,Men,Roadster,1971.21,1450.58,20,1576.97,30,753,3.4,1559.4,47309.1,3791.7
2023-06-11,P015,Men,Roadster,3366.86,1899.38,30,2356.8,52,666,3.7,2137.34,122553.6,23785.84
2023-06-29,P015,Men,Roadster,4601.48,2836.12,10,4141.33,6,798,3.6,4086.12,24847.98,7831.26
2023-07-09,P015,Men,Roadster,785.37,467.96,10,706.83,49,420,4.5,679.25,34634.67,11704.63
2023-07-25,P015,Men,Roadster,3301.55,2030.27,15,2806.32,15,421,4.4,2756.06,42094.8,11640.75
2023-07-30,P015,Men,Roadster,1850.57,1059.04,20,1480.46,48,803,4.1,1347.34,71062.08,20228.16
2023-08-09,P015,Men,Roadster,808.93,569.0,10,728.04,84,781,4.8,723.6,61155.36,13359.36
2023-08-11,P015,Men,Roadster,4082.36,2302.2,20,3265.89,19,738,4.0,3308.51,62051.91,18310.11
2023-09-09,P015,Men,Roadster,2135.07,1200.48,20,1708.06,48,593,3.2,1803.44,81986.88,24363.84
2023-09-19,P015,Men,Roadster,1747.42,1185.73,5,1660.05,42,392,3.8,1749.62,69722.1,19921.44
2023-09-21,P015,Men,Roadster,4453.38,3193.73,10,4008.04,34,255,4.3,3689.47,136273.36,27686.54
2023-10-05,P015,Men,Roadster,2386.43,1756.1,20,1909.14,28,491,4.4,1745.01,53455.92,4285.12
2023-10-07,P015,Men,Roadster,2705.99,1776.96,5,2570.69,36,300,3.5,2403.32,92544.84,28574.28
2023-10-29,P015,Men,Roadster,4286.32,2436.98,15,3643.37,13,862,4.2,3981.18,47363.81,15683.07
2023-10-31,P015,Men,Roadster,578.94,330.43,0,578.94,156,817,4.3,544.21,90314.64,38767.56
2023-11-05,P015,Men,Roadster,744.76,434.34,5,707.52,273,877,3.5,664.47,193152.96,74578.14
2023-11-08,P015,Men,Roadster,3877.74,2305.55,15,3296.08,6,535,4.1,3344.77,19776.48,5943.18
2023-11-10,P015,Men,Roadster,4396.42,2732.64,40,2637.85,22,564,3.4,2827.53,58032.7,-2085.38
2023-11-13,P015,Men,Roadster,2543.22,1764.77,30,1780.25,54,761,4.5,1677.61,96133.5,835.92
2023-11-13,P015,Men,Roadster,4383.87,2730.99,20,3507.1,28,443,4.1,3619.1,98198.8,21731.08
2023-11-29,P015,Men,Roadster,4498.31,2891.85,0,4498.31,15,289,4.7,4089.11,67474.65,24096.9
2023-12-06,P015,Men,Roadster,3100.23,1709.75,40,1860.14,13,650,4.4,2008.13,24181.82,1955.07
2023-12-13,P015,Men,Roadster,4089.05,2368.57,5,3884.6,22,765,4.2,3729.25,85461.2,33352.66
2023-12-14,P015,Men,Roadster,3619.2,2545.2,40,2171.52,39,538,4.8,2308.8,84689.28,-14573.52
2023-12-19,P015,Men,Roadster,2951.79,2175.52,40,1771.07,18,321,4.6,1744.21,31879.26,-7280.1
2023-12-26,P015,Men,Roadster,3594.37,2252.14,20,2875.5,39,827,3.8,2822.59,112144.5,24311.04
2024-01-02,P015,Men,Roadster,1512.27,850.16,20,1209.82,52,677,4.2,1273.11,62910.64,18702.32
2024-01-05,P015,Men,Roadster,1871.62,1268.65,20,1497.3,81,430,5.0,1368.45,121281.3,18520.65
2024-01-06,P015,Men,Roadster,1931.23,1294.57,30,1351.86,36,872,3.6,1408.07,48666.96,2062.44
2024-01-15,P015,Men,Roadster,1226.0,856.41,15,1042.1,104,251,3.5,1098.58,108378.4,19311.76
2024-01-18,P015,Men,Roadster,4025.91,2465.78,40,2415.55,10,647,3.7,2623.3,24155.5,-502.3
2024-01-18,P015,Men,Roadster,3626.51,2694.67,15,3082.53,32,143,3.4,2911.4,98640.96,12411.52
2024-01-31,P015,Men,Roadster,652.88,466.0,0,652.88,175,871,3.3,710.52,114254.0,32704.0
2024-02-01,P015,Men,Roadster,4933.98,3106.05,10,4440.58,9,264,4.1,4434.96,39965.22,12010.77
2024-02-06,P015,Men,Roadster,1417.43,987.18,15,1204.82,36,214,3.4,1276.86,43373.52,7835.04
2024-02-13,P015,Men,Roadster,2075.52,1326.57,40,1245.31,68,694,4.8,1144.65,84681.08,-5525.68
2024-02-20,P015,Men,Roadster,1238.76,732.98,5,1176.82,32,421,4.1,1275.04,37658.24,14202.88
2024-02-20,P015,Men,Roadster,904.17,658.39,5,858.96,120,455,3.9,881.43,103075.2,24068.4
2024-02-26,P015,Men,Roadster,1614.84,1016.18,30,1130.39,72,568,4.7,1064.82,81388.08,8223.12
2024-02-28,P015,Men,Roadster,2205.46,1616.39,15,1874.64,26,818,4.7,1943.85,48740.64,6714.5
2024-02-29,P015,Men,Roadster,1022.96,621.0,15,869.52,140,640,4.9,857.19,121732.8,34792.8
2024-02-29,P015,Men,Roadster,4082.52,2626.89,10,3674.27,19,169,3.5,3562.29,69811.13,19900.22
2024-03-07,P015,Men,Roadster,4228.19,3027.01,15,3593.96,19,545,3.9,3571.53,68285.24,10772.05
2024-03-20,P015,Men,Roadster,4430.75,3002.24,30,3101.52,30,779,4.0,3194.15,93045.6,2978.4
2024-03-24,P015,Men,Roadster,1706.24,952.42,40,1023.74,92,607,4.5,1086.35,94184.08,6561.44
2024-03-24,P015,Men,Roadster,2920.05,2039.45,40,1752.03,60,982,3.4,1681.9,105121.8,-17245.2
2024-03-27,P015,Men,Roadster,3894.42,2488.89,10,3504.98,6,109,3.5,3467.97,21029.88,6096.54
2024-03-29,P015,Men,Roadster,3538.25,2388.2,15,3007.51,32,331,4.5,2858.99,96240.32,19817.92
2024-04-04,P015,Men,Roadster,898.69,637.07,5,853.76,25,503,3.2,842.46,21344.0,5417.25
2024-04-08,P015,Men,Roadster,3840.8,2658.76,10,3456.72,21,752,4.6,3125.73,72591.12,16757.16
2024-04-11,P015,Men,Roadster,4581.14,2605.91,5,4352.08,11,934,3.3,4518.13,47872.88,19207.87
2024-04-17,P015,Men,Roadster,2656.01,1510.64,30,1859.21,34,137,4.9,1864.12,63213.14,11851.38
2024-04-26,P015,Men,Roadster,1518.13,1041.47,40,910.88,115,306,4.2,846.94,104751.2,-15017.85
2024-04-26,P015,Men,Roadster,4750.4,3552.27,40,2850.24,16,805,4.9,2835.1,45603.84,-11232.48
2024-05-01,P015,Men,Roadster,690.42,516.43,5,655.9,91,239,4.5,607.58,59686.9,12691.77
2024-05-04,P015,Men,Roadster,1750.75,979.36,40,1050.45,32,369,4.0,983.89,33614.4,2274.88
2024-05-05,P015,Men,Roadster,2270.74,1352.19,5,2157.2,20,674,3.6,2005.14,43144.0,16100.2
2024-05-12,P015,Men,Roadster,3684.05,2666.71,10,3315.65,15,980,3.3,3068.89,49734.75,9734.1
2024-05-15,P015,Men,Roadster,4009.04,2725.4,30,2806.33,23,118,4.4,2557.24,64545.59,1861.39
2024-05-16,P015,Men,Roadster,4961.05,3335.76,40,2976.63,25,716,4.3,3001.5,74415.75,-8978.25
2024-05-17,P015,Men,Roadster,1851.2,1315.56,30,1295.84,42,591,4.8,1295.29,54425.28,-828.24
2024-05-18,P015,Men,Roadster,4858.93,3550.07,0,4858.93,11,816,4.9,4980.39,53448.23,14397.46
2024-05-25,P015,Men,Roadster,4228.21,2382.25,10,3805.39,21,942,4.1,3772.19,79913.19,29885.94
2024-06-08,P015,Men,Roadster,1052.63,656.2,5,1000.0,80,609,3.6,1045.47,80000.0,27504.0
2024-06-13,P015,Men,Roadster,1539.1,992.62,30,1077.37,44,705,4.6,1174.16,47404.28,3729.0
2024-06-14,P015,Men,Roadster,2836.63,1920.76,10,2552.97,22,251,3.5,2539.81,56165.34,13908.62
2024-06-16,P015,Men,Roadster,3305.75,2372.98,20,2644.6,17,778,3.5,2879.11,44958.2,4617.54
2024-06-18,P015,Men,Roadster,3328.57,2288.95,20,2662.86,9,640,3.6,2830.0,23965.74,3365.19
2024-06-20,P015,Men,Roadster,2765.76,1665.31,0,2765.76,6,316,3.6,2551.06,16594.56,6602.7
2024-06-23,P015,Men,Roadster,2588.93,1834.0,0,2588.93,28,512,4.9,2729.74,72490.04,21138.04
2024-07-01,P015,Men,Roadster,3808.97,2195.0,40,2285.38,12,775,4.0,2156.28,27424.56,1084.56
2024-07-21,P015,Men,Roadster,4158.18,2534.07,40,2494.91,50,630,3.3,2379.45,124745.5,-1958.0
2024-07-21,P015,Men,Roadster,1010.69,590.74,0,1010.69,84,291,4.8,985.75,84897.96,35275.8
2024-07-22,P015,Men,Roadster,786.52,449.0,10,707.87,168,550,3.9,708.41,118922.16,43490.16
2024-07-23,P015,Men,Roadster,4618.67,3205.61,0,4618.67,17,480,4.8,4283.4,78517.39,24022.02
2024-07-28,P015,Men,Roadster,2158.24,1208.71,15,1834.5,10,284,3.9,1741.74,18345.0,6257.9
2024-07-28,P015,Men,Roadster,2617.27,1693.5,5,2486.41,26,421,4.7,2304.48,64646.66,20615.66
2024-07-29,P015,Men,Roadster,2187.13,1336.19,30,1530.99,102,256,4.0,1494.99,156160.98,19869.6
2024-08-14,P015,Men,Roadster,4652.22,2775.91,15,3954.39,9,439,4.5,4169.05,35589.51,10606.32
2024-08-17,P015,Men,Roadster,1856.27,1059.19,10,1670.64,30,338,4.3,1782.54,50119.2,18343.5
2024-08-19,P015,Men,Roadster,4068.0,2722.21,15,3457.8,33,628,4.6,3362.15,114107.4,24274.47
2024-08-23,P015,Men,Roadster,2921.53,1999.47,30,2045.07,60,312,3.5,1844.19,122704.2,2736.0
2024-08-30,P015,Men,Roadster,4367.17,3196.05,0,4367.17,32,755,3.9,4069.25,139749.44,37475.84
2024-08-30,P015,Men,Roadster,1847.7,1212.56,30,1293.39,30,766,3.7,1326.21,38801.7,2424.9
2024-08-30,P015,Men,Roadster,2041.37,1364.85,15,1735.16,34,373,4.9,1901.03,58995.44,12590.54
2024-09-04,P015,Men,Roadster,4957.17,3263.64,15,4213.59,23,108,4.1,4611.43,96912.57,21848.85
2024-09-08,P015,Men,Roadster,3030.85,1748.63,30,2121.59,48,476,4.0,2175.16,101836.32,17902.08
2024-09-12,P015,Men,Roadster,4711.67,3495.47,10,4240.5,15,680,3.7,4293.69,63607.5,11175.45
2024-09-14,P015,Men,Roadster,2883.91,1928.08,40,1730.35,50,390,4.1,1723.96,86517.5,-9886.5
2024-09-15,P015,Men,Roadster,726.11,404.77,40,435.67,176,796,4.7,426.61,76677.92,5438.4
2024-09-19,P015,Men,Roadster,3138.66,1938.37,40,1883.2,36,970,3.7,1709.54,67795.2,-1986.12
2024-09-23,P015,Men,Roadster,3337.2,2173.71,5,3170.34,7,276,3.2,3314.89,22192.38,6976.41
2024-10-17,P015,Men,Roadster,2059.69,1256.71,15,1750.74,46,786,4.2,1728.01,80534.04,22725.38
2024-10-26,P015,Men,Roadster,2069.46,1192.6,15,1759.04,80,635,4.6,1653.92,140723.2,45315.2
2024-11-01,P015,Men,Roadster,3580.91,2277.48,5,3401.86,22,602,3.7,3373.39,74840.92,24736.36
2024-11-08,P015,Men,Roadster,1895.38,1193.76,30,1326.77,89,621,3.7,1454.92,118082.53,11837.89
2024-11-09,P015,Men,Roadster,1065.21,650.45,0,1065.21,72,763,3.5,1134.55,76695.12,29862.72
2024-11-13,P015,Men,Roadster,2329.78,1306.14,5,2213.29,88,334,3.9,1994.73,194769.52,79829.2
2024-11-24,P015,Men,Roadster,2291.05,1580.08,40,1374.63,97,645,3.5,1511.98,133339.11,-19928.65
2024-11-25,P015,Men,Roadster,1935.53,1150.93,40,1161.32,46,444,4.7,1249.91,53420.72,477.94
2024-11-27,P015,Men,Roadster,794.83,591.09,0,794.83,257,285,3.8,771.99,204271.31,52361.18
2024-12-01,P015,Men,Roadster,1350.08,860.13,5,1282.58,101,539,4.2,1220.31,129540.58,42667.45
2024-12-08,P015,Men,Roadster,1366.48,765.9,10,1229.83,36,103,3.6,1342.15,44273.88,16701.48
2024-12-08,P015,Men,Roadster,2516.86,1689.34,15,2139.33,46,260,4.3,2020.04,98409.18,20699.54
2024-12-21,P015,Men,Roadster,4931.0,3518.59,40,2958.6,29,172,3.9,3023.54,85799.4,-16239.71
2024-12-25,P015,Men,Roadster,2551.24,1673.25,0,2551.24,14,369,4.1,2670.45,35717.36,12291.86
2024-12-29,P015,Men,Roadster,4506.72,2803.82,40,2704.03,31,586,4.5,2885.25,83824.93,-3093.49
