Myntra_Clean_Data.csv
date,product_id,category,brand,listed_price,cost_price,discount_pct,final_price,units_sold,inventory_level,rating,competitor_price,revenue,profit
2023-01-01,P016,Kids,Puma,1998.19,1264.65,0,1998.19,56,164,3.8,1908.02,111898.64,41078.24
2023-01-08,P016,Kids,Puma,1639.78,1203.26,15,1393.81,63,521,3.3,1259.39,87810.03,12004.65
2023-01-09,P016,Kids,Puma,3645.82,2677.59,10,3281.24,25,761,4.7,3271.91,82031.0,15091.25
2023-01-15,P016,Kids,Puma,3769.71,2536.74,30,2638.8,19,971,3.5,2506.39,50137.2,1939.14
2023-01-15,P016,Kids,Puma,4528.24,2959.95,10,4075.42,28,364,4.0,3871.49,114111.76,31233.16
2023-01-16,P016,Kids,Puma,762.53,441.13,0,762.53,132,134,4.3,755.66,100653.96,42424.8
2023-01-20,P016,Kids,Puma,2356.19,1305.27,15,2002.76,34,452,3.9,2015.13,68093.84,23714.66
2023-01-28,P016,Kids,Puma,2251.24,1661.13,30,1575.87,51,772,4.8,1648.27,80369.37,-4348.26
2023-01-31,P016,Kids,Puma,626.29,455.36,10,563.66,120,206,3.4,534.54,67639.2,12996.0
2023-02-03,P016,Kids,Puma,3903.78,2871.58,15,3318.21,18,762,4.6,3388.1,59727.78,8039.34
2023-02-04,P016,Kids,Puma,2470.26,1501.9,0,2470.26,64,419,3.7,2444.17,158096.64,61975.04
2023-02-05,P016,Kids,Puma,3203.27,2230.88,15,2722.78,7,174,3.6,2966.07,19059.46,3443.3
2023-02-06,P016,Kids,Puma,2864.11,1859.75,0,2864.11,13,187,4.1,2648.93,37233.43,13056.68
2023-02-08,P016,Kids,Puma,1686.03,1163.56,15,1433.13,102,922,4.3,1540.33,146179.26,27496.14
2023-02-08,P016,Kids,Puma,3278.53,2403.96,15,2786.75,33,933,3.7,2731.99,91962.75,12632.07
2023-02-09,P016,Kids,Puma,4394.78,2642.05,40,2636.87,11,336,3.6,2813.25,29005.57,-56.98
2023-02-11,P016,Kids,Puma,4280.71,2534.42,30,2996.5,13,252,5.0,3230.94,38954.5,6007.04
2023-02-18,P016,Kids,Puma,1511.49,937.91,0,1511.49,42,652,3.4,1376.31,63482.58,24090.36
2023-02-20,P016,Kids,Puma,4299.19,2610.99,30,3009.43,16,352,4.5,3050.38,48150.88,6375.04
2023-02-22,P016,Kids,Puma,2103.52,1446.92,5,1998.34,54,891,4.4,1813.82,107910.36,29776.68
2023-02-27,P016,Kids,Puma,1601.84,986.8,0,1601.84,24,640,3.9,1557.75,38444.16,14760.96
2023-03-03,P016,Kids,Puma,3743.29,2309.1,10,3368.96,21,477,3.7,3585.72,70748.16,22257.06
2023-03-06,P016,Kids,Puma,730.0,457.0,30,511.0,126,245,3.5,485.68,64386.0,6804.0
2023-03-06,P016,Kids,Puma,519.17,337.59,5,493.21,250,702,4.0,455.94,123302.5,38905.0
2023-03-10,P016,Kids,Puma,4046.35,2897.79,0,4046.35,31,149,3.4,4009.43,125436.85,35605.36
2023-03-12,P016,Kids,Puma,4805.8,2969.97,30,3364.06,16,456,4.1,3114.26,53824.96,6305.44
2023-03-12,P016,Kids,Puma,869.79,649.67,40,521.87,153,906,3.8,516.78,79846.11,-19553.4
2023-03-17,P016,Kids,Puma,4460.08,3187.91,5,4237.08,19,282,4.8,4438.88,80504.52,19934.23
2023-03-22,P016,Kids,Puma,856.83,474.68,15,728.31,114,854,4.4,655.91,83027.34,28913.82
2023-04-07,P016,Kids,Puma,3877.67,2584.94,15,3296.02,11,924,4.7,3139.02,36256.22,7821.88
2023-04-10,P016,Kids,Puma,1082.15,628.85,40,649.29,77,663,4.0,632.12,49995.33,1573.88
2023-04-17,P016,Kids,Puma,2399.93,1627.79,15,2039.94,68,625,3.9,2003.97,138715.92,28026.2
2023-04-19,P016,Kids,Puma,968.82,687.54,10,871.94,105,669,4.8,799.65,91553.7,19362.0
2023-05-01,P016,Kids,Puma,1848.39,1332.5,40,1109.03,52,321,3.8,1061.27,57669.56,-11620.44
2023-05-07,P016,Kids,Puma,2370.18,1563.65,20,1896.14,68,442,4.2,1728.97,128937.52,22609.32
2023-05-08,P016,Kids,Puma,3586.41,2653.08,5,3407.09,7,951,4.5,3646.93,23849.63,5278.07
2023-05-14,P016,Kids,Puma,4577.26,2923.73,10,4119.53,19,937,4.1,4277.06,78271.07,22720.2
2023-05-16,P016,Kids,Puma,632.26,375.37,40,379.36,65,177,3.5,385.42,24658.4,259.35
2023-05-17,P016,Kids,Puma,4952.62,2856.6,40,2971.57,30,305,3.7,2872.57,89147.1,3449.1
2023-05-18,P016,Kids,Puma,4315.8,2737.38,10,3884.22,17,680,4.0,3618.42,66031.74,19496.28
2023-06-14,P016,Kids,Puma,4552.0,3253.46,20,3641.6,6,898,4.5,3963.96,21849.6,2328.84
2023-06-26,P016,Kids,Puma,2863.44,1941.76,30,2004.41,62,399,3.8,2070.57,124273.42,3884.3
2023-07-05,P016,Kids,Puma,4322.07,2727.42,30,3025.45,22,375,3.6,2733.35,66559.9,6556.66
2023-07-11,P016,Kids,Puma,1177.73,650.78,30,824.41,138,699,4.2,773.79,113768.58,23960.94
2023-07-19,P016,Kids,Puma,4088.29,2737.9,10,3679.46,9,231,4.0,3929.76,33115.14,8474.04
2023-07-21,P016,Kids,Puma,578.15,347.05,40,346.89,364,792,4.1,323.47,126267.96,-58.24
2023-07-28,P016,Kids,Puma,1335.0,865.76,30,934.5,40,616,4.3,1001.05,37380.0,2749.6
2023-08-10,P016,Kids,Puma,3517.92,2624.49,20,2814.34,12,411,4.3,2841.04,33772.08,2278.2
2023-08-14,P016,Kids,Puma,4050.42,2506.66,15,3442.86,7,759,4.5,3101.7,24100.02,6553.4
2023-08-20,P016,Kids,Puma,1553.67,892.91,20,1242.94,104,958,3.9,1348.16,129265.76,36403.12
2023-08-24,P016,Kids,Puma,2337.33,1721.65,10,2103.6,26,687,3.9,2283.02,54693.6,9930.7
2023-08-28,P016,Kids,Puma,2764.32,2068.95,10,2487.89,42,443,3.9,2255.31,104491.38,17595.48
2023-09-02,P016,Kids,Puma,4261.52,2756.7,20,3409.22,23,136,3.2,3410.97,78412.06,15007.96
2023-09-10,P016,Kids,Puma,976.85,545.62,5,928.01,110,246,3.5,850.05,102081.1,42062.9
2023-09-17,P016,Kids,Puma,3219.38,2021.2,10,2897.44,26,850,4.5,3155.41,75333.44,22782.24
2023-09-27,P016,Kids,Puma,2988.59,1676.66,30,2092.01,12,812,3.6,2231.56,25104.12,4984.2
2023-09-28,P016,Kids,Puma,3371.58,2325.98,30,2360.11,54,158,4.6,2344.24,127445.94,1843.02
2023-10-03,P016,Kids,Puma,2095.38,1540.54,40,1257.23,54,763,5.0,1228.74,67890.42,-15298.74
2023-10-03,P016,Kids,Puma,4998.36,3032.42,30,3498.85,42,634,4.4,3560.51,146951.7,19590.06
2023-10-08,P016,Kids,Puma,2381.69,1680.79,5,2262.61,88,564,4.7,2290.97,199109.68,51200.16
2023-10-08,P016,Kids,Puma,3648.43,2045.61,15,3101.17,27,735,4.7,3035.34,83731.59,28500.12
2023-10-13,P016,Kids,Puma,1961.57,1232.66,5,1863.49,52,993,4.3,1809.16,96901.48,32803.16
2023-10-13,P016,Kids,Puma,4181.86,2768.31,5,3972.77,11,748,4.3,4242.58,43700.47,13249.06
2023-10-16,P016,Kids,Puma,932.31,631.57,10,839.08,208,206,3.3,885.54,174528.64,43162.08
2023-10-29,P016,Kids,Puma,2949.68,1646.55,30,2064.78,88,228,3.3,2024.26,181700.64,36804.24
2023-11-12,P016,Kids,Puma,1107.32,762.99,5,1051.95,176,829,3.9,1013.38,185143.2,50856.96
2023-11-13,P016,Kids,Puma,2297.99,1547.67,15,1953.29,23,599,4.5,1791.07,44925.67,9329.26
2023-11-18,P016,Kids,Puma,3536.94,2233.96,20,2829.55,11,501,4.4,2808.28,31125.05,6551.49
2023-11-19,P016,Kids,Puma,1157.26,661.17,5,1099.4,88,402,3.9,1192.18,96747.2,38564.24
2023-11-20,P016,Kids,Puma,2450.12,1456.91,20,1960.1,83,371,3.5,1895.02,162688.3,41764.77
2023-11-24,P016,Kids,Puma,2498.77,1864.33,40,1499.26,39,972,3.8,1484.97,58471.14,-14237.73
2023-11-24,P016,Kids,Puma,850.82,506.6,0,850.82,110,176,3.3,884.92,93590.2,37864.2
2023-12-04,P016,Kids,Puma,2382.28,1311.68,30,1667.6,85,577,4.5,1693.11,141746.0,30253.2
2023-12-07,P016,Kids,Puma,4477.34,2867.37,40,2686.4,18,138,3.8,2553.26,48355.2,-3257.46
2023-12-11,P016,Kids,Puma,4740.97,2685.98,10,4266.87,42,291,3.4,4332.46,179208.54,66397.38
2023-12-22,P016,Kids,Puma,4615.22,3036.59,30,3230.65,29,769,3.9,3323.44,93688.85,5627.74
2023-12-31,P016,Kids,Puma,3168.1,2033.59,5,3009.7,7,225,5.0,2891.24,21067.9,6832.77
2024-01-07,P016,Kids,Puma,2561.29,1792.26,5,2433.23,52,659,5.0,2191.2,126527.96,33330.44
2024-01-09,P016,Kids,Puma,3237.31,2199.16,30,2266.12,28,597,3.3,2425.0,63451.36,1874.88
2024-02-01,P016,Kids,Puma,3418.07,2494.68,20,2734.46,13,792,3.8,2923.12,35547.98,3117.14
2024-02-04,P016,Kids,Puma,874.42,558.24,30,612.09,240,556,3.5,612.33,146901.6,12924.0
2024-02-07,P016,Kids,Puma,3811.3,2312.75,5,3620.74,34,544,4.2,3617.13,123105.16,44471.66
2024-02-12,P016,Kids,Puma,3345.85,2200.42,20,2676.68,7,831,4.2,2918.09,18736.76,3333.82
2024-02-15,P016,Kids,Puma,1680.87,986.58,15,1428.74,21,637,4.6,1461.71,30003.54,9285.36
2024-02-18,P016,Kids,Puma,1673.18,1053.79,0,1673.18,10,858,4.7,1728.75,16731.8,6193.9
2024-02-19,P016,Kids,Puma,1569.01,942.26,10,1412.11,30,700,4.1,1463.56,42363.3,14095.5
2024-03-12,P016,Kids,Puma,3188.02,2340.62,5,3028.62,17,761,4.6,2818.04,51486.54,11696.0
2024-03-12,P016,Kids,Puma,1076.53,797.0,5,1022.7,72,963,4.5,1100.36,73634.4,16250.4
2024-03-16,P016,Kids,Puma,815.24,530.69,5,774.48,192,451,3.7,751.81,148700.16,46807.68
2024-03-20,P016,Kids,Puma,4982.3,3564.44,30,3487.61,27,477,4.5,3496.98,94165.47,-2074.41
2024-03-22,P016,Kids,Puma,1394.64,915.32,15,1185.44,136,237,4.3,1243.61,161219.84,36736.32
2024-03-30,P016,Kids,Puma,750.25,450.87,20,600.2,160,391,5.0,602.45,96032.0,23892.8
2024-04-02,P016,Kids,Puma,3931.95,2311.97,5,3735.35,15,974,4.9,3998.55,56030.25,21350.7
2024-04-03,P016,Kids,Puma,1246.76,916.91,5,1184.42,32,970,3.7,1165.85,37901.44,8560.32
2024-04-03,P016,Kids,Puma,2832.09,1992.49,40,1699.25,30,256,3.8,1671.88,50977.5,-8797.2
2024-04-10,P016,Kids,Puma,3288.85,2161.18,5,3124.41,11,863,4.3,2983.75,34368.51,10595.53
2024-04-15,P016,Kids,Puma,1238.29,875.02,30,866.8,35,667,3.7,836.68,30338.0,-287.7
2024-04-20,P016,Kids,Puma,4435.27,2496.19,10,3991.74,19,118,4.2,3807.87,75843.06,28415.45
2024-04-20,P016,Kids,Puma,4873.52,2749.54,10,4386.17,31,612,4.8,4577.46,135971.27,50735.53
2024-04-26,P016,Kids,Puma,4077.96,2819.94,30,2854.57,28,645,3.6,3033.3,79927.96,969.64
2024-04-30,P016,Kids,Puma,827.43,589.51,10,744.69,72,979,3.4,671.17,53617.68,11172.96
2024-06-11,P016,Kids,Puma,1168.82,659.81,20,935.06,30,653,3.5,873.51,28051.8,8257.5
2024-06-13,P016,Kids,Puma,2602.61,1461.84,5,2472.48,48,508,4.4,2632.13,118679.04,48510.72
2024-06-28,P016,Kids,Puma,826.02,566.08,30,578.21,168,826,4.1,600.43,97139.28,2037.84
2024-06-30,P016,Kids,Puma,3460.46,2593.79,30,2422.32,68,599,3.9,2235.87,164717.76,-11659.96
2024-07-07,P016,Kids,Puma,3907.21,2677.44,5,3711.85,18,406,4.8,4044.85,66813.3,18619.38
2024-07-15,P016,Kids,Puma,3877.1,2868.42,40,2326.26,68,241,4.5,2520.64,158185.68,-36866.88
2024-07-17,P016,Kids,Puma,4955.89,3114.19,20,3964.71,8,760,3.3,3599.39,31717.68,6804.16
2024-07-23,P016,Kids,Puma,2886.78,1632.69,0,2886.78,9,176,3.7,3040.04,25981.02,11286.81
2024-07-29,P016,Kids,Puma,4378.52,2668.23,40,2627.11,9,425,4.2,2367.46,23643.99,-370.08
2024-08-03,P016,Kids,Puma,4653.2,2803.09,15,3955.22,29,460,4.2,3869.43,114701.38,33411.77
2024-08-10,P016,Kids,Puma,1770.95,1039.16,5,1682.4,44,257,3.6,1570.34,74025.6,28302.56
2024-08-12,P016,Kids,Puma,791.51,437.68,30,554.06,243,919,3.9,541.62,134636.58,28280.34
2024-08-16,P016,Kids,Puma,4667.6,2865.05,5,4434.22,16,670,4.4,3995.83,70947.52,25106.72
2024-08-31,P016,Kids,Puma,2775.02,1887.26,40,1665.01,93,647,4.5,1613.39,154845.93,-20669.25
2024-09-09,P016,Kids,Puma,4471.26,3027.9,5,4247.7,19,120,3.4,4383.85,80706.3,23176.2
2024-09-14,P016,Kids,Puma,1202.67,688.55,30,841.87,75,937,4.6,880.48,63140.25,11499.0
2024-09-18,P016,Kids,Puma,3348.42,2309.0,20,2678.74,6,234,5.0,2438.41,16072.44,2218.44
2024-09-21,P016,Kids,Puma,2134.72,1426.76,5,2027.98,58,837,4.3,2060.42,117622.84,34870.76
2024-10-06,P016,Kids,Puma,3592.52,2623.73,20,2874.02,20,646,4.7,2703.24,57480.4,5005.8
2024-10-23,P016,Kids,Puma,1642.22,1088.83,20,1313.78,97,591,3.8,1211.05,127436.66,21820.15
2024-10-26,P016,Kids,Puma,3688.05,2304.51,20,2950.44,39,565,4.6,3203.24,115067.16,25191.27
2024-10-26,P016,Kids,Puma,2941.45,2041.81,0,2941.45,10,350,3.4,2826.85,29414.5,8996.4
2024-10-29,P016,Kids,Puma,3740.5,2744.24,5,3553.48,19,562,3.5,3757.93,67516.12,15375.56
2024-10-31,P016,Kids,Puma,4605.97,3301.07,20,3684.78,29,499,4.6,3674.0,106858.62,11127.59
2024-10-31,P016,Kids,Puma,511.57,374.67,10,460.41,286,151,4.5,445.06,131677.26,24521.64
2024-10-31,P016,Kids,Puma,3928.92,2447.74,0,3928.92,7,228,3.7,3717.75,27502.44,10368.26
2024-11-03,P016,Kids,Puma,571.15,323.68,30,399.8,140,542,3.8,435.28,55972.0,10656.8
2024-11-18,P016,Kids,Puma,2746.89,1590.52,40,1648.13,54,647,4.4,1553.73,88999.02,3110.94
2024-12-06,P016,Kids,Puma,2249.65,1330.13,40,1349.79,54,978,4.1,1380.58,72888.66,1061.64
2024-12-12,P016,Kids,Puma,3018.51,1953.82,30,2112.96,13,288,4.7,2276.34,27468.48,2068.82
2024-12-14,P016,Kids,Puma,2755.71,1792.6,0,2755.71,7,319,4.9,2606.69,19289.97,6741.77
2024-12-14,P016,Kids,Puma,1956.98,1201.96,20,1565.58,117,419,3.6,1557.18,183172.86,42543.54
2024-12-16,P016,Kids,Puma,519.85,326.73,10,467.86,273,253,3.6,474.5,127725.78,38528.49
2024-12-17,P016,Kids,Puma,3343.65,2274.62,10,3009.29,26,841,3.6,3302.29,78241.54,19101.42
2024-12-21,P016,Kids,Puma,2429.11,1409.67,40,1457.47,78,620,4.3,1533.19,113682.66,3728.4
2024-12-26,P016,Kids,Puma,2451.38,1545.7,0,2451.38,85,750,4.8,2524.12,208367.3,76982.8
2024-12-28,P016,Kids,Puma,953.4,556.31,20,762.72,187,998,5.0,711.77,142628.64,38598.67
2024-12-28,P016,Kids,Puma,4747.0,3072.82,5,4509.65,35,437,3.7,4189.44,157837.75,50289.05
