Myntra_Clean_Data.csv
date,product_id,category,brand,listed_price,cost_price,discount_pct,final_price,units_sold,inventory_level,rating,competitor_price,revenue,profit
2023-01-02,P001,Footwear,Adidas,2339.21,1623.06,10,2105.29,56,862,4.6,1907.91,117896.24,27004.88
2023-01-14,P001,Footwear,Adidas,2142.24,1383.53,0,2142.24,10,982,4.3,2279.37,21422.4,7587.1
2023-01-15,P001,Footwear,Adidas,3531.07,2472.36,5,3354.52,24,804,3.4,3404.72,80508.48,21171.84
2023-01-17,P001,Footwear,Adidas,698.32,488.79,5,663.4,231,750,5.0,601.24,153245.4,40334.91
2023-01-18,P001,Footwear,Adidas,4420.94,3077.62,30,3094.66,27,649,3.5,2801.5,83555.82,460.08
2023-01-19,P001,Footwear,Adidas,2483.53,1673.31,40,1490.12,75,239,4.7,1368.97,111759.0,-13739.25
2023-01-22,P001,Footwear,Adidas,1208.84,730.65,15,1027.51,132,404,3.8,941.68,135631.32,39185.52
2023-02-07,P001,Footwear,Adidas,2037.26,1487.44,0,2037.26,10,854,3.2,1904.66,20372.6,5498.2
2023-02-16,P001,Footwear,Adidas,4153.81,3004.05,10,3738.43,25,535,4.2,3824.83,93460.75,18359.5
2023-02-16,P001,Footwear,Adidas,3342.96,2373.96,0,3342.96,18,675,4.6,3378.62,60173.28,17442.0
2023-02-18,P001,Footwear,Adidas,4528.55,3338.79,40,2717.13,17,822,3.2,2788.27,46191.21,-10568.22
2023-02-21,P001,Footwear,Adidas,517.59,328.5,0,517.59,108,515,3.6,500.09,55899.72,20421.72
2023-03-02,P001,Footwear,Adidas,4717.47,2840.08,5,4481.6,29,765,4.5,4775.71,129966.4,47604.08
2023-03-05,P001,Footwear,Adidas,4127.15,3089.8,40,2476.29,12,157,4.0,2514.25,29715.48,-7362.12
2023-03-06,P001,Footwear,Adidas,1409.45,804.13,10,1268.51,69,240,3.3,1258.65,87527.19,32042.22
2023-03-10,P001,Footwear,Adidas,903.76,534.23,40,542.26,261,624,4.8,580.79,141529.86,2095.83
2023-03-16,P001,Footwear,Adidas,757.64,490.48,0,757.64,180,217,4.5,683.58,136375.2,48088.8
2023-03-18,P001,Footwear,Adidas,4116.27,3041.14,10,3704.64,25,676,4.6,4040.43,92616.0,16587.5
2023-03-21,P001,Footwear,Adidas,2689.74,1903.41,20,2151.79,28,813,4.3,2094.51,60250.12,6954.64
2023-03-23,P001,Footwear,Adidas,4390.67,3270.99,15,3732.07,30,311,3.9,3414.13,111962.1,13832.4
2023-03-24,P001,Footwear,Adidas,1678.32,1142.65,5,1594.4,33,899,3.5,1577.67,52615.2,14907.75
2023-03-28,P001,Footwear,Adidas,3101.67,2010.7,40,1861.0,36,861,4.6,1990.03,66996.0,-5389.2
2023-03-29,P001,Footwear,Adidas,3737.51,2433.63,5,3550.63,26,202,4.8,3580.17,92316.38,29042.0
2023-03-30,P001,Footwear,Adidas,4596.76,2541.85,30,3217.73,17,260,4.6,2979.74,54701.41,11489.96
2023-04-08,P001,Footwear,Adidas,4844.19,2954.43,0,4844.19,28,592,3.5,4896.35,135637.32,52913.28
2023-04-18,P001,Footwear,Adidas,864.51,579.11,0,864.51,135,389,3.7,914.2,116708.85,38529.0
2023-04-22,P001,Footwear,Adidas,1907.14,1376.39,0,1907.14,34,996,4.3,1747.69,64842.76,18045.5
2023-04-22,P001,Footwear,Adidas,2734.01,1781.97,20,2187.21,60,943,4.9,2383.21,131232.6,24314.4
2023-04-23,P001,Footwear,Adidas,1160.81,816.15,5,1102.77,84,934,4.0,1050.19,92632.68,24076.08
2023-05-02,P001,Footwear,Adidas,996.07,746.15,10,896.46,85,584,4.3,976.58,76199.1,12776.35
2023-05-09,P001,Footwear,Adidas,4094.83,2680.23,20,3275.86,34,313,4.7,3333.13,111379.24,20251.42
2023-05-13,P001,Footwear,Adidas,1186.21,855.97,5,1126.9,64,206,4.6,1040.84,72121.6,17339.52
2023-05-23,P001,Footwear,Adidas,1313.23,795.97,5,1247.57,20,465,4.0,1293.9,24951.4,9032.0
2023-05-27,P001,Footwear,Adidas,4073.94,2899.58,5,3870.24,21,281,4.7,3886.57,81275.04,20383.86
2023-06-30,P001,Footwear,Adidas,1523.02,912.28,30,1066.11,120,642,3.7,977.92,127933.2,18459.6
2023-07-02,P001,Footwear,Adidas,980.76,625.74,5,931.72,170,998,3.8,918.67,158392.4,52016.6
2023-07-12,P001,Footwear,Adidas,1676.11,1020.6,20,1340.89,93,979,4.2,1335.74,124702.77,29786.97
2023-07-21,P001,Footwear,Adidas,3904.17,2668.04,15,3318.54,23,592,4.6,3497.7,76326.42,14961.5
2023-07-24,P001,Footwear,Adidas,3441.06,1927.16,20,2752.85,31,202,4.6,2478.65,85338.35,25596.39
2023-07-26,P001,Footwear,Adidas,3533.82,2078.79,10,3180.44,27,990,3.8,3468.81,85871.88,29744.55
2023-07-26,P001,Footwear,Adidas,4715.19,3266.86,5,4479.43,9,713,4.2,4634.64,40314.87,10913.13
2023-07-28,P001,Footwear,Adidas,1271.17,739.1,10,1144.05,92,486,4.3,1227.96,105252.6,37255.4
2023-07-31,P001,Footwear,Adidas,1601.83,1192.16,15,1361.56,75,242,4.1,1415.74,102117.0,12705.0
2023-08-09,P001,Footwear,Adidas,2839.13,1738.77,10,2555.22,8,160,4.3,2726.19,20441.76,6531.6
2023-09-02,P001,Footwear,Adidas,636.54,459.52,20,509.23,198,601,4.9,478.78,100827.54,9842.58
2023-09-09,P001,Footwear,Adidas,4755.06,2751.22,20,3804.05,11,765,4.7,3427.97,41844.55,11581.13
2023-10-01,P001,Footwear,Adidas,1643.84,927.68,30,1150.69,67,708,4.6,1091.57,77096.23,14941.67
2023-10-05,P001,Footwear,Adidas,4385.89,2966.66,20,3508.71,19,496,4.8,3551.22,66665.49,10298.95
2023-10-09,P001,Footwear,Adidas,1426.94,983.77,10,1284.25,93,269,3.6,1378.41,119435.25,27944.64
2023-10-15,P001,Footwear,Adidas,3273.25,1902.83,5,3109.59,24,372,4.9,2938.32,74630.16,28962.24
2023-10-20,P001,Footwear,Adidas,1908.6,1253.48,5,1813.17,62,600,4.8,1708.77,112416.54,34700.78
2023-10-21,P001,Footwear,Adidas,2058.65,1534.14,30,1441.06,62,369,4.0,1491.44,89345.72,-5770.96
2023-10-22,P001,Footwear,Adidas,4550.36,2600.78,15,3867.81,40,883,3.2,4228.58,154712.4,50681.2
2023-11-02,P001,Footwear,Adidas,3130.52,2273.79,0,3130.52,39,135,3.2,3318.19,122090.28,33412.47
2023-11-04,P001,Footwear,Adidas,4650.61,2781.2,30,3255.43,27,480,4.6,3518.78,87896.61,12804.21
2023-11-08,P001,Footwear,Adidas,1698.95,1177.74,10,1529.06,113,731,4.9,1390.92,172783.78,39699.16
2023-11-15,P001,Footwear,Adidas,3838.36,2375.19,30,2686.85,28,751,3.6,2749.7,75231.8,8726.48
2023-11-19,P001,Footwear,Adidas,4522.25,2936.41,40,2713.35,29,131,4.1,2788.59,78687.15,-6468.74
2023-11-20,P001,Footwear,Adidas,4405.9,2792.12,10,3965.31,36,601,4.0,4015.78,142751.16,42234.84
2023-11-21,P001,Footwear,Adidas,746.19,530.4,15,634.26,145,415,3.4,649.52,91967.7,15059.7
2023-11-23,P001,Footwear,Adidas,2349.2,1402.16,40,1409.52,85,618,3.3,1405.65,119809.2,625.6
2023-11-25,P001,Footwear,Adidas,3913.03,2228.53,5,3717.38,22,630,3.5,3727.2,81782.36,32754.7
2023-11-26,P001,Footwear,Adidas,1753.29,1039.78,15,1490.3,109,224,4.6,1564.11,162442.7,49106.68
2023-11-26,P001,Footwear,Adidas,1860.45,1128.37,20,1488.36,70,619,4.8,1500.75,104185.2,25199.3
2023-12-07,P001,Footwear,Adidas,2148.88,1603.18,5,2041.44,83,308,4.2,2218.17,169439.52,36375.58
2023-12-10,P001,Footwear,Adidas,4093.06,2616.97,20,3274.45,6,958,5.0,3454.07,19646.7,3944.88
2023-12-13,P001,Footwear,Adidas,4497.22,2971.03,0,4497.22,10,236,4.5,4442.12,44972.2,15261.9
2023-12-26,P001,Footwear,Adidas,3997.21,2874.67,30,2798.05,44,647,4.8,2935.29,123114.2,-3371.28
2023-12-27,P001,Footwear,Adidas,4331.75,2591.78,10,3898.58,11,956,3.5,3598.05,42884.38,14374.8
2024-01-02,P001,Footwear,Adidas,1836.79,1094.72,10,1653.11,30,681,4.8,1749.16,49593.3,16751.7
2024-01-04,P001,Footwear,Adidas,3995.52,2948.38,30,2796.86,30,322,3.5,2945.06,83905.8,-4545.6
2024-01-06,P001,Footwear,Adidas,2216.22,1631.18,15,1883.79,46,190,3.8,1847.56,86654.34,11620.06
2024-01-08,P001,Footwear,Adidas,750.41,416.29,40,450.25,143,108,3.9,439.83,64385.75,4856.28
2024-01-13,P001,Footwear,Adidas,2544.05,1711.71,40,1526.43,24,951,3.9,1636.44,36634.32,-4446.72
2024-01-21,P001,Footwear,Adidas,764.35,486.78,0,764.35,78,882,3.3,793.55,59619.3,21650.46
2024-02-03,P001,Footwear,Adidas,1035.17,653.82,15,879.89,145,901,4.7,903.45,127584.05,32780.15
2024-02-07,P001,Footwear,Adidas,4908.94,3566.02,5,4663.49,16,115,3.9,4208.45,74615.84,17559.52
2024-02-11,P001,Footwear,Adidas,3782.45,2484.95,30,2647.71,33,584,4.7,2833.79,87374.43,5371.08
2024-02-13,P001,Footwear,Adidas,4499.55,2619.31,30,3149.68,26,258,3.7,3298.64,81891.68,13789.62
2024-02-24,P001,Footwear,Adidas,2199.99,1636.95,15,1869.99,26,106,3.5,1775.24,48619.74,6059.04
2024-03-02,P001,Footwear,Adidas,1546.38,1010.31,20,1237.1,60,539,4.1,1256.91,74226.0,13607.4
2024-03-04,P001,Footwear,Adidas,2953.76,2081.03,30,2067.63,48,372,4.7,2165.56,99246.24,-643.2
2024-03-05,P001,Footwear,Adidas,1065.68,734.09,30,745.98,30,185,4.2,726.24,22379.4,356.7
2024-03-07,P001,Footwear,Adidas,4060.14,2796.68,5,3857.13,24,616,4.6,4100.91,92571.12,25450.8
2024-03-09,P001,Footwear,Adidas,1864.36,1076.79,15,1584.71,66,490,4.3,1577.6,104590.86,33522.72
2024-03-20,P001,Footwear,Adidas,2361.82,1384.85,20,1889.46,32,174,3.7,1721.0,60462.72,16147.52
2024-03-30,P001,Footwear,Adidas,2602.29,1650.13,15,2211.95,34,538,4.2,1997.73,75206.3,19101.88
2024-03-31,P001,Footwear,Adidas,3108.86,2062.09,10,2797.97,30,863,4.9,2923.88,83939.1,22076.4
2024-04-12,P001,Footwear,Adidas,2565.93,1530.46,30,1796.15,38,187,3.4,1825.62,68253.7,10096.22
2024-04-22,P001,Footwear,Adidas,1180.79,671.97,10,1062.71,128,253,3.8,1086.48,136026.88,50014.72
2024-04-22,P001,Footwear,Adidas,578.14,368.91,15,491.42,290,763,4.7,515.97,142511.8,35527.9
2024-04-29,P001,Footwear,Adidas,3586.24,2025.48,15,3048.3,31,372,4.0,3306.19,94497.3,31707.42
2024-05-13,P001,Footwear,Adidas,1977.92,1250.46,0,1977.92,16,604,4.6,1891.98,31646.72,11639.36
2024-05-17,P001,Footwear,Adidas,4258.38,2714.95,5,4045.46,16,112,4.6,3788.96,64727.36,21288.16
2024-05-20,P001,Footwear,Adidas,3290.04,2441.01,40,1974.02,16,225,4.1,1810.36,31584.32,-7471.84
2024-05-22,P001,Footwear,Adidas,3043.23,1732.25,5,2891.07,5,122,4.8,2697.98,14455.35,5794.1
2024-05-24,P001,Footwear,Adidas,4377.24,3134.82,20,3501.79,22,942,4.0,3590.63,77039.38,8073.34
2024-06-06,P001,Footwear,Adidas,3406.91,1976.1,10,3066.22,6,315,3.7,2847.44,18397.32,6540.72
2024-06-07,P001,Footwear,Adidas,4288.48,2885.4,20,3430.78,23,170,4.2,3488.36,78907.94,12543.74
2024-06-08,P001,Footwear,Adidas,1867.19,1294.33,40,1120.31,112,999,3.8,1190.0,125474.72,-19490.24
2024-06-10,P001,Footwear,Adidas,3270.69,2381.6,20,2616.55,20,572,3.7,2426.64,52331.0,4699.0
2024-06-11,P001,Footwear,Adidas,4346.62,2871.54,40,2607.97,25,136,4.7,2657.69,65199.25,-6589.25
2024-06-27,P001,Footwear,Adidas,4789.25,3417.36,20,3831.4,24,238,3.5,3700.47,91953.6,9936.96
2024-07-06,P001,Footwear,Adidas,3264.81,2154.48,0,3264.81,7,901,4.2,2992.65,22853.67,7772.31
2024-07-08,P001,Footwear,Adidas,1027.37,756.87,30,719.16,144,604,4.5,759.93,103559.04,-5430.24
2024-07-08,P001,Footwear,Adidas,2104.95,1316.35,5,1999.7,40,566,4.5,1934.68,79988.0,27334.0
2024-07-11,P001,Footwear,Adidas,2578.44,1418.78,40,1547.06,63,993,4.4,1525.5,97464.78,8081.64
2024-07-22,P001,Footwear,Adidas,4438.74,2767.57,0,4438.74,26,579,4.8,4806.2,115407.24,43450.42
2024-07-25,P001,Footwear,Adidas,2902.01,1733.64,40,1741.21,46,614,4.6,1809.71,80095.66,348.22
2024-08-04,P001,Footwear,Adidas,4539.4,2859.11,15,3858.49,21,121,4.7,3611.7,81028.29,20986.98
2024-08-07,P001,Footwear,Adidas,667.6,415.86,15,567.46,184,211,3.9,521.89,104412.64,27894.4
2024-08-08,P001,Footwear,Adidas,2772.61,2069.8,0,2772.61,18,965,4.5,2976.22,49906.98,12650.58
2024-08-10,P001,Footwear,Adidas,4164.8,2872.05,5,3956.56,13,537,4.7,3935.86,51435.28,14098.63
2024-08-17,P001,Footwear,Adidas,4969.12,2819.16,30,3478.38,32,669,4.4,3184.48,111308.16,21095.04
2024-08-19,P001,Footwear,Adidas,1249.26,881.86,10,1124.33,128,899,4.0,1175.58,143914.24,31036.16
2024-08-19,P001,Footwear,Adidas,781.79,557.16,0,781.79,96,589,4.0,777.18,75051.84,21564.48
2024-08-21,P001,Footwear,Adidas,3147.43,2275.23,10,2832.69,16,446,4.0,2614.47,45323.04,8919.36
2024-08-21,P001,Footwear,Adidas,4689.06,2992.74,0,4689.06,5,278,3.3,4318.35,23445.3,8481.6
2024-08-23,P001,Footwear,Adidas,4133.5,2617.41,0,4133.5,10,572,4.5,3794.91,41335.0,15160.9
2024-09-09,P001,Footwear,Adidas,4994.91,3585.44,30,3496.44,30,938,4.3,3691.12,104893.2,-2670.0
2024-09-13,P001,Footwear,Adidas,520.1,341.31,0,520.1,126,111,3.3,479.08,65532.6,22527.54
2024-09-15,P001,Footwear,Adidas,4298.78,2901.54,20,3439.02,12,292,3.5,3125.14,41268.24,6449.76
2024-10-01,P001,Footwear,Adidas,1990.72,1476.18,30,1393.5,27,211,4.6,1502.08,37624.5,-2232.36
2024-10-03,P001,Footwear,Adidas,1650.32,1140.36,30,1155.22,72,411,4.9,1124.11,83175.84,1069.92
2024-10-12,P001,Footwear,Adidas,3706.81,2555.25,40,2224.09,20,948,4.5,2155.5,44481.8,-6623.2
2024-10-28,P001,Footwear,Adidas,1060.59,678.47,10,954.53,58,538,4.7,1031.86,55362.74,16011.48
2024-10-30,P001,Footwear,Adidas,3447.57,2396.62,0,3447.57,18,233,3.7,3733.8,62056.26,18917.1
2024-11-06,P001,Footwear,Adidas,3734.96,2156.32,0,3734.96,10,965,3.8,3909.29,37349.6,15786.4
2024-11-07,P001,Footwear,Adidas,4602.45,2959.93,40,2761.47,7,700,3.7,2999.68,19330.29,-1389.22
2024-11-11,P001,Footwear,Adidas,4935.52,3630.05,20,3948.42,13,181,3.8,3939.2,51329.46,4138.81
2024-11-14,P001,Footwear,Adidas,2266.87,1425.87,30,1586.81,93,304,3.3,1506.44,147573.33,14967.42
2024-12-09,P001,Footwear,Adidas,1649.33,987.39,10,1484.4,35,294,4.3,1551.65,51954.0,17395.35
2024-12-11,P001,Footwear,Adidas,3958.63,2933.68,10,3562.77,18,413,4.0,3648.26,64129.86,11323.62
2024-12-13,P001,Footwear,Adidas,2240.61,1560.12,0,2240.61,26,955,3.4,2135.0,58255.86,17692.74
2024-12-16,P001,Footwear,Adidas,3142.23,1923.52,30,2199.56,54,306,4.1,2337.28,118776.24,14906.16
2024-12-24,P001,Footwear,Adidas,3765.72,2358.27,15,3200.86,22,642,3.7,3017.21,70418.92,18536.98
2024-12-31,P001,Footwear,Adidas,4193.57,2640.31,10,3774.21,26,788,4.5,3882.4,98129.46,29481.4
