Myntra_Clean_Data.csv
date,product_id,category,brand,listed_price,cost_price,discount_pct,final_price,units_sold,inventory_level,rating,competitor_price,revenue,profit
2023-01-02,P006,Accessories,Nike,643.73,469.39,20,514.98,180,841,3.2,528.19,92696.4,8206.2
2023-01-10,P006,Accessories,Nike,3457.8,2520.66,10,3112.02,19,732,4.8,3018.47,59128.38,11235.84
2023-01-16,P006,Accessories,Nike,1296.78,813.05,40,778.07,96,119,4.3,710.54,74694.72,-3358.08
2023-01-21,P006,Accessories,Nike,3945.37,2646.96,40,2367.22,66,697,4.7,2255.91,156236.52,-18462.84
2023-01-23,P006,Accessories,Nike,2802.56,1720.56,0,2802.56,18,692,4.2,2681.97,50446.08,19476.0
2023-01-24,P006,Accessories,Nike,1688.66,975.3,0,1688.66,58,481,4.0,1525.65,97942.28,41374.88
2023-02-02,P006,Accessories,Nike,1672.59,920.42,5,1588.96,72,153,4.0,1556.04,114405.12,48134.88
2023-02-04,P006,Accessories,Nike,1877.46,1308.73,10,1689.71,60,736,3.9,1747.63,101382.6,22858.8
2023-02-08,P006,Accessories,Nike,1970.24,1322.7,0,1970.24,24,887,3.6,1967.82,47285.76,15540.96
2023-02-12,P006,Accessories,Nike,4880.48,2891.32,30,3416.34,15,207,3.6,3622.45,51245.1,7875.3
2023-02-25,P006,Accessories,Nike,3366.54,2231.61,20,2693.23,10,393,4.2,2518.72,26932.3,4616.2
2023-03-09,P006,Accessories,Nike,4630.49,3274.39,20,3704.39,33,119,4.7,4048.51,122244.87,14190.0
2023-03-26,P006,Accessories,Nike,1961.56,1288.29,5,1863.48,44,687,4.8,1787.75,81993.12,25308.36
2023-04-06,P006,Accessories,Nike,2150.96,1454.93,40,1290.58,48,242,4.4,1224.77,61947.84,-7888.8
2023-04-11,P006,Accessories,Nike,2742.57,1719.66,0,2742.57,7,402,3.4,2816.3,19197.99,7160.37
2023-04-16,P006,Accessories,Nike,2895.97,1828.25,40,1737.58,56,594,3.2,1895.35,97304.48,-5077.52
2023-04-29,P006,Accessories,Nike,2369.75,1692.65,10,2132.78,62,389,4.1,1977.01,132232.36,27288.06
2023-05-01,P006,Accessories,Nike,2294.5,1416.28,15,1950.32,22,355,5.0,2140.04,42907.04,11748.88
2023-05-02,P006,Accessories,Nike,1823.83,1049.2,10,1641.45,33,926,4.5,1510.42,54167.85,19544.25
2023-05-09,P006,Accessories,Nike,1420.01,1024.93,10,1278.01,51,681,3.5,1332.1,65178.51,12907.08
2023-05-11,P006,Accessories,Nike,2308.61,1700.49,20,1846.89,62,900,4.7,1933.47,114507.18,9076.8
2023-05-19,P006,Accessories,Nike,1470.56,821.67,30,1029.39,128,777,4.8,1064.37,131761.92,26588.16
2023-05-30,P006,Accessories,Nike,2737.46,1898.92,20,2189.97,36,960,4.4,2147.04,78838.92,10477.8
2023-05-31,P006,Accessories,Nike,4055.29,3015.37,40,2433.17,62,373,4.5,2279.63,150856.54,-36096.4
2023-06-04,P006,Accessories,Nike,1681.29,1022.14,20,1345.03,93,235,3.5,1228.68,125087.79,30028.77
2023-06-11,P006,Accessories,Nike,521.94,391.31,10,469.75,50,351,4.4,450.33,23487.5,3922.0
2023-07-03,P006,Accessories,Nike,2392.75,1573.37,40,1435.65,99,579,3.5,1395.5,142129.35,-13634.28
2023-07-03,P006,Accessories,Nike,1382.12,781.69,10,1243.91,112,607,4.7,1354.82,139317.92,51768.64
2023-07-07,P006,Accessories,Nike,1124.72,726.29,20,899.78,95,689,3.8,893.86,85479.1,16481.55
2023-07-08,P006,Accessories,Nike,4687.77,2733.46,0,4687.77,33,174,4.3,4669.18,154696.41,64492.23
2023-07-08,P006,Accessories,Nike,3406.54,2330.36,15,2895.56,11,287,4.0,2896.55,31851.16,6217.2
2023-07-10,P006,Accessories,Nike,4595.05,3082.87,10,4135.54,7,421,4.2,4143.05,28948.78,7368.69
2023-07-10,P006,Accessories,Nike,3672.46,2421.84,30,2570.72,25,113,4.7,2524.57,64268.0,3722.0
2023-08-10,P006,Accessories,Nike,501.29,326.34,10,451.16,231,317,4.0,433.05,104217.96,28833.42
2023-08-18,P006,Accessories,Nike,1978.14,1262.11,10,1780.33,22,791,4.6,1671.03,39167.26,11400.84
2023-08-22,P006,Accessories,Nike,4616.18,2695.45,30,3231.33,21,720,4.0,2930.28,67857.93,11253.48
2023-08-30,P006,Accessories,Nike,3108.69,2251.72,30,2176.08,12,656,3.3,2366.99,26112.96,-907.68
2023-09-01,P006,Accessories,Nike,2512.47,1567.92,5,2386.85,68,786,3.4,2285.41,162305.8,55687.24
2023-09-02,P006,Accessories,Nike,3386.18,2355.66,10,3047.56,18,308,4.8,3190.02,54856.08,12454.2
2023-09-13,P006,Accessories,Nike,3964.55,2285.53,40,2378.73,22,562,3.5,2457.75,52332.06,2050.4
2023-09-22,P006,Accessories,Nike,1358.96,934.04,0,1358.96,15,670,4.7,1247.74,20384.4,6373.8
2023-09-24,P006,Accessories,Nike,3092.67,1816.09,10,2783.4,31,960,3.4,2790.86,86285.4,29986.61
2023-09-27,P006,Accessories,Nike,710.02,519.4,0,710.02,84,872,4.5,778.87,59641.68,16012.08
2023-10-02,P006,Accessories,Nike,4941.24,3083.81,30,3458.87,22,596,4.8,3491.52,76095.14,8251.32
2023-10-07,P006,Accessories,Nike,1504.18,980.37,30,1052.93,52,439,4.8,996.78,54752.36,3773.12
2023-10-08,P006,Accessories,Nike,1993.48,1363.19,0,1993.48,44,531,4.9,1893.67,87713.12,27732.76
2023-10-11,P006,Accessories,Nike,664.02,463.01,20,531.22,187,264,4.6,553.04,99338.14,12755.27
2023-10-11,P006,Accessories,Nike,3484.71,2499.44,0,3484.71,26,493,4.1,3498.43,90602.46,25617.02
2023-10-18,P006,Accessories,Nike,4460.54,3101.22,15,3791.46,32,987,4.0,3674.92,121326.72,22087.68
2023-10-23,P006,Accessories,Nike,800.4,487.18,40,480.24,416,388,3.9,473.49,199779.84,-2887.04
2023-11-01,P006,Accessories,Nike,2768.37,1589.02,0,2768.37,41,540,3.2,2716.79,113503.17,48353.35
2023-11-02,P006,Accessories,Nike,3182.43,2136.67,0,3182.43,7,824,4.1,3063.36,22277.01,7320.32
2023-11-08,P006,Accessories,Nike,3991.0,2975.52,5,3791.45,14,917,4.3,3728.79,53080.3,11423.02
2023-11-14,P006,Accessories,Nike,4468.99,2955.35,10,4022.09,20,115,3.5,4081.69,80441.8,21334.8
2023-11-21,P006,Accessories,Nike,1131.27,745.65,0,1131.27,83,747,4.9,1107.64,93895.41,32006.46
2023-11-24,P006,Accessories,Nike,3898.9,2230.54,30,2729.23,40,127,3.4,2770.07,109169.2,19947.6
2023-11-27,P006,Accessories,Nike,4524.95,3128.89,5,4298.7,36,825,4.5,4699.18,154753.2,42113.16
2023-12-01,P006,Accessories,Nike,1008.46,663.42,0,1008.46,166,677,4.3,1066.94,167404.36,57276.64
2023-12-01,P006,Accessories,Nike,2320.91,1499.15,5,2204.86,78,576,4.7,2137.58,171979.08,55045.38
2023-12-03,P006,Accessories,Nike,3007.8,2165.84,10,2707.02,15,183,4.1,2599.62,40605.3,8117.7
2023-12-07,P006,Accessories,Nike,2642.45,1707.1,5,2510.33,40,507,3.2,2458.75,100413.2,32129.2
2023-12-17,P006,Accessories,Nike,3468.85,2374.67,10,3121.96,28,469,3.7,2937.99,87414.88,20924.12
2023-12-17,P006,Accessories,Nike,1680.49,955.32,20,1344.39,97,467,3.4,1293.67,130405.83,37739.79
2023-12-23,P006,Accessories,Nike,3879.36,2250.31,30,2715.55,36,953,3.2,2933.69,97759.8,16748.64
2024-01-03,P006,Accessories,Nike,2842.7,1706.36,0,2842.7,11,290,3.3,2656.16,31269.7,12499.74
2024-01-05,P006,Accessories,Nike,3539.1,2597.22,10,3185.19,25,828,3.8,3228.21,79629.75,14699.25
2024-01-10,P006,Accessories,Nike,4083.27,2637.87,0,4083.27,13,141,4.8,4396.84,53082.51,18790.2
2024-01-11,P006,Accessories,Nike,548.63,403.41,20,438.9,165,479,4.8,449.06,72418.5,5855.85
2024-01-14,P006,Accessories,Nike,4261.41,3122.94,30,2982.99,29,248,4.1,3038.19,86506.71,-4058.55
2024-01-26,P006,Accessories,Nike,1007.33,741.71,40,604.4,176,575,4.7,603.56,106374.4,-24166.56
2024-01-31,P006,Accessories,Nike,985.59,649.88,40,591.35,248,187,3.8,611.21,146654.8,-14515.44
2024-01-31,P006,Accessories,Nike,3673.86,2703.55,15,3122.78,33,166,4.9,2851.74,103051.74,13834.59
2024-02-01,P006,Accessories,Nike,2421.28,1814.95,10,2179.15,42,793,4.2,2043.19,91524.3,15296.4
2024-02-10,P006,Accessories,Nike,2150.19,1265.71,10,1935.17,32,605,4.1,1876.17,61925.44,21422.72
2024-02-19,P006,Accessories,Nike,3498.31,2074.37,10,3148.48,8,826,3.3,3053.8,25187.84,8592.88
2024-02-24,P006,Accessories,Nike,2540.26,1661.59,30,1778.18,14,193,3.5,1691.94,24894.52,1632.26
2024-02-26,P006,Accessories,Nike,3413.58,2337.96,0,3413.58,15,417,4.1,3476.34,51203.7,16134.3
2024-03-13,P006,Accessories,Nike,3548.79,2113.47,10,3193.91,15,542,4.0,3189.87,47908.65,16206.6
2024-03-27,P006,Accessories,Nike,1982.73,1473.24,20,1586.18,21,459,4.7,1451.27,33309.78,2371.74
2024-04-01,P006,Accessories,Nike,4981.73,3086.08,15,4234.47,8,949,4.1,3885.51,33875.76,9187.12
2024-04-06,P006,Accessories,Nike,4629.74,3063.68,20,3703.79,32,536,4.9,3703.75,118521.28,20483.52
2024-04-20,P006,Accessories,Nike,3504.61,2179.94,5,3329.38,24,876,3.4,3056.35,79905.12,27586.56
2024-04-26,P006,Accessories,Nike,1825.68,1133.58,40,1095.41,44,414,4.0,1042.6,48198.04,-1679.48
2024-04-27,P006,Accessories,Nike,4220.15,2584.92,5,4009.14,16,271,4.1,3673.99,64146.24,22787.52
2024-05-07,P006,Accessories,Nike,1048.04,782.37,10,943.24,155,822,4.4,922.72,146202.2,24934.85
2024-05-12,P006,Accessories,Nike,2199.95,1483.12,0,2199.95,22,356,3.7,2037.82,48398.9,15770.26
2024-05-19,P006,Accessories,Nike,4193.47,3080.32,30,2935.43,11,678,4.9,2720.12,32289.73,-1593.79
2024-05-19,P006,Accessories,Nike,4560.45,2973.72,5,4332.43,8,965,4.2,4734.66,34659.44,10869.68
2024-05-20,P006,Accessories,Nike,1462.14,825.07,5,1389.03,21,561,3.5,1415.49,29169.63,11843.16
2024-05-25,P006,Accessories,Nike,1839.06,1326.61,40,1103.44,132,156,3.5,1091.51,145654.08,-29458.44
2024-05-25,P006,Accessories,Nike,4536.0,3207.51,15,3855.6,32,407,3.3,3597.38,123379.2,20738.88
2024-05-28,P006,Accessories,Nike,3852.44,2379.21,40,2311.46,12,139,3.3,2474.57,27737.52,-813.0
2024-05-30,P006,Accessories,Nike,634.27,397.32,30,443.99,330,428,4.9,471.91,146516.7,15401.1
2024-06-04,P006,Accessories,Nike,998.94,598.13,15,849.1,25,601,4.4,866.03,21227.5,6274.25
2024-06-04,P006,Accessories,Nike,1333.06,829.63,30,933.14,170,775,4.6,869.59,158633.8,17596.7
2024-06-13,P006,Accessories,Nike,2967.98,1778.27,10,2671.18,32,217,3.7,2432.63,85477.76,28573.12
2024-06-16,P006,Accessories,Nike,4837.13,3327.31,10,4353.42,19,315,3.2,4045.33,82714.98,19496.09
2024-06-19,P006,Accessories,Nike,2729.74,1608.99,30,1910.82,32,725,3.5,2003.05,61146.24,9658.56
2024-06-21,P006,Accessories,Nike,1494.93,822.75,0,1494.93,18,189,4.6,1564.88,26908.74,12099.24
2024-06-29,P006,Accessories,Nike,3396.93,2074.22,0,3396.93,15,176,4.1,3632.96,50953.95,19840.65
2024-07-02,P006,Accessories,Nike,4592.13,3287.84,0,4592.13,15,541,3.7,4466.8,68881.95,19564.35
2024-07-05,P006,Accessories,Nike,2199.92,1369.85,40,1319.95,15,688,3.7,1232.57,19799.25,-748.5
2024-07-07,P006,Accessories,Nike,1476.66,1098.95,20,1181.33,96,111,4.2,1127.01,113407.68,7908.48
2024-07-09,P006,Accessories,Nike,1749.57,1053.04,20,1399.66,60,915,4.6,1456.56,83979.6,20797.2
2024-07-10,P006,Accessories,Nike,3370.95,2199.89,10,3033.86,28,535,4.3,3318.75,84948.08,23351.16
2024-07-11,P006,Accessories,Nike,1863.99,1053.41,15,1584.39,93,231,4.3,1642.68,147348.27,49381.14
2024-07-12,P006,Accessories,Nike,2537.3,1459.61,20,2029.84,54,506,4.6,1874.39,109611.36,30792.42
2024-07-18,P006,Accessories,Nike,3380.01,2010.07,10,3042.01,19,793,4.7,2961.0,57798.19,19606.86
2024-07-19,P006,Accessories,Nike,4343.02,2786.15,30,3040.11,12,433,4.4,2867.15,36481.32,3047.52
2024-07-22,P006,Accessories,Nike,2636.44,1626.86,0,2636.44,21,802,4.6,2542.72,55365.24,21201.18
2024-07-25,P006,Accessories,Nike,992.18,546.33,5,942.57,35,495,3.4,891.88,32989.95,13868.4
2024-07-31,P006,Accessories,Nike,3188.76,2259.53,40,1913.26,28,854,4.3,2071.05,53571.28,-9695.56
2024-08-01,P006,Accessories,Nike,4529.9,2790.36,20,3623.92,29,270,4.3,3814.67,105093.68,24173.24
2024-08-08,P006,Accessories,Nike,3485.8,2381.35,5,3311.51,5,390,3.5,3266.25,16557.55,4650.8
2024-08-14,P006,Accessories,Nike,3865.42,2303.52,40,2319.25,58,504,3.7,2271.41,134516.5,912.34
2024-08-16,P006,Accessories,Nike,3123.69,1977.67,10,2811.32,33,578,4.2,2987.58,92773.56,27510.45
2024-08-18,P006,Accessories,Nike,876.65,546.67,20,701.32,133,882,4.2,659.48,93275.56,20568.45
2024-08-20,P006,Accessories,Nike,4348.6,2435.36,40,2609.16,7,109,4.1,2604.05,18264.12,1216.6
2024-08-22,P006,Accessories,Nike,3411.63,2414.0,20,2729.3,8,576,3.9,2861.37,21834.4,2522.4
2024-09-10,P006,Accessories,Nike,4922.33,3430.52,15,4183.98,9,205,3.4,4273.59,37655.82,6781.14
2024-09-24,P006,Accessories,Nike,3249.65,1800.59,30,2274.76,60,669,3.3,2239.55,136485.6,28450.2
2024-09-24,P006,Accessories,Nike,1373.43,918.5,5,1304.76,66,963,4.6,1433.47,86114.16,25493.16
2024-09-24,P006,Accessories,Nike,2204.55,1630.96,30,1543.18,33,527,3.5,1467.74,50924.94,-2896.74
2024-10-04,P006,Accessories,Nike,1752.96,1027.04,15,1490.02,78,910,3.7,1624.35,116221.56,36112.44
2024-10-09,P006,Accessories,Nike,2200.39,1234.56,0,2200.39,36,620,4.3,2139.95,79214.04,34769.88
2024-10-19,P006,Accessories,Nike,3404.17,2229.12,0,3404.17,39,426,4.7,3186.09,132762.63,45826.95
2024-10-20,P006,Accessories,Nike,2526.69,1859.35,20,2021.35,13,267,4.0,1985.38,26277.55,2106.0
2024-10-20,P006,Accessories,Nike,4260.71,2470.05,0,4260.71,32,266,3.6,4539.14,136342.72,57301.12
2024-10-25,P006,Accessories,Nike,3546.26,2357.1,0,3546.26,6,790,4.7,3635.58,21277.56,7134.96
2024-10-31,P006,Accessories,Nike,1171.44,780.22,20,937.15,78,784,3.7,860.16,73097.7,12240.54
2024-11-06,P006,Accessories,Nike,3183.17,1944.12,0,3183.17,14,331,3.5,3378.15,44564.38,17346.7
2024-11-21,P006,Accessories,Nike,1872.43,1180.52,20,1497.94,54,529,3.7,1364.04,80888.76,17140.68
2024-11-21,P006,Accessories,Nike,4696.19,3507.19,0,4696.19,22,530,4.7,4700.47,103316.18,26158.0
2024-11-22,P006,Accessories,Nike,1373.93,943.73,40,824.36,140,525,4.5,868.83,115410.4,-16711.8
2024-11-24,P006,Accessories,Nike,1010.12,673.06,0,1010.12,31,693,3.9,1107.07,31313.72,10448.86
2024-11-26,P006,Accessories,Nike,3866.6,2344.88,15,3286.61,29,936,4.4,3057.67,95311.69,27310.17
2024-11-29,P006,Accessories,Nike,3625.53,2632.47,5,3444.25,22,673,4.3,3700.13,75773.5,17859.16
2024-12-05,P006,Accessories,Nike,2701.18,1553.96,10,2431.06,75,516,4.7,2603.61,182329.5,65782.5
2024-12-26,P006,Accessories,Nike,4346.91,3183.79,15,3694.87,20,198,4.3,3429.27,73897.4,10221.6
2024-12-31,P006,Accessories,Nike,3262.38,2103.49,20,2609.9,7,428,3.7,2716.26,18269.3,3544.87
