Myntra_Clean_Data.csv
date,product_id,category,brand,listed_price,cost_price,discount_pct,final_price,units_sold,inventory_level,rating,competitor_price,revenue,profit
2023-01-02,P011,Footwear,Adidas,4195.66,2458.9,30,2936.96,22,412,4.6,2742.93,64613.12,10517.32
2023-01-28,P011,Footwear,Adidas,1833.51,1216.67,0,1833.51,28,870,4.4,1695.79,51338.28,17271.52
2023-02-06,P011,Footwear,Adidas,1190.14,852.02,15,1011.62,40,962,4.5,1107.81,40464.8,6384.0
2023-02-07,P011,Footwear,Adidas,4869.86,3458.7,5,4626.37,20,368,3.5,4333.95,92527.4,23353.4
2023-02-11,P011,Footwear,Adidas,2319.85,1713.7,15,1971.87,18,429,4.0,2165.16,35493.66,4647.06
2023-02-12,P011,Footwear,Adidas,1402.74,857.04,10,1262.47,15,383,3.2,1347.11,18937.05,6081.45
2023-02-17,P011,Footwear,Adidas,1663.17,1125.85,30,1164.22,76,191,5.0,1240.34,88480.72,2916.12
2023-02-19,P011,Footwear,Adidas,3669.01,2279.47,10,3302.11,27,187,4.3,3556.42,89156.97,27611.28
2023-02-26,P011,Footwear,Adidas,969.34,592.19,10,872.41,50,926,4.5,943.95,43620.5,14011.0
2023-03-10,P011,Footwear,Adidas,4431.38,3216.19,5,4209.81,15,727,4.4,4444.29,63147.15,14904.3
2023-03-20,P011,Footwear,Adidas,4138.6,2575.67,40,2483.16,36,407,4.5,2392.01,89393.76,-3330.36
2023-03-28,P011,Footwear,Adidas,2077.99,1424.75,30,1454.59,42,129,4.6,1399.04,61092.78,1253.28
2023-04-03,P011,Footwear,Adidas,629.6,393.37,5,598.12,128,101,3.2,609.92,76559.36,26208.0
2023-04-12,P011,Footwear,Adidas,3701.27,2707.15,15,3146.08,26,360,3.4,2880.83,81798.08,11412.18
2023-04-20,P011,Footwear,Adidas,4168.6,2318.65,10,3751.74,25,372,4.9,3801.0,93793.5,35827.25
2023-04-29,P011,Footwear,Adidas,4453.41,2755.54,10,4008.07,25,728,3.9,4059.57,100201.75,31313.25
2023-05-15,P011,Footwear,Adidas,3679.12,2739.66,5,3495.16,27,407,4.2,3461.91,94369.32,20398.5
2023-05-15,P011,Footwear,Adidas,1650.99,1112.67,10,1485.89,51,166,4.0,1554.67,75780.39,19034.22
2023-06-05,P011,Footwear,Adidas,3864.38,2526.39,40,2318.63,34,496,4.4,2114.94,78833.42,-7063.84
2023-06-11,P011,Footwear,Adidas,4995.43,3034.07,0,4995.43,5,918,4.3,4560.33,24977.15,9806.8
2023-06-17,P011,Footwear,Adidas,2005.1,1366.54,40,1203.06,48,142,3.7,1281.8,57746.88,-7847.04
2023-06-24,P011,Footwear,Adidas,4649.95,2625.12,5,4417.45,19,860,4.4,4721.15,83931.55,34054.27
2023-07-02,P011,Footwear,Adidas,3190.91,2186.0,15,2712.27,17,273,4.7,2962.48,46108.59,8946.59
2023-07-04,P011,Footwear,Adidas,3242.02,2225.15,40,1945.21,32,111,3.5,2082.4,62246.72,-8958.08
2023-07-08,P011,Footwear,Adidas,2661.42,1648.12,0,2661.42,20,407,4.1,2778.45,53228.4,20266.0
2023-07-16,P011,Footwear,Adidas,882.39,536.27,5,838.27,155,847,3.5,829.04,129931.85,46810.0
2023-07-16,P011,Footwear,Adidas,3681.01,2666.1,5,3496.96,24,826,3.8,3251.31,83927.04,19940.64
2023-07-17,P011,Footwear,Adidas,1075.82,636.41,0,1075.82,124,480,4.2,1169.2,133401.68,54486.84
2023-07-28,P011,Footwear,Adidas,3402.6,2544.79,10,3062.34,10,210,4.0,3149.72,30623.4,5175.5
2023-07-29,P011,Footwear,Adidas,4931.65,3589.54,0,4931.65,10,977,4.6,5310.19,49316.5,13421.1
2023-08-01,P011,Footwear,Adidas,2129.77,1274.44,20,1703.82,36,474,4.8,1813.59,61337.52,15457.68
2023-08-04,P011,Footwear,Adidas,1930.5,1222.03,10,1737.45,50,116,3.6,1714.99,86872.5,25771.0
2023-08-10,P011,Footwear,Adidas,4909.09,2942.01,10,4418.18,24,320,3.7,4835.8,106036.32,35428.08
2023-08-11,P011,Footwear,Adidas,2065.12,1225.81,0,2065.12,44,632,3.8,2111.42,90865.28,36929.64
2023-08-13,P011,Footwear,Adidas,3444.31,2366.59,0,3444.31,6,854,3.3,3109.26,20665.86,6466.32
2023-08-29,P011,Footwear,Adidas,3652.17,2196.89,20,2921.74,20,210,4.7,3184.67,58434.8,14497.0
2023-09-08,P011,Footwear,Adidas,2347.5,1702.81,10,2112.75,30,674,3.8,2140.48,63382.5,12298.2
2023-09-15,P011,Footwear,Adidas,1954.27,1087.64,20,1563.42,42,375,4.5,1533.57,65663.64,19982.76
2023-09-17,P011,Footwear,Adidas,998.3,617.69,0,998.3,80,538,3.4,1049.09,79864.0,30448.8
2023-09-29,P011,Footwear,Adidas,750.5,447.79,30,525.35,135,288,3.2,575.76,70922.25,10470.6
2023-10-04,P011,Footwear,Adidas,4719.17,2633.16,5,4483.21,37,323,4.0,4624.21,165878.77,68451.85
2023-10-04,P011,Footwear,Adidas,2279.82,1348.65,15,1937.85,85,626,3.3,1773.18,164717.25,50082.0
2023-10-07,P011,Footwear,Adidas,2134.82,1447.84,0,2134.82,33,532,3.5,2307.48,70449.06,22670.34
2023-10-08,P011,Footwear,Adidas,3427.68,2314.11,15,2913.53,32,469,4.0,2974.48,93232.96,19181.44
2023-10-09,P011,Footwear,Adidas,3926.18,2839.37,40,2355.71,13,686,4.3,2438.22,30624.23,-6287.58
2023-10-10,P011,Footwear,Adidas,2436.34,1676.19,20,1949.07,65,838,4.5,1782.23,126689.55,17737.2
2023-10-20,P011,Footwear,Adidas,4015.37,2266.74,20,3212.3,6,852,4.7,3368.3,19273.8,5673.36
2023-10-21,P011,Footwear,Adidas,3217.02,2329.98,40,1930.21,70,927,5.0,2108.07,135114.7,-27983.9
2023-10-22,P011,Footwear,Adidas,2331.79,1485.12,0,2331.79,39,381,4.3,2502.74,90939.81,33020.13
2023-10-30,P011,Footwear,Adidas,3198.69,2151.95,5,3038.76,26,436,3.5,2968.23,79007.76,23057.06
2023-11-05,P011,Footwear,Adidas,4626.86,2969.92,20,3701.49,40,222,4.5,3684.35,148059.6,29262.8
2023-11-07,P011,Footwear,Adidas,2296.75,1379.0,10,2067.08,78,303,4.2,1998.21,161232.24,53670.24
2023-11-17,P011,Footwear,Adidas,3316.62,1976.55,20,2653.3,39,711,3.6,2763.53,103478.7,26393.25
2023-11-28,P011,Footwear,Adidas,1771.16,1214.77,20,1416.93,105,277,4.5,1432.59,148777.65,21226.8
2023-12-07,P011,Footwear,Adidas,4323.6,2564.52,5,4107.42,7,923,4.8,4329.29,28751.94,10800.3
2023-12-07,P011,Footwear,Adidas,1975.37,1369.39,5,1876.6,83,446,3.6,1746.66,155757.8,42098.43
2023-12-09,P011,Footwear,Adidas,2747.17,1815.05,15,2335.09,72,366,4.5,2209.52,168126.48,37442.88
2023-12-09,P011,Footwear,Adidas,1718.11,1010.19,40,1030.87,88,430,4.4,1053.31,90716.56,1819.84
2023-12-23,P011,Footwear,Adidas,2296.8,1519.52,40,1378.08,109,327,3.8,1289.32,150210.72,-15416.96
2024-01-06,P011,Footwear,Adidas,1148.21,638.07,20,918.57,80,557,4.8,940.68,73485.6,22440.0
2024-01-11,P011,Footwear,Adidas,1583.6,1099.9,30,1108.52,28,393,4.1,1065.33,31038.56,241.36
2024-01-21,P011,Footwear,Adidas,832.49,535.25,20,665.99,217,693,4.9,729.98,144519.83,28370.58
2024-02-05,P011,Footwear,Adidas,3403.72,2353.12,15,2893.16,13,912,3.9,2735.54,37611.08,7020.52
2024-02-06,P011,Footwear,Adidas,3474.5,2020.5,30,2432.15,50,721,3.7,2433.11,121607.5,20582.5
2024-02-08,P011,Footwear,Adidas,3493.35,2102.18,0,3493.35,27,674,3.3,3342.65,94320.45,37561.59
2024-02-15,P011,Footwear,Adidas,3405.08,2337.77,30,2383.56,22,745,4.8,2401.11,52438.32,1007.38
2024-02-19,P011,Footwear,Adidas,831.23,459.43,15,706.55,42,559,3.3,663.15,29675.1,10379.04
2024-02-23,P011,Footwear,Adidas,852.11,545.06,5,809.5,84,251,4.9,820.77,67998.0,22212.96
2024-02-28,P011,Footwear,Adidas,2612.85,1670.9,15,2220.92,56,788,4.1,2001.27,124371.52,30801.12
2024-03-01,P011,Footwear,Adidas,967.08,642.86,10,870.37,55,770,4.9,809.32,47870.35,12513.05
2024-03-01,P011,Footwear,Adidas,2006.95,1469.2,40,1204.17,80,724,4.1,1315.7,96333.6,-21202.4
2024-03-02,P011,Footwear,Adidas,1212.2,685.38,10,1090.98,20,839,4.2,1117.4,21819.6,8112.0
2024-03-12,P011,Footwear,Adidas,2359.37,1331.95,10,2123.43,10,128,4.4,2259.66,21234.3,7914.8
2024-03-14,P011,Footwear,Adidas,3949.29,2878.59,5,3751.83,29,285,4.8,3658.73,108803.07,25323.96
2024-03-17,P011,Footwear,Adidas,1574.0,919.92,5,1495.3,21,508,4.6,1347.15,31401.3,12082.98
2024-03-18,P011,Footwear,Adidas,1570.38,1121.34,15,1334.82,90,954,4.0,1312.09,120133.8,19213.2
2024-03-24,P011,Footwear,Adidas,3165.4,2098.18,0,3165.4,25,875,4.1,3427.18,79135.0,26680.5
2024-03-28,P011,Footwear,Adidas,2782.99,1646.54,30,1948.09,40,749,4.6,1900.26,77923.6,12062.0
2024-04-01,P011,Footwear,Adidas,3298.1,2167.34,15,2803.38,11,310,4.1,2844.18,30837.18,6996.44
2024-04-03,P011,Footwear,Adidas,3627.18,2075.21,5,3445.82,30,919,4.1,3270.47,103374.6,41118.3
2024-04-07,P011,Footwear,Adidas,1130.7,654.53,15,961.1,55,862,3.8,934.64,52860.5,16861.35
2024-04-12,P011,Footwear,Adidas,3714.23,2455.17,40,2228.54,68,391,4.0,2333.04,151540.72,-15410.84
2024-04-14,P011,Footwear,Adidas,2435.67,1425.34,20,1948.54,38,458,3.5,2016.19,74044.52,19881.6
2024-04-16,P011,Footwear,Adidas,1236.07,773.03,40,741.64,30,262,4.8,670.09,22249.2,-941.7
2024-04-19,P011,Footwear,Adidas,2525.32,1426.84,0,2525.32,20,809,4.0,2307.79,50506.4,21969.6
2024-05-11,P011,Footwear,Adidas,908.58,607.87,5,863.15,155,531,4.9,894.93,133788.25,39568.4
2024-05-15,P011,Footwear,Adidas,1922.58,1134.7,30,1345.81,39,791,3.7,1270.33,52486.59,8233.29
2024-05-17,P011,Footwear,Adidas,1920.08,1284.1,20,1536.06,60,362,4.8,1468.45,92163.6,15117.6
2024-05-17,P011,Footwear,Adidas,2837.46,2063.72,10,2553.71,17,918,3.6,2659.3,43413.07,8329.83
2024-05-20,P011,Footwear,Adidas,923.01,671.88,10,830.71,144,969,4.5,849.18,119622.24,22871.52
2024-05-23,P011,Footwear,Adidas,1951.08,1324.75,20,1560.86,66,954,4.6,1464.72,103016.76,15583.26
2024-05-26,P011,Footwear,Adidas,2054.43,1374.29,40,1232.66,44,744,4.7,1121.81,54237.04,-6231.72
2024-06-02,P011,Footwear,Adidas,2828.31,1918.62,5,2686.89,5,398,4.7,2684.29,13434.45,3841.35
2024-06-04,P011,Footwear,Adidas,3693.98,2034.66,20,2955.18,14,590,4.6,3193.54,41372.52,12887.28
2024-06-11,P011,Footwear,Adidas,825.96,508.1,20,660.77,238,157,4.8,679.93,157263.26,36335.46
2024-06-12,P011,Footwear,Adidas,1513.22,891.54,5,1437.56,87,125,4.7,1384.41,125067.72,47503.74
2024-06-15,P011,Footwear,Adidas,4035.71,2292.84,15,3430.35,27,724,3.5,3621.39,92619.45,30712.77
2024-06-16,P011,Footwear,Adidas,2951.49,2210.89,30,2066.04,18,969,4.9,1870.14,37188.72,-2607.3
2024-07-04,P011,Footwear,Adidas,2212.28,1400.92,0,2212.28,44,607,3.6,2103.35,97340.32,35699.84
2024-07-07,P011,Footwear,Adidas,3044.26,1750.34,15,2587.62,7,906,3.8,2660.59,18113.34,5860.96
2024-07-15,P011,Footwear,Adidas,2550.67,1745.58,0,2550.67,7,579,4.7,2741.01,17854.69,5635.63
2024-07-21,P011,Footwear,Adidas,4208.21,2376.87,30,2945.75,20,823,5.0,2921.25,58915.0,11377.6
2024-07-22,P011,Footwear,Adidas,4926.93,3388.15,40,2956.16,7,649,3.6,3014.12,20693.12,-3023.93
2024-07-25,P011,Footwear,Adidas,4899.81,2830.65,20,3919.85,24,879,4.1,4229.01,94076.4,26140.8
2024-08-01,P011,Footwear,Adidas,2383.82,1546.12,40,1430.29,42,371,3.6,1425.32,60072.18,-4864.86
2024-08-19,P011,Footwear,Adidas,1799.23,1275.17,5,1709.27,66,805,3.4,1875.66,112811.82,28650.6
2024-08-20,P011,Footwear,Adidas,2532.99,1419.39,10,2279.69,42,346,4.6,2440.26,95746.98,36132.6
2024-08-22,P011,Footwear,Adidas,2857.7,1733.48,5,2714.81,13,510,3.4,2944.6,35292.53,12757.29
2024-08-26,P011,Footwear,Adidas,709.44,407.52,20,567.55,264,833,4.5,592.06,149833.2,42247.92
2024-08-28,P011,Footwear,Adidas,2892.14,1726.46,10,2602.93,13,471,4.6,2833.56,33838.09,11394.11
2024-08-28,P011,Footwear,Adidas,3174.38,1765.75,40,1904.63,60,658,3.7,2028.65,114277.8,8332.8
2024-09-09,P011,Footwear,Adidas,3256.7,2168.05,15,2768.2,23,426,4.6,2670.23,63668.6,13803.45
2024-09-15,P011,Footwear,Adidas,1965.51,1268.01,30,1375.86,48,502,4.4,1389.79,66041.28,5176.8
2024-09-26,P011,Footwear,Adidas,2604.94,1451.82,10,2344.45,54,196,4.3,2416.09,126600.3,48202.02
2024-10-04,P011,Footwear,Adidas,1212.34,784.98,20,969.87,143,101,4.6,995.17,138691.41,26439.27
2024-10-07,P011,Footwear,Adidas,2827.57,2077.9,40,1696.54,15,994,3.9,1860.83,25448.1,-5720.4
2024-10-07,P011,Footwear,Adidas,2010.86,1342.57,20,1608.69,66,477,4.9,1639.88,106173.54,17563.92
2024-10-16,P011,Footwear,Adidas,4347.58,2495.0,0,4347.58,32,830,3.9,3979.97,139122.56,59282.56
2024-10-28,P011,Footwear,Adidas,3598.6,2529.32,0,3598.6,41,543,4.5,3495.54,147542.6,43840.48
2024-11-03,P011,Footwear,Adidas,1410.08,977.29,30,987.06,188,594,3.5,907.43,185567.28,1836.76
2024-11-06,P011,Footwear,Adidas,4264.84,2843.31,30,2985.39,20,301,4.4,3121.68,59707.8,2841.6
2024-11-08,P011,Footwear,Adidas,3227.66,2305.81,5,3066.28,33,669,3.7,3094.75,101187.24,25095.51
2024-11-14,P011,Footwear,Adidas,1697.33,1237.28,30,1188.13,140,675,4.6,1276.43,166338.2,-6881.0
2024-11-16,P011,Footwear,Adidas,1062.06,592.56,10,955.85,58,338,4.1,871.65,55439.3,21070.82
2024-11-26,P011,Footwear,Adidas,3169.16,2120.99,0,3169.16,35,836,4.0,3347.84,110920.6,36685.95
2024-11-29,P011,Footwear,Adidas,3075.09,1772.85,10,2767.58,33,413,3.5,2905.4,91330.14,32826.09
2024-11-30,P011,Footwear,Adidas,1505.21,1108.87,15,1279.43,35,743,4.5,1197.0,44780.05,5969.6
2024-12-05,P011,Footwear,Adidas,2961.98,1901.36,20,2369.58,28,143,4.0,2460.04,66348.24,13110.16
2024-12-18,P011,Footwear,Adidas,1663.53,953.48,10,1497.18,109,332,3.3,1531.33,163192.62,59263.3
2024-12-19,P011,Footwear,Adidas,2836.43,2004.03,30,1985.5,57,621,3.9,2036.4,113173.5,-1056.21
2024-12-28,P011,Footwear,Adidas,3394.43,2000.8,20,2715.54,10,775,3.4,2572.62,27155.4,7147.4
