Myntra_Clean_Data.csv
date,product_id,category,brand,listed_price,cost_price,discount_pct,final_price,units_sold,inventory_level,rating,competitor_price,revenue,profit
2023-01-02,P012,Men,Nike,3725.86,2528.44,10,3353.27,6,839,3.4,3465.8,20119.62,4948.98
2023-01-03,P012,Men,Nike,1938.3,1213.44,40,1162.98,128,514,4.4,1147.7,148861.44,-6458.88
2023-01-06,P012,Men,Nike,4461.32,2645.0,15,3792.12,5,855,3.8,3785.59,18960.6,5735.6
2023-01-18,P012,Men,Nike,4365.32,2753.23,5,4147.05,14,459,4.1,4328.71,58058.7,19513.48
2023-01-23,P012,Men,Nike,2724.65,1613.68,40,1634.79,54,471,4.0,1512.93,88278.66,1139.94
2023-01-25,P012,Men,Nike,4100.13,2665.63,40,2460.08,34,941,4.5,2257.37,83642.72,-6988.7
2023-02-04,P012,Men,Nike,2349.81,1348.0,0,2349.81,38,668,4.7,2295.63,89292.78,38068.78
2023-02-05,P012,Men,Nike,559.4,354.98,20,447.52,242,467,4.1,463.63,108299.84,22394.68
2023-02-12,P012,Men,Nike,560.12,347.17,20,448.1,308,730,4.7,485.59,138014.8,31086.44
2023-02-12,P012,Men,Nike,1686.19,1098.53,5,1601.88,30,332,3.5,1487.24,48056.4,15100.5
2023-03-02,P012,Men,Nike,1086.37,661.49,10,977.73,105,428,4.8,994.46,102661.65,33205.2
2023-03-04,P012,Men,Nike,4882.08,2776.36,15,4149.77,17,926,3.3,3763.13,70546.09,23347.97
2023-03-12,P012,Men,Nike,3300.93,1988.97,10,2970.84,9,718,4.8,3048.49,26737.56,8836.83
2023-03-17,P012,Men,Nike,1618.55,1176.57,0,1618.55,60,661,4.0,1684.18,97113.0,26518.8
2023-04-08,P012,Men,Nike,2463.77,1600.52,5,2340.58,18,607,3.7,2440.03,42130.44,13321.08
2023-04-10,P012,Men,Nike,2562.52,1711.29,30,1793.76,36,945,4.0,1709.61,64575.36,2968.92
2023-04-27,P012,Men,Nike,649.41,432.48,40,389.65,84,145,4.6,367.65,32730.6,-3597.72
2023-05-01,P012,Men,Nike,770.14,515.56,0,770.14,108,430,3.5,711.01,83175.12,27494.64
2023-05-05,P012,Men,Nike,1174.1,714.13,5,1115.39,32,506,3.9,1081.46,35692.48,12840.32
2023-05-05,P012,Men,Nike,4215.01,2572.24,10,3793.51,17,750,4.1,3770.42,64489.67,20761.59
2023-05-18,P012,Men,Nike,3998.7,2646.46,0,3998.7,31,758,4.7,4197.51,123959.7,41919.44
2023-05-20,P012,Men,Nike,3277.09,2009.84,0,3277.09,22,532,4.0,3135.91,72095.98,27879.5
2023-05-23,P012,Men,Nike,547.76,397.9,10,492.98,240,771,3.6,446.41,118315.2,22819.2
2023-05-28,P012,Men,Nike,734.41,502.86,10,660.97,119,962,4.4,682.3,78655.43,18815.09
2023-06-02,P012,Men,Nike,3442.7,2076.82,15,2926.29,32,621,3.9,3120.9,93641.28,27183.04
2023-06-08,P012,Men,Nike,3008.03,2036.35,15,2556.83,21,917,3.5,2417.53,53693.43,10930.08
2023-06-09,P012,Men,Nike,4533.26,2493.97,5,4306.6,5,497,3.9,4713.49,21533.0,9063.15
2023-06-10,P012,Men,Nike,3526.92,1997.05,40,2116.15,28,437,4.6,2252.85,59252.2,3334.8
2023-06-13,P012,Men,Nike,1230.49,714.0,20,984.39,50,492,4.1,960.92,49219.5,13519.5
2023-06-16,P012,Men,Nike,864.35,583.81,0,864.35,160,349,4.9,896.04,138296.0,44886.4
2023-06-19,P012,Men,Nike,3550.27,2033.08,15,3017.73,8,638,4.3,2778.21,24141.84,7877.2
2023-06-21,P012,Men,Nike,4678.43,2574.4,30,3274.9,15,737,3.7,3359.66,49123.5,10507.5
2023-06-24,P012,Men,Nike,4642.47,2952.43,0,4642.47,31,209,3.2,4735.08,143916.57,52391.24
2023-06-26,P012,Men,Nike,4948.4,3243.6,0,4948.4,29,426,4.4,4495.09,143503.6,49439.2
2023-06-29,P012,Men,Nike,4950.32,2961.85,5,4702.8,6,684,3.8,4970.33,28216.8,10445.7
2023-07-03,P012,Men,Nike,1310.22,884.91,0,1310.22,75,221,3.3,1190.92,98266.5,31898.25
2023-07-08,P012,Men,Nike,3700.05,2623.81,15,3145.04,12,853,4.9,3305.95,37740.48,6254.76
2023-07-09,P012,Men,Nike,3888.13,2652.63,5,3693.72,23,525,4.2,3761.85,84955.56,23945.07
2023-07-12,P012,Men,Nike,3553.81,2153.57,20,2843.05,27,448,3.4,2939.22,76762.35,18615.96
2023-07-18,P012,Men,Nike,4760.03,2648.54,30,3332.02,33,605,3.4,3289.67,109956.66,22554.84
2023-07-26,P012,Men,Nike,3493.07,2573.91,15,2969.11,12,263,3.7,2762.87,35629.32,4742.4
2023-07-27,P012,Men,Nike,1681.37,1099.73,0,1681.37,42,885,3.4,1762.37,70617.54,24428.88
2023-07-30,P012,Men,Nike,1960.95,1381.89,40,1176.57,60,313,4.8,1148.98,70594.2,-12319.2
2023-08-01,P012,Men,Nike,784.23,514.07,10,705.81,168,183,3.4,689.71,118576.08,32212.32
2023-08-04,P012,Men,Nike,4840.13,2777.76,40,2904.08,17,587,4.4,2891.46,49369.36,2147.44
2023-08-13,P012,Men,Nike,966.28,541.8,30,676.4,70,692,3.4,657.44,47348.0,9422.0
2023-08-24,P012,Men,Nike,4456.43,2807.78,30,3119.5,19,479,3.7,3097.58,59270.5,5922.68
2023-09-03,P012,Men,Nike,4784.19,3141.35,10,4305.77,18,377,4.8,4268.32,77503.86,20959.56
2023-09-03,P012,Men,Nike,3625.85,2516.9,5,3444.56,6,593,3.5,3128.31,20667.36,5565.96
2023-09-04,P012,Men,Nike,4184.73,2685.48,5,3975.49,33,274,4.6,4092.18,131191.17,42570.33
2023-09-14,P012,Men,Nike,3395.36,2486.2,40,2037.22,24,611,4.2,2214.52,48893.28,-10775.52
2023-11-17,P012,Men,Nike,4630.04,2731.21,15,3935.53,6,640,4.0,4261.88,23613.18,7225.92
2023-11-20,P012,Men,Nike,4257.51,2496.85,40,2554.51,6,991,3.7,2769.12,15327.06,345.96
2023-11-27,P012,Men,Nike,1539.25,1148.07,5,1462.29,124,498,4.2,1369.18,181323.96,38963.28
2023-11-28,P012,Men,Nike,658.4,405.45,0,658.4,81,494,3.4,646.35,53330.4,20488.95
2023-12-21,P012,Men,Nike,3804.13,2444.7,40,2282.48,59,645,4.6,2339.3,134666.32,-9570.98
2023-12-27,P012,Men,Nike,4048.41,2279.61,40,2429.05,46,436,4.8,2564.95,111736.3,6874.24
2024-01-06,P012,Men,Nike,1115.83,685.2,40,669.5,84,435,3.4,727.59,56238.0,-1318.8
2024-01-20,P012,Men,Nike,3130.49,1974.43,5,2973.97,32,979,3.5,3118.75,95167.04,31985.28
2024-01-26,P012,Men,Nike,914.53,643.86,0,914.53,50,488,4.4,983.91,45726.5,13533.5
2024-02-05,P012,Men,Nike,2496.64,1622.09,5,2371.81,66,849,4.5,2423.29,156539.46,49481.52
2024-02-06,P012,Men,Nike,2898.22,1737.56,5,2753.31,15,725,3.4,2896.51,41299.65,15236.25
2024-02-16,P012,Men,Nike,1569.04,909.71,15,1333.68,48,818,4.7,1421.21,64016.64,20350.56
2024-02-17,P012,Men,Nike,2002.03,1147.97,20,1601.62,75,311,3.7,1546.2,120121.5,34023.75
2024-02-21,P012,Men,Nike,2018.69,1371.36,15,1715.89,18,766,4.8,1776.29,30886.02,6201.54
2024-02-22,P012,Men,Nike,936.92,569.65,0,936.92,140,207,3.5,916.38,131168.8,51417.8
2024-03-01,P012,Men,Nike,1661.25,1175.24,40,996.75,115,500,3.6,987.45,114626.25,-20526.35
2024-03-02,P012,Men,Nike,4846.49,3529.36,40,2907.89,23,847,4.8,2969.54,66881.47,-14293.81
2024-03-03,P012,Men,Nike,935.27,611.81,5,888.51,155,251,3.3,882.55,137719.05,42888.5
2024-03-12,P012,Men,Nike,1866.34,1117.0,10,1679.71,52,369,3.5,1807.02,87344.92,29260.92
2024-03-13,P012,Men,Nike,1911.85,1391.22,0,1911.85,22,273,4.5,1926.35,42060.7,11453.86
2024-03-17,P012,Men,Nike,4374.41,3276.32,5,4155.69,24,669,5.0,4375.39,99736.56,21104.88
2024-03-23,P012,Men,Nike,4329.3,2547.22,0,4329.3,34,428,4.7,4681.09,147196.2,60590.72
2024-03-25,P012,Men,Nike,1063.22,625.09,0,1063.22,88,782,3.8,1164.7,93563.36,38555.44
2024-04-07,P012,Men,Nike,4561.63,3276.08,20,3649.3,31,428,4.6,3388.93,113128.3,11569.82
2024-04-13,P012,Men,Nike,3352.86,2278.56,30,2347.0,12,128,4.1,2450.05,28164.0,821.28
2024-04-15,P012,Men,Nike,1058.07,704.57,40,634.84,224,793,4.8,681.87,142204.16,-15619.52
2024-04-16,P012,Men,Nike,1868.44,1268.08,30,1307.91,21,627,4.1,1392.5,27466.11,836.43
2024-04-19,P012,Men,Nike,2232.09,1647.34,20,1785.67,56,325,3.4,1909.13,99997.52,7746.48
2024-04-22,P012,Men,Nike,1519.86,1010.69,0,1519.86,90,422,4.1,1645.69,136787.4,45825.3
2024-04-26,P012,Men,Nike,4909.21,3680.56,40,2945.53,33,205,4.3,3223.7,97202.49,-24255.99
2024-05-21,P012,Men,Nike,518.5,309.33,10,466.65,100,830,4.6,501.86,46665.0,15732.0
2024-05-24,P012,Men,Nike,3745.05,2071.44,15,3183.29,31,455,4.7,3459.76,98681.99,34467.35
2024-06-15,P012,Men,Nike,2468.65,1371.46,0,2468.65,68,104,4.9,2399.42,167868.2,74608.92
2024-06-19,P012,Men,Nike,1594.87,906.95,15,1355.64,66,566,4.3,1482.18,89472.24,29613.54
2024-06-22,P012,Men,Nike,2765.31,1928.22,5,2627.04,10,177,4.3,2504.28,26270.4,6988.2
2024-07-24,P012,Men,Nike,3735.21,2215.61,10,3361.69,20,519,4.0,3365.83,67233.8,22921.6
2024-08-09,P012,Men,Nike,734.3,516.68,40,440.58,352,427,4.7,431.69,155084.16,-26787.2
2024-08-15,P012,Men,Nike,4425.75,2700.95,15,3761.89,10,739,4.1,3844.42,37618.9,10609.4
2024-08-17,P012,Men,Nike,2244.78,1306.42,20,1795.82,16,475,3.5,1800.57,28733.12,7830.4
2024-08-21,P012,Men,Nike,2298.59,1608.77,15,1953.8,50,240,4.9,2054.9,97690.0,17251.5
2024-09-02,P012,Men,Nike,2925.36,1758.2,0,2925.36,29,142,4.0,2656.2,84835.44,33847.64
2024-09-24,P012,Men,Nike,1781.26,1321.45,0,1781.26,36,209,4.9,1820.2,64125.36,16553.16
2024-09-28,P012,Men,Nike,2876.43,1839.64,15,2444.97,68,560,4.0,2492.33,166257.96,41162.44
2024-10-01,P012,Men,Nike,2096.48,1287.54,15,1782.01,15,163,3.2,1757.12,26730.15,7417.05
2024-10-05,P012,Men,Nike,1438.74,808.16,0,1438.74,42,577,3.9,1323.24,60427.08,26484.36
2024-10-06,P012,Men,Nike,2058.64,1542.32,15,1749.84,36,268,3.6,1673.43,62994.24,7470.72
2024-10-12,P012,Men,Nike,3340.21,2455.77,5,3173.2,14,385,4.2,3178.45,44424.8,10044.02
2024-10-18,P012,Men,Nike,3139.47,2254.45,10,2825.52,14,634,4.1,2580.92,39557.28,7994.98
2024-10-21,P012,Men,Nike,3060.6,1890.59,15,2601.51,19,383,5.0,2442.58,49428.69,13507.48
2024-11-01,P012,Men,Nike,1191.17,673.58,20,952.94,143,792,3.3,1032.59,136270.42,39948.48
2024-11-06,P012,Men,Nike,1362.4,837.43,10,1226.16,52,524,4.3,1212.04,63760.32,20213.96
2024-11-11,P012,Men,Nike,1171.22,796.02,10,1054.1,46,112,3.6,1076.82,48488.6,11871.68
2024-11-13,P012,Men,Nike,1551.32,878.02,5,1473.75,93,582,4.9,1596.57,137058.75,55402.89
2024-11-19,P012,Men,Nike,4819.15,2868.05,5,4578.19,23,200,5.0,4323.7,105298.37,39333.22
2024-11-25,P012,Men,Nike,2889.92,2073.89,30,2022.94,41,134,3.7,2139.93,82940.54,-2088.95
2024-11-28,P012,Men,Nike,1978.67,1455.63,40,1187.2,83,470,3.4,1219.23,98537.6,-22279.69
2024-12-03,P012,Men,Nike,4690.69,3506.02,30,3283.48,7,267,4.0,3387.84,22984.36,-1557.78
2024-12-12,P012,Men,Nike,2490.3,1638.44,15,2116.76,26,714,4.8,2224.52,55035.76,12436.32
2024-12-23,P012,Men,Nike,2204.08,1294.37,40,1322.45,50,126,4.0,1387.05,66122.5,1404.0
2024-12-26,P012,Men,Nike,3465.27,2415.16,20,2772.22,32,492,4.3,2753.43,88711.04,11425.92
2024-12-27,P012,Men,Nike,3884.16,2369.27,40,2330.5,70,161,3.7,2329.48,163135.0,-2713.9
2024-12-28,P012,Men,Nike,2515.65,1833.84,20,2012.52,13,220,3.3,2159.43,26162.76,2322.84
