Myntra_Clean_Data.csv
date,product_id,category,brand,listed_price,cost_price,discount_pct,final_price,units_sold,inventory_level,rating,competitor_price,revenue,profit
2023-01-02,P019,Kids,Nike,965.6,564.47,15,820.76,60,783,3.7,844.35,49245.6,15377.4
2023-01-08,P019,Kids,Nike,2225.75,1277.21,15,1891.89,68,501,4.2,1750.32,128648.52,41798.24
2023-01-10,P019,Kids,Nike,4651.71,2778.85,30,3256.2,18,561,4.1,2989.27,58611.6,8592.3
2023-01-12,P019,Kids,Nike,3396.49,2057.15,30,2377.54,42,609,3.7,2174.94,99856.68,13456.38
2023-01-16,P019,Kids,Nike,2419.68,1755.07,5,2298.7,54,838,4.8,2078.61,124129.8,29356.02
2023-01-16,P019,Kids,Nike,1900.34,1421.38,5,1805.32,66,687,4.4,1794.08,119151.12,25340.04
2023-01-17,P019,Kids,Nike,4576.3,2761.04,20,3661.04,15,508,4.9,3674.98,54915.6,13500.0
2023-01-17,P019,Kids,Nike,1627.89,1038.21,0,1627.89,42,208,4.4,1691.22,68371.38,24766.56
2023-01-19,P019,Kids,Nike,3339.56,1862.61,20,2671.65,33,361,4.8,2637.91,88164.45,26698.32
2023-01-21,P019,Kids,Nike,3859.49,2678.92,40,2315.69,48,694,3.4,2218.05,111153.12,-17435.04
2023-01-22,P019,Kids,Nike,626.99,454.81,10,564.29,40,470,4.1,575.52,22571.6,4379.2
2023-01-24,P019,Kids,Nike,1423.45,792.92,30,996.42,40,823,4.1,902.4,39856.8,8140.0
2023-01-25,P019,Kids,Nike,2578.61,1716.86,10,2320.75,46,574,4.4,2218.99,106754.5,27778.94
2023-02-04,P019,Kids,Nike,2887.38,1928.67,20,2309.9,18,890,4.1,2519.82,41578.2,6862.14
2023-02-05,P019,Kids,Nike,1712.4,1142.38,5,1626.78,33,267,4.5,1761.6,53683.74,15985.2
2023-02-11,P019,Kids,Nike,1945.27,1136.7,15,1653.48,78,218,3.4,1492.89,128971.44,40308.84
2023-02-13,P019,Kids,Nike,1095.55,645.74,5,1040.77,44,535,4.8,1125.17,45793.88,17381.32
2023-02-16,P019,Kids,Nike,2388.9,1592.92,20,1911.12,38,606,4.8,1823.29,72622.56,12091.6
2023-02-19,P019,Kids,Nike,972.01,681.36,40,583.21,88,528,3.8,566.79,51322.48,-8637.2
2023-02-28,P019,Kids,Nike,2302.86,1674.28,0,2302.86,20,136,4.5,2389.04,46057.2,12571.6
2023-03-05,P019,Kids,Nike,4003.55,2206.33,0,4003.55,11,492,3.3,3982.3,44039.05,19769.42
2023-03-06,P019,Kids,Nike,3459.22,2032.58,10,3113.3,6,565,4.0,3150.48,18679.8,6484.32
2023-03-13,P019,Kids,Nike,732.42,486.94,30,512.69,261,709,4.4,496.27,133812.09,6720.75
2023-03-19,P019,Kids,Nike,3315.83,1946.65,0,3315.83,26,519,4.9,3253.79,86211.58,35598.68
2023-03-24,P019,Kids,Nike,667.15,398.56,0,667.15,189,760,3.9,726.67,126091.35,50763.51
2023-03-24,P019,Kids,Nike,2842.35,2061.92,30,1989.64,28,194,3.8,2185.21,55709.92,-2023.84
2023-03-25,P019,Kids,Nike,1130.48,744.69,15,960.91,115,449,4.6,1034.18,110504.65,24865.3
2023-04-18,P019,Kids,Nike,1118.31,838.65,30,782.82,174,688,4.8,717.42,136210.68,-9714.42
2023-05-03,P019,Kids,Nike,506.02,325.75,5,480.72,110,656,3.8,443.65,52879.2,17046.7
2023-05-13,P019,Kids,Nike,1169.18,645.15,10,1052.26,48,563,3.7,1082.93,50508.48,19541.28
2023-05-15,P019,Kids,Nike,4247.63,2774.34,0,4247.63,6,571,3.5,3923.7,25485.78,8839.74
2023-05-18,P019,Kids,Nike,4001.53,2954.1,30,2801.07,20,644,4.2,2983.64,56021.4,-3060.6
2023-05-18,P019,Kids,Nike,2956.78,2062.37,40,1774.07,34,146,4.3,1915.51,60318.38,-9802.2
2023-05-19,P019,Kids,Nike,3833.91,2356.39,0,3833.91,21,751,3.9,3877.1,80512.11,31027.92
2023-05-22,P019,Kids,Nike,4947.75,2743.2,40,2968.65,12,141,3.6,3041.2,35623.8,2705.4
2023-05-29,P019,Kids,Nike,3291.38,2370.42,20,2633.1,28,968,4.5,2454.97,73726.8,7355.04
2023-05-31,P019,Kids,Nike,4608.19,2688.71,0,4608.19,32,384,5.0,4455.83,147462.08,61423.36
2023-07-06,P019,Kids,Nike,2349.36,1493.01,15,1996.96,56,884,4.1,2054.82,111829.76,28221.2
2023-07-14,P019,Kids,Nike,1766.92,1158.68,40,1060.15,96,655,4.0,1109.92,101774.4,-9458.88
2023-07-14,P019,Kids,Nike,1738.38,1220.6,5,1651.46,66,123,3.8,1721.7,108996.36,28436.76
2023-07-15,P019,Kids,Nike,3114.8,2079.65,5,2959.06,32,447,4.7,2939.86,94689.92,28141.12
2023-07-20,P019,Kids,Nike,2535.51,1613.65,15,2155.18,30,313,4.8,2300.94,64655.4,16245.9
2023-07-26,P019,Kids,Nike,4256.63,3137.97,20,3405.3,5,192,3.5,3134.52,17026.5,1336.65
2023-07-29,P019,Kids,Nike,4569.43,3330.23,20,3655.54,9,126,3.5,3904.2,32899.86,2927.79
2023-08-01,P019,Kids,Nike,4478.42,3137.95,15,3806.66,20,356,4.9,4128.56,76133.2,13374.2
2023-08-08,P019,Kids,Nike,1438.0,862.01,10,1294.2,78,309,4.4,1272.33,100947.6,33710.82
2023-08-16,P019,Kids,Nike,650.26,365.79,5,617.75,120,540,3.8,594.92,74130.0,30235.2
2023-08-18,P019,Kids,Nike,826.43,470.86,0,826.43,102,891,4.4,839.74,84295.86,36268.14
2023-08-22,P019,Kids,Nike,1649.39,1005.14,30,1154.57,80,714,3.6,1202.86,92365.6,11954.4
2023-08-26,P019,Kids,Nike,3840.31,2692.27,20,3072.25,6,849,4.4,2946.17,18433.5,2279.88
2023-10-04,P019,Kids,Nike,4474.12,2625.3,0,4474.12,27,629,3.4,4799.19,120801.24,49918.14
2023-10-25,P019,Kids,Nike,2857.51,1604.72,20,2286.01,67,501,4.5,2391.18,153162.67,45646.43
2023-10-30,P019,Kids,Nike,680.4,460.25,40,408.24,265,114,4.2,405.02,108183.6,-13782.65
2023-11-06,P019,Kids,Nike,1262.92,718.76,5,1199.77,130,629,4.8,1226.25,155970.1,62531.3
2023-11-07,P019,Kids,Nike,4235.27,2721.0,40,2541.16,41,172,3.6,2608.08,104187.56,-7373.44
2023-11-12,P019,Kids,Nike,3629.91,2451.64,20,2903.93,18,501,4.4,3137.18,52270.74,8141.22
2023-11-16,P019,Kids,Nike,3597.48,2209.89,15,3057.86,23,878,4.4,3266.01,70330.78,19503.31
2023-11-20,P019,Kids,Nike,782.81,480.32,30,547.97,128,662,4.5,546.46,70140.16,8659.2
2023-11-21,P019,Kids,Nike,1203.38,750.1,10,1083.04,78,728,3.7,1101.58,84477.12,25969.32
2023-11-26,P019,Kids,Nike,3326.77,2211.53,5,3160.43,14,523,3.9,3021.28,44246.02,13284.6
2023-12-07,P019,Kids,Nike,3760.89,2370.5,0,3760.89,23,524,3.3,3973.04,86500.47,31978.97
2023-12-11,P019,Kids,Nike,1886.63,1401.01,40,1131.98,67,419,3.4,1059.44,75842.66,-18025.01
2023-12-15,P019,Kids,Nike,4529.78,2535.8,30,3170.85,42,564,4.1,3210.01,133175.7,26672.1
2023-12-16,P019,Kids,Nike,614.8,450.71,15,522.58,269,428,4.0,514.08,140574.02,19333.03
2023-12-20,P019,Kids,Nike,3253.09,2370.79,20,2602.47,42,937,4.8,2705.44,109303.74,9730.56
2023-12-21,P019,Kids,Nike,4021.46,2407.58,20,3217.17,19,724,3.2,2968.15,61126.23,15382.21
2023-12-23,P019,Kids,Nike,2776.47,1704.03,40,1665.88,46,735,4.3,1640.45,76630.48,-1754.9
2023-12-29,P019,Kids,Nike,1735.63,1131.78,5,1648.85,62,554,4.5,1566.66,102228.7,32058.34
2024-01-12,P019,Kids,Nike,724.37,507.04,0,724.37,108,279,3.6,719.29,78231.96,23471.64
2024-01-18,P019,Kids,Nike,1648.58,1158.82,10,1483.72,66,918,4.6,1512.86,97925.52,21443.4
2024-01-19,P019,Kids,Nike,4949.5,3360.95,40,2969.7,6,941,3.5,2875.82,17818.2,-2347.5
2024-02-02,P019,Kids,Nike,4004.97,2783.29,20,3203.98,21,754,3.4,3306.21,67283.58,8834.49
2024-02-05,P019,Kids,Nike,4148.69,2683.12,5,3941.26,24,848,4.6,4159.29,94590.24,30195.36
2024-02-06,P019,Kids,Nike,1637.1,909.13,15,1391.54,30,645,4.5,1413.98,41746.2,14472.3
2024-02-11,P019,Kids,Nike,2238.43,1460.03,0,2238.43,46,853,4.5,2415.02,102967.78,35806.4
2024-02-14,P019,Kids,Nike,3871.48,2584.43,5,3677.91,19,639,3.3,3388.6,69880.29,20776.12
2024-02-17,P019,Kids,Nike,3914.33,2405.42,10,3522.9,30,975,4.1,3402.34,105687.0,33524.4
2024-02-18,P019,Kids,Nike,2722.25,1669.51,15,2313.91,46,350,4.4,2393.49,106439.86,29642.4
2024-02-20,P019,Kids,Nike,512.33,306.66,0,512.33,135,698,3.8,495.88,69164.55,27765.45
2024-03-05,P019,Kids,Nike,1262.78,699.36,0,1262.78,81,158,4.5,1348.18,102285.18,45637.02
2024-03-10,P019,Kids,Nike,1901.75,1179.68,30,1331.22,18,863,4.6,1391.39,23961.96,2727.72
2024-03-12,P019,Kids,Nike,1970.16,1324.51,0,1970.16,52,970,4.4,2004.57,102448.32,33573.8
2024-03-18,P019,Kids,Nike,3675.02,2566.99,0,3675.02,17,173,4.2,3444.8,62475.34,18836.51
2024-03-19,P019,Kids,Nike,4261.63,2369.46,30,2983.14,28,608,3.9,2902.74,83527.92,17183.04
2024-03-31,P019,Kids,Nike,3580.7,2105.69,10,3222.63,17,225,5.0,3407.73,54784.71,18987.98
2024-04-03,P019,Kids,Nike,2120.92,1498.96,10,1908.83,68,607,4.4,1806.52,129800.44,27871.16
2024-04-06,P019,Kids,Nike,4909.93,3192.59,0,4909.93,6,507,4.5,4511.73,29459.58,10304.04
2024-04-10,P019,Kids,Nike,3452.66,1932.52,40,2071.6,58,693,3.3,1961.23,120152.8,8066.64
2024-04-14,P019,Kids,Nike,2128.84,1198.65,0,2128.84,20,871,4.1,1944.86,42576.8,18603.8
2024-04-15,P019,Kids,Nike,2138.66,1561.76,30,1497.06,27,289,4.0,1525.46,40420.62,-1746.9
2024-04-15,P019,Kids,Nike,1970.14,1112.59,15,1674.62,48,765,4.8,1742.57,80381.76,26977.44
2024-04-17,P019,Kids,Nike,3782.64,2655.3,20,3026.11,30,696,4.7,3310.65,90783.3,11124.3
2024-04-24,P019,Kids,Nike,3640.91,2610.2,15,3094.77,11,130,4.3,3332.06,34042.47,5330.27
2024-04-28,P019,Kids,Nike,4271.27,2547.0,10,3844.14,12,680,3.5,3580.47,46129.68,15565.68
2024-05-08,P019,Kids,Nike,1881.8,1337.22,10,1693.62,24,243,3.4,1767.34,40646.88,8553.6
2024-05-11,P019,Kids,Nike,2500.46,1578.61,15,2125.39,16,391,3.3,2084.32,34006.24,8748.48
2024-05-20,P019,Kids,Nike,4007.13,2484.52,20,3205.7,26,146,3.6,3217.41,83348.2,18750.68
2024-05-28,P019,Kids,Nike,1890.53,1398.42,30,1323.37,84,193,4.4,1406.68,111163.08,-6304.2
2024-06-09,P019,Kids,Nike,511.38,318.66,30,357.97,78,999,4.1,343.78,27921.66,3066.18
2024-06-12,P019,Kids,Nike,2886.83,1880.65,10,2598.15,18,404,3.6,2612.41,46766.7,12915.0
2024-06-12,P019,Kids,Nike,3619.4,2342.3,5,3438.43,17,367,4.7,3201.63,58453.31,18634.21
2024-06-15,P019,Kids,Nike,2291.74,1646.72,40,1375.04,72,957,4.0,1492.82,99002.88,-19560.96
2024-06-22,P019,Kids,Nike,4141.33,2605.39,0,4141.33,25,326,4.1,3950.53,103533.25,38398.5
2024-06-25,P019,Kids,Nike,2776.2,1617.14,0,2776.2,23,375,4.5,2867.45,63852.6,26658.38
2024-07-07,P019,Kids,Nike,2001.13,1261.08,40,1200.68,24,891,3.3,1124.01,28816.32,-1449.6
2024-07-10,P019,Kids,Nike,1650.79,957.56,10,1485.71,36,529,4.2,1483.27,53485.56,19013.4
2024-07-13,P019,Kids,Nike,1965.8,1327.09,30,1376.06,75,681,4.2,1510.91,103204.5,3672.75
2024-07-14,P019,Kids,Nike,1552.74,978.56,5,1475.1,39,287,4.1,1441.84,57528.9,19365.06
2024-07-15,P019,Kids,Nike,4551.79,2822.5,5,4324.2,27,261,3.8,4517.76,116753.4,40545.9
2024-07-15,P019,Kids,Nike,4031.35,2808.76,20,3225.08,23,466,3.4,3419.33,74176.84,9575.36
2024-07-15,P019,Kids,Nike,2901.62,1784.48,10,2611.46,26,150,4.3,2411.79,67897.96,21501.48
2024-07-24,P019,Kids,Nike,3310.51,1898.19,5,3144.98,12,561,4.6,3176.38,37739.76,14961.48
2024-07-26,P019,Kids,Nike,2203.19,1542.13,15,1872.71,20,171,4.3,1961.71,37454.2,6611.6
2024-08-05,P019,Kids,Nike,1863.84,1385.44,15,1584.26,72,506,3.3,1696.4,114066.72,14315.04
2024-08-09,P019,Kids,Nike,2060.0,1447.34,20,1648.0,39,915,4.7,1663.53,64272.0,7825.74
2024-08-17,P019,Kids,Nike,3976.55,2372.33,10,3578.9,31,181,3.6,3275.7,110945.9,37403.67
2024-08-19,P019,Kids,Nike,4118.49,2884.93,0,4118.49,28,636,4.7,4358.31,115317.72,34539.68
2024-08-24,P019,Kids,Nike,3789.43,2289.31,10,3410.49,11,769,3.4,3467.71,37515.39,12332.98
2024-09-02,P019,Kids,Nike,2159.0,1563.37,30,1511.3,84,716,3.5,1579.65,126949.2,-4373.88
2024-09-03,P019,Kids,Nike,2752.35,1863.48,5,2614.73,11,880,4.6,2761.27,28762.03,8263.75
2024-09-11,P019,Kids,Nike,4691.13,3116.88,30,3283.79,5,812,4.1,3610.29,16418.95,834.55
2024-09-15,P019,Kids,Nike,3388.58,1991.46,20,2710.86,13,360,3.5,2741.78,35241.18,9352.2
2024-09-26,P019,Kids,Nike,3076.25,1828.52,5,2922.44,31,585,4.2,3021.83,90595.64,33911.52
2024-10-02,P019,Kids,Nike,1738.79,1089.08,15,1477.97,27,925,4.2,1347.33,39905.19,10500.03
2024-10-22,P019,Kids,Nike,2923.03,2100.85,30,2046.12,28,802,4.9,1960.08,57291.36,-1532.44
2024-10-25,P019,Kids,Nike,4216.36,2728.01,0,4216.36,18,473,4.7,4532.54,75894.48,26790.3
2024-11-04,P019,Kids,Nike,2014.87,1268.44,0,2014.87,67,989,4.2,1999.93,134996.29,50010.81
2024-11-08,P019,Kids,Nike,896.28,667.96,10,806.65,148,919,4.1,780.56,119384.2,20526.12
2024-11-09,P019,Kids,Nike,2801.57,1633.67,40,1680.94,20,520,4.8,1629.13,33618.8,945.4
2024-11-12,P019,Kids,Nike,3299.94,2456.31,15,2804.95,14,316,3.9,2697.97,39269.3,4880.96
2024-11-13,P019,Kids,Nike,1589.02,1190.45,30,1112.31,88,764,4.6,1172.06,97883.28,-6876.32
2024-11-13,P019,Kids,Nike,547.76,397.96,40,328.66,468,828,4.7,306.81,153812.88,-32432.4
2024-11-15,P019,Kids,Nike,914.9,555.45,10,823.41,249,134,3.5,750.97,205029.09,66722.04
2024-11-17,P019,Kids,Nike,1069.4,782.14,20,855.52,130,836,3.8,815.73,111217.6,9539.4
2024-11-18,P019,Kids,Nike,752.58,441.51,10,677.32,191,140,4.5,616.03,129368.12,45039.71
2024-12-13,P019,Kids,Nike,2826.09,1853.27,5,2684.79,24,462,3.7,2716.17,64434.96,19956.48
2024-12-15,P019,Kids,Nike,3922.6,2646.23,15,3334.21,9,463,4.3,3478.2,30007.89,6191.82
2024-12-28,P019,Kids,Nike,4433.96,2848.82,10,3990.56,39,591,4.3,3682.08,155631.84,44527.86
2024-12-28,P019,Kids,Nike,3723.44,2298.88,5,3537.27,39,941,3.8,3480.1,137953.53,48297.21
2024-12-30,P019,Kids,Nike,3309.77,2445.41,0,3309.77,16,802,3.6,3619.35,52956.32,13829.76
