Myntra_Clean_Data.csv
date,product_id,category,brand,listed_price,cost_price,discount_pct,final_price,units_sold,inventory_level,rating,competitor_price,revenue,profit
2023-01-02,P028,Accessories,HRX,579.37,410.17,10,521.43,252,263,3.8,513.47,131400.36,28037.52
2023-01-07,P028,Accessories,HRX,749.76,550.23,10,674.78,147,127,3.4,679.19,99192.66,18308.85
2023-01-08,P028,Accessories,HRX,1186.3,738.79,5,1126.98,108,222,3.7,1181.5,121713.84,41924.52
2023-01-17,P028,Accessories,HRX,2748.3,1565.73,40,1648.98,33,551,4.4,1648.27,54416.34,2747.25
2023-01-18,P028,Accessories,HRX,4948.81,2970.01,40,2969.29,33,482,3.5,2834.85,97986.57,-23.76
2023-01-23,P028,Accessories,HRX,4648.22,2653.69,20,3718.58,27,665,4.8,4071.36,100401.66,28752.03
2023-01-23,P028,Accessories,HRX,4687.27,3452.11,20,3749.82,6,259,4.9,3804.78,22498.92,1786.26
2023-01-25,P028,Accessories,HRX,4821.33,2739.61,0,4821.33,22,221,4.9,5154.97,106069.26,45797.84
2023-01-30,P028,Accessories,HRX,2894.73,2166.01,40,1736.84,32,594,3.8,1806.48,55578.88,-13733.44
2023-02-05,P028,Accessories,HRX,3821.13,2357.36,5,3630.07,16,944,3.7,3879.04,58081.12,20363.36
2023-02-05,P028,Accessories,HRX,2465.51,1586.01,0,2465.51,28,602,4.6,2435.58,69034.28,24626.0
2023-02-11,P028,Accessories,HRX,2318.66,1485.09,5,2202.73,66,148,4.8,2163.37,145380.18,47364.24
2023-02-14,P028,Accessories,HRX,1150.73,733.85,30,805.51,66,865,4.1,793.4,53163.66,4729.56
2023-02-15,P028,Accessories,HRX,3666.61,2139.51,0,3666.61,30,128,3.9,3810.8,109998.3,45813.0
2023-02-15,P028,Accessories,HRX,1520.98,931.57,20,1216.78,80,469,4.2,1181.84,97342.4,22816.8
2023-02-22,P028,Accessories,HRX,2738.14,1794.39,15,2327.42,40,313,3.9,2456.85,93096.8,21321.2
2023-02-23,P028,Accessories,HRX,1743.57,1121.49,10,1569.21,84,268,3.4,1515.06,131813.64,37608.48
2023-02-25,P028,Accessories,HRX,680.08,383.42,10,612.07,80,440,4.4,583.73,48965.6,18292.0
2023-03-27,P028,Accessories,HRX,1659.78,938.04,20,1327.82,60,493,4.2,1260.67,79669.2,23386.8
2023-03-29,P028,Accessories,HRX,4794.82,3124.93,20,3835.86,14,325,3.9,4106.26,53702.04,9953.02
2023-04-01,P028,Accessories,HRX,4476.63,2917.63,15,3805.14,13,671,4.0,4114.32,49466.82,11537.63
2023-04-07,P028,Accessories,HRX,2657.84,1804.78,0,2657.84,20,728,4.4,2715.71,53156.8,17061.2
2023-04-10,P028,Accessories,HRX,4036.93,2813.29,5,3835.08,21,950,4.6,3546.98,80536.68,21457.59
2023-04-13,P028,Accessories,HRX,1168.12,831.24,10,1051.31,60,651,4.9,1041.72,63078.6,13204.2
2023-04-21,P028,Accessories,HRX,3851.63,2791.09,20,3081.3,18,639,4.8,3283.61,55463.4,5223.78
2023-04-25,P028,Accessories,HRX,4535.44,2895.17,20,3628.35,22,417,3.2,3768.15,79823.7,16129.96
2023-04-25,P028,Accessories,HRX,1413.2,806.59,10,1271.88,48,904,4.5,1288.8,61050.24,22333.92
2023-04-29,P028,Accessories,HRX,576.85,407.09,40,346.11,476,971,4.7,365.37,164748.36,-29026.48
2023-05-16,P028,Accessories,HRX,2633.33,1974.27,0,2633.33,17,917,4.8,2514.43,44766.61,11204.02
2023-05-19,P028,Accessories,HRX,779.06,572.27,30,545.34,189,666,4.6,575.56,103069.26,-5089.77
2023-05-25,P028,Accessories,HRX,902.5,668.93,15,767.12,204,802,4.4,770.79,156492.48,20030.76
2023-05-28,P028,Accessories,HRX,820.66,572.56,30,574.46,120,912,4.6,596.35,68935.2,228.0
2023-05-29,P028,Accessories,HRX,2425.69,1807.81,20,1940.55,56,736,3.7,2127.44,108670.8,7433.44
2023-06-04,P028,Accessories,HRX,1479.21,994.28,15,1257.33,24,855,3.7,1232.89,30175.92,6313.2
2023-06-10,P028,Accessories,HRX,536.67,305.3,30,375.67,403,112,3.4,406.8,151395.01,28359.11
2023-06-10,P028,Accessories,HRX,1302.84,934.39,10,1172.56,104,254,3.8,1280.22,121946.24,24769.68
2023-06-13,P028,Accessories,HRX,736.1,459.52,10,662.49,98,189,4.9,720.86,64924.02,19891.06
2023-06-14,P028,Accessories,HRX,1873.8,1169.47,20,1499.04,102,149,4.9,1425.92,152902.08,33616.14
2023-06-17,P028,Accessories,HRX,1144.72,744.98,10,1030.25,48,896,3.5,976.54,49452.0,13692.96
2023-06-21,P028,Accessories,HRX,3088.65,1965.11,20,2470.92,32,561,4.2,2248.81,79069.44,16185.92
2023-07-05,P028,Accessories,HRX,1872.32,1388.53,5,1778.7,44,778,3.9,1787.93,78262.8,17167.48
2023-07-09,P028,Accessories,HRX,4206.41,2898.53,0,4206.41,15,986,4.1,4190.64,63096.15,19618.2
2023-07-11,P028,Accessories,HRX,3767.6,2531.8,5,3579.22,32,370,4.8,3377.68,114535.04,33517.44
2023-07-13,P028,Accessories,HRX,3493.26,2616.53,40,2095.96,30,905,4.8,1998.77,62878.8,-15617.1
2023-07-21,P028,Accessories,HRX,518.83,295.69,5,492.89,90,652,3.6,530.25,44360.1,17748.0
2023-07-23,P028,Accessories,HRX,1445.91,1051.25,40,867.55,135,246,3.5,892.18,117119.25,-24799.5
2023-07-27,P028,Accessories,HRX,2900.06,2091.43,10,2610.05,33,322,4.1,2560.37,86131.65,17114.46
2023-07-30,P028,Accessories,HRX,4627.83,3051.15,10,4165.05,15,434,3.5,4473.01,62475.75,16708.5
2023-08-09,P028,Accessories,HRX,3401.37,2540.23,40,2040.82,42,304,5.0,1881.78,85714.44,-20975.22
2023-08-10,P028,Accessories,HRX,3093.18,2311.05,10,2783.86,27,203,4.7,2769.46,75164.22,12765.87
2023-08-20,P028,Accessories,HRX,2024.47,1172.94,30,1417.13,54,555,4.7,1393.0,76525.02,13186.26
2023-08-24,P028,Accessories,HRX,2444.99,1618.51,10,2200.49,38,362,3.8,2256.85,83618.62,22115.24
2023-09-06,P028,Accessories,HRX,2682.06,1886.26,20,2145.65,20,540,4.5,1999.94,42913.0,5187.8
2023-09-15,P028,Accessories,HRX,2721.3,1854.54,20,2177.04,30,896,4.8,2352.41,65311.2,9675.0
2023-09-18,P028,Accessories,HRX,3456.35,2209.6,30,2419.44,46,182,3.7,2604.88,111294.24,9652.64
2023-09-19,P028,Accessories,HRX,780.96,489.92,10,702.86,140,204,4.2,694.53,98400.4,29811.6
2023-10-02,P028,Accessories,HRX,2015.53,1341.93,40,1209.32,124,466,4.6,1278.39,149955.68,-16443.64
2023-10-03,P028,Accessories,HRX,3668.82,2540.43,20,2935.06,36,207,4.8,2981.4,105662.16,14206.68
2023-10-04,P028,Accessories,HRX,3939.21,2383.24,20,3151.37,14,160,3.6,3207.59,44119.18,10753.82
2023-10-07,P028,Accessories,HRX,2306.41,1502.02,5,2191.09,13,133,4.1,2162.01,28484.17,8957.91
2023-10-08,P028,Accessories,HRX,806.1,528.05,0,806.1,202,594,4.1,861.45,162832.2,56166.1
2023-10-09,P028,Accessories,HRX,3354.17,2360.98,10,3018.75,19,581,4.4,3201.06,57356.25,12497.63
2023-10-11,P028,Accessories,HRX,3501.69,2428.93,0,3501.69,13,530,4.3,3821.93,45521.97,13945.88
2023-10-12,P028,Accessories,HRX,3718.56,2567.52,30,2602.99,40,378,4.9,2443.65,104119.6,1418.8
2023-10-12,P028,Accessories,HRX,2997.57,2207.89,0,2997.57,15,269,3.8,3255.8,44963.55,11845.2
2023-10-26,P028,Accessories,HRX,3022.69,1863.52,0,3022.69,13,450,4.4,3270.24,39294.97,15069.21
2023-10-28,P028,Accessories,HRX,4815.09,2717.52,40,2889.05,24,209,4.7,3040.32,69337.2,4116.72
2023-11-04,P028,Accessories,HRX,3897.67,2442.33,5,3702.79,24,454,4.6,3471.2,88866.96,30251.04
2023-11-05,P028,Accessories,HRX,3463.18,2249.82,5,3290.02,13,822,3.6,3616.61,42770.26,13522.6
2023-11-08,P028,Accessories,HRX,3222.69,2151.84,15,2739.29,18,943,3.4,2691.35,49307.22,10574.1
2023-11-08,P028,Accessories,HRX,4168.9,2969.15,30,2918.23,18,566,3.5,2809.88,52528.14,-916.56
2023-11-11,P028,Accessories,HRX,1646.79,993.32,0,1646.79,46,105,4.6,1633.7,75752.34,30059.62
2023-11-12,P028,Accessories,HRX,2008.3,1234.39,15,1707.05,78,912,4.1,1544.23,133149.9,36867.48
2023-11-12,P028,Accessories,HRX,2708.3,1696.51,15,2302.06,88,176,3.9,2402.79,202581.28,53288.4
2023-11-20,P028,Accessories,HRX,3079.48,2039.23,20,2463.58,36,172,4.2,2364.4,88688.88,15276.6
2023-11-20,P028,Accessories,HRX,3406.72,2042.22,10,3066.05,15,236,3.6,3251.89,45990.75,15357.45
2023-11-21,P028,Accessories,HRX,874.92,588.96,40,524.95,93,271,3.3,530.15,48820.35,-5952.93
2023-11-25,P028,Accessories,HRX,2309.71,1372.68,40,1385.83,113,577,3.7,1317.86,156598.79,1485.95
2023-12-09,P028,Accessories,HRX,3827.23,2166.49,5,3635.87,33,926,3.6,3892.76,119983.71,48489.54
2023-12-18,P028,Accessories,HRX,4524.11,2582.37,5,4297.9,7,479,3.9,4359.2,30085.3,12008.71
2023-12-29,P028,Accessories,HRX,4672.33,2775.66,20,3737.86,42,985,3.3,3764.63,156990.12,40412.4
2024-02-26,P028,Accessories,HRX,3247.8,2368.4,30,2273.46,14,702,4.0,2236.78,31828.44,-1329.16
2024-03-01,P028,Accessories,HRX,3891.44,2810.14,0,3891.44,32,515,3.8,3663.29,124526.08,34601.6
2024-03-05,P028,Accessories,HRX,1136.31,663.98,40,681.79,42,585,4.5,746.21,28635.18,748.02
2024-03-11,P028,Accessories,HRX,657.41,393.05,5,624.54,128,348,4.4,673.93,79941.12,29630.72
2024-03-23,P028,Accessories,HRX,1032.38,621.19,5,980.76,170,392,3.4,958.05,166729.2,61126.9
2024-04-02,P028,Accessories,HRX,1622.24,1014.29,15,1378.9,42,947,4.0,1450.01,57913.8,15313.62
2024-04-10,P028,Accessories,HRX,978.0,583.56,10,880.2,170,543,4.3,849.76,149634.0,50428.8
2024-04-12,P028,Accessories,HRX,4881.2,3095.37,30,3416.84,10,298,4.4,3547.96,34168.4,3214.7
2024-04-14,P028,Accessories,HRX,4639.2,3205.93,40,2783.52,12,251,4.2,2861.04,33402.24,-5068.92
2024-04-18,P028,Accessories,HRX,1172.96,868.3,20,938.37,90,240,4.2,921.54,84453.3,6306.3
2024-04-29,P028,Accessories,HRX,4179.27,2327.33,20,3343.42,28,250,3.8,3611.27,93615.76,28450.52
2024-05-01,P028,Accessories,HRX,4539.19,2919.53,20,3631.35,20,890,3.2,3494.17,72627.0,14236.4
2024-05-05,P028,Accessories,HRX,2947.39,1764.53,10,2652.65,28,405,4.7,2718.1,74274.2,24867.36
2024-05-10,P028,Accessories,HRX,988.71,731.43,15,840.4,150,677,3.9,804.02,126060.0,16345.5
2024-05-11,P028,Accessories,HRX,1446.02,1010.26,30,1012.21,132,976,4.4,1066.08,133611.72,257.4
2024-05-14,P028,Accessories,HRX,2382.32,1355.51,20,1905.86,14,697,3.6,1882.52,26682.04,7704.9
2024-05-17,P028,Accessories,HRX,1898.42,1167.6,10,1708.58,32,971,3.7,1729.51,54674.56,17311.36
2024-05-22,P028,Accessories,HRX,1835.39,1238.76,30,1284.77,60,973,4.1,1186.16,77086.2,2760.6
2024-06-04,P028,Accessories,HRX,3555.32,2432.7,20,2844.26,32,226,3.3,2823.91,91016.32,13169.92
2024-06-11,P028,Accessories,HRX,1947.51,1112.94,0,1947.51,60,710,3.6,2032.2,116850.6,50074.2
2024-06-14,P028,Accessories,HRX,586.54,360.33,0,586.54,120,117,3.7,603.59,70384.8,27145.2
2024-06-22,P028,Accessories,HRX,4814.95,3450.59,5,4574.2,28,564,3.5,4517.51,128077.6,31461.08
2024-07-02,P028,Accessories,HRX,1588.71,989.91,15,1350.4,24,660,4.6,1332.57,32409.6,8651.76
2024-07-10,P028,Accessories,HRX,4227.92,2436.63,0,4227.92,9,824,3.4,4094.94,38051.28,16121.61
2024-07-10,P028,Accessories,HRX,2571.1,1488.54,15,2185.44,30,539,3.4,2237.14,65563.2,20907.0
2024-07-23,P028,Accessories,HRX,2839.62,1919.64,15,2413.68,52,272,3.3,2445.51,125511.36,25690.08
2024-07-28,P028,Accessories,HRX,4700.99,2886.86,40,2820.59,28,161,3.5,3091.12,78976.52,-1855.56
2024-07-30,P028,Accessories,HRX,4625.14,3410.51,10,4162.63,15,317,4.6,4416.15,62439.45,11281.8
2024-08-12,P028,Accessories,HRX,1085.86,724.27,15,922.98,75,346,3.9,849.74,69223.5,14903.25
2024-08-15,P028,Accessories,HRX,3674.2,2117.52,40,2204.52,66,510,4.2,2415.11,145498.32,5742.0
2024-08-23,P028,Accessories,HRX,1292.42,776.01,10,1163.18,128,300,4.2,1053.42,148887.04,49557.76
2024-08-23,P028,Accessories,HRX,3467.51,2279.95,5,3294.13,6,477,3.5,3340.27,19764.78,6085.08
2024-08-27,P028,Accessories,HRX,3462.03,1979.13,5,3288.93,9,578,4.2,3545.45,29600.37,11788.2
2024-08-31,P028,Accessories,HRX,3603.0,2119.78,15,3062.55,21,983,4.2,3004.53,64313.55,19798.17
2024-09-12,P028,Accessories,HRX,2267.82,1672.71,5,2154.43,48,557,4.5,2351.29,103412.64,23122.56
2024-09-24,P028,Accessories,HRX,4555.4,2838.29,5,4327.63,27,513,4.7,3949.12,116846.01,40212.18
2024-09-27,P028,Accessories,HRX,3261.03,2142.13,10,2934.93,7,583,3.8,3018.34,20544.51,5549.6
2024-09-27,P028,Accessories,HRX,3495.38,2527.36,30,2446.77,58,583,4.3,2235.88,141912.66,-4674.22
2024-10-08,P028,Accessories,HRX,1168.53,855.51,10,1051.68,145,579,3.9,967.49,152493.6,28444.65
2024-10-14,P028,Accessories,HRX,553.65,365.42,0,553.65,187,644,3.2,576.99,103532.55,35199.01
2024-10-24,P028,Accessories,HRX,2823.54,2001.36,40,1694.12,31,604,4.4,1690.6,52517.72,-9524.44
2024-10-25,P028,Accessories,HRX,904.78,506.13,10,814.3,257,457,4.4,821.91,209275.1,79199.69
2024-11-02,P028,Accessories,HRX,1753.45,1263.73,40,1052.07,145,930,4.0,985.61,152550.15,-30690.7
2024-11-06,P028,Accessories,HRX,1565.17,1103.81,15,1330.39,85,561,3.7,1311.55,113083.15,19259.3
2024-11-06,P028,Accessories,HRX,1031.37,632.72,40,618.82,197,975,4.9,663.17,121907.54,-2738.3
2024-11-08,P028,Accessories,HRX,4244.31,2835.37,20,3395.45,18,597,4.4,3497.26,61118.1,10081.44
2024-11-12,P028,Accessories,HRX,3558.25,2205.28,30,2490.77,20,652,3.3,2642.3,49815.4,5709.8
2024-11-13,P028,Accessories,HRX,4902.59,2725.98,30,3431.81,39,891,3.8,3347.94,133840.59,27527.37
2024-11-14,P028,Accessories,HRX,1707.76,992.05,0,1707.76,41,125,4.7,1648.73,70018.16,29344.11
2024-11-14,P028,Accessories,HRX,3230.66,2218.22,30,2261.46,54,755,4.7,2132.87,122118.84,2334.96
2024-11-15,P028,Accessories,HRX,4385.4,2425.83,30,3069.78,41,737,3.8,3339.54,125860.98,26401.95
2024-11-18,P028,Accessories,HRX,1017.77,645.62,20,814.22,171,322,4.8,870.33,139231.62,28830.6
2024-12-07,P028,Accessories,HRX,2824.32,1765.1,30,1977.02,39,756,3.9,2018.36,77103.78,8264.88
2024-12-08,P028,Accessories,HRX,2473.13,1668.22,0,2473.13,65,231,3.7,2521.9,160753.45,52319.15
2024-12-24,P028,Accessories,HRX,976.56,671.61,40,585.94,166,397,4.9,621.6,97266.04,-14221.22
