Myntra_Clean_Data.csv
date,product_id,category,brand,listed_price,cost_price,discount_pct,final_price,units_sold,inventory_level,rating,competitor_price,revenue,profit
2023-01-03,P013,Women,Levis,4841.0,3260.22,5,4598.95,6,646,3.8,4623.99,27593.7,8032.38
2023-01-15,P013,Women,Levis,3584.99,2534.97,15,3047.24,16,392,3.7,3236.44,48755.84,8196.32
2023-01-25,P013,Women,Levis,3228.36,2379.36,10,2905.52,16,352,3.4,2634.23,46488.32,8418.56
2023-02-01,P013,Women,Levis,4825.75,2892.31,10,4343.18,8,739,4.5,4490.2,34745.44,11606.96
2023-02-07,P013,Women,Levis,2303.62,1290.55,10,2073.26,46,163,3.5,2212.51,95369.96,36004.66
2023-02-11,P013,Women,Levis,4815.51,3570.2,40,2889.31,18,718,3.3,3122.59,52007.58,-12256.02
2023-02-13,P013,Women,Levis,3525.06,1962.04,20,2820.05,26,980,3.8,2700.14,73321.3,22308.26
2023-02-15,P013,Women,Levis,2736.53,1582.36,5,2599.7,14,129,4.0,2746.95,36395.8,14242.76
2023-02-15,P013,Women,Levis,2050.91,1321.8,15,1743.27,54,502,4.2,1852.4,94136.58,22759.38
2023-02-16,P013,Women,Levis,1095.56,747.11,20,876.45,35,703,3.6,835.71,30675.75,4526.9
2023-02-23,P013,Women,Levis,1460.64,926.05,10,1314.58,66,582,3.3,1336.47,86762.28,25642.98
2023-02-24,P013,Women,Levis,4736.6,2917.96,30,3315.62,6,590,4.2,3329.48,19893.72,2385.96
2023-03-04,P013,Women,Levis,2321.49,1324.73,5,2205.42,48,357,4.8,2375.69,105860.16,42273.12
2023-03-07,P013,Women,Levis,2073.68,1365.73,30,1451.58,45,420,4.3,1424.33,65321.1,3863.25
2023-03-22,P013,Women,Levis,2733.93,2046.81,30,1913.75,42,834,4.7,1803.91,80377.5,-5588.52
2023-03-28,P013,Women,Levis,2192.5,1516.68,30,1534.75,96,618,3.5,1418.31,147336.0,1734.72
2023-04-03,P013,Women,Levis,3980.03,2723.28,30,2786.02,25,109,4.7,2969.8,69650.5,1568.5
2023-04-07,P013,Women,Levis,4295.88,3048.61,40,2577.53,21,736,3.8,2476.31,54128.13,-9892.68
2023-04-09,P013,Women,Levis,2008.84,1405.18,0,2008.84,18,385,3.6,2080.51,36159.12,10865.88
2023-04-13,P013,Women,Levis,4859.06,3347.51,10,4373.15,15,367,4.5,4784.17,65597.25,15384.6
2023-04-27,P013,Women,Levis,2276.3,1280.06,40,1365.78,48,273,3.7,1406.95,65557.44,4114.56
2023-04-27,P013,Women,Levis,4364.17,2530.99,30,3054.92,14,613,4.1,2843.6,42768.88,7335.02
2023-05-08,P013,Women,Levis,4140.32,3009.54,10,3726.29,6,802,3.4,3717.07,22357.74,4300.5
2023-05-13,P013,Women,Levis,1679.51,1122.57,15,1427.58,27,166,4.1,1486.21,38544.66,8235.27
2023-05-20,P013,Women,Levis,2175.93,1352.63,5,2067.13,58,545,3.6,2118.07,119893.54,41441.0
2023-05-26,P013,Women,Levis,4059.22,2741.08,30,2841.45,17,906,4.9,2878.5,48304.65,1706.29
2023-05-28,P013,Women,Levis,1403.28,1005.3,5,1333.12,69,739,4.1,1417.78,91985.28,22619.58
2023-06-04,P013,Women,Levis,3988.51,2915.33,10,3589.66,18,191,4.7,3479.09,64613.88,12137.94
2023-06-04,P013,Women,Levis,2359.52,1371.15,15,2005.59,44,614,4.5,2138.97,88245.96,27915.36
2023-06-05,P013,Women,Levis,3024.77,1927.51,40,1814.86,12,712,3.6,1881.69,21778.32,-1351.8
2023-06-11,P013,Women,Levis,1433.54,943.07,20,1146.83,128,937,3.9,1230.33,146794.24,26081.28
2023-06-13,P013,Women,Levis,2272.31,1633.03,30,1590.62,57,264,3.9,1678.69,90665.34,-2417.37
2023-06-26,P013,Women,Levis,2543.75,1441.16,30,1780.62,48,319,3.8,1734.64,85469.76,16294.08
2023-07-14,P013,Women,Levis,2817.56,2098.02,20,2254.05,60,150,3.3,2104.8,135243.0,9361.8
2023-07-15,P013,Women,Levis,1226.02,738.88,0,1226.02,132,783,4.7,1220.2,161834.64,64302.48
2023-07-19,P013,Women,Levis,2327.39,1309.08,10,2094.65,66,109,3.7,2113.07,138246.9,51847.62
2023-07-25,P013,Women,Levis,2538.54,1720.63,30,1776.98,48,506,3.8,1918.08,85295.04,2704.8
2023-08-08,P013,Women,Levis,1408.07,826.32,20,1126.46,128,787,3.5,1113.02,144186.88,38417.92
2023-08-10,P013,Women,Levis,2701.5,1491.19,0,2701.5,27,999,4.6,2625.23,72940.5,32678.37
2023-08-13,P013,Women,Levis,4131.91,2589.78,40,2479.15,10,332,3.9,2496.34,24791.5,-1106.3
2023-08-17,P013,Women,Levis,3562.13,2281.94,30,2493.49,54,620,4.2,2552.3,134648.46,11423.7
2023-08-19,P013,Women,Levis,2891.4,1894.2,30,2023.98,24,183,3.5,2165.6,48575.52,3114.72
2023-08-21,P013,Women,Levis,2569.44,1636.37,0,2569.44,15,635,4.0,2637.55,38541.6,13996.05
2023-09-10,P013,Women,Levis,2618.72,1498.51,0,2618.72,25,681,4.8,2631.88,65468.0,28005.25
2023-09-11,P013,Women,Levis,1866.13,1216.52,5,1772.82,34,249,3.7,1607.97,60275.88,18914.2
2023-09-13,P013,Women,Levis,1642.88,1094.16,20,1314.3,72,852,4.7,1314.78,94629.6,15850.08
2023-10-06,P013,Women,Levis,2313.88,1714.47,0,2313.88,67,338,4.2,2338.9,155029.96,40160.47
2023-10-12,P013,Women,Levis,2832.87,1999.48,30,1983.01,23,477,3.8,2004.7,45609.23,-378.81
2023-10-14,P013,Women,Levis,4517.28,2848.19,40,2710.37,13,899,3.3,2542.61,35234.81,-1791.66
2023-10-22,P013,Women,Levis,3574.77,2331.48,10,3217.29,39,510,3.5,3154.47,125474.31,34546.59
2023-10-24,P013,Women,Levis,4430.52,2557.89,30,3101.36,20,878,3.7,3033.29,62027.2,10869.4
2023-11-01,P013,Women,Levis,1096.32,628.08,0,1096.32,41,944,3.8,1140.05,44949.12,19197.84
2023-11-06,P013,Women,Levis,1491.66,843.74,15,1267.91,27,552,4.0,1278.67,34233.57,11452.59
2023-11-09,P013,Women,Levis,4179.05,2795.85,15,3552.19,35,156,4.6,3514.2,124326.65,26471.9
2023-11-15,P013,Women,Levis,1365.73,788.92,0,1365.73,109,138,3.4,1495.81,148864.57,62872.29
2023-11-16,P013,Women,Levis,1930.73,1146.71,20,1544.58,42,482,3.6,1413.79,64872.36,16710.54
2023-11-16,P013,Women,Levis,1642.82,1212.72,40,985.69,208,748,3.5,947.21,205023.52,-47222.24
2023-11-28,P013,Women,Levis,919.21,508.31,15,781.33,156,611,4.2,780.65,121887.48,42591.12
2023-11-30,P013,Women,Levis,515.22,292.44,0,515.22,292,921,4.4,551.31,150444.24,65051.76
2023-12-02,P013,Women,Levis,4265.38,2399.03,20,3412.3,36,414,4.7,3618.02,122842.8,36477.72
2023-12-07,P013,Women,Levis,3082.55,2123.01,20,2466.04,57,931,4.3,2465.88,140564.28,19552.71
2023-12-11,P013,Women,Levis,2872.43,1766.23,30,2010.7,52,778,3.9,1872.18,104556.4,12712.44
2023-12-13,P013,Women,Levis,1344.63,789.16,30,941.24,58,333,3.7,853.47,54591.92,8820.64
2023-12-15,P013,Women,Levis,1381.09,900.17,40,828.65,210,459,5.0,760.02,174016.5,-15019.2
2023-12-16,P013,Women,Levis,4649.46,2618.57,30,3254.62,20,621,3.2,3367.19,65092.4,12721.0
2023-12-16,P013,Women,Levis,3643.68,2668.85,10,3279.31,20,103,3.2,3123.75,65586.2,12209.2
2023-12-21,P013,Women,Levis,2933.24,2112.48,10,2639.92,24,546,4.1,2488.61,63358.08,12658.56
2024-01-01,P013,Women,Levis,2835.97,1978.38,0,2835.97,32,260,3.3,3028.95,90751.04,27442.88
2024-01-02,P013,Women,Levis,2203.17,1583.26,15,1872.69,30,971,4.8,2020.25,56180.7,8682.9
2024-01-04,P013,Women,Levis,4204.65,3115.12,10,3784.18,12,518,4.6,3487.33,45410.16,8028.72
2024-01-11,P013,Women,Levis,2068.49,1516.43,40,1241.09,28,271,3.9,1156.91,34750.52,-7709.52
2024-01-15,P013,Women,Levis,1721.61,1286.6,30,1205.13,108,498,3.6,1209.97,130154.04,-8798.76
2024-01-26,P013,Women,Levis,1011.0,721.39,0,1011.0,84,188,3.7,1008.96,84924.0,24327.24
2024-02-03,P013,Women,Levis,2176.37,1252.95,15,1849.91,42,818,4.9,1820.29,77696.22,25072.32
2024-02-20,P013,Women,Levis,1919.15,1075.09,0,1919.15,50,970,3.4,1885.23,95957.5,42203.0
2024-02-24,P013,Women,Levis,2870.69,1823.51,40,1722.41,18,727,3.9,1775.49,31003.38,-1819.8
2024-02-27,P013,Women,Levis,2718.81,1838.26,15,2310.99,56,885,4.8,2261.47,129415.44,26472.88
2024-03-06,P013,Women,Levis,1967.59,1142.47,20,1574.07,96,109,5.0,1430.88,151110.72,41433.6
2024-03-09,P013,Women,Levis,3887.81,2896.16,0,3887.81,10,182,4.8,4242.17,38878.1,9916.5
2024-03-10,P013,Women,Levis,504.63,349.31,40,302.78,464,143,3.8,323.51,140489.92,-21589.92
2024-03-31,P013,Women,Levis,896.41,641.85,30,627.49,154,691,3.2,622.2,96633.46,-2211.44
2024-04-01,P013,Women,Levis,1707.96,981.71,20,1366.37,69,600,4.2,1339.83,94279.53,26541.54
2024-04-02,P013,Women,Levis,1740.41,1239.53,5,1653.39,48,408,4.3,1666.35,79362.72,19865.28
2024-04-11,P013,Women,Levis,1798.48,1003.66,10,1618.63,84,350,3.6,1498.31,135964.92,51657.48
2024-04-11,P013,Women,Levis,2567.13,1691.22,15,2182.06,44,178,4.7,2261.4,96010.64,21596.96
2024-04-24,P013,Women,Levis,3085.39,2292.2,40,1851.23,68,513,4.4,1831.49,125883.64,-29985.96
2024-04-28,P013,Women,Levis,3209.58,2304.27,15,2728.14,26,740,4.7,2570.23,70931.64,11020.62
2024-05-07,P013,Women,Levis,1898.08,1240.18,20,1518.46,81,614,3.6,1577.68,122995.26,22540.68
2024-05-09,P013,Women,Levis,4490.69,2716.89,0,4490.69,23,222,4.8,4385.46,103285.87,40797.4
2024-05-10,P013,Women,Levis,2320.18,1298.76,0,2320.18,50,880,4.1,2202.24,116009.0,51071.0
2024-05-19,P013,Women,Levis,3706.59,2444.71,40,2223.95,58,539,4.9,2297.75,128989.1,-12804.08
2024-05-27,P013,Women,Levis,1395.64,1025.77,20,1116.51,84,248,3.9,1218.18,93786.84,7622.16
2024-05-28,P013,Women,Levis,4967.54,2914.12,20,3974.03,18,238,5.0,4362.12,71532.54,19078.38
2024-06-03,P013,Women,Levis,2559.48,1531.87,40,1535.69,75,883,4.3,1477.82,115176.75,286.5
2024-06-07,P013,Women,Levis,1838.29,1240.32,40,1102.97,104,818,3.6,1054.52,114708.88,-14284.4
2024-06-21,P013,Women,Levis,3067.18,2041.06,30,2147.03,66,197,3.5,2236.73,141703.98,6994.02
2024-06-28,P013,Women,Levis,1476.75,1057.65,30,1033.72,40,860,4.2,947.96,41348.8,-957.2
2024-07-11,P013,Women,Levis,4837.06,3232.54,10,4353.35,14,611,4.7,4651.75,60946.9,15691.34
2024-07-27,P013,Women,Levis,4485.66,3227.53,0,4485.66,5,846,3.6,4274.16,22428.3,6290.65
2024-07-28,P013,Women,Levis,1226.77,701.87,0,1226.77,132,938,3.7,1187.48,161933.64,69286.8
2024-07-28,P013,Women,Levis,2783.71,2014.5,5,2644.52,10,570,4.7,2743.54,26445.2,6300.2
2024-08-03,P013,Women,Levis,1213.87,855.05,40,728.32,156,655,4.2,699.8,113617.92,-19769.88
2024-08-09,P013,Women,Levis,4916.42,3428.61,15,4178.96,15,973,4.9,4558.62,62684.4,11255.25
2024-08-10,P013,Women,Levis,2790.21,1929.01,30,1953.15,60,981,4.3,1968.03,117189.0,1448.4
2024-08-23,P013,Women,Levis,3096.17,2183.32,0,3096.17,6,761,4.5,3099.9,18577.02,5477.1
2024-08-30,P013,Women,Levis,4492.05,3152.09,30,3144.44,7,339,4.3,3099.87,22011.08,-53.55
2024-09-05,P013,Women,Levis,1090.56,706.47,5,1036.03,60,435,3.8,972.57,62161.8,19773.6
2024-09-10,P013,Women,Levis,2201.16,1328.37,30,1540.81,81,670,4.9,1694.46,124805.61,17207.64
2024-09-24,P013,Women,Levis,3879.26,2685.75,15,3297.37,34,605,3.4,3172.3,112110.58,20795.08
2024-09-27,P013,Women,Levis,1366.43,799.98,0,1366.43,27,111,3.4,1383.92,36893.61,15294.15
2024-10-05,P013,Women,Levis,1250.56,855.46,15,1062.98,124,791,3.7,1075.9,131809.52,25732.48
2024-10-16,P013,Women,Levis,735.66,538.83,10,662.09,263,650,3.8,719.12,174129.67,32417.38
2024-10-21,P013,Women,Levis,4661.7,2585.73,5,4428.62,40,311,3.5,4377.63,177144.8,73715.6
2024-10-22,P013,Women,Levis,2005.12,1394.52,40,1203.07,26,273,4.4,1209.85,31279.82,-4977.7
2024-10-26,P013,Women,Levis,2948.66,1821.11,5,2801.23,13,610,3.4,2656.32,36415.99,12741.56
2024-10-29,P013,Women,Levis,553.7,382.43,10,498.33,260,841,4.7,452.17,129565.8,30134.0
2024-10-31,P013,Women,Levis,1756.08,1027.71,5,1668.28,72,207,4.3,1749.84,120116.16,46121.04
2024-11-05,P013,Women,Levis,3360.54,2181.24,0,3360.54,13,421,4.8,3540.23,43687.02,15330.9
2024-11-07,P013,Women,Levis,4246.26,2335.67,0,4246.26,42,918,4.9,4555.86,178342.92,80244.78
2024-11-15,P013,Women,Levis,3527.12,2406.81,5,3350.76,9,532,3.4,3406.31,30156.84,8495.55
2024-11-24,P013,Women,Levis,4803.54,2971.08,15,4083.01,6,162,3.9,4240.44,24498.06,6671.58
2024-11-28,P013,Women,Levis,3025.68,2003.4,30,2117.98,72,261,4.3,2161.25,152494.56,8249.76
2024-12-01,P013,Women,Levis,2879.02,1823.86,5,2735.07,35,171,4.1,2979.38,95727.45,31892.35
2024-12-17,P013,Women,Levis,4384.16,2649.15,20,3507.33,35,173,4.8,3670.6,122756.55,30036.3
2024-12-28,P013,Women,Levis,4952.42,3434.65,40,2971.45,29,787,3.9,3027.99,86172.05,-13432.8
