Myntra_Clean_Data.csv
date,product_id,category,brand,listed_price,cost_price,discount_pct,final_price,units_sold,inventory_level,rating,competitor_price,revenue,profit
2023-01-03,P017,Women,H&M,2300.42,1399.39,20,1840.34,46,127,4.2,1718.91,84655.64,20283.7
2023-01-08,P017,Women,H&M,2944.01,1914.49,30,2060.81,68,220,4.4,1998.78,140135.08,9949.76
2023-01-15,P017,Women,H&M,3600.83,2178.37,15,3060.71,17,314,3.6,2794.68,52032.07,14999.78
2023-01-19,P017,Women,H&M,992.68,567.18,30,694.88,238,228,3.4,666.5,165381.44,30392.6
2023-01-29,P017,Women,H&M,652.88,467.12,5,620.24,120,839,3.4,597.79,74428.8,18374.4
2023-02-09,P017,Women,H&M,3471.55,2042.43,5,3297.97,31,529,3.8,3033.99,102237.07,38921.74
2023-02-13,P017,Women,H&M,4286.06,3211.85,0,4286.06,30,248,4.4,4708.44,128581.8,32226.3
2023-02-14,P017,Women,H&M,2903.11,2085.55,20,2322.49,46,431,4.4,2094.08,106834.54,10899.24
2023-02-25,P017,Women,H&M,899.63,504.52,20,719.7,120,247,4.4,731.23,86364.0,25821.6
2023-02-27,P017,Women,H&M,2105.75,1420.1,30,1474.02,33,879,4.3,1524.55,48642.66,1779.36
2023-03-10,P017,Women,H&M,2364.55,1325.2,0,2364.55,22,618,3.3,2260.01,52020.1,22865.7
2023-03-11,P017,Women,H&M,1338.78,946.08,20,1071.02,80,441,4.8,1167.28,85681.6,9995.2
2023-03-17,P017,Women,H&M,4252.0,2584.71,30,2976.4,8,760,3.9,3026.89,23811.2,3133.52
2023-03-21,P017,Women,H&M,4994.97,3245.12,20,3995.98,26,319,3.3,3828.52,103895.48,19522.36
2023-03-22,P017,Women,H&M,2577.88,1592.69,5,2448.99,66,350,4.1,2458.58,161633.34,56515.8
2023-03-24,P017,Women,H&M,3850.22,2265.79,10,3465.2,25,645,3.5,3362.4,86630.0,29985.25
2023-03-28,P017,Women,H&M,2476.64,1541.25,10,2228.98,42,743,4.5,2333.82,93617.16,28884.66
2023-03-30,P017,Women,H&M,4962.8,3477.02,0,4962.8,16,231,3.5,4965.85,79404.8,23772.48
2023-04-10,P017,Women,H&M,4037.32,2553.89,30,2826.12,18,452,4.9,2991.87,50870.16,4900.14
2023-04-11,P017,Women,H&M,4863.5,2850.79,15,4133.97,19,122,4.8,4328.58,78545.43,24380.42
2023-04-16,P017,Women,H&M,3452.16,2017.27,10,3106.94,21,948,3.5,3286.79,65245.74,22883.07
2023-04-20,P017,Women,H&M,1506.8,1041.47,15,1280.78,72,375,3.3,1286.34,92216.16,17230.32
2023-04-20,P017,Women,H&M,3270.36,2282.89,40,1962.22,30,313,4.1,2074.22,58866.6,-9620.1
2023-04-24,P017,Women,H&M,2644.8,1818.42,10,2380.32,14,665,4.1,2443.42,33324.48,7866.6
2023-04-24,P017,Women,H&M,4871.58,3194.12,20,3897.26,25,903,4.5,4229.46,97431.5,17578.5
2023-04-26,P017,Women,H&M,2833.37,1587.35,10,2550.03,17,938,3.7,2769.15,43350.51,16365.56
2023-05-06,P017,Women,H&M,3302.37,1934.26,40,1981.42,62,280,3.8,2000.56,122848.04,2923.92
2023-05-07,P017,Women,H&M,4219.91,2795.82,10,3797.92,5,334,3.9,3755.72,18989.6,5010.5
2023-05-13,P017,Women,H&M,616.71,424.09,20,493.37,300,310,4.8,541.0,148011.0,20784.0
2023-05-18,P017,Women,H&M,1152.81,740.99,30,806.97,90,716,3.7,778.96,72627.3,5938.2
2023-05-19,P017,Women,H&M,4923.4,2745.41,10,4431.06,16,525,3.6,4830.87,70896.96,26970.4
2023-05-27,P017,Women,H&M,1278.82,917.86,10,1150.94,64,705,3.4,1055.39,73660.16,14917.12
2023-06-01,P017,Women,H&M,1940.78,1071.98,5,1843.74,62,266,3.3,1787.4,114311.88,47849.12
2023-06-05,P017,Women,H&M,1562.14,1057.49,40,937.28,120,824,4.8,1025.19,112473.6,-14425.2
2023-06-14,P017,Women,H&M,3412.51,2109.96,5,3241.88,16,550,3.6,3092.42,51870.08,18110.72
2023-06-15,P017,Women,H&M,4360.63,2754.12,20,3488.5,7,605,4.6,3569.64,24419.5,5140.66
2023-06-15,P017,Women,H&M,1233.11,783.73,0,1233.11,104,512,3.4,1152.82,128243.44,46735.52
2023-06-18,P017,Women,H&M,1813.84,1016.32,20,1451.07,48,572,4.2,1398.97,69651.36,20868.0
2023-06-22,P017,Women,H&M,3493.0,2471.92,10,3143.7,16,440,3.8,3214.1,50299.2,10748.48
2023-06-25,P017,Women,H&M,3541.05,2213.79,20,2832.84,27,408,3.5,2939.26,76486.68,16714.35
2023-06-27,P017,Women,H&M,4789.25,3386.89,40,2873.55,20,564,3.5,2588.09,57471.0,-10266.8
2023-06-28,P017,Women,H&M,2546.65,1414.9,15,2164.65,52,496,3.5,2103.24,112561.8,38987.0
2023-07-02,P017,Women,H&M,3025.1,1905.89,40,1815.06,32,545,3.6,1811.14,58081.92,-2906.56
2023-07-20,P017,Women,H&M,593.47,344.92,30,415.43,336,962,4.9,383.78,139584.48,23691.36
2023-07-24,P017,Women,H&M,4338.52,3068.85,0,4338.52,21,796,3.7,4351.35,91108.92,26663.07
2023-07-28,P017,Women,H&M,3096.31,2164.76,0,3096.31,18,568,4.0,3056.9,55733.58,16767.9
2023-07-29,P017,Women,H&M,673.08,471.63,30,471.16,280,179,4.0,492.55,131924.8,-131.6
2023-07-31,P017,Women,H&M,632.12,403.02,10,568.91,152,195,3.8,573.14,86474.32,25215.28
2023-08-04,P017,Women,H&M,2499.02,1445.27,15,2124.17,36,814,3.6,1943.93,76470.12,24440.4
2023-08-08,P017,Women,H&M,3313.35,1991.55,30,2319.34,62,907,4.1,2541.75,143799.08,20322.98
2023-08-09,P017,Women,H&M,2201.31,1648.25,5,2091.24,22,880,4.3,2204.1,46007.28,9745.78
2023-08-09,P017,Women,H&M,1620.44,985.03,10,1458.4,48,947,4.0,1457.49,70003.2,22721.76
2023-08-12,P017,Women,H&M,4747.28,2636.9,20,3797.82,25,814,4.1,3664.22,94945.5,29023.0
2023-08-17,P017,Women,H&M,4636.57,3064.35,20,3709.26,8,125,3.5,3544.35,29674.08,5159.28
2023-08-17,P017,Women,H&M,2074.41,1406.64,15,1763.25,60,656,3.3,1895.43,105795.0,21396.6
2023-08-22,P017,Women,H&M,4205.08,2576.59,20,3364.06,19,650,4.6,3351.37,63917.14,14961.93
2023-08-22,P017,Women,H&M,3766.51,2765.39,10,3389.86,14,246,5.0,3242.7,47458.04,8742.58
2023-08-24,P017,Women,H&M,1233.13,683.38,20,986.5,170,170,3.9,1029.0,167705.0,51530.4
2023-08-27,P017,Women,H&M,1267.4,706.37,5,1204.03,76,805,4.6,1111.76,91506.28,37822.16
2023-09-06,P017,Women,H&M,3191.49,1837.97,15,2712.77,10,270,4.8,2707.01,27127.7,8748.0
2023-09-08,P017,Women,H&M,4613.64,2771.66,30,3229.55,21,267,3.3,3297.66,67820.55,9615.69
2023-09-12,P017,Women,H&M,1705.64,1045.79,30,1193.95,76,222,3.4,1077.4,90740.2,11260.16
2023-09-15,P017,Women,H&M,2868.63,1677.0,10,2581.77,14,639,3.6,2419.46,36144.78,12666.78
2023-09-22,P017,Women,H&M,960.11,706.13,15,816.09,204,866,4.0,810.03,166482.36,22431.84
2023-10-01,P017,Women,H&M,3815.93,2842.56,15,3243.54,32,639,4.5,3048.42,103793.28,12831.36
2023-10-02,P017,Women,H&M,4470.03,3342.94,20,3576.02,9,346,3.7,3661.89,32184.18,2097.72
2023-10-03,P017,Women,H&M,1801.68,1005.48,20,1441.34,101,987,4.7,1479.36,145575.34,44021.86
2023-10-06,P017,Women,H&M,1459.37,1058.83,10,1313.43,128,342,4.4,1353.66,168119.04,32588.8
2023-10-11,P017,Women,H&M,4335.51,3000.94,30,3034.86,29,163,4.3,3095.02,88010.94,983.68
2023-10-29,P017,Women,H&M,1237.37,735.34,0,1237.37,31,750,4.5,1324.12,38358.47,15562.93
2023-10-31,P017,Women,H&M,1333.58,857.84,5,1266.9,101,743,3.3,1179.3,127956.9,41315.06
2023-11-02,P017,Women,H&M,4545.19,3339.4,10,4090.67,7,127,4.7,3928.24,28634.69,5258.89
2023-11-12,P017,Women,H&M,3091.0,2237.23,15,2627.35,6,139,4.0,2804.22,15764.1,2340.72
2023-11-23,P017,Women,H&M,2191.93,1239.73,30,1534.35,78,627,5.0,1641.68,119679.3,22980.36
2023-11-27,P017,Women,H&M,3712.06,2118.21,5,3526.46,28,818,3.5,3599.67,98740.88,39431.0
2023-11-28,P017,Women,H&M,507.39,310.75,0,507.39,292,200,4.8,485.46,148157.88,57418.88
2023-11-29,P017,Women,H&M,1408.07,843.31,20,1126.46,145,354,3.7,1160.44,163336.7,41056.75
2023-12-09,P017,Women,H&M,2149.35,1525.23,0,2149.35,78,118,3.2,2199.12,167649.3,48681.36
2023-12-10,P017,Women,H&M,1873.26,1210.57,5,1779.6,41,360,4.6,1885.81,72963.6,23330.23
2023-12-15,P017,Women,H&M,4513.55,2557.95,0,4513.55,40,693,3.2,4539.41,180542.0,78224.0
2023-12-23,P017,Women,H&M,3420.1,2095.0,10,3078.09,22,164,4.4,2846.65,67717.98,21627.98
2024-01-05,P017,Women,H&M,1618.22,944.43,0,1618.22,39,255,3.4,1501.32,63110.58,26277.81
2024-01-07,P017,Women,H&M,3454.36,2073.66,20,2763.49,5,167,4.2,2522.56,13817.45,3449.15
2024-01-08,P017,Women,H&M,1351.1,889.49,20,1080.88,136,934,4.3,1049.51,146999.68,26029.04
2024-01-08,P017,Women,H&M,3228.17,1828.58,15,2743.94,32,335,4.5,2832.3,87806.08,29291.52
2024-01-12,P017,Women,H&M,4372.01,3134.83,30,3060.41,5,380,4.5,3164.53,15302.05,-372.1
2024-01-20,P017,Women,H&M,3667.63,2584.32,5,3484.25,15,334,3.8,3346.81,52263.75,13498.95
2024-01-25,P017,Women,H&M,2953.19,1702.84,5,2805.53,13,375,3.8,2793.39,36471.89,14334.97
2024-01-28,P017,Women,H&M,972.61,652.27,20,778.09,192,728,4.9,777.2,149393.28,24157.44
2024-02-01,P017,Women,H&M,4743.26,2706.46,5,4506.1,16,358,3.9,4808.32,72097.6,28794.24
2024-02-12,P017,Women,H&M,505.82,287.61,40,303.49,544,295,4.2,318.71,165098.56,8638.72
2024-02-17,P017,Women,H&M,1712.14,1233.3,5,1626.53,54,412,4.3,1724.52,87832.62,21234.42
2024-03-08,P017,Women,H&M,2400.87,1512.99,40,1440.52,39,621,3.7,1374.08,56180.28,-2826.33
2024-03-09,P017,Women,H&M,4520.31,3390.07,15,3842.26,10,197,4.8,3622.07,38422.6,4521.9
2024-03-10,P017,Women,H&M,2908.74,1840.84,20,2326.99,16,433,3.6,2547.41,37231.84,7778.4
2024-03-18,P017,Women,H&M,3218.25,2222.84,30,2252.77,44,978,4.2,2147.73,99121.88,1316.92
2024-03-18,P017,Women,H&M,2341.73,1436.51,10,2107.56,36,891,3.8,2128.47,75872.16,24157.8
2024-03-21,P017,Women,H&M,3061.93,1843.0,0,3061.93,22,118,3.5,2886.76,67362.46,26816.46
2024-03-29,P017,Women,H&M,714.54,507.3,20,571.63,256,307,4.1,570.52,146337.28,16468.48
2024-03-29,P017,Women,H&M,4928.85,3384.95,20,3943.08,21,772,4.5,4246.87,82804.68,11720.73
2024-04-15,P017,Women,H&M,2525.34,1551.51,0,2525.34,16,814,4.3,2669.21,40405.44,15581.28
2024-04-15,P017,Women,H&M,3188.22,1861.26,40,1912.93,50,225,4.6,1881.69,95646.5,2583.5
2024-05-01,P017,Women,H&M,2213.28,1241.46,10,1991.95,22,782,4.0,2092.4,43822.9,16510.78
2024-05-01,P017,Women,H&M,1875.3,1106.07,15,1594.0,75,285,4.1,1528.98,119550.0,36594.75
2024-05-02,P017,Women,H&M,1174.81,789.28,5,1116.07,136,200,3.4,1007.09,151785.52,44443.44
2024-05-08,P017,Women,H&M,1578.96,1101.65,20,1263.17,21,890,4.5,1146.18,26526.57,3391.92
2024-05-08,P017,Women,H&M,4600.44,3365.58,40,2760.26,18,396,4.5,2926.75,49684.68,-10895.76
2024-05-13,P017,Women,H&M,2061.26,1457.41,20,1649.01,93,714,3.7,1560.94,153357.93,17818.8
2024-05-14,P017,Women,H&M,1867.11,1288.86,40,1120.27,24,453,4.5,1200.29,26886.48,-4046.16
2024-06-01,P017,Women,H&M,558.1,346.52,20,446.48,319,835,4.4,433.12,142427.12,31887.24
2024-06-09,P017,Women,H&M,4174.24,2579.12,5,3965.53,19,266,3.4,3908.79,75345.07,26341.79
2024-06-13,P017,Women,H&M,1753.52,1061.38,20,1402.82,96,996,3.3,1308.69,134670.72,32778.24
2024-06-21,P017,Women,H&M,3865.06,2616.47,10,3478.55,10,348,4.4,3349.37,34785.5,8620.8
2024-06-26,P017,Women,H&M,3903.09,2415.01,0,3903.09,28,486,5.0,3850.25,109286.52,41666.24
2024-06-28,P017,Women,H&M,4006.8,2880.55,5,3806.46,25,946,3.8,3664.04,95161.5,23147.75
2024-07-04,P017,Women,H&M,3296.15,2101.18,5,3131.34,29,346,4.9,3261.18,90808.86,29874.64
2024-07-04,P017,Women,H&M,4904.82,3359.57,20,3923.86,27,798,3.7,3730.31,105944.22,15235.83
2024-07-11,P017,Women,H&M,820.15,575.84,0,820.15,48,511,4.0,890.51,39367.2,11726.88
2024-07-13,P017,Women,H&M,2729.34,1748.26,40,1637.6,78,507,3.3,1761.99,127732.8,-8631.48
2024-07-13,P017,Women,H&M,1146.28,859.62,5,1088.97,76,744,4.9,983.91,82761.72,17430.6
2024-07-20,P017,Women,H&M,2182.24,1417.58,30,1527.57,24,120,4.2,1582.03,36661.68,2639.76
2024-07-26,P017,Women,H&M,1911.17,1415.04,30,1337.82,60,489,4.6,1285.5,80269.2,-4633.2
2024-07-28,P017,Women,H&M,2761.24,1646.92,0,2761.24,19,602,4.2,2521.91,52463.56,21172.08
2024-08-02,P017,Women,H&M,2697.04,1901.88,40,1618.22,69,477,4.8,1655.98,111657.18,-19572.54
2024-08-06,P017,Women,H&M,4950.37,3230.14,20,3960.3,31,475,3.2,3778.5,122769.3,22634.96
2024-08-07,P017,Women,H&M,4115.9,2635.83,5,3910.1,25,218,3.7,3839.95,97752.5,31856.75
2024-08-12,P017,Women,H&M,2501.64,1604.48,10,2251.48,18,965,4.4,2367.18,40526.64,11646.0
2024-08-14,P017,Women,H&M,4774.65,3062.16,40,2864.79,22,636,4.7,2686.65,63025.38,-4342.14
2024-08-15,P017,Women,H&M,4735.08,2807.11,5,4498.33,22,901,3.4,4151.69,98963.26,37206.84
2024-08-29,P017,Women,H&M,3566.78,2612.15,15,3031.76,7,587,3.9,2873.97,21222.32,2937.27
2024-08-30,P017,Women,H&M,2670.42,1746.42,0,2670.42,25,462,3.8,2488.39,66760.5,23100.0
2024-09-05,P017,Women,H&M,3825.79,2422.8,40,2295.47,48,107,3.8,2490.14,110182.56,-6111.84
2024-09-07,P017,Women,H&M,1911.67,1196.03,0,1911.67,10,308,4.9,1816.97,19116.7,7156.4
2024-09-18,P017,Women,H&M,740.76,546.01,0,740.76,102,928,4.7,672.7,75557.52,19864.5
2024-09-22,P017,Women,H&M,4788.04,3322.18,15,4069.83,10,463,3.4,4096.06,40698.3,7476.5
2024-09-22,P017,Women,H&M,3956.27,2234.82,40,2373.76,50,717,4.2,2312.83,118688.0,6947.0
2024-10-03,P017,Women,H&M,3493.53,2220.37,5,3318.85,29,776,3.9,3262.17,96246.65,31855.92
2024-10-06,P017,Women,H&M,2147.61,1554.56,40,1288.57,19,819,4.4,1391.56,24482.83,-5053.81
2024-10-22,P017,Women,H&M,4094.11,3048.6,15,3479.99,13,545,3.3,3305.42,45239.87,5608.07
2024-10-22,P017,Women,H&M,2503.65,1515.09,0,2503.65,33,617,3.9,2698.1,82620.45,32622.48
2024-10-22,P017,Women,H&M,4226.64,2548.79,10,3803.98,36,455,4.4,3906.78,136943.28,45186.84
2024-10-24,P017,Women,H&M,4620.98,2645.84,20,3696.78,41,167,3.4,3632.35,151567.98,43088.54
2024-10-28,P017,Women,H&M,3656.9,2226.16,15,3108.36,22,302,3.8,3329.32,68383.92,19408.4
2024-10-29,P017,Women,H&M,4730.55,2900.19,5,4494.02,40,849,4.7,4860.74,179760.8,63753.2
2024-11-04,P017,Women,H&M,2074.9,1212.47,0,2074.9,72,928,3.6,2065.15,149392.8,62094.96
2024-11-05,P017,Women,H&M,758.66,484.69,5,720.73,140,116,4.6,684.84,100902.2,33045.6
2024-11-12,P017,Women,H&M,1325.19,731.88,15,1126.41,156,960,4.8,1189.24,175719.96,61546.68
2024-11-17,P017,Women,H&M,4123.18,2859.25,40,2473.91,28,640,4.5,2307.46,69269.48,-10789.52
2024-11-19,P017,Women,H&M,1556.18,887.13,30,1089.33,176,116,3.9,1054.29,191722.08,35587.2
2024-11-19,P017,Women,H&M,4592.96,3159.76,20,3674.37,13,882,3.8,3718.07,47766.81,6689.93
2024-11-20,P017,Women,H&M,3456.3,2434.63,15,2937.86,33,173,4.7,2796.16,96949.38,16606.59
2024-12-01,P017,Women,H&M,4379.35,2548.18,0,4379.35,32,773,3.4,4451.93,140139.2,58597.44
2024-12-03,P017,Women,H&M,3656.77,2025.87,20,2925.42,28,638,4.2,2957.64,81911.76,25187.4
2024-12-03,P017,Women,H&M,3443.94,2373.28,30,2410.76,26,190,3.3,2437.93,62679.76,974.48
2024-12-04,P017,Women,H&M,3837.25,2676.1,40,2302.35,26,805,3.7,2500.52,59861.1,-9717.5
2024-12-07,P017,Women,H&M,2616.59,1491.42,20,2093.27,20,806,4.2,2014.82,41865.4,12037.0
2024-12-16,P017,Women,H&M,1463.39,923.6,20,1170.71,135,905,4.4,1143.34,158045.85,33359.85
2024-12-21,P017,Women,H&M,2680.5,1749.0,0,2680.5,15,336,3.9,2529.33,40207.5,13972.5
2024-12-23,P017,Women,H&M,3174.52,2164.52,40,1904.71,67,862,3.5,2063.69,127615.57,-17407.27
2024-12-23,P017,Women,H&M,2627.31,1480.08,20,2101.85,15,251,4.4,2018.99,31527.75,9326.55
2024-12-25,P017,Women,H&M,3779.02,2346.98,0,3779.02,10,325,3.5,3917.75,37790.2,14320.4
2024-12-31,P017,Women,H&M,931.83,662.83,5,885.24,136,756,4.5,912.34,120392.64,30247.76
