Myntra_Clean_Data.csv
date,product_id,category,brand,listed_price,cost_price,discount_pct,final_price,units_sold,inventory_level,rating,competitor_price,revenue,profit
2023-01-03,P020,Footwear,H&M,2040.75,1131.72,30,1428.52,72,315,3.3,1410.28,102853.44,21369.6
2023-01-04,P020,Footwear,H&M,1576.61,903.52,30,1103.63,56,964,3.6,1137.68,61803.28,11206.16
2023-01-06,P020,Footwear,H&M,2404.23,1779.79,0,2404.23,60,860,4.5,2629.53,144253.8,37466.4
2023-01-12,P020,Footwear,H&M,1745.77,1035.14,30,1222.04,100,477,4.6,1159.1,122204.0,18690.0
2023-01-13,P020,Footwear,H&M,2530.17,1748.98,5,2403.66,50,201,4.3,2492.37,120183.0,32734.0
2023-01-14,P020,Footwear,H&M,4723.88,3459.06,5,4487.69,31,871,4.7,4411.78,139118.39,31887.53
2023-01-17,P020,Footwear,H&M,3762.08,2069.87,5,3573.98,9,337,3.8,3375.89,32165.82,13536.99
2023-01-20,P020,Footwear,H&M,4397.28,2605.88,15,3737.69,5,957,4.1,3592.97,18688.45,5659.05
2023-01-27,P020,Footwear,H&M,1421.05,981.38,15,1207.89,52,495,4.8,1197.02,62810.28,11778.52
2023-01-30,P020,Footwear,H&M,3241.1,2020.59,20,2592.88,10,227,4.0,2631.96,25928.8,5722.9
2023-01-31,P020,Footwear,H&M,3793.77,2632.57,30,2655.64,29,474,3.8,2504.81,77013.56,669.03
2023-02-05,P020,Footwear,H&M,1894.47,1375.92,40,1136.68,40,259,3.9,1125.36,45467.2,-9569.6
2023-02-16,P020,Footwear,H&M,2297.54,1676.44,0,2297.54,58,426,5.0,2270.65,133257.32,36023.8
2023-02-21,P020,Footwear,H&M,1902.03,1400.78,40,1141.22,128,877,4.0,1141.37,146076.16,-33223.68
2023-02-21,P020,Footwear,H&M,1127.51,801.31,15,958.38,160,896,3.4,1028.12,153340.8,25131.2
2023-02-21,P020,Footwear,H&M,4686.05,2772.48,40,2811.63,5,712,3.9,2950.55,14058.15,195.75
2023-02-28,P020,Footwear,H&M,2369.39,1337.28,10,2132.45,52,536,3.5,2277.7,110887.4,41348.84
2023-03-05,P020,Footwear,H&M,2463.82,1651.53,0,2463.82,14,604,4.1,2270.77,34493.48,11372.06
2023-03-10,P020,Footwear,H&M,2965.57,1672.88,30,2075.9,38,356,3.7,2070.7,78884.2,15314.76
2023-03-12,P020,Footwear,H&M,2866.98,1825.97,0,2866.98,23,828,4.9,2822.27,65940.54,23943.23
2023-03-20,P020,Footwear,H&M,3241.14,2253.58,30,2268.8,24,375,3.3,2373.37,54451.2,365.28
2023-03-24,P020,Footwear,H&M,3140.83,2207.31,0,3140.83,7,933,3.2,3049.98,21985.81,6534.64
2023-03-27,P020,Footwear,H&M,943.69,545.49,30,660.58,56,237,4.7,680.02,36992.48,6445.04
2023-04-09,P020,Footwear,H&M,1779.61,1128.26,5,1690.63,52,646,3.9,1652.02,87912.76,29243.24
2023-04-14,P020,Footwear,H&M,3234.51,2403.22,20,2587.61,24,491,3.7,2752.86,62102.64,4425.36
2023-04-15,P020,Footwear,H&M,4087.94,2688.16,10,3679.15,23,511,3.2,3607.69,84620.45,22792.77
2023-04-21,P020,Footwear,H&M,3381.78,2505.14,30,2367.25,34,572,4.9,2558.01,80486.5,-4688.26
2023-04-24,P020,Footwear,H&M,1746.74,989.33,5,1659.4,21,744,3.4,1681.61,34847.4,14071.47
2023-04-30,P020,Footwear,H&M,1697.66,1135.65,10,1527.89,45,237,3.8,1545.44,68755.05,17650.8
2023-05-15,P020,Footwear,H&M,1776.47,1217.92,10,1598.82,51,223,4.8,1479.03,81539.82,19425.9
2023-05-18,P020,Footwear,H&M,2333.96,1596.41,0,2333.96,46,278,3.8,2262.68,107362.16,33927.3
2023-05-26,P020,Footwear,H&M,4928.99,3004.47,5,4682.54,12,163,3.3,5094.77,56190.48,20136.84
2023-06-05,P020,Footwear,H&M,3613.84,2579.54,30,2529.69,10,253,4.1,2631.22,25296.9,-498.5
2023-06-07,P020,Footwear,H&M,1860.01,1367.81,0,1860.01,32,380,3.6,1899.67,59520.32,15750.4
2023-06-11,P020,Footwear,H&M,3728.98,2158.2,5,3542.53,16,172,3.5,3853.18,56680.48,22149.28
2023-07-26,P020,Footwear,H&M,4430.41,3129.24,0,4430.41,31,174,4.3,4105.53,137342.71,40336.27
2023-07-30,P020,Footwear,H&M,2600.07,1507.18,15,2210.06,52,333,4.6,2349.65,114923.12,36549.76
2023-08-10,P020,Footwear,H&M,1585.27,892.26,20,1268.22,96,897,3.3,1178.46,121749.12,36092.16
2023-08-15,P020,Footwear,H&M,2731.61,1930.68,40,1638.97,15,478,3.3,1746.73,24584.55,-4375.65
2023-08-16,P020,Footwear,H&M,3122.85,2247.5,10,2810.56,26,580,3.4,2800.69,73074.56,14639.56
2023-08-25,P020,Footwear,H&M,4810.96,2994.49,0,4810.96,8,421,4.6,4625.74,38487.68,14531.76
2023-09-01,P020,Footwear,H&M,4263.47,2348.01,15,3623.95,31,862,3.9,3833.94,112342.45,39554.14
2023-09-03,P020,Footwear,H&M,1439.36,834.38,10,1295.42,66,147,4.3,1353.34,85497.72,30428.64
2023-09-04,P020,Footwear,H&M,1019.66,566.37,0,1019.66,108,377,3.6,1042.9,110123.28,48955.32
2023-09-15,P020,Footwear,H&M,2562.47,1511.77,10,2306.22,58,195,3.6,2359.1,133760.76,46078.1
2023-09-20,P020,Footwear,H&M,2349.13,1344.33,10,2114.22,32,202,3.5,1944.5,67655.04,24636.48
2023-09-21,P020,Footwear,H&M,4272.8,2909.59,30,2990.96,25,815,4.3,3026.77,74774.0,2034.25
2023-09-27,P020,Footwear,H&M,1101.27,811.93,15,936.08,125,640,3.4,996.42,117010.0,15518.75
2023-10-02,P020,Footwear,H&M,3254.41,2075.23,40,1952.65,20,410,3.6,1883.86,39053.0,-2451.6
2023-10-04,P020,Footwear,H&M,4162.54,2791.88,20,3330.03,29,502,3.7,3495.23,96570.87,15606.35
2023-10-07,P020,Footwear,H&M,555.95,339.04,10,500.36,140,195,4.1,489.59,70050.4,22584.8
2023-10-09,P020,Footwear,H&M,2697.98,1963.67,10,2428.18,67,797,4.1,2581.85,162688.06,31122.17
2023-10-23,P020,Footwear,H&M,918.72,682.39,10,826.85,124,294,4.4,842.43,102529.4,17913.04
2023-10-27,P020,Footwear,H&M,3255.78,1892.61,30,2279.05,41,109,4.1,2327.63,93441.05,15844.04
2023-11-06,P020,Footwear,H&M,3681.43,2580.39,0,3681.43,35,301,4.3,3954.42,128850.05,38536.4
2023-11-07,P020,Footwear,H&M,3096.4,1730.11,20,2477.12,88,148,3.6,2460.58,217986.56,65736.88
2023-11-14,P020,Footwear,H&M,4184.17,2939.3,0,4184.17,37,645,3.7,4383.01,154814.29,46060.19
2023-11-27,P020,Footwear,H&M,1139.05,779.59,0,1139.05,78,588,4.6,1191.52,88845.9,28037.88
2023-12-05,P020,Footwear,H&M,1319.36,726.1,20,1055.49,72,713,4.9,970.11,75995.28,23716.08
2023-12-08,P020,Footwear,H&M,4396.58,3070.94,5,4176.75,44,105,4.2,3894.59,183777.0,48655.64
2023-12-13,P020,Footwear,H&M,909.5,554.88,5,864.02,39,355,4.2,826.79,33696.78,12056.46
2023-12-19,P020,Footwear,H&M,1994.68,1225.7,15,1695.48,44,565,3.6,1606.37,74601.12,20670.32
2024-01-19,P020,Footwear,H&M,3271.82,2428.23,5,3108.23,19,903,3.4,2967.84,59056.37,12920.0
2024-01-20,P020,Footwear,H&M,1813.14,1047.26,15,1541.17,27,984,3.9,1589.08,41611.59,13335.57
2024-01-23,P020,Footwear,H&M,4210.85,2395.32,15,3579.22,10,247,3.7,3582.14,35792.2,11839.0
2024-02-06,P020,Footwear,H&M,1931.82,1428.16,5,1835.23,62,952,4.7,1677.03,113784.26,25238.34
2024-02-06,P020,Footwear,H&M,532.68,369.29,30,372.88,286,168,3.9,378.52,106643.68,1026.74
2024-02-09,P020,Footwear,H&M,2981.71,2038.9,15,2534.45,16,976,5.0,2644.86,40551.2,7928.8
2024-02-21,P020,Footwear,H&M,1478.05,1054.72,30,1034.64,24,184,4.7,1089.5,24831.36,-481.92
2024-02-21,P020,Footwear,H&M,4301.56,3135.29,20,3441.25,29,776,4.9,3525.25,99796.25,8872.84
2024-02-22,P020,Footwear,H&M,4221.73,2658.18,20,3377.38,7,845,4.2,3619.3,23641.66,5034.4
2024-02-23,P020,Footwear,H&M,2782.22,1614.62,20,2225.78,58,184,4.9,2337.21,129095.24,35447.28
2024-02-28,P020,Footwear,H&M,1113.66,684.19,20,890.93,110,467,4.5,867.02,98002.3,22741.4
2024-03-05,P020,Footwear,H&M,2238.02,1285.57,0,2238.02,68,286,4.3,2114.1,152185.36,64766.6
2024-03-06,P020,Footwear,H&M,2586.2,1737.47,0,2586.2,13,799,4.5,2359.31,33620.6,11033.49
2024-03-08,P020,Footwear,H&M,1939.65,1215.5,40,1163.79,96,379,4.2,1153.25,111723.84,-4964.16
2024-03-18,P020,Footwear,H&M,3203.59,2338.24,5,3043.41,10,665,3.6,3261.89,30434.1,7051.7
2024-03-20,P020,Footwear,H&M,2319.06,1709.43,20,1855.25,60,494,4.9,1689.6,111315.0,8749.2
2024-03-24,P020,Footwear,H&M,3061.85,2136.16,40,1837.11,46,358,4.3,1997.3,84507.06,-13756.3
2024-03-25,P020,Footwear,H&M,1328.31,813.46,20,1062.65,104,599,3.7,1055.75,110515.6,25915.76
2024-04-03,P020,Footwear,H&M,1069.82,659.86,5,1016.33,72,975,4.8,1092.2,73175.76,25665.84
2024-04-04,P020,Footwear,H&M,2985.34,2163.29,15,2537.54,17,853,4.8,2408.15,43138.18,6362.25
2024-04-04,P020,Footwear,H&M,3903.77,2714.25,40,2342.26,46,869,4.8,2360.54,107743.96,-17111.54
2024-04-30,P020,Footwear,H&M,2617.53,1809.57,10,2355.78,62,648,4.4,2126.57,146058.36,33865.02
2024-05-08,P020,Footwear,H&M,4085.06,2285.49,15,3472.3,11,798,3.5,3191.04,38195.3,13054.91
2024-05-15,P020,Footwear,H&M,2073.41,1365.36,20,1658.73,51,210,3.2,1534.12,84595.23,14961.87
2024-05-17,P020,Footwear,H&M,2731.19,1506.4,5,2594.63,10,144,4.5,2444.64,25946.3,10882.3
2024-05-26,P020,Footwear,H&M,2378.54,1482.98,20,1902.83,66,162,3.5,1790.08,125586.78,27710.1
2024-06-02,P020,Footwear,H&M,659.08,478.35,40,395.45,408,459,3.4,368.77,161343.6,-33823.2
2024-06-07,P020,Footwear,H&M,1169.48,786.0,0,1169.48,20,741,3.7,1208.6,23389.6,7669.6
2024-06-13,P020,Footwear,H&M,2553.57,1783.53,10,2298.21,22,421,4.5,2140.76,50560.62,11322.96
2024-06-16,P020,Footwear,H&M,2568.77,1705.2,10,2311.89,30,173,4.6,2507.85,69356.7,18200.7
2024-06-19,P020,Footwear,H&M,4006.99,2221.84,15,3405.94,22,891,3.7,3097.4,74930.68,26050.2
2024-06-22,P020,Footwear,H&M,1623.44,1092.97,5,1542.27,27,693,4.0,1410.97,41641.29,12131.1
2024-06-22,P020,Footwear,H&M,4739.86,3192.51,10,4265.87,8,814,3.3,4601.19,34126.96,8586.88
2024-07-04,P020,Footwear,H&M,2536.31,1881.68,5,2409.49,52,775,4.4,2357.4,125293.48,27446.12
2024-07-06,P020,Footwear,H&M,2255.33,1677.16,0,2255.33,28,879,3.8,2259.67,63149.24,16188.76
2024-07-12,P020,Footwear,H&M,4724.99,3233.54,20,3779.99,30,959,4.0,4142.06,113399.7,16393.5
2024-07-16,P020,Footwear,H&M,3937.01,2663.69,30,2755.91,27,130,4.1,2518.65,74409.57,2489.94
2024-07-22,P020,Footwear,H&M,1797.79,1135.42,40,1078.67,80,216,4.4,1090.47,86293.6,-4540.0
2024-07-26,P020,Footwear,H&M,1490.97,1095.95,10,1341.87,30,462,4.8,1331.12,40256.1,7377.6
2024-08-04,P020,Footwear,H&M,4210.21,2471.4,0,4210.21,31,296,4.7,4547.63,130516.51,53903.11
2024-08-10,P020,Footwear,H&M,2710.42,1903.35,15,2303.86,16,810,3.9,2527.57,36861.76,6408.16
2024-08-13,P020,Footwear,H&M,2315.1,1285.47,15,1967.83,38,486,4.5,1838.39,74777.54,25929.68
2024-08-13,P020,Footwear,H&M,3038.99,2023.69,20,2431.19,40,621,3.9,2554.61,97247.6,16300.0
2024-08-19,P020,Footwear,H&M,1516.32,1003.16,0,1516.32,75,617,4.2,1462.64,113724.0,38487.0
2024-08-30,P020,Footwear,H&M,1487.47,1082.08,20,1189.98,44,497,3.9,1159.11,52359.12,4747.6
2024-08-30,P020,Footwear,H&M,3861.16,2228.08,15,3281.99,7,470,3.6,3063.5,22973.93,7377.37
2024-09-04,P020,Footwear,H&M,3321.95,2141.74,5,3155.85,11,514,4.2,3000.35,34714.35,11155.21
2024-09-06,P020,Footwear,H&M,3315.27,2375.45,15,2817.98,27,193,3.7,2592.08,76085.46,11948.31
2024-09-23,P020,Footwear,H&M,858.55,514.29,15,729.77,48,153,4.1,666.07,35028.96,10343.04
2024-10-10,P020,Footwear,H&M,4215.95,2335.7,5,4005.15,37,409,3.9,3908.66,148190.55,61769.65
2024-10-18,P020,Footwear,H&M,1810.48,1305.19,40,1086.29,83,797,3.5,1149.98,90162.07,-18168.7
2024-10-27,P020,Footwear,H&M,749.81,498.47,40,449.89,271,521,4.8,448.39,121920.19,-13165.18
2024-10-31,P020,Footwear,H&M,3442.29,2397.2,10,3098.06,20,962,4.3,3099.77,61961.2,14017.2
2024-11-03,P020,Footwear,H&M,2928.63,1756.97,10,2635.77,11,574,3.4,2526.37,28993.47,9666.8
2024-11-09,P020,Footwear,H&M,522.57,382.25,0,522.57,327,563,4.8,523.38,170880.39,45884.64
2024-11-11,P020,Footwear,H&M,565.1,335.55,15,480.34,143,208,4.1,498.11,68688.62,20704.97
2024-11-22,P020,Footwear,H&M,3596.92,2263.94,10,3237.23,41,162,4.6,3559.38,132726.43,39904.89
2024-11-28,P020,Footwear,H&M,2936.85,1699.16,20,2349.48,49,581,4.2,2142.57,115124.52,31865.68
2024-11-30,P020,Footwear,H&M,1528.64,1031.77,20,1222.91,135,582,4.1,1289.49,165092.85,25803.9
2024-12-03,P020,Footwear,H&M,2438.41,1768.58,0,2438.41,15,392,3.3,2387.76,36576.15,10047.45
2024-12-11,P020,Footwear,H&M,2242.36,1530.77,0,2242.36,85,380,4.2,2405.48,190600.6,60485.15
2024-12-27,P020,Footwear,H&M,2261.41,1675.54,30,1582.99,113,386,3.5,1547.27,178877.87,-10458.15
