Myntra_Clean_Data.csv
date,product_id,category,brand,listed_price,cost_price,discount_pct,final_price,units_sold,inventory_level,rating,competitor_price,revenue,profit
2023-01-03,P027,Men,HRX,2076.34,1296.69,10,1868.71,54,673,3.9,1819.93,100910.34,30889.08
2023-01-09,P027,Men,HRX,1823.04,1004.21,40,1093.82,48,346,3.6,1116.39,52503.36,4301.28
2023-01-25,P027,Men,HRX,4470.76,3149.51,30,3129.53,14,109,3.2,2925.6,43813.42,-279.72
2023-01-30,P027,Men,HRX,1583.46,947.08,0,1583.46,30,142,3.4,1704.0,47503.8,19091.4
2023-02-04,P027,Men,HRX,938.04,676.0,5,891.14,140,433,3.4,865.12,124759.6,30119.6
2023-02-19,P027,Men,HRX,2827.64,1968.6,15,2403.49,34,777,3.6,2442.94,81718.66,14786.26
2023-02-25,P027,Men,HRX,4947.75,3398.86,20,3958.2,22,115,4.1,3924.72,87080.4,12305.48
2023-02-25,P027,Men,HRX,3854.98,2850.11,10,3469.48,24,345,4.6,3709.04,83267.52,14864.88
2023-03-02,P027,Men,HRX,2753.47,1528.81,5,2615.8,8,200,3.7,2379.78,20926.4,8695.92
2023-03-08,P027,Men,HRX,822.12,551.62,20,657.7,119,840,4.0,648.47,78266.3,12623.52
2023-03-10,P027,Men,HRX,4642.11,2873.48,0,4642.11,9,587,4.1,4978.27,41778.99,15917.67
2023-03-14,P027,Men,HRX,4543.36,2740.07,5,4316.19,15,778,4.6,4541.61,64742.85,23641.8
2023-03-17,P027,Men,HRX,2558.87,1847.28,15,2175.04,16,376,4.4,2085.78,34800.64,5244.16
2023-03-19,P027,Men,HRX,2242.91,1315.09,40,1345.75,42,128,3.5,1320.92,56521.5,1287.72
2023-03-24,P027,Men,HRX,3803.44,2454.49,15,3232.92,22,305,3.9,3291.8,71124.24,17125.46
2023-04-03,P027,Men,HRX,1745.49,1146.75,0,1745.49,34,920,3.7,1724.0,59346.66,20357.16
2023-04-05,P027,Men,HRX,1055.78,674.8,10,950.2,60,431,5.0,937.54,57012.0,16524.0
2023-04-07,P027,Men,HRX,2239.23,1275.02,40,1343.54,33,115,3.6,1263.84,44336.82,2261.16
2023-04-09,P027,Men,HRX,4603.03,2848.1,0,4603.03,30,668,4.1,4433.1,138090.9,52647.9
2023-04-10,P027,Men,HRX,3799.35,2830.8,20,3039.48,15,781,3.2,3051.43,45592.2,3130.2
2023-04-12,P027,Men,HRX,3171.47,1811.95,20,2537.18,34,855,3.7,2438.46,86264.12,24657.82
2023-04-14,P027,Men,HRX,1042.42,644.04,30,729.69,162,216,4.1,799.9,118209.78,13875.3
2023-04-26,P027,Men,HRX,1951.26,1225.97,15,1658.57,99,207,3.4,1647.32,164198.43,42827.4
2023-04-30,P027,Men,HRX,3757.8,2541.4,30,2630.46,21,282,4.1,2649.53,55239.66,1870.26
2023-05-02,P027,Men,HRX,3923.65,2195.35,10,3531.29,5,119,4.2,3605.17,17656.45,6679.7
2023-05-02,P027,Men,HRX,986.33,627.3,20,789.06,120,337,4.4,857.19,94687.2,19411.2
2023-05-16,P027,Men,HRX,1636.77,922.37,10,1473.09,45,993,4.4,1391.89,66289.05,24782.4
2023-05-21,P027,Men,HRX,2860.03,1938.74,0,2860.03,27,352,3.4,2831.32,77220.81,24874.83
2023-05-27,P027,Men,HRX,1037.72,666.48,5,985.83,80,131,4.9,973.85,78866.4,25548.0
2023-05-27,P027,Men,HRX,3063.8,2217.67,15,2604.23,15,960,3.5,2696.26,39063.45,5798.4
2023-05-29,P027,Men,HRX,601.1,390.36,0,601.1,96,306,3.4,554.84,57705.6,20231.04
2023-05-30,P027,Men,HRX,636.66,350.42,20,509.33,126,558,3.7,490.75,64175.58,20022.66
2023-06-07,P027,Men,HRX,2978.48,1706.5,5,2829.56,19,682,4.5,2888.98,53761.64,21338.14
2023-06-13,P027,Men,HRX,1337.5,832.96,40,802.5,132,170,4.6,737.03,105930.0,-4020.72
2023-06-14,P027,Men,HRX,4529.03,3058.11,0,4529.03,5,186,3.5,4143.18,22645.15,7354.6
2023-06-17,P027,Men,HRX,2677.85,1982.59,30,1874.5,64,476,4.5,1789.89,119968.0,-6917.76
2023-06-18,P027,Men,HRX,3826.1,2674.56,15,3252.18,11,449,3.2,3505.34,35773.98,6353.82
2023-06-22,P027,Men,HRX,2483.96,1821.31,10,2235.56,40,656,4.1,2381.02,89422.4,16570.0
2023-06-23,P027,Men,HRX,3653.36,2062.51,5,3470.69,31,733,3.5,3479.94,107591.39,43653.58
2023-07-07,P027,Men,HRX,3056.44,1723.56,5,2903.62,9,968,4.2,2757.04,26132.58,10620.54
2023-07-19,P027,Men,HRX,3524.17,2641.06,20,2819.34,26,334,4.1,3011.12,73302.84,4635.28
2023-07-21,P027,Men,HRX,3510.19,2218.65,10,3159.17,17,388,3.7,3001.14,53705.89,15988.84
2023-07-22,P027,Men,HRX,1786.67,1241.67,0,1786.67,38,716,3.4,1611.67,67893.46,20710.0
2023-07-26,P027,Men,HRX,2343.48,1586.1,15,1991.96,28,469,4.4,2048.38,55774.88,11364.08
2023-08-02,P027,Men,HRX,659.94,482.35,5,626.94,49,959,5.0,655.65,30720.06,7084.91
2023-08-03,P027,Men,HRX,4993.06,3092.65,15,4244.1,28,449,4.7,4011.07,118834.8,32240.6
2023-08-14,P027,Men,HRX,3470.01,2154.66,40,2082.01,56,102,4.3,2264.18,116592.56,-4068.4
2023-08-23,P027,Men,HRX,4181.17,2748.31,10,3763.05,5,426,4.1,3470.86,18815.25,5073.7
2023-09-06,P027,Men,HRX,3629.38,2082.1,40,2177.63,68,912,4.7,2367.48,148078.84,6496.04
2023-09-07,P027,Men,HRX,4432.65,3141.49,0,4432.65,33,786,3.3,4012.79,146277.45,42608.28
2023-09-10,P027,Men,HRX,4012.46,2325.42,15,3410.59,23,632,5.0,3601.82,78443.57,24958.91
2023-09-11,P027,Men,HRX,516.08,318.42,20,412.86,72,505,3.6,408.99,29725.92,6799.68
2023-09-12,P027,Men,HRX,4573.27,2928.61,15,3887.28,31,513,3.4,4102.9,120505.68,29718.77
2023-09-25,P027,Men,HRX,3233.87,2371.16,0,3233.87,20,571,3.7,3005.11,64677.4,17254.2
2023-09-26,P027,Men,HRX,627.84,463.24,0,627.84,175,232,5.0,637.89,109872.0,28805.0
2023-10-15,P027,Men,HRX,1750.11,1088.48,20,1400.09,46,368,4.7,1472.25,64404.14,14334.06
2023-10-16,P027,Men,HRX,1176.08,760.65,10,1058.47,88,537,3.3,970.66,93145.36,26208.16
2023-10-17,P027,Men,HRX,3376.57,2289.14,40,2025.94,70,481,3.9,1825.2,141815.8,-18424.0
2023-10-20,P027,Men,HRX,4675.59,2794.25,30,3272.91,22,674,3.7,3133.97,72004.02,10530.52
2023-10-26,P027,Men,HRX,4551.29,2740.16,10,4096.16,36,576,4.0,4375.15,147461.76,48816.0
2023-11-11,P027,Men,HRX,2610.78,1667.28,5,2480.24,20,857,4.6,2586.94,49604.8,16259.2
2023-11-16,P027,Men,HRX,4646.73,3282.94,15,3949.72,15,562,3.7,3862.18,59245.8,10001.7
2023-11-17,P027,Men,HRX,4445.71,2783.96,20,3556.57,44,734,3.4,3646.55,156489.08,33994.84
2023-11-20,P027,Men,HRX,3718.99,2483.62,0,3718.99,32,684,3.4,3638.38,119007.68,39531.84
2023-11-30,P027,Men,HRX,2226.66,1280.48,0,2226.66,57,687,4.7,2333.19,126919.62,53932.26
2024-01-08,P027,Men,HRX,3219.91,2330.0,30,2253.94,28,203,4.6,2201.58,63110.32,-2129.68
2024-01-15,P027,Men,HRX,1448.31,1052.14,20,1158.65,20,868,4.1,1193.11,23173.0,2130.2
2024-01-17,P027,Men,HRX,2931.24,1800.57,20,2344.99,68,990,4.2,2239.81,159459.32,37020.56
2024-01-17,P027,Men,HRX,3827.91,2755.06,30,2679.54,15,683,4.4,2749.65,40193.1,-1132.8
2024-01-22,P027,Men,HRX,1883.37,1220.15,0,1883.37,28,324,4.1,1960.7,52734.36,18570.16
2024-01-27,P027,Men,HRX,2129.11,1448.23,30,1490.38,75,210,3.7,1421.63,111778.5,3161.25
2024-02-06,P027,Men,HRX,997.49,747.78,5,947.62,80,345,3.9,960.17,75809.6,15987.2
2024-02-16,P027,Men,HRX,1567.83,1024.85,40,940.7,25,339,4.4,932.07,23517.5,-2103.75
2024-02-19,P027,Men,HRX,3427.53,2003.34,10,3084.78,28,117,3.3,2824.06,86373.84,30280.32
2024-02-23,P027,Men,HRX,3125.49,1980.3,30,2187.84,26,664,3.4,2144.68,56883.84,5396.04
2024-02-24,P027,Men,HRX,4166.06,2595.42,40,2499.64,38,248,3.8,2323.26,94986.32,-3639.64
2024-02-29,P027,Men,HRX,2742.55,1852.55,0,2742.55,21,117,3.4,2719.67,57593.55,18690.0
2024-03-07,P027,Men,HRX,4406.78,2975.72,20,3525.42,23,665,4.2,3283.47,81084.66,12643.1
2024-03-09,P027,Men,HRX,3614.98,2637.97,0,3614.98,10,830,4.8,3254.95,36149.8,9770.1
2024-03-11,P027,Men,HRX,1689.54,975.58,5,1605.06,60,554,3.5,1711.31,96303.6,37768.8
2024-03-14,P027,Men,HRX,2091.74,1240.48,5,1987.15,64,432,4.3,2134.26,127177.6,47786.88
2024-03-22,P027,Men,HRX,997.72,585.24,40,598.63,152,841,3.4,557.79,90991.76,2035.28
2024-03-24,P027,Men,HRX,1517.26,983.71,5,1441.4,84,873,4.1,1575.62,121077.6,38445.96
2024-04-03,P027,Men,HRX,2388.83,1711.39,30,1672.18,10,458,3.6,1733.86,16721.8,-392.1
2024-04-13,P027,Men,HRX,1989.84,1326.84,30,1392.89,24,338,4.1,1380.33,33429.36,1585.2
2024-04-13,P027,Men,HRX,3911.62,2305.35,30,2738.13,19,360,4.2,2724.3,52024.47,8222.82
2024-04-13,P027,Men,HRX,4632.7,3091.44,15,3937.79,13,899,3.8,3765.26,51191.27,11002.55
2024-04-15,P027,Men,HRX,2724.91,1794.38,40,1634.95,69,998,4.5,1643.68,112811.55,-11000.67
2024-04-17,P027,Men,HRX,3237.55,2011.98,5,3075.67,30,122,3.7,3301.86,92270.1,31910.7
2024-04-19,P027,Men,HRX,4046.47,2610.13,5,3844.15,10,596,4.0,3788.62,38441.5,12340.2
2024-04-21,P027,Men,HRX,3604.02,2127.04,5,3423.82,34,769,4.0,3599.23,116409.88,44090.52
2024-05-02,P027,Men,HRX,3642.37,2075.78,5,3460.25,5,708,4.8,3467.97,17301.25,6922.35
2024-05-05,P027,Men,HRX,4023.77,2318.73,15,3420.2,33,436,4.3,3276.34,112866.6,36348.51
2024-05-06,P027,Men,HRX,2827.82,1718.92,15,2403.65,24,289,5.0,2223.19,57687.6,16433.52
2024-05-13,P027,Men,HRX,2026.49,1176.07,40,1215.89,108,315,4.4,1178.13,131316.12,4300.56
2024-05-19,P027,Men,HRX,1171.97,668.92,10,1054.77,116,274,4.5,1107.07,122353.32,44758.6
2024-05-21,P027,Men,HRX,1824.36,1265.04,30,1277.05,39,986,3.3,1319.04,49804.95,468.39
2024-05-28,P027,Men,HRX,2730.86,1647.38,10,2457.77,50,392,4.3,2421.51,122888.5,40519.5
2024-05-30,P027,Men,HRX,4340.74,3131.42,20,3472.59,5,108,3.5,3199.5,17362.95,1705.85
2024-06-13,P027,Men,HRX,4357.59,2777.69,30,3050.31,33,768,4.3,2916.95,100660.23,8996.46
2024-06-15,P027,Men,HRX,4233.9,2941.02,0,4233.9,5,931,3.6,4525.68,21169.5,6464.4
2024-06-22,P027,Men,HRX,2555.0,1648.03,15,2171.75,68,519,4.6,2253.89,147679.0,35612.96
2024-06-22,P027,Men,HRX,4027.93,2834.29,30,2819.55,30,699,3.5,2571.67,84586.5,-442.2
2024-07-07,P027,Men,HRX,1576.86,1114.11,30,1103.8,80,790,3.8,1200.31,88304.0,-824.8
2024-07-12,P027,Men,HRX,2359.88,1712.29,20,1887.9,46,544,4.6,1787.86,86843.4,8078.06
2024-07-14,P027,Men,HRX,4548.77,3094.31,30,3184.14,16,274,4.1,3343.9,50946.24,1437.28
2024-07-14,P027,Men,HRX,2648.24,1765.18,30,1853.77,18,434,3.2,1984.35,33367.86,1594.62
2024-07-16,P027,Men,HRX,4783.16,3074.78,10,4304.84,31,873,3.5,4639.59,133450.04,38131.86
2024-07-16,P027,Men,HRX,1811.03,1021.53,40,1086.62,132,163,4.7,1025.02,143433.84,8591.88
2024-07-28,P027,Men,HRX,1586.31,1091.94,15,1348.36,54,424,4.3,1319.27,72811.44,13846.68
2024-08-01,P027,Men,HRX,2984.57,1938.58,10,2686.11,20,939,3.8,2932.41,53722.2,14950.6
2024-08-10,P027,Men,HRX,4621.74,2729.78,10,4159.57,7,702,3.6,3994.07,29116.99,10008.53
2024-08-24,P027,Men,HRX,2566.77,1614.25,20,2053.42,44,333,4.2,2256.95,90350.48,19323.48
2024-08-25,P027,Men,HRX,3785.21,2572.42,10,3406.69,8,759,4.3,3258.46,27253.52,6674.16
2024-08-27,P027,Men,HRX,788.38,564.5,5,748.96,120,402,4.0,739.13,89875.2,22135.2
2024-08-27,P027,Men,HRX,1717.41,1042.78,40,1030.45,28,937,3.6,948.91,28852.6,-345.24
2024-09-09,P027,Men,HRX,663.18,384.51,10,596.86,224,120,4.0,605.07,133696.64,47566.4
2024-09-09,P027,Men,HRX,2277.85,1266.17,0,2277.85,12,865,3.3,2266.27,27334.2,12140.16
2024-09-14,P027,Men,HRX,3352.64,2334.73,30,2346.85,52,886,3.2,2353.15,122036.2,630.24
2024-09-17,P027,Men,HRX,2325.38,1473.96,10,2092.84,40,433,4.7,1969.21,83713.6,24755.2
2024-09-22,P027,Men,HRX,3137.14,2336.54,0,3137.14,14,928,5.0,3359.63,43919.96,11208.4
2024-09-23,P027,Men,HRX,4071.26,2617.7,30,2849.88,11,735,3.9,2915.66,31348.68,2553.98
2024-10-06,P027,Men,HRX,4055.57,2598.88,30,2838.9,19,942,4.2,2981.01,53939.1,4560.38
2024-10-10,P027,Men,HRX,2336.95,1632.29,15,1986.41,80,402,4.9,2114.73,158912.8,28329.6
2024-10-20,P027,Men,HRX,3628.27,2036.07,0,3628.27,13,746,5.0,3439.6,47167.51,20698.6
2024-11-16,P027,Men,HRX,4375.86,2500.02,5,4157.07,36,868,4.3,4445.2,149654.52,59653.8
2024-11-29,P027,Men,HRX,1933.58,1259.58,30,1353.51,70,977,3.7,1249.57,94745.7,6575.1
2024-12-03,P027,Men,HRX,2872.74,1831.3,40,1723.64,78,927,3.4,1587.43,134443.92,-8397.48
2024-12-04,P027,Men,HRX,4707.87,3104.56,30,3295.51,22,686,4.4,3180.75,72501.22,4200.9
2024-12-06,P027,Men,HRX,2702.73,1938.74,15,2297.32,31,317,4.0,2337.32,71216.92,11115.98
2024-12-08,P027,Men,HRX,4897.21,2843.17,40,2938.33,11,288,4.7,2850.66,32321.63,1046.76
2024-12-09,P027,Men,HRX,2552.57,1483.24,0,2552.57,9,973,3.6,2680.79,22973.13,9623.97
2024-12-21,P027,Men,HRX,4886.0,3486.21,0,4886.0,39,169,4.5,4663.55,190554.0,54591.81
2024-12-26,P027,Men,HRX,1995.05,1119.86,40,1197.03,57,551,5.0,1265.23,68230.71,4398.69
