Myntra_Clean_Data.csv
date,product_id,category,brand,listed_price,cost_price,discount_pct,final_price,units_sold,inventory_level,rating,competitor_price,revenue,profit
2023-01-03,P029,Footwear,Nike,4097.21,2639.04,5,3892.35,22,110,4.7,4000.37,85631.7,27572.82
2023-01-04,P029,Footwear,Nike,3682.99,2566.31,30,2578.09,26,884,4.6,2418.31,67030.34,306.28
2023-01-07,P029,Footwear,Nike,584.95,325.71,10,526.46,297,114,4.9,477.79,156358.62,59622.75
2023-01-09,P029,Footwear,Nike,1473.04,942.3,30,1031.13,132,785,4.4,981.73,136109.16,11725.56
2023-01-09,P029,Footwear,Nike,1553.36,1121.98,40,932.02,85,424,4.6,962.45,79221.7,-16146.6
2023-01-12,P029,Footwear,Nike,4217.97,2468.18,10,3796.17,22,183,4.7,3740.41,83515.74,29215.78
2023-01-24,P029,Footwear,Nike,4651.32,3054.4,20,3721.06,7,324,3.5,3486.83,26047.42,4666.62
2023-01-25,P029,Footwear,Nike,4207.28,2404.12,30,2945.1,32,887,4.7,2812.68,94243.2,17311.36
2023-01-25,P029,Footwear,Nike,2547.14,1758.73,10,2292.43,16,445,4.6,2327.62,36678.88,8539.2
2023-01-31,P029,Footwear,Nike,4510.94,3324.98,30,3157.66,30,783,4.0,3247.96,94729.8,-5019.6
2023-02-09,P029,Footwear,Nike,3553.42,2533.43,30,2487.39,48,316,4.6,2646.96,119394.72,-2209.92
2023-02-13,P029,Footwear,Nike,3454.57,2321.64,0,3454.57,19,592,4.3,3403.04,65636.83,21525.67
2023-02-15,P029,Footwear,Nike,4615.89,2880.46,0,4615.89,9,379,3.8,4664.6,41543.01,15618.87
2023-02-15,P029,Footwear,Nike,2699.21,1843.98,0,2699.21,33,364,4.4,2560.86,89073.93,28222.59
2023-02-26,P029,Footwear,Nike,2629.14,1500.99,10,2366.23,14,301,4.2,2157.26,33127.22,12113.36
2023-03-05,P029,Footwear,Nike,3615.27,2266.35,0,3615.27,15,541,3.5,3414.91,54229.05,20233.8
2023-03-07,P029,Footwear,Nike,2556.94,1516.6,5,2429.09,12,757,4.6,2278.62,29149.08,10949.88
2023-03-07,P029,Footwear,Nike,1709.28,1029.24,40,1025.57,48,956,3.9,970.16,49227.36,-176.16
2023-03-09,P029,Footwear,Nike,3163.3,1762.35,15,2688.8,21,270,3.2,2775.3,56464.8,19455.45
2023-03-20,P029,Footwear,Nike,2745.4,1628.89,40,1647.24,69,957,4.9,1622.13,113659.56,1266.15
2023-03-24,P029,Footwear,Nike,2060.71,1306.11,0,2060.71,62,490,4.2,1942.84,127764.02,46785.2
2023-03-24,P029,Footwear,Nike,548.83,375.26,20,439.06,77,109,4.2,427.36,33807.62,4912.6
2023-03-30,P029,Footwear,Nike,1182.49,728.07,40,709.49,147,592,4.4,742.03,104295.03,-2731.26
2023-04-06,P029,Footwear,Nike,4621.7,2901.9,5,4390.62,19,546,4.6,4721.72,83421.78,28285.68
2023-04-06,P029,Footwear,Nike,4623.55,3256.12,10,4161.2,27,373,3.5,4237.02,112352.4,24437.16
2023-04-12,P029,Footwear,Nike,4318.1,2521.09,0,4318.1,33,117,4.6,4097.99,142497.3,59301.33
2023-04-23,P029,Footwear,Nike,3568.78,2577.42,20,2855.02,33,847,3.7,2576.51,94215.66,9160.8
2023-05-04,P029,Footwear,Nike,1980.7,1381.88,30,1386.49,84,219,3.8,1317.25,116465.16,387.24
2023-05-07,P029,Footwear,Nike,3973.35,2471.25,0,3973.35,9,256,3.5,3870.15,35760.15,13518.9
2023-05-09,P029,Footwear,Nike,975.15,719.16,30,682.6,119,492,3.4,678.12,81229.4,-4350.64
2023-05-10,P029,Footwear,Nike,782.32,551.7,15,664.97,49,828,3.6,724.34,32583.53,5550.23
2023-05-14,P029,Footwear,Nike,3724.3,2477.07,40,2234.58,24,116,4.3,2243.24,53629.92,-5819.76
2023-06-01,P029,Footwear,Nike,4216.17,2424.62,20,3372.94,27,292,3.2,3491.49,91069.38,25604.64
2023-06-09,P029,Footwear,Nike,1727.55,1274.49,30,1209.28,92,493,4.7,1109.23,111253.76,-5999.32
2023-06-10,P029,Footwear,Nike,4987.39,3173.09,30,3491.17,22,879,4.4,3512.59,76805.74,6997.76
2023-07-04,P029,Footwear,Nike,2044.89,1518.73,0,2044.89,52,471,3.5,1852.84,106334.28,27360.32
2023-07-07,P029,Footwear,Nike,4190.55,2458.97,40,2514.33,19,224,4.6,2734.43,47772.27,1051.84
2023-07-09,P029,Footwear,Nike,1678.46,932.33,40,1007.08,92,218,4.3,990.96,92651.36,6877.0
2023-07-12,P029,Footwear,Nike,2513.0,1780.07,5,2387.35,36,947,4.0,2242.05,85944.6,21862.08
2023-07-14,P029,Footwear,Nike,1947.22,1131.01,20,1557.78,30,771,3.3,1680.94,46733.4,12803.1
2023-07-18,P029,Footwear,Nike,779.0,442.1,5,740.05,132,666,3.8,694.5,97686.6,39329.4
2023-07-24,P029,Footwear,Nike,1043.75,574.83,40,626.25,161,728,4.3,651.08,100826.25,8278.62
2023-07-31,P029,Footwear,Nike,4829.26,2913.07,15,4104.87,30,879,3.4,4471.4,123146.1,35754.0
2023-08-03,P029,Footwear,Nike,2372.76,1519.0,15,2016.85,24,630,3.4,2196.86,48404.4,11948.4
2023-08-07,P029,Footwear,Nike,1282.3,934.15,10,1154.07,88,893,4.7,1246.55,101558.16,19352.96
2023-08-08,P029,Footwear,Nike,3719.29,2556.6,5,3533.33,11,141,3.8,3269.11,38866.63,10744.03
2023-08-19,P029,Footwear,Nike,4869.64,3635.95,40,2921.78,21,410,3.3,2682.44,61357.38,-14997.57
2023-08-28,P029,Footwear,Nike,3568.63,2499.13,5,3390.2,28,853,3.5,3541.96,94925.6,24949.96
2023-09-03,P029,Footwear,Nike,3845.06,2492.02,0,3845.06,20,615,3.7,4061.17,76901.2,27060.8
2023-09-05,P029,Footwear,Nike,3041.16,2059.04,20,2432.93,16,594,3.8,2513.12,38926.88,5982.24
2023-09-06,P029,Footwear,Nike,1153.04,753.07,0,1153.04,56,944,4.1,1154.02,64570.24,22398.32
2023-09-07,P029,Footwear,Nike,3446.27,2004.95,10,3101.64,18,841,4.4,3096.34,55829.52,19740.42
2023-09-11,P029,Footwear,Nike,4333.67,3135.77,5,4116.99,8,217,3.4,3944.16,32935.92,7849.76
2023-10-03,P029,Footwear,Nike,3449.4,2417.88,5,3276.93,41,675,3.3,3485.18,134354.13,35221.05
2023-10-05,P029,Footwear,Nike,1236.89,734.52,40,742.13,195,244,4.5,791.1,144715.35,1483.95
2023-10-08,P029,Footwear,Nike,4753.91,2969.87,0,4753.91,20,382,4.4,4521.16,95078.2,35680.8
2023-10-09,P029,Footwear,Nike,1190.5,873.76,30,833.35,214,395,4.3,913.42,178336.9,-8647.74
2023-10-10,P029,Footwear,Nike,2232.22,1545.82,40,1339.33,70,415,4.7,1447.08,93753.1,-14454.3
2023-10-18,P029,Footwear,Nike,509.73,317.43,5,484.24,442,258,3.3,444.85,214034.08,73730.02
2023-10-20,P029,Footwear,Nike,3965.44,2632.94,0,3965.44,23,204,3.7,3917.83,91205.12,30647.5
2023-10-24,P029,Footwear,Nike,1672.88,1065.56,0,1672.88,23,744,4.7,1752.12,38476.24,13968.36
2023-10-26,P029,Footwear,Nike,734.5,432.27,10,661.05,118,416,4.0,600.01,78003.9,26996.04
2023-11-04,P029,Footwear,Nike,1518.53,1047.76,20,1214.82,145,813,4.1,1199.87,176148.9,24223.7
2023-11-06,P029,Footwear,Nike,2729.15,1926.52,10,2456.24,62,392,3.6,2521.13,152286.88,32842.64
2023-11-12,P029,Footwear,Nike,1885.52,1179.53,40,1131.31,88,210,3.4,1091.26,99555.28,-4243.36
2023-11-19,P029,Footwear,Nike,2315.47,1713.25,40,1389.28,124,982,4.5,1483.4,172270.72,-40172.28
2023-11-22,P029,Footwear,Nike,3348.38,1883.93,30,2343.87,26,328,3.7,2207.37,60940.62,11958.44
2023-12-10,P029,Footwear,Nike,1997.61,1242.81,0,1997.61,49,683,4.9,2182.53,97882.89,36985.2
2023-12-12,P029,Footwear,Nike,4597.71,3396.15,5,4367.82,24,271,4.0,4484.7,104827.68,23320.08
2024-01-07,P029,Footwear,Nike,3692.34,2194.73,15,3138.49,28,869,3.4,3017.64,87877.72,26425.28
2024-01-12,P029,Footwear,Nike,1137.03,705.85,40,682.22,238,245,3.9,635.08,162368.36,-5623.94
2024-01-15,P029,Footwear,Nike,1683.22,1074.96,5,1599.06,81,264,3.9,1653.47,129523.86,42452.1
2024-01-19,P029,Footwear,Nike,2055.35,1290.07,20,1644.28,63,398,3.9,1701.52,103589.64,22315.23
2024-01-23,P029,Footwear,Nike,2306.28,1459.07,30,1614.4,90,715,4.8,1502.9,145296.0,13979.7
2024-01-29,P029,Footwear,Nike,1494.86,1028.79,15,1270.63,84,515,3.9,1242.68,106732.92,20314.56
2024-02-13,P029,Footwear,Nike,3499.11,1967.89,40,2099.47,46,335,5.0,2129.0,96575.62,6052.68
2024-02-17,P029,Footwear,Nike,1233.07,814.43,20,986.46,80,229,3.4,1063.03,78916.8,13762.4
2024-03-02,P029,Footwear,Nike,3887.55,2848.59,5,3693.17,28,734,4.5,3818.53,103408.76,23648.24
2024-03-05,P029,Footwear,Nike,1629.92,936.03,15,1385.43,93,237,3.7,1389.98,128844.99,41794.2
2024-03-10,P029,Footwear,Nike,2886.34,1653.07,30,2020.44,20,903,4.7,1927.53,40408.8,7347.4
2024-03-23,P029,Footwear,Nike,2730.28,2009.72,15,2320.74,52,136,3.4,2143.02,120678.48,16173.04
2024-03-27,P029,Footwear,Nike,978.66,699.06,30,685.06,133,776,3.5,618.87,91112.98,-1862.0
2024-03-27,P029,Footwear,Nike,3293.05,2153.98,20,2634.44,15,512,3.7,2426.01,39516.6,7206.9
2024-04-01,P029,Footwear,Nike,2278.66,1314.97,0,2278.66,18,266,4.2,2141.49,41015.88,17346.42
2024-04-23,P029,Footwear,Nike,2973.28,2151.47,20,2378.62,48,145,4.0,2200.98,114173.76,10903.2
2024-05-03,P029,Footwear,Nike,2462.77,1819.11,0,2462.77,12,787,4.1,2374.46,29553.24,7723.92
2024-05-04,P029,Footwear,Nike,626.52,405.94,0,626.52,35,698,4.9,601.13,21928.2,7720.3
2024-05-10,P029,Footwear,Nike,3049.44,1817.34,0,3049.44,14,362,4.7,3154.33,42692.16,17249.4
2024-05-14,P029,Footwear,Nike,3664.1,2140.99,5,3480.89,28,373,4.3,3524.74,97464.92,37517.2
2024-05-18,P029,Footwear,Nike,2553.01,1528.67,15,2170.06,42,300,3.9,2357.65,91142.52,26938.38
2024-05-20,P029,Footwear,Nike,3134.07,2105.18,10,2820.66,11,276,4.3,2844.64,31027.26,7870.28
2024-05-23,P029,Footwear,Nike,2634.47,1602.46,0,2634.47,5,924,4.7,2731.66,13172.35,5160.05
2024-05-27,P029,Footwear,Nike,1255.09,779.36,10,1129.58,124,955,4.2,1216.41,140067.92,43427.28
2024-06-15,P029,Footwear,Nike,2476.8,1414.58,30,1733.76,66,142,4.3,1785.84,114428.16,21065.88
2024-06-23,P029,Footwear,Nike,2216.24,1584.23,15,1883.8,58,471,4.3,1791.3,109260.4,17375.06
2024-07-04,P029,Footwear,Nike,4387.16,2956.12,10,3948.44,33,677,3.8,3779.91,130298.52,32746.56
2024-07-24,P029,Footwear,Nike,3468.63,2545.52,20,2774.9,22,212,4.0,3025.18,61047.8,5046.36
2024-07-26,P029,Footwear,Nike,3608.09,2670.02,10,3247.28,33,479,4.1,3083.25,107160.24,19049.58
2024-07-28,P029,Footwear,Nike,2185.78,1485.37,5,2076.49,54,867,4.7,1987.37,112130.46,31920.48
2024-07-30,P029,Footwear,Nike,2399.25,1430.74,0,2399.25,12,445,3.9,2220.17,28791.0,11622.12
2024-08-03,P029,Footwear,Nike,4477.55,2843.57,20,3582.04,30,451,3.3,3635.75,107461.2,22154.1
2024-08-04,P029,Footwear,Nike,4911.07,3229.63,10,4419.96,9,554,5.0,4362.76,39779.64,10712.97
2024-08-10,P029,Footwear,Nike,4776.24,2955.96,0,4776.24,6,132,4.5,4953.83,28657.44,10921.68
2024-08-13,P029,Footwear,Nike,2279.66,1684.56,30,1595.76,18,424,4.2,1575.1,28723.68,-1598.4
2024-08-15,P029,Footwear,Nike,3793.25,2143.88,10,3413.92,17,372,3.8,3262.09,58036.64,21590.68
2024-08-16,P029,Footwear,Nike,1973.65,1356.72,10,1776.28,16,429,4.4,1918.72,28420.48,6712.96
2024-08-30,P029,Footwear,Nike,2758.08,1560.3,15,2344.37,68,245,3.5,2450.14,159417.16,53316.76
2024-09-01,P029,Footwear,Nike,3157.66,1810.96,20,2526.13,18,822,4.7,2728.79,45470.34,12873.06
2024-09-11,P029,Footwear,Nike,1290.76,793.95,15,1097.15,112,416,3.5,1097.06,122880.8,33958.4
2024-09-12,P029,Footwear,Nike,3463.16,2006.74,30,2424.21,32,752,3.9,2242.54,77574.72,13359.04
2024-09-15,P029,Footwear,Nike,552.11,310.65,15,469.29,120,923,3.6,463.76,56314.8,19036.8
2024-09-19,P029,Footwear,Nike,2973.12,2168.34,5,2824.46,28,814,3.8,2993.2,79084.88,18371.36
2024-09-19,P029,Footwear,Nike,4835.62,3036.73,10,4352.06,7,227,3.4,4396.74,30464.42,9207.31
2024-09-20,P029,Footwear,Nike,2969.78,2177.46,15,2524.31,19,585,3.7,2332.61,47961.89,6590.15
2024-09-27,P029,Footwear,Nike,578.71,374.59,5,549.77,144,231,3.2,544.4,79166.88,25225.92
2024-09-30,P029,Footwear,Nike,2032.44,1308.0,20,1625.95,21,429,3.2,1528.86,34144.95,6676.95
2024-10-11,P029,Footwear,Nike,2714.79,1945.76,0,2714.79,40,743,4.5,2602.26,108591.6,30761.2
2024-10-13,P029,Footwear,Nike,4232.51,2803.93,30,2962.76,20,703,3.8,3019.08,59255.2,3176.6
2024-10-19,P029,Footwear,Nike,4812.24,3061.63,30,3368.57,13,604,3.7,3664.38,43791.41,3990.22
2024-10-19,P029,Footwear,Nike,1048.7,711.5,5,996.26,104,288,3.6,940.61,103611.04,29615.04
2024-10-29,P029,Footwear,Nike,1052.93,683.51,40,631.76,209,759,4.2,622.81,132037.84,-10815.75
2024-11-02,P029,Footwear,Nike,561.47,316.07,0,561.47,197,258,3.9,542.48,110609.59,48343.8
2024-11-16,P029,Footwear,Nike,3982.36,2741.18,15,3385.01,6,721,4.6,3648.97,20310.06,3862.98
2024-11-17,P029,Footwear,Nike,3019.87,2021.5,20,2415.9,57,685,4.0,2389.83,137706.3,22480.8
2024-12-02,P029,Footwear,Nike,4224.66,2975.21,0,4224.66,29,165,4.1,4411.49,122515.14,36234.05
2024-12-12,P029,Footwear,Nike,4490.72,2787.83,10,4041.65,24,322,3.3,4016.36,96999.6,30091.68
2024-12-19,P029,Footwear,Nike,3200.84,2048.43,20,2560.67,35,467,4.1,2805.82,89623.45,17928.4
2024-12-23,P029,Footwear,Nike,2800.69,1592.62,30,1960.48,75,370,4.8,2134.91,147036.0,27589.5
2024-12-23,P029,Footwear,Nike,4041.62,2842.42,5,3839.54,40,163,4.2,4164.29,153581.6,39884.8
2024-12-28,P029,Footwear,Nike,3731.05,2557.82,15,3171.39,23,321,3.6,3121.74,72941.97,14112.11
