Myntra_Clean_Data.csv
date,product_id,category,brand,listed_price,cost_price,discount_pct,final_price,units_sold,inventory_level,rating,competitor_price,revenue,profit
2023-01-06,P007,Kids,Levis,1268.08,775.65,10,1141.27,68,916,4.9,1062.48,77606.36,24862.16
2023-01-16,P007,Kids,Levis,4969.46,3445.37,0,4969.46,34,891,3.3,5423.98,168961.64,51819.06
2023-01-18,P007,Kids,Levis,4853.68,2953.56,30,3397.58,22,995,4.1,3325.09,74746.76,9768.44
2023-01-25,P007,Kids,Levis,4228.83,2793.94,30,2960.18,7,211,3.5,2978.08,20721.26,1163.68
2023-02-05,P007,Kids,Levis,1468.43,952.19,5,1395.01,87,106,3.5,1337.73,121365.87,38525.34
2023-02-06,P007,Kids,Levis,2068.98,1295.21,5,1965.53,38,459,3.8,1906.76,74690.14,25472.16
2023-02-12,P007,Kids,Levis,4960.92,3363.53,10,4464.83,20,947,3.8,4685.3,89296.6,22026.0
2023-02-23,P007,Kids,Levis,3194.91,2095.83,5,3035.16,23,364,3.3,2984.48,69808.68,21604.59
2023-02-23,P007,Kids,Levis,3111.7,2187.64,10,2800.53,18,546,4.1,2750.2,50409.54,11032.02
2023-02-26,P007,Kids,Levis,2232.34,1518.26,20,1785.87,56,616,3.2,1789.41,100008.72,14986.16
2023-03-04,P007,Kids,Levis,724.48,472.7,10,652.03,91,929,3.5,642.54,59334.73,16319.03
2023-03-09,P007,Kids,Levis,4750.52,3256.56,5,4512.99,10,403,4.7,4463.94,45129.9,12564.3
2023-03-11,P007,Kids,Levis,924.41,569.4,40,554.65,135,108,4.1,564.81,74877.75,-1991.25
2023-03-13,P007,Kids,Levis,4136.83,2956.69,10,3723.15,17,852,3.7,3502.92,63293.55,13029.82
2023-03-26,P007,Kids,Levis,979.11,718.17,40,587.47,168,476,3.7,601.41,98694.96,-21957.6
2023-03-28,P007,Kids,Levis,1127.05,745.69,30,788.94,84,785,4.5,754.1,66270.96,3633.0
2023-03-31,P007,Kids,Levis,838.23,469.25,5,796.32,60,639,4.5,778.87,47779.2,19624.2
2023-04-04,P007,Kids,Levis,1189.47,678.64,15,1011.05,116,381,4.9,955.6,117281.8,38559.56
2023-04-06,P007,Kids,Levis,3775.92,2703.22,15,3209.53,26,918,4.1,3016.61,83447.78,13164.06
2023-04-08,P007,Kids,Levis,3174.91,2164.26,15,2698.67,11,451,3.7,2873.03,29685.37,5878.51
2023-04-22,P007,Kids,Levis,1083.01,606.78,30,758.11,180,440,3.8,731.29,136459.8,27239.4
2023-04-23,P007,Kids,Levis,2941.85,1655.35,40,1765.11,30,107,4.5,1853.35,52953.3,3292.8
2023-04-25,P007,Kids,Levis,4190.44,2497.35,30,2933.31,10,684,4.0,3037.31,29333.1,4359.6
2023-05-03,P007,Kids,Levis,1555.05,993.34,10,1399.54,81,506,3.8,1505.33,113362.74,32902.2
2023-05-03,P007,Kids,Levis,3177.64,2358.22,30,2224.35,36,979,4.9,2037.64,80076.6,-4819.32
2023-05-08,P007,Kids,Levis,2796.57,1738.29,15,2377.08,56,904,4.0,2319.13,133116.48,35772.24
2023-05-09,P007,Kids,Levis,1040.85,579.42,15,884.72,50,603,3.4,924.06,44236.0,15265.0
2023-05-10,P007,Kids,Levis,3047.39,1776.49,5,2895.02,26,460,4.4,2849.88,75270.52,29081.78
2023-05-12,P007,Kids,Levis,2685.51,1926.07,10,2416.96,42,333,4.6,2389.99,101512.32,20617.38
2023-05-18,P007,Kids,Levis,2317.72,1600.27,0,2317.72,30,854,4.5,2198.13,69531.6,21523.5
2023-05-24,P007,Kids,Levis,1730.42,1157.42,20,1384.34,96,911,3.8,1497.15,132896.64,21784.32
2023-05-27,P007,Kids,Levis,920.57,580.41,40,552.34,243,708,3.5,511.69,134218.62,-6821.01
2023-06-12,P007,Kids,Levis,1253.64,846.64,40,752.18,162,597,3.9,709.57,121853.16,-15302.52
2023-06-16,P007,Kids,Levis,3134.06,2239.56,0,3134.06,27,629,3.7,3349.04,84619.62,24151.5
2023-06-17,P007,Kids,Levis,1077.68,716.41,0,1077.68,112,630,4.3,1088.57,120700.16,40462.24
2023-06-18,P007,Kids,Levis,3054.27,2276.68,15,2596.13,12,707,5.0,2515.86,31153.56,3833.4
2023-06-24,P007,Kids,Levis,4789.24,3474.95,0,4789.24,29,718,3.3,5215.11,138887.96,38114.41
2023-06-25,P007,Kids,Levis,3156.95,2350.06,20,2525.56,32,768,3.9,2434.19,80817.92,5616.0
2023-06-26,P007,Kids,Levis,1266.64,884.07,5,1203.31,88,905,4.2,1280.24,105891.28,28093.12
2023-06-29,P007,Kids,Levis,774.26,441.35,15,658.12,210,255,3.8,635.56,138205.2,45521.7
2023-06-30,P007,Kids,Levis,1910.0,1123.12,15,1623.5,102,959,4.3,1512.88,165597.0,51038.76
2023-07-10,P007,Kids,Levis,2791.02,1672.82,20,2232.82,66,953,3.3,2146.7,147366.12,36960.0
2023-07-16,P007,Kids,Levis,2747.34,2023.64,10,2472.61,24,653,3.7,2602.14,59342.64,10775.28
2023-07-19,P007,Kids,Levis,3978.8,2647.67,20,3183.04,17,893,4.9,3327.97,54111.68,9101.29
2023-07-31,P007,Kids,Levis,1510.99,1122.04,40,906.59,145,562,4.3,948.44,131455.55,-31240.25
2023-08-11,P007,Kids,Levis,619.63,398.58,10,557.67,104,980,4.4,587.05,57997.68,16545.36
2023-08-18,P007,Kids,Levis,1210.24,800.08,20,968.19,100,137,4.7,1027.82,96819.0,16811.0
2023-08-31,P007,Kids,Levis,1388.42,896.82,20,1110.74,88,979,4.4,1061.97,97745.12,18824.96
2023-09-01,P007,Kids,Levis,2813.22,1551.32,20,2250.58,10,409,3.9,2083.55,22505.8,6992.6
2023-09-05,P007,Kids,Levis,1084.74,775.95,0,1084.74,24,481,4.1,1077.56,26033.76,7410.96
2023-09-07,P007,Kids,Levis,4449.41,2811.72,10,4004.47,11,111,4.1,3837.15,44049.17,13120.25
2023-09-16,P007,Kids,Levis,2732.64,1870.51,15,2322.74,50,505,3.7,2477.39,116137.0,22611.5
2023-09-18,P007,Kids,Levis,4826.81,2887.75,10,4344.13,27,368,3.3,4381.42,117291.51,39322.26
2023-09-19,P007,Kids,Levis,1004.74,606.56,15,854.03,100,782,4.0,890.7,85403.0,24747.0
2023-09-21,P007,Kids,Levis,2110.62,1296.99,20,1688.5,68,670,3.8,1745.69,114818.0,26622.68
2023-09-26,P007,Kids,Levis,4331.14,3051.59,5,4114.58,33,168,3.8,3839.75,135781.14,35078.67
2023-09-28,P007,Kids,Levis,1689.52,1242.95,40,1013.71,108,580,4.4,993.7,109480.68,-24757.92
2023-10-01,P007,Kids,Levis,3764.94,2595.05,30,2635.46,11,280,5.0,2688.25,28990.06,444.51
2023-10-02,P007,Kids,Levis,1720.14,1160.48,15,1462.12,70,807,4.9,1404.23,102348.4,21114.8
2023-10-05,P007,Kids,Levis,3937.96,2237.66,0,3937.96,42,503,4.9,4061.75,165394.32,71412.6
2023-10-16,P007,Kids,Levis,3100.75,1883.01,20,2480.6,46,222,4.5,2464.56,114107.6,27489.14
2023-10-18,P007,Kids,Levis,947.11,540.97,5,899.75,156,802,4.6,953.76,140361.0,55969.68
2023-10-30,P007,Kids,Levis,1354.15,916.19,40,812.49,195,689,4.7,813.42,158435.55,-20221.5
2023-10-31,P007,Kids,Levis,4188.2,2967.48,40,2512.92,26,222,4.9,2266.84,65335.92,-11818.56
2023-11-03,P007,Kids,Levis,1259.16,901.57,40,755.5,257,964,4.5,825.67,194163.5,-37539.99
2023-11-12,P007,Kids,Levis,4239.2,2984.47,40,2543.52,7,544,3.6,2747.23,17804.64,-3086.65
2023-11-14,P007,Kids,Levis,3065.18,1801.98,10,2758.66,9,708,4.6,2737.8,24827.94,8610.12
2023-11-18,P007,Kids,Levis,2350.19,1352.01,5,2232.68,33,621,3.3,2124.88,73678.44,29062.11
2023-11-20,P007,Kids,Levis,1755.07,1137.46,40,1053.04,130,967,4.3,1009.65,136895.2,-10974.6
2023-11-25,P007,Kids,Levis,2104.3,1421.99,30,1473.01,109,138,4.4,1370.2,160558.09,5561.18
2023-11-29,P007,Kids,Levis,4673.8,3200.94,5,4440.11,10,702,4.1,4486.02,44401.1,12391.7
2023-12-08,P007,Kids,Levis,1752.71,1166.25,10,1577.44,105,555,4.1,1519.16,165631.2,43174.95
2023-12-22,P007,Kids,Levis,1711.15,1150.7,10,1540.04,105,238,4.8,1587.62,161704.2,40880.7
2023-12-26,P007,Kids,Levis,1721.82,1261.13,10,1549.64,101,164,4.1,1552.67,156513.64,29139.51
2023-12-31,P007,Kids,Levis,3773.24,2231.62,15,3207.25,41,513,4.5,3466.9,131497.25,40000.83
2024-01-02,P007,Kids,Levis,3840.05,2182.78,20,3072.04,30,324,3.2,2979.55,92161.2,26677.8
2024-01-03,P007,Kids,Levis,2578.36,1878.13,0,2578.36,31,806,4.7,2687.83,79929.16,21707.13
2024-01-06,P007,Kids,Levis,3299.66,2461.07,30,2309.76,32,273,4.3,2495.87,73912.32,-4841.92
2024-01-18,P007,Kids,Levis,1261.23,724.21,15,1072.05,20,275,4.9,990.14,21441.0,6956.8
2024-01-22,P007,Kids,Levis,4646.33,3419.72,20,3717.06,10,810,3.8,3529.07,37170.6,2973.4
2024-01-24,P007,Kids,Levis,2986.8,1822.71,0,2986.8,8,107,4.7,3178.79,23894.4,9312.72
2024-01-24,P007,Kids,Levis,1242.01,860.52,5,1179.91,116,214,3.9,1135.57,136869.56,37049.24
2024-01-31,P007,Kids,Levis,1869.9,1306.03,10,1682.91,14,483,3.6,1558.94,23560.74,5276.32
2024-02-02,P007,Kids,Levis,2010.2,1146.94,20,1608.16,24,609,4.1,1500.24,38595.84,11069.28
2024-02-06,P007,Kids,Levis,4432.21,3298.32,0,4432.21,10,322,4.7,4505.28,44322.1,11338.9
2024-02-14,P007,Kids,Levis,4764.5,3228.88,40,2858.7,22,283,3.2,2604.3,62891.4,-8143.96
2024-02-17,P007,Kids,Levis,2150.14,1581.56,20,1720.11,22,639,3.6,1695.51,37842.42,3048.1
2024-02-22,P007,Kids,Levis,4008.61,2904.04,40,2405.17,16,550,3.8,2449.04,38482.72,-7981.92
2024-02-23,P007,Kids,Levis,1981.94,1241.34,0,1981.94,34,857,3.9,2142.45,67385.96,25180.4
2024-02-26,P007,Kids,Levis,2313.14,1403.31,10,2081.83,58,363,4.3,1874.21,120746.14,39354.16
2024-03-01,P007,Kids,Levis,2275.42,1269.31,40,1365.25,51,804,4.9,1383.27,69627.75,4892.94
2024-03-02,P007,Kids,Levis,3493.97,2045.9,15,2969.87,7,314,4.0,2987.59,20789.09,6467.79
2024-03-09,P007,Kids,Levis,4957.52,3467.97,0,4957.52,14,638,4.9,4916.26,69405.28,20853.7
2024-03-26,P007,Kids,Levis,4245.67,2630.37,10,3821.1,27,511,3.8,3603.18,103169.7,32149.71
2024-03-27,P007,Kids,Levis,4566.0,2757.9,30,3196.2,31,890,3.7,2954.26,99082.2,13587.3
2024-03-28,P007,Kids,Levis,4841.62,2976.88,0,4841.62,8,529,4.4,4491.4,38732.96,14917.92
2024-03-29,P007,Kids,Levis,4110.05,2459.02,40,2466.03,68,487,4.8,2472.3,167690.04,476.68
2024-04-02,P007,Kids,Levis,2048.97,1449.3,20,1639.18,27,779,3.4,1532.1,44257.86,5126.76
2024-04-07,P007,Kids,Levis,2762.55,1967.84,10,2486.3,48,221,4.9,2322.8,119342.4,24886.08
2024-04-10,P007,Kids,Levis,3771.89,2661.26,5,3583.3,12,983,3.8,3277.97,42999.6,11064.48
2024-04-14,P007,Kids,Levis,4395.42,2727.02,5,4175.65,28,274,3.8,3954.71,116918.2,40561.64
2024-04-16,P007,Kids,Levis,2871.9,1810.9,10,2584.71,11,665,3.5,2836.51,28431.81,8511.91
2024-04-24,P007,Kids,Levis,1022.49,760.76,15,869.12,170,515,4.6,833.87,147750.4,18421.2
2024-05-03,P007,Kids,Levis,2078.85,1504.9,30,1455.2,39,610,4.6,1368.79,56752.8,-1938.3
2024-05-11,P007,Kids,Levis,3498.87,2270.61,0,3498.87,12,792,3.8,3380.57,41986.44,14739.12
2024-05-13,P007,Kids,Levis,916.95,556.46,5,871.1,90,436,4.7,820.44,78399.0,28317.6
2024-05-25,P007,Kids,Levis,4585.2,2603.2,0,4585.2,18,657,3.7,4370.43,82533.6,35676.0
2024-05-29,P007,Kids,Levis,3135.87,1910.22,30,2195.11,38,115,5.0,2094.57,83414.18,10825.82
2024-06-02,P007,Kids,Levis,2756.09,2053.94,10,2480.48,50,314,3.7,2630.62,124024.0,21327.0
2024-06-02,P007,Kids,Levis,4121.82,2499.48,0,4121.82,10,117,3.6,4181.81,41218.2,16223.4
2024-06-03,P007,Kids,Levis,542.0,310.63,20,433.6,88,463,4.1,405.67,38156.8,10821.36
2024-06-09,P007,Kids,Levis,4753.75,3054.27,5,4516.06,33,838,4.2,4819.85,149029.98,48239.07
2024-06-13,P007,Kids,Levis,1301.68,968.11,30,911.18,115,777,4.1,953.38,104785.7,-6546.95
2024-06-16,P007,Kids,Levis,4488.39,2973.36,40,2693.03,8,851,3.9,2626.02,21544.24,-2242.64
2024-06-18,P007,Kids,Levis,1344.94,972.52,40,806.96,96,754,4.5,814.63,77468.16,-15893.76
2024-06-20,P007,Kids,Levis,1504.92,918.38,40,902.95,40,914,3.2,878.15,36118.0,-617.2
2024-06-22,P007,Kids,Levis,4250.31,2551.49,10,3825.28,15,192,4.9,3717.62,57379.2,19106.85
2024-07-03,P007,Kids,Levis,763.21,539.07,40,457.93,130,984,4.5,417.38,59530.9,-10548.2
2024-07-04,P007,Kids,Levis,2422.62,1416.74,15,2059.23,56,917,3.3,2235.7,115316.88,35979.44
2024-07-12,P007,Kids,Levis,3681.54,2590.17,30,2577.08,9,993,3.5,2567.36,23193.72,-117.81
2024-07-19,P007,Kids,Levis,2369.39,1446.24,5,2250.92,38,835,4.1,2331.78,85534.96,30577.84
2024-07-20,P007,Kids,Levis,1059.57,673.48,5,1006.59,76,283,3.3,1035.82,76500.84,25316.36
2024-07-26,P007,Kids,Levis,3400.85,2124.81,0,3400.85,9,477,3.4,3268.51,30607.65,11484.36
2024-07-28,P007,Kids,Levis,3804.08,2283.34,40,2282.45,30,476,3.8,2463.02,68473.5,-26.7
2024-07-30,P007,Kids,Levis,1847.45,1243.35,20,1477.96,90,690,3.3,1425.93,133016.4,21114.9
2024-08-03,P007,Kids,Levis,1805.87,1156.76,10,1625.28,69,842,4.5,1686.12,112144.32,32327.88
2024-08-08,P007,Kids,Levis,581.37,372.41,5,552.3,297,545,3.9,517.58,164033.1,53427.33
2024-08-19,P007,Kids,Levis,1770.24,1075.87,20,1416.19,81,823,4.2,1419.55,114711.39,27565.92
2024-08-25,P007,Kids,Levis,2008.74,1379.18,10,1807.87,12,523,4.9,1750.9,21694.44,5144.28
2024-08-27,P007,Kids,Levis,3427.3,2254.95,5,3255.94,27,907,3.5,3195.91,87910.38,27026.73
2024-09-10,P007,Kids,Levis,3253.39,2207.07,5,3090.72,12,613,4.2,3112.78,37088.64,10603.8
2024-09-11,P007,Kids,Levis,3054.0,2279.25,5,2901.3,27,543,3.7,2674.19,78335.1,16795.35
2024-09-16,P007,Kids,Levis,2158.16,1484.83,20,1726.53,38,582,4.7,1588.85,65608.14,9184.6
2024-09-16,P007,Kids,Levis,3713.19,2203.97,0,3713.19,11,389,3.9,3621.24,40845.09,16601.42
2024-09-24,P007,Kids,Levis,4130.06,2524.61,15,3510.55,6,896,3.5,3816.05,21063.3,5915.64
2024-10-14,P007,Kids,Levis,2462.2,1567.6,5,2339.09,28,882,5.0,2275.62,65494.52,21601.72
2024-10-14,P007,Kids,Levis,2387.98,1343.55,20,1910.38,80,349,3.3,2003.37,152830.4,45346.4
2024-10-23,P007,Kids,Levis,3035.25,1895.06,20,2428.2,80,100,4.8,2528.62,194256.0,42651.2
2024-10-24,P007,Kids,Levis,3907.64,2357.13,40,2344.58,70,313,5.0,2483.65,164120.6,-878.5
2024-10-24,P007,Kids,Levis,2218.2,1301.06,30,1552.74,120,218,4.1,1662.76,186328.8,30201.6
2024-10-27,P007,Kids,Levis,674.48,375.14,10,607.03,145,662,3.2,638.14,88019.35,33624.05
2024-11-02,P007,Kids,Levis,4363.22,2990.92,30,3054.25,41,843,4.6,3171.72,125224.25,2596.53
2024-11-06,P007,Kids,Levis,2573.49,1918.59,10,2316.14,88,337,4.7,2418.05,203820.32,34984.4
2024-11-20,P007,Kids,Levis,4615.93,3302.69,40,2769.56,14,937,4.8,2722.61,38773.84,-7463.82
2024-11-22,P007,Kids,Levis,1955.52,1414.34,10,1759.97,57,536,4.1,1700.31,100318.29,19700.91
2024-12-01,P007,Kids,Levis,1441.96,866.03,20,1153.57,46,687,3.3,1134.82,53064.22,13226.84
2024-12-01,P007,Kids,Levis,4939.27,2808.08,10,4445.34,18,446,3.8,4625.94,80016.12,29470.68
2024-12-12,P007,Kids,Levis,1260.79,877.37,40,756.47,140,127,3.9,693.34,105905.8,-16926.0
2024-12-15,P007,Kids,Levis,2354.33,1437.43,10,2118.9,36,581,4.1,2156.6,76280.4,24532.92
2024-12-19,P007,Kids,Levis,2913.66,2140.98,30,2039.56,78,127,3.9,2024.28,159085.68,-7910.76
2024-12-23,P007,Kids,Levis,4704.66,2810.38,20,3763.73,36,874,4.6,3609.81,135494.28,34320.6
2024-12-24,P007,Kids,Levis,4073.65,2780.16,5,3869.97,35,428,3.7,3799.74,135448.95,38143.35
