Myntra_Clean_Data.csv
date,product_id,category,brand,listed_price,cost_price,discount_pct,final_price,units_sold,inventory_level,rating,competitor_price,revenue,profit
2023-01-06,P021,Men,Puma,1162.54,781.61,10,1046.29,36,924,3.4,944.03,37666.44,9528.48
2023-01-08,P021,Men,Puma,3988.19,2278.09,30,2791.73,21,622,4.6,2868.79,58626.33,10786.44
2023-01-20,P021,Men,Puma,4679.21,3276.84,5,4445.25,21,377,3.6,4161.5,93350.25,24536.61
2023-01-21,P021,Men,Puma,3202.08,2207.97,20,2561.66,11,604,3.6,2775.76,28178.26,3890.59
2023-02-11,P021,Men,Puma,3756.17,2746.08,20,3004.94,6,540,4.1,3180.69,18029.64,1553.16
2023-02-17,P021,Men,Puma,3427.29,2416.83,5,3255.93,25,361,4.4,3561.14,81398.25,20977.5
2023-03-06,P021,Men,Puma,715.92,467.7,30,501.14,270,430,4.8,503.23,135307.8,9028.8
2023-03-06,P021,Men,Puma,972.94,602.81,15,827.0,168,922,3.9,777.36,138936.0,37663.92
2023-03-08,P021,Men,Puma,4333.72,2822.22,30,3033.6,10,302,4.1,3165.14,30336.0,2113.8
2023-03-15,P021,Men,Puma,3741.34,2106.79,15,3180.14,13,492,3.3,2970.35,41341.82,13953.55
2023-03-16,P021,Men,Puma,3136.5,2216.09,15,2666.02,14,724,3.6,2871.24,37324.28,6299.02
2023-03-25,P021,Men,Puma,2631.69,1745.14,40,1579.01,93,485,4.6,1683.38,146847.93,-15450.09
2023-03-26,P021,Men,Puma,3046.84,2111.74,10,2742.16,31,436,3.3,2835.74,85006.96,19543.02
2023-03-26,P021,Men,Puma,1023.13,687.57,10,920.82,135,650,3.6,854.55,124310.7,31488.75
2023-03-31,P021,Men,Puma,2371.32,1348.54,30,1659.92,90,943,3.4,1573.47,149392.8,28024.2
2023-04-01,P021,Men,Puma,4889.68,3422.52,30,3422.78,9,199,3.5,3533.26,30805.02,2.34
2023-04-05,P021,Men,Puma,2483.7,1581.86,30,1738.59,44,607,3.3,1861.62,76497.96,6896.12
2023-04-09,P021,Men,Puma,3230.16,1933.03,30,2261.11,20,246,4.3,2466.8,45222.2,6561.6
2023-04-10,P021,Men,Puma,2368.04,1719.65,0,2368.04,10,311,4.3,2504.82,23680.4,6483.9
2023-04-18,P021,Men,Puma,521.8,319.77,40,313.08,465,426,4.0,329.2,145582.2,-3110.85
2023-04-26,P021,Men,Puma,2055.98,1187.17,10,1850.38,10,664,3.9,1943.97,18503.8,6632.1
2023-05-12,P021,Men,Puma,1759.84,1017.84,15,1495.86,18,609,4.4,1534.65,26925.48,8604.36
2023-05-22,P021,Men,Puma,3519.5,2023.57,40,2111.7,44,961,3.8,2000.85,92914.8,3877.72
2023-05-25,P021,Men,Puma,3643.22,2521.06,15,3096.74,23,329,3.2,3316.51,71225.02,13240.64
2023-06-02,P021,Men,Puma,2272.2,1493.99,10,2044.98,52,498,4.4,1853.69,106338.96,28651.48
2023-06-02,P021,Men,Puma,1195.46,863.33,5,1135.69,24,889,4.4,1136.77,27256.56,6536.64
2023-06-05,P021,Men,Puma,3217.99,2048.74,0,3217.99,5,184,4.9,3317.31,16089.95,5846.25
2023-06-10,P021,Men,Puma,988.65,740.34,40,593.19,64,658,4.1,593.91,37964.16,-9417.6
2023-06-10,P021,Men,Puma,4186.26,2526.37,0,4186.26,17,115,3.4,3936.04,71166.42,28218.13
2023-06-11,P021,Men,Puma,1436.44,845.27,15,1220.97,28,599,4.4,1168.76,34187.16,10519.6
2023-06-12,P021,Men,Puma,4374.68,3237.59,40,2624.81,5,783,4.9,2484.23,13124.05,-3063.9
2023-06-13,P021,Men,Puma,2477.59,1486.36,30,1734.31,58,420,4.6,1765.56,100589.98,14381.1
2023-06-16,P021,Men,Puma,4126.61,2887.56,20,3301.29,26,151,4.9,3484.82,85833.54,10756.98
2023-06-18,P021,Men,Puma,4470.09,2839.13,15,3799.58,25,690,3.2,4064.0,94989.5,24011.25
2023-06-18,P021,Men,Puma,2681.74,1476.46,5,2547.65,19,354,4.3,2344.36,48405.35,20352.61
2023-06-19,P021,Men,Puma,2403.04,1790.33,15,2042.58,14,705,3.6,1861.78,28596.12,3531.5
2023-06-22,P021,Men,Puma,1812.85,1213.61,5,1722.21,58,787,4.8,1728.07,99888.18,29498.8
2023-07-13,P021,Men,Puma,2698.43,1760.7,40,1619.06,63,875,4.5,1766.06,102000.78,-8923.32
2023-07-29,P021,Men,Puma,4554.76,2958.22,0,4554.76,14,633,4.6,4428.96,63766.64,22351.56
2023-08-07,P021,Men,Puma,2647.14,1541.75,30,1853.0,32,851,4.9,1944.21,59296.0,9960.0
2023-08-10,P021,Men,Puma,2338.02,1571.4,20,1870.42,12,675,3.3,1956.2,22445.04,3588.24
2023-08-14,P021,Men,Puma,1251.02,757.34,30,875.71,60,936,4.6,903.27,52542.6,7102.2
2023-08-15,P021,Men,Puma,1798.29,1104.52,5,1708.38,52,186,4.0,1818.26,88835.76,31400.72
2023-08-19,P021,Men,Puma,2317.35,1495.96,10,2085.61,50,118,4.6,1960.54,104280.5,29482.5
2023-08-19,P021,Men,Puma,1011.67,657.65,40,607.0,240,893,3.6,579.98,145680.0,-12156.0
2023-08-24,P021,Men,Puma,2687.36,1636.63,5,2552.99,32,683,3.8,2689.43,81695.68,29323.52
2023-08-25,P021,Men,Puma,2273.24,1455.53,15,1932.25,24,281,3.3,1975.58,46374.0,11441.28
2023-08-29,P021,Men,Puma,3923.38,2723.58,5,3727.21,23,343,4.8,4034.8,85725.83,23083.49
2023-08-29,P021,Men,Puma,904.63,530.71,5,859.4,95,570,4.1,867.36,81643.0,31225.55
2023-08-30,P021,Men,Puma,708.8,523.71,10,637.92,210,241,3.7,594.09,133963.2,23984.1
2023-09-05,P021,Men,Puma,1977.88,1423.99,0,1977.88,20,719,4.3,2051.21,39557.6,11077.8
2023-09-07,P021,Men,Puma,1538.71,875.91,15,1307.9,102,801,4.1,1265.8,133405.8,44062.98
2023-09-23,P021,Men,Puma,4460.86,2566.58,5,4237.82,17,175,4.0,4057.06,72042.94,28411.08
2023-09-24,P021,Men,Puma,2160.47,1587.28,5,2052.45,44,971,4.0,2200.77,90307.8,20467.48
2023-09-30,P021,Men,Puma,2700.53,1692.12,5,2565.5,33,222,4.3,2536.95,84661.5,28821.54
2023-10-06,P021,Men,Puma,3293.18,2043.34,20,2634.54,20,750,4.7,2504.91,52690.8,11824.0
2023-10-08,P021,Men,Puma,2095.17,1537.11,15,1780.89,26,774,4.5,1692.69,46303.14,6338.28
2023-10-17,P021,Men,Puma,2461.19,1660.39,30,1722.83,72,284,3.4,1796.54,124043.76,4495.68
2023-11-01,P021,Men,Puma,779.94,504.8,10,701.95,109,821,3.8,745.31,76512.55,21489.35
2023-11-02,P021,Men,Puma,3153.63,1981.9,10,2838.27,29,546,4.5,2865.2,82309.83,24834.73
2023-11-11,P021,Men,Puma,1172.53,697.97,40,703.52,309,341,4.8,769.66,217387.68,1714.95
2023-11-11,P021,Men,Puma,1468.24,810.52,0,1468.24,113,375,3.8,1399.56,165911.12,74322.36
2023-11-11,P021,Men,Puma,3086.35,2205.72,0,3086.35,18,997,4.7,3186.43,55554.3,15851.34
2023-11-19,P021,Men,Puma,1745.51,1143.55,20,1396.41,66,420,3.7,1384.79,92163.06,16688.76
2023-11-27,P021,Men,Puma,2624.94,1922.06,5,2493.69,13,558,3.9,2515.0,32417.97,7431.19
2023-12-15,P021,Men,Puma,1821.52,1248.61,5,1730.44,67,561,4.7,1650.28,115939.48,32282.61
2023-12-18,P021,Men,Puma,4167.72,2399.15,0,4167.72,28,820,4.0,4355.82,116696.16,49519.96
2023-12-22,P021,Men,Puma,3867.21,2461.5,0,3867.21,41,875,4.4,4107.0,158555.61,57634.11
2023-12-31,P021,Men,Puma,3646.38,2091.69,30,2552.47,37,187,3.8,2677.71,94441.39,17048.86
2024-01-07,P021,Men,Puma,3401.06,2066.66,30,2380.74,38,142,3.2,2481.75,90468.12,11935.04
2024-01-11,P021,Men,Puma,2478.53,1740.61,10,2230.68,44,537,4.2,2213.09,98149.92,21563.08
2024-01-13,P021,Men,Puma,2107.69,1283.35,0,2107.69,42,468,4.0,1964.53,88522.98,34622.28
2024-01-18,P021,Men,Puma,1039.1,764.61,30,727.37,108,250,3.3,716.47,78555.96,-4021.92
2024-01-30,P021,Men,Puma,2853.03,2023.11,20,2282.42,42,606,4.0,2152.1,95861.64,10891.02
2024-01-30,P021,Men,Puma,4412.08,2874.06,40,2647.25,17,456,3.5,2611.05,45003.25,-3855.77
2024-02-07,P021,Men,Puma,1271.69,834.19,5,1208.11,108,472,4.4,1325.28,130475.88,40383.36
2024-02-20,P021,Men,Puma,1985.32,1328.32,30,1389.72,63,478,5.0,1516.62,87552.36,3868.2
2024-02-26,P021,Men,Puma,1264.22,713.93,0,1264.22,24,944,4.6,1277.36,30341.28,13206.96
2024-02-26,P021,Men,Puma,764.86,463.08,30,535.4,270,283,4.2,533.6,144558.0,19526.4
2024-02-27,P021,Men,Puma,2084.69,1466.42,30,1459.28,15,462,3.4,1520.33,21889.2,-107.1
2024-02-29,P021,Men,Puma,507.82,356.5,15,431.65,198,592,4.9,395.15,85466.7,14879.7
2024-03-03,P021,Men,Puma,2217.27,1552.98,15,1884.68,62,573,3.5,2019.12,116850.16,20565.4
2024-03-05,P021,Men,Puma,2209.39,1284.78,30,1546.57,66,503,3.4,1691.02,102073.62,17278.14
2024-03-17,P021,Men,Puma,3086.12,1800.27,30,2160.28,12,634,3.6,2218.99,25923.36,4320.12
2024-03-22,P021,Men,Puma,1296.04,751.25,5,1231.24,56,736,4.7,1121.51,68949.44,26879.44
2024-03-22,P021,Men,Puma,1230.85,861.88,0,1230.85,32,348,4.6,1184.93,39387.2,11807.04
2024-03-28,P021,Men,Puma,3898.02,2553.95,40,2338.81,12,993,4.4,2414.73,28065.72,-2581.68
2024-04-06,P021,Men,Puma,2034.31,1366.05,15,1729.16,20,714,4.4,1874.95,34583.2,7262.2
2024-04-07,P021,Men,Puma,3705.73,2351.49,20,2964.58,24,220,3.7,3142.0,71149.92,14714.16
2024-04-07,P021,Men,Puma,3785.49,2309.24,10,3406.94,13,765,3.5,3095.65,44290.22,14270.1
2024-04-08,P021,Men,Puma,3733.58,2569.74,0,3733.58,31,210,4.0,3726.94,115740.98,36079.04
2024-04-22,P021,Men,Puma,707.76,488.14,15,601.6,168,727,4.0,577.09,101068.8,19061.28
2024-04-24,P021,Men,Puma,4177.39,2473.7,0,4177.39,26,107,3.7,4329.78,108612.14,44295.94
2024-04-30,P021,Men,Puma,4586.3,2609.02,0,4586.3,25,705,4.6,4882.39,114657.5,49432.0
2024-05-01,P021,Men,Puma,2131.2,1450.64,0,2131.2,52,173,4.5,1923.1,110822.4,35389.12
2024-05-10,P021,Men,Puma,580.87,403.81,20,464.7,320,989,3.8,476.84,148704.0,19484.8
2024-05-11,P021,Men,Puma,1641.62,983.95,40,984.97,30,486,3.7,942.58,29549.1,30.6
2024-05-11,P021,Men,Puma,2171.01,1539.86,15,1845.36,42,115,4.1,1725.84,77505.12,12831.0
2024-05-11,P021,Men,Puma,2359.29,1653.77,40,1415.57,15,384,4.9,1381.68,21233.55,-3573.0
2024-05-20,P021,Men,Puma,4642.34,3233.92,15,3945.99,10,569,3.8,3703.4,39459.9,7120.7
2024-05-20,P021,Men,Puma,2863.32,1683.93,15,2433.82,68,914,3.8,2193.18,165499.76,50992.52
2024-05-26,P021,Men,Puma,1100.24,676.67,10,990.22,165,140,4.8,946.71,163386.3,51735.75
2024-06-02,P021,Men,Puma,4823.84,2929.2,15,4100.26,19,254,3.4,3761.96,77904.94,22250.14
2024-06-04,P021,Men,Puma,4482.85,2897.55,0,4482.85,6,758,4.2,4304.67,26897.1,9511.8
2024-06-05,P021,Men,Puma,4725.51,2775.48,0,4725.51,10,948,3.6,4955.65,47255.1,19500.3
2024-06-08,P021,Men,Puma,1480.27,895.57,30,1036.19,132,179,3.2,1125.67,136777.08,18561.84
2024-06-23,P021,Men,Puma,4731.75,2929.02,10,4258.58,32,900,4.6,3909.64,136274.56,42545.92
2024-07-10,P021,Men,Puma,1898.2,1197.2,0,1898.2,32,343,4.6,1794.6,60742.4,22432.0
2024-07-27,P021,Men,Puma,2897.15,1733.01,40,1738.29,68,113,3.6,1865.04,118203.72,359.04
2024-08-05,P021,Men,Puma,4703.37,3448.91,5,4468.2,33,412,3.7,4103.04,147450.6,33636.57
2024-08-07,P021,Men,Puma,3158.42,2014.8,15,2684.66,27,345,4.8,2714.43,72485.82,18086.22
2024-08-26,P021,Men,Puma,4019.54,2789.25,40,2411.72,46,244,3.2,2200.86,110939.12,-17366.38
2024-09-16,P021,Men,Puma,2889.51,1752.1,0,2889.51,5,200,4.9,2723.59,14447.55,5687.05
2024-09-24,P021,Men,Puma,4254.41,2810.68,40,2552.65,32,357,4.0,2560.59,81684.8,-8256.96
2024-09-27,P021,Men,Puma,2033.58,1466.93,20,1626.86,96,217,4.8,1636.25,156178.56,15353.28
2024-10-05,P021,Men,Puma,1468.15,845.45,10,1321.34,101,561,4.5,1288.22,133455.34,48064.89
2024-10-07,P021,Men,Puma,3793.83,2276.85,20,3035.06,37,920,3.5,3286.61,112297.22,28053.77
2024-10-10,P021,Men,Puma,3564.26,2053.69,0,3564.26,7,989,4.8,3360.56,24949.82,10573.99
2024-10-10,P021,Men,Puma,2561.69,1615.4,5,2433.61,83,308,4.8,2567.5,201989.63,67911.43
2024-10-11,P021,Men,Puma,4426.79,2593.44,40,2656.07,33,843,4.2,2445.69,87650.31,2066.79
2024-10-12,P021,Men,Puma,2592.84,1495.84,30,1814.99,13,485,3.3,1854.76,23594.87,4148.95
2024-10-24,P021,Men,Puma,2037.71,1497.4,20,1630.17,97,868,3.9,1553.1,158126.49,12878.69
2024-10-29,P021,Men,Puma,4547.26,3314.21,0,4547.26,14,188,3.4,4511.16,63661.64,17262.7
2024-11-04,P021,Men,Puma,4457.23,2502.74,15,3788.65,35,449,4.4,3825.42,132602.75,45006.85
2024-11-04,P021,Men,Puma,3186.72,1804.55,20,2549.38,41,535,3.6,2583.58,104524.58,30538.03
2024-11-07,P021,Men,Puma,2271.75,1527.21,0,2271.75,36,963,4.1,2249.74,81783.0,26803.44
2024-11-13,P021,Men,Puma,3594.39,2109.2,0,3594.39,40,243,4.0,3480.22,143775.6,59407.6
2024-11-13,P021,Men,Puma,4061.98,3037.51,40,2437.19,54,308,3.2,2381.33,131608.26,-32417.28
2024-11-21,P021,Men,Puma,2000.07,1438.89,10,1800.06,13,250,3.2,1708.5,23400.78,4695.21
2024-11-23,P021,Men,Puma,1377.39,944.47,40,826.43,234,957,4.9,773.07,193384.62,-27621.36
2024-11-30,P021,Men,Puma,2752.83,2064.02,40,1651.7,120,257,4.6,1726.32,198204.0,-49478.4
2024-12-03,P021,Men,Puma,1836.68,1151.0,5,1744.85,54,236,4.7,1605.42,94221.9,32067.9
2024-12-15,P021,Men,Puma,1527.57,1031.24,15,1298.43,117,581,4.6,1264.55,151916.31,31261.23
2024-12-19,P021,Men,Puma,1563.59,1042.1,30,1094.51,93,447,4.1,1125.12,101789.43,4874.13
2024-12-28,P021,Men,Puma,2531.8,1400.48,0,2531.8,41,455,4.9,2410.68,103803.8,46384.12
