Myntra_Clean_Data.csv
date,product_id,category,brand,listed_price,cost_price,discount_pct,final_price,units_sold,inventory_level,rating,competitor_price,revenue,profit
2023-01-06,P025,Men,Nike,964.66,620.01,20,771.73,48,170,4.9,831.54,37043.04,7282.56
2023-01-08,P025,Men,Nike,790.99,517.91,15,672.34,70,426,4.1,626.76,47063.8,10810.1
2023-01-15,P025,Men,Nike,1989.26,1145.67,40,1193.56,92,402,4.5,1112.98,109807.52,4405.88
2023-01-20,P025,Men,Nike,2291.51,1549.6,5,2176.93,46,529,3.6,2170.08,100138.78,28857.18
2023-01-22,P025,Men,Nike,807.6,582.5,20,646.08,238,320,3.3,679.86,153767.04,15132.04
2023-02-03,P025,Men,Nike,797.58,445.83,30,558.31,232,838,4.2,528.9,129527.92,26095.36
2023-02-18,P025,Men,Nike,2457.31,1812.19,15,2088.71,20,701,3.3,2183.93,41774.2,5530.4
2023-02-19,P025,Men,Nike,1223.11,759.94,20,978.49,25,481,4.0,975.66,24462.25,5463.75
2023-03-01,P025,Men,Nike,1455.83,804.52,40,873.5,155,849,5.0,803.86,135392.5,10691.9
2023-03-14,P025,Men,Nike,2892.12,2164.97,0,2892.12,23,801,4.9,3084.9,66518.76,16724.45
2023-03-15,P025,Men,Nike,3128.58,1951.99,30,2190.01,18,164,4.1,2209.15,39420.18,4284.36
2023-03-26,P025,Men,Nike,3694.64,2481.73,10,3325.18,21,341,3.2,3311.54,69828.78,17712.45
2023-03-29,P025,Men,Nike,4017.19,2859.11,15,3414.61,22,282,4.5,3650.8,75121.42,12221.0
2023-04-04,P025,Men,Nike,718.73,448.87,30,503.11,45,998,3.5,455.11,22639.95,2440.8
2023-04-05,P025,Men,Nike,1703.09,1238.2,40,1021.85,88,563,4.8,1060.78,89922.8,-19038.8
2023-04-21,P025,Men,Nike,1385.13,816.6,15,1177.36,84,233,4.5,1241.89,98898.24,30303.84
2023-04-24,P025,Men,Nike,644.66,365.96,15,547.96,180,411,4.9,530.02,98632.8,32760.0
2023-05-02,P025,Men,Nike,3920.42,2537.6,30,2744.29,9,525,4.3,2701.7,24698.61,1860.21
2023-05-03,P025,Men,Nike,1284.92,744.38,5,1220.67,108,800,3.5,1211.91,131832.36,51439.32
2023-05-05,P025,Men,Nike,2798.77,1697.36,20,2239.02,50,887,3.5,2337.04,111951.0,27083.0
2023-05-07,P025,Men,Nike,2185.75,1285.01,30,1530.02,102,835,3.5,1384.79,156062.04,24991.02
2023-05-08,P025,Men,Nike,1405.76,967.83,15,1194.9,32,108,4.9,1243.46,38236.8,7266.24
2023-05-09,P025,Men,Nike,3245.95,2088.29,10,2921.36,10,953,3.6,3065.95,29213.6,8330.7
2023-05-10,P025,Men,Nike,1683.5,1165.07,15,1430.98,30,483,3.6,1419.9,42929.4,7977.3
2023-05-20,P025,Men,Nike,4828.46,3172.91,30,3379.92,28,993,4.0,3125.38,94637.76,5796.28
2023-05-21,P025,Men,Nike,895.09,516.92,20,716.07,102,842,4.2,704.93,73039.14,20313.3
2023-06-04,P025,Men,Nike,3774.81,2329.53,30,2642.37,12,455,4.5,2770.95,31708.44,3754.08
2023-06-04,P025,Men,Nike,2130.22,1407.28,20,1704.18,38,197,4.1,1802.23,64758.84,11282.2
2023-06-10,P025,Men,Nike,4839.24,2873.52,15,4113.35,8,776,3.8,3765.7,32906.8,9918.64
2023-06-12,P025,Men,Nike,4123.45,2331.12,10,3711.1,32,377,3.6,3362.37,118755.2,44159.36
2023-06-15,P025,Men,Nike,4208.63,2495.94,15,3577.34,27,927,4.5,3905.05,96588.18,29197.8
2023-06-16,P025,Men,Nike,2717.83,1653.33,15,2310.16,24,146,4.0,2319.63,55443.84,15763.92
2023-06-18,P025,Men,Nike,2041.04,1489.73,15,1734.88,22,678,3.7,1675.06,38167.36,5393.3
2023-06-19,P025,Men,Nike,4035.14,2592.54,10,3631.63,21,981,4.3,3686.67,76264.23,21820.89
2023-06-23,P025,Men,Nike,2194.87,1549.49,0,2194.87,60,470,4.4,2401.46,131692.2,38722.8
2023-07-08,P025,Men,Nike,2093.4,1232.53,15,1779.39,14,929,3.5,1689.45,24911.46,7656.04
2023-07-19,P025,Men,Nike,1833.41,1229.07,20,1466.73,36,742,4.1,1530.22,52802.28,8555.76
2023-07-19,P025,Men,Nike,636.27,382.8,15,540.83,198,300,3.9,502.28,107084.34,31289.94
2023-07-20,P025,Men,Nike,2173.48,1451.05,40,1304.09,33,500,4.3,1360.76,43034.97,-4849.68
2023-08-13,P025,Men,Nike,4779.81,3023.22,5,4540.82,31,662,4.6,4397.1,140765.42,47045.6
2023-08-16,P025,Men,Nike,706.52,417.28,30,494.56,50,709,4.1,461.83,24728.0,3864.0
2023-08-16,P025,Men,Nike,3148.48,2340.17,5,2991.06,27,863,4.6,2692.69,80758.62,17574.03
2023-08-20,P025,Men,Nike,4765.49,3045.38,0,4765.49,33,278,3.6,4777.27,157261.17,56763.63
2023-08-24,P025,Men,Nike,1462.34,918.42,15,1242.99,84,860,4.7,1184.82,104411.16,27263.88
2023-08-27,P025,Men,Nike,2615.62,1682.56,10,2354.06,32,956,3.8,2461.18,75329.92,21488.0
2023-08-27,P025,Men,Nike,4469.23,2975.79,30,3128.46,31,771,3.5,3368.08,96982.26,4732.77
2023-08-28,P025,Men,Nike,807.37,584.21,30,565.16,256,665,3.4,600.63,144680.96,-4876.8
2023-08-28,P025,Men,Nike,1526.93,987.89,5,1450.58,63,520,3.7,1512.9,91386.54,29149.47
2023-09-02,P025,Men,Nike,4396.14,2661.91,5,4176.33,20,297,3.4,3824.62,83526.6,30288.4
2023-09-04,P025,Men,Nike,2171.95,1443.31,10,1954.76,40,279,4.7,1987.61,78190.4,20458.0
2023-09-07,P025,Men,Nike,3722.87,2501.56,30,2606.01,22,906,5.0,2755.22,57332.22,2297.9
2023-09-08,P025,Men,Nike,521.23,385.9,5,495.17,330,284,4.2,470.83,163406.1,36059.1
2023-09-15,P025,Men,Nike,4396.43,3250.49,5,4176.61,29,365,4.3,3936.94,121121.69,26857.48
2023-09-16,P025,Men,Nike,3285.34,2025.05,15,2792.54,28,625,4.6,3009.64,78191.12,21489.72
2023-09-26,P025,Men,Nike,4911.3,3143.97,10,4420.17,17,860,3.6,4607.91,75142.89,21695.4
2023-09-30,P025,Men,Nike,1960.79,1467.58,5,1862.75,28,804,4.1,1850.4,52157.0,11064.76
2023-10-08,P025,Men,Nike,606.17,379.72,40,363.7,557,694,4.9,331.09,202580.9,-8923.14
2023-10-11,P025,Men,Nike,2246.74,1368.03,5,2134.4,67,825,4.4,2321.68,143004.8,51346.79
2023-11-02,P025,Men,Nike,2627.43,1845.86,0,2627.43,19,266,3.4,2657.98,49921.17,14849.83
2023-11-02,P025,Men,Nike,2445.47,1561.05,0,2445.47,26,490,4.9,2470.69,63582.22,22994.92
2023-11-04,P025,Men,Nike,4815.64,3575.77,0,4815.64,29,383,4.0,4428.57,139653.56,35956.23
2023-11-12,P025,Men,Nike,2566.25,1722.32,0,2566.25,22,660,3.9,2453.83,56457.5,18566.46
2023-11-16,P025,Men,Nike,3391.79,2427.81,20,2713.43,16,800,4.1,2972.74,43414.88,4569.92
2023-12-06,P025,Men,Nike,1899.63,1103.14,0,1899.63,36,576,3.4,1775.38,68386.68,28673.64
2023-12-27,P025,Men,Nike,4543.45,2566.59,30,3180.41,36,220,4.3,2956.81,114494.76,22097.52
2023-12-29,P025,Men,Nike,870.53,590.02,30,609.37,197,445,4.6,600.84,120045.89,3811.95
2024-01-02,P025,Men,Nike,4791.61,3062.83,40,2874.97,32,370,3.6,2864.03,91999.04,-6011.52
2024-01-08,P025,Men,Nike,4053.12,2968.01,10,3647.81,6,568,3.8,3687.81,21886.86,4078.8
2024-01-11,P025,Men,Nike,2250.24,1457.17,40,1350.14,21,647,4.4,1481.3,28352.94,-2247.63
2024-01-14,P025,Men,Nike,3222.49,2409.82,5,3061.37,26,776,5.0,3090.49,79595.62,16940.3
2024-01-16,P025,Men,Nike,1443.35,914.08,30,1010.34,88,963,4.8,960.06,88909.92,8470.88
2024-01-27,P025,Men,Nike,3540.35,2461.88,15,3009.3,13,948,3.4,3004.76,39120.9,7116.46
2024-02-04,P025,Men,Nike,4720.61,2889.14,15,4012.52,20,524,4.1,4196.38,80250.4,22467.6
2024-02-04,P025,Men,Nike,1359.52,943.29,0,1359.52,60,143,4.3,1229.92,81571.2,24973.8
2024-02-06,P025,Men,Nike,4772.58,3149.03,10,4295.32,27,680,4.7,4186.9,115973.64,30949.83
2024-02-19,P025,Men,Nike,3298.04,2470.87,40,1978.82,38,732,4.0,1909.9,75195.16,-18697.9
2024-02-21,P025,Men,Nike,2799.08,1780.51,40,1679.45,16,880,4.7,1839.67,26871.2,-1616.96
2024-03-04,P025,Men,Nike,4672.18,3116.4,15,3971.35,22,391,3.8,4093.2,87369.7,18808.9
2024-03-15,P025,Men,Nike,2395.59,1530.11,0,2395.59,40,901,3.9,2355.58,95823.6,34619.2
2024-03-28,P025,Men,Nike,3757.02,2739.42,30,2629.91,27,988,3.3,2761.15,71007.57,-2956.77
2024-04-03,P025,Men,Nike,4019.22,2547.19,0,4019.22,16,595,3.5,4119.32,64307.52,23552.48
2024-04-09,P025,Men,Nike,824.75,585.4,20,659.8,42,165,3.5,606.07,27711.6,3124.8
2024-04-20,P025,Men,Nike,1254.5,797.16,40,752.7,54,800,4.4,754.17,40645.8,-2400.84
2024-04-24,P025,Men,Nike,2807.86,1618.4,20,2246.29,18,699,4.8,2308.81,40433.22,11302.02
2024-06-03,P025,Men,Nike,2359.83,1506.92,10,2123.85,16,532,3.5,2004.91,33981.6,9870.88
2024-06-19,P025,Men,Nike,1255.5,803.46,5,1192.72,96,423,3.7,1088.45,114501.12,37368.96
2024-07-09,P025,Men,Nike,2528.61,1830.52,20,2022.89,30,509,4.1,1864.72,60686.7,5771.1
2024-07-10,P025,Men,Nike,4838.59,2819.67,30,3387.01,7,641,3.6,3577.85,23709.07,3971.38
2024-07-14,P025,Men,Nike,3028.5,2165.94,0,3028.5,16,584,3.5,3088.89,48456.0,13800.96
2024-07-23,P025,Men,Nike,1995.05,1415.75,15,1695.79,58,703,3.7,1858.32,98355.82,16242.32
2024-07-24,P025,Men,Nike,1077.56,699.57,15,915.93,75,737,3.4,837.09,68694.75,16227.0
2024-07-25,P025,Men,Nike,3962.23,2969.98,0,3962.23,20,860,4.9,4241.28,79244.6,19845.0
2024-07-29,P025,Men,Nike,661.83,396.26,30,463.28,340,568,3.8,420.76,157515.2,22786.8
2024-08-04,P025,Men,Nike,4303.72,2758.37,0,4303.72,17,714,4.3,4692.42,73163.24,26270.95
2024-08-04,P025,Men,Nike,2692.59,1643.64,10,2423.33,14,722,3.6,2319.3,33926.62,10915.66
2024-08-06,P025,Men,Nike,1251.03,755.92,0,1251.03,33,925,3.8,1346.31,41283.99,16338.63
2024-08-08,P025,Men,Nike,4177.77,2529.46,15,3551.1,25,377,4.7,3442.42,88777.5,25541.0
2024-08-09,P025,Men,Nike,3440.03,2343.05,15,2924.03,31,907,4.1,3198.11,90644.93,18010.38
2024-08-22,P025,Men,Nike,1294.97,777.95,30,906.48,145,441,3.4,871.33,131439.6,18636.85
2024-08-22,P025,Men,Nike,2227.06,1270.71,20,1781.65,54,954,3.9,1895.0,96209.1,27590.76
2024-08-23,P025,Men,Nike,2623.53,1643.86,10,2361.18,62,711,4.8,2278.38,146393.16,44473.84
2024-08-26,P025,Men,Nike,3760.19,2732.04,10,3384.17,7,326,3.8,3101.57,23689.19,4564.91
2024-08-29,P025,Men,Nike,749.44,538.44,10,674.5,161,642,3.9,739.57,108594.5,21905.66
2024-08-31,P025,Men,Nike,1205.07,711.35,0,1205.07,100,962,4.0,1160.64,120507.0,49372.0
2024-09-02,P025,Men,Nike,4469.52,2881.97,10,4022.57,22,721,3.2,3925.03,88496.54,25093.2
2024-09-12,P025,Men,Nike,4308.89,3125.31,15,3662.56,7,985,4.7,3543.61,25637.92,3760.75
2024-09-13,P025,Men,Nike,4196.86,2546.89,0,4196.86,30,537,3.3,4445.21,125905.8,49499.1
2024-09-20,P025,Men,Nike,4326.04,3092.8,15,3677.13,19,625,3.3,3874.94,69865.47,11102.27
2024-09-28,P025,Men,Nike,4529.75,3302.58,5,4303.26,26,510,4.4,4596.09,111884.76,26017.68
2024-10-03,P025,Men,Nike,4316.84,3201.47,0,4316.84,14,653,3.8,4048.64,60435.76,15615.18
2024-10-10,P025,Men,Nike,4725.1,2710.16,40,2835.06,32,957,3.3,3114.86,90721.92,3996.8
2024-10-13,P025,Men,Nike,3115.34,2205.34,40,1869.2,65,675,4.4,1870.47,121498.0,-21849.1
2024-10-14,P025,Men,Nike,1427.04,906.77,40,856.22,195,999,3.6,879.95,166962.9,-9857.25
2024-10-15,P025,Men,Nike,1028.42,612.39,20,822.74,46,460,3.4,894.64,37846.04,9676.1
2024-10-16,P025,Men,Nike,1287.73,808.7,15,1094.57,166,936,3.5,1028.51,181698.62,47454.42
2024-10-19,P025,Men,Nike,3524.75,2058.36,15,2996.04,29,155,3.9,2989.83,86885.16,27192.72
2024-10-25,P025,Men,Nike,977.52,692.72,20,782.02,171,807,4.2,767.73,133725.42,15270.3
2024-10-27,P025,Men,Nike,3966.01,2448.85,10,3569.41,32,520,3.2,3437.89,114221.12,35857.92
2024-10-27,P025,Men,Nike,4557.08,2836.27,20,3645.66,42,241,5.0,3739.34,153117.72,33994.38
2024-10-30,P025,Men,Nike,3977.63,2873.45,30,2784.34,22,190,4.0,2536.85,61255.48,-1960.42
2024-11-05,P025,Men,Nike,1210.38,869.76,40,726.23,39,380,3.7,679.68,28322.97,-5597.67
2024-11-06,P025,Men,Nike,2657.24,1707.42,10,2391.52,15,130,3.5,2204.06,35872.8,10261.5
2024-11-09,P025,Men,Nike,1985.32,1404.02,30,1389.72,120,182,4.3,1344.2,166766.4,-1716.0
2024-11-11,P025,Men,Nike,4053.41,2936.74,0,4053.41,11,531,3.5,4294.13,44587.51,12283.37
2024-11-11,P025,Men,Nike,4820.5,2759.34,10,4338.45,9,180,4.2,4441.94,39046.05,14211.99
2024-11-20,P025,Men,Nike,2491.09,1508.38,10,2241.98,83,923,4.4,2260.21,186084.34,60888.8
2024-11-24,P025,Men,Nike,4440.09,3149.04,15,3774.08,11,912,4.7,3714.54,41514.88,6875.44
2024-12-01,P025,Men,Nike,3783.74,2480.41,0,3783.74,33,929,4.0,3663.51,124863.42,43009.89
2024-12-10,P025,Men,Nike,967.53,629.74,5,919.15,84,121,3.5,857.38,77208.6,24310.44
2024-12-16,P025,Men,Nike,1571.09,1016.38,0,1571.09,70,173,4.9,1672.08,109976.3,38829.7
2024-12-21,P025,Men,Nike,2673.0,1820.8,15,2272.05,78,848,4.1,2493.23,177219.9,35197.5
2024-12-23,P025,Men,Nike,3960.43,2378.68,15,3366.37,26,354,4.7,3562.83,87525.62,25679.94
2024-12-25,P025,Men,Nike,1588.29,904.41,20,1270.63,120,130,4.9,1356.88,152475.6,43946.4
2024-12-31,P025,Men,Nike,2790.11,1612.3,30,1953.08,20,251,4.9,2070.32,39061.6,6815.6
