Myntra_Clean_Data.csv
date,product_id,category,brand,listed_price,cost_price,discount_pct,final_price,units_sold,inventory_level,rating,competitor_price,revenue,profit
2023-01-07,P022,Accessories,Puma,1424.22,938.35,20,1139.38,76,797,3.5,1153.42,86592.88,15278.28
2023-01-23,P022,Accessories,Puma,3433.88,2147.32,5,3262.19,31,770,3.9,3546.0,101127.89,34560.97
2023-02-07,P022,Accessories,Puma,3761.84,2582.87,0,3761.84,9,795,3.5,3554.73,33856.56,10610.73
2023-02-08,P022,Accessories,Puma,4023.88,2593.18,20,3219.1,19,173,3.8,3287.94,61162.9,11892.48
2023-02-09,P022,Accessories,Puma,1954.31,1398.97,0,1954.31,42,802,4.3,1906.38,82081.02,23324.28
2023-02-11,P022,Accessories,Puma,3979.76,2954.79,15,3382.8,16,154,4.3,3708.57,54124.8,6848.16
2023-02-17,P022,Accessories,Puma,4867.59,3374.73,0,4867.59,11,945,3.2,5336.5,53543.49,16421.46
2023-02-17,P022,Accessories,Puma,4762.72,2824.97,20,3810.18,5,225,3.8,4024.58,19050.9,4926.05
2023-02-22,P022,Accessories,Puma,4272.36,2495.49,5,4058.74,32,419,3.7,4325.18,129879.68,50024.0
2023-02-23,P022,Accessories,Puma,734.21,504.48,10,660.79,231,542,4.3,680.73,152642.49,36107.61
2023-02-23,P022,Accessories,Puma,746.81,446.79,30,522.77,90,521,4.1,555.28,47049.3,6838.2
2023-02-28,P022,Accessories,Puma,1796.75,1243.97,20,1437.4,57,610,4.8,1365.03,81931.8,11025.51
2023-03-28,P022,Accessories,Puma,3665.61,2304.68,0,3665.61,21,207,4.6,3604.61,76977.81,28579.53
2023-03-30,P022,Accessories,Puma,751.32,525.65,40,450.79,132,514,3.2,412.85,59504.28,-9881.52
2023-04-02,P022,Accessories,Puma,1376.39,1002.12,20,1101.11,120,500,3.7,1124.32,132133.2,11878.8
2023-04-15,P022,Accessories,Puma,599.32,438.5,20,479.46,300,509,4.1,456.15,143838.0,12288.0
2023-04-20,P022,Accessories,Puma,2599.2,1787.98,10,2339.28,22,233,4.3,2256.81,51464.16,12128.6
2023-04-25,P022,Accessories,Puma,1618.14,1192.07,20,1294.51,69,118,3.6,1390.07,89321.19,7068.36
2023-04-28,P022,Accessories,Puma,1426.09,900.87,40,855.65,135,742,3.4,784.55,115512.75,-6104.7
2023-04-29,P022,Accessories,Puma,1321.11,796.2,40,792.67,114,180,4.7,736.62,90364.38,-402.42
2023-05-07,P022,Accessories,Puma,2420.03,1407.9,40,1452.02,84,951,4.0,1556.57,121969.68,3706.08
2023-05-08,P022,Accessories,Puma,2500.78,1825.28,10,2250.7,20,552,4.9,2300.38,45014.0,8508.4
2023-05-18,P022,Accessories,Puma,1451.9,835.99,20,1161.52,124,308,3.9,1050.34,144028.48,40365.72
2023-05-24,P022,Accessories,Puma,1802.37,1247.06,0,1802.37,22,772,4.2,1937.88,39652.14,12216.82
2023-05-29,P022,Accessories,Puma,4778.25,2827.53,40,2866.95,20,846,3.9,2953.98,57339.0,788.4
2023-05-30,P022,Accessories,Puma,1207.93,734.38,20,966.34,95,487,5.0,953.3,91802.3,22036.2
2023-06-05,P022,Accessories,Puma,1736.74,1283.03,40,1042.04,92,431,3.9,1015.96,95867.68,-22171.08
2023-06-09,P022,Accessories,Puma,3461.61,2259.92,40,2076.97,28,677,3.5,2041.41,58155.16,-5122.6
2023-06-20,P022,Accessories,Puma,2046.17,1210.52,15,1739.24,30,876,3.2,1771.73,52177.2,15861.6
2023-06-20,P022,Accessories,Puma,2401.17,1719.79,20,1920.94,36,236,3.4,1967.16,69153.84,7241.4
2023-06-22,P022,Accessories,Puma,1489.98,1051.6,30,1042.99,116,550,4.9,977.7,120986.84,-998.76
2023-06-26,P022,Accessories,Puma,1329.5,855.0,5,1263.02,51,199,4.9,1194.62,64414.02,20809.02
2023-06-29,P022,Accessories,Puma,3120.48,2061.35,10,2808.43,18,550,3.8,2590.23,50551.74,13447.44
2023-07-04,P022,Accessories,Puma,1933.89,1232.14,20,1547.11,78,677,3.2,1524.92,120674.58,24567.66
2023-07-06,P022,Accessories,Puma,2643.91,1805.1,5,2511.71,29,460,3.5,2624.03,72839.59,20491.69
2023-07-16,P022,Accessories,Puma,1497.83,884.59,20,1198.26,28,403,3.3,1232.44,33551.28,8782.76
2023-07-18,P022,Accessories,Puma,2313.28,1677.08,30,1619.3,72,616,3.3,1469.98,116589.6,-4160.16
2023-07-22,P022,Accessories,Puma,4820.57,3066.53,30,3374.4,12,513,3.9,3386.57,40492.8,3694.44
2023-07-24,P022,Accessories,Puma,1236.43,855.95,0,1236.43,112,117,3.3,1216.07,138480.16,42613.76
2023-07-24,P022,Accessories,Puma,678.86,390.25,0,678.86,161,909,3.2,700.01,109296.46,46466.21
2023-07-30,P022,Accessories,Puma,3494.43,2266.82,15,2970.27,16,579,3.6,2894.41,47524.32,11255.2
2023-08-12,P022,Accessories,Puma,2036.91,1253.01,30,1425.84,54,239,3.5,1520.03,76995.36,9332.82
2023-08-16,P022,Accessories,Puma,4733.63,3225.68,0,4733.63,31,375,4.6,4980.18,146742.53,46746.45
2023-08-18,P022,Accessories,Puma,1774.3,1173.88,40,1064.58,116,865,4.2,1026.47,123491.28,-12678.8
2023-08-19,P022,Accessories,Puma,1823.9,1028.21,40,1094.34,76,963,5.0,1019.67,83169.84,5025.88
2023-08-24,P022,Accessories,Puma,1575.01,1100.34,20,1260.01,21,501,4.0,1340.95,26460.21,3353.07
2023-08-24,P022,Accessories,Puma,1594.82,1069.61,30,1116.37,108,379,3.7,1202.75,120567.96,5050.08
2023-08-27,P022,Accessories,Puma,2508.15,1701.99,30,1755.7,10,613,4.4,1924.4,17557.0,537.1
2023-08-30,P022,Accessories,Puma,2564.78,1905.38,10,2308.3,58,291,4.0,2115.07,133881.4,23369.36
2023-09-01,P022,Accessories,Puma,4705.84,3209.96,40,2823.5,33,793,4.3,2762.09,93175.5,-12753.18
2023-09-02,P022,Accessories,Puma,4421.11,2461.52,0,4421.11,16,745,3.4,4306.87,70737.76,31353.44
2023-09-20,P022,Accessories,Puma,2157.09,1305.11,30,1509.96,24,388,3.5,1399.46,36239.04,4916.4
2023-09-26,P022,Accessories,Puma,4350.86,2405.13,20,3480.69,6,993,4.1,3529.4,20884.14,6453.36
2023-10-09,P022,Accessories,Puma,1447.11,958.79,20,1157.69,36,718,4.3,1072.29,41676.84,7160.4
2023-10-12,P022,Accessories,Puma,4487.84,3300.98,20,3590.27,39,497,4.3,3758.17,140020.53,11282.31
2023-10-13,P022,Accessories,Puma,1733.48,1081.76,20,1386.78,97,378,3.7,1466.98,134517.66,29586.94
2023-10-22,P022,Accessories,Puma,1536.05,875.05,20,1228.84,166,539,4.4,1192.21,203987.44,58729.14
2023-10-23,P022,Accessories,Puma,1421.32,1001.88,5,1350.25,31,507,4.4,1239.84,41857.75,10799.47
2023-10-25,P022,Accessories,Puma,2056.42,1528.09,40,1233.85,114,778,4.6,1275.64,140658.9,-33543.36
2023-11-03,P022,Accessories,Puma,514.71,358.01,30,360.3,304,196,4.1,327.5,109531.2,696.16
2023-11-06,P022,Accessories,Puma,2869.46,1759.96,0,2869.46,28,863,3.4,2931.75,80344.88,31066.0
2023-11-10,P022,Accessories,Puma,4811.82,2757.14,5,4571.23,28,543,3.7,4913.02,127994.44,50794.52
2023-11-28,P022,Accessories,Puma,3369.59,1885.27,30,2358.71,62,792,3.6,2320.81,146240.02,29353.28
2023-12-02,P022,Accessories,Puma,1623.04,1079.79,30,1136.13,104,204,4.3,1152.76,118157.52,5859.36
2023-12-10,P022,Accessories,Puma,857.74,478.69,15,729.08,140,123,3.8,673.23,102071.2,35054.6
2023-12-24,P022,Accessories,Puma,4879.96,3617.99,5,4635.96,33,844,4.4,4974.54,152986.68,33593.01
2024-01-04,P022,Accessories,Puma,4830.44,2861.43,15,4105.87,11,485,4.0,3803.73,45164.57,13688.84
2024-01-12,P022,Accessories,Puma,3995.63,2508.94,30,2796.94,14,272,4.3,2739.36,39157.16,4032.0
2024-01-13,P022,Accessories,Puma,2448.2,1562.27,0,2448.2,12,267,4.6,2507.87,29378.4,10631.16
2024-01-14,P022,Accessories,Puma,4272.47,2654.22,5,4058.85,17,662,3.5,4064.89,69000.45,23878.71
2024-01-14,P022,Accessories,Puma,1102.37,675.54,20,881.9,160,148,4.4,845.3,141104.0,33017.6
2024-01-20,P022,Accessories,Puma,2641.0,1846.59,40,1584.6,24,385,4.9,1648.07,38030.4,-6287.76
2024-01-21,P022,Accessories,Puma,4142.59,2370.18,0,4142.59,15,729,4.8,3834.25,62138.85,26586.15
2024-01-31,P022,Accessories,Puma,1590.58,1047.67,30,1113.41,132,870,5.0,1059.32,146970.12,8677.68
2024-02-16,P022,Accessories,Puma,1268.99,820.98,30,888.29,35,949,3.3,799.63,31090.15,2355.85
2024-02-19,P022,Accessories,Puma,1592.65,1097.56,15,1353.75,93,975,4.0,1257.2,125898.75,23825.67
2024-02-25,P022,Accessories,Puma,3568.78,2372.3,0,3568.78,25,304,3.7,3277.28,89219.5,29912.0
2024-02-25,P022,Accessories,Puma,600.37,334.45,40,360.22,442,316,3.5,367.54,159217.24,11390.34
2024-03-01,P022,Accessories,Puma,3472.01,2135.54,30,2430.41,24,162,3.4,2557.46,58329.84,7076.88
2024-03-13,P022,Accessories,Puma,831.35,551.21,40,498.81,200,341,4.2,499.65,99762.0,-10480.0
2024-03-20,P022,Accessories,Puma,2941.63,1629.5,10,2647.47,27,834,5.0,2560.79,71481.69,27485.19
2024-03-26,P022,Accessories,Puma,1635.87,1047.71,10,1472.28,75,672,3.8,1346.12,110421.0,31842.75
2024-03-28,P022,Accessories,Puma,3218.62,2261.85,10,2896.76,14,350,4.4,2653.49,40554.64,8888.74
2024-03-29,P022,Accessories,Puma,2874.13,2155.43,0,2874.13,20,691,4.0,2883.97,57482.6,14374.0
2024-04-02,P022,Accessories,Puma,1368.71,958.71,15,1163.4,48,200,3.6,1049.74,55843.2,9825.12
2024-04-13,P022,Accessories,Puma,2301.58,1437.7,10,2071.42,42,166,4.5,1989.05,86999.64,26616.24
2024-04-23,P022,Accessories,Puma,4045.29,2986.28,0,4045.29,33,430,4.9,3642.01,133494.57,34947.33
2024-04-26,P022,Accessories,Puma,1448.01,1056.89,5,1375.61,57,155,4.4,1374.67,78409.77,18167.04
2024-05-01,P022,Accessories,Puma,2461.68,1657.35,15,2092.43,32,369,3.4,2240.38,66957.76,13922.56
2024-05-06,P022,Accessories,Puma,3274.51,2110.49,30,2292.16,28,658,4.9,2459.58,64180.48,5086.76
2024-05-20,P022,Accessories,Puma,2200.99,1321.81,20,1760.79,14,421,3.7,1923.96,24651.06,6145.72
2024-05-26,P022,Accessories,Puma,3457.25,2102.22,30,2420.07,16,891,4.5,2444.98,38721.12,5085.6
2024-06-01,P022,Accessories,Puma,3623.67,2598.28,0,3623.67,21,947,3.4,3342.21,76097.07,21533.19
2024-06-12,P022,Accessories,Puma,3106.24,1911.82,15,2640.3,29,862,3.2,2603.95,76568.7,21125.92
2024-06-14,P022,Accessories,Puma,3712.55,2360.55,0,3712.55,16,623,4.6,3615.09,59400.8,21632.0
2024-06-16,P022,Accessories,Puma,3778.19,2645.5,30,2644.73,21,906,3.5,2635.35,55539.33,-16.17
2024-06-17,P022,Accessories,Puma,2495.35,1583.1,30,1746.74,18,558,4.0,1733.26,31441.32,2945.52
2024-06-20,P022,Accessories,Puma,1767.7,1035.96,5,1679.32,60,520,5.0,1803.36,100759.2,38601.6
2024-07-04,P022,Accessories,Puma,2395.8,1362.92,0,2395.8,56,217,4.0,2293.39,134164.8,57841.28
2024-07-09,P022,Accessories,Puma,1469.61,859.91,20,1175.69,80,154,4.9,1192.06,94055.2,25262.4
2024-07-22,P022,Accessories,Puma,1449.52,1033.42,30,1014.66,84,720,4.4,1093.33,85231.44,-1575.84
2024-07-23,P022,Accessories,Puma,3838.0,2792.81,5,3646.1,19,376,3.2,3602.3,69275.9,16212.51
2024-07-26,P022,Accessories,Puma,2250.29,1589.81,0,2250.29,26,661,4.0,2185.13,58507.54,17172.48
2024-08-03,P022,Accessories,Puma,640.13,373.87,30,448.09,77,706,4.1,408.92,34502.93,5714.94
2024-08-06,P022,Accessories,Puma,4769.4,3431.58,10,4292.46,13,860,4.4,4294.73,55801.98,11191.44
2024-08-06,P022,Accessories,Puma,3888.44,2634.81,15,3305.17,5,338,3.9,3287.51,16525.85,3351.8
2024-08-10,P022,Accessories,Puma,3989.23,2564.34,30,2792.46,16,519,4.0,2854.74,44679.36,3649.92
2024-08-16,P022,Accessories,Puma,1248.12,890.0,15,1060.9,104,686,4.7,1110.36,110333.6,17773.6
2024-08-18,P022,Accessories,Puma,1674.96,1105.07,0,1674.96,44,785,4.1,1683.34,73698.24,25075.16
2024-08-18,P022,Accessories,Puma,3994.74,2251.19,5,3795.0,30,364,3.8,3577.8,113850.0,46314.3
2024-08-27,P022,Accessories,Puma,1773.49,1288.05,0,1773.49,52,608,3.5,1800.78,92221.48,25242.88
2024-09-03,P022,Accessories,Puma,4878.32,2731.21,10,4390.49,13,394,4.8,4001.66,57076.37,21570.64
2024-09-04,P022,Accessories,Puma,1563.64,935.36,15,1329.09,24,831,4.0,1396.3,31898.16,9449.52
2024-09-07,P022,Accessories,Puma,2775.5,1865.94,40,1665.3,36,927,4.3,1532.81,59950.8,-7223.04
2024-09-14,P022,Accessories,Puma,905.28,651.35,15,769.49,72,754,3.5,765.02,55403.28,8506.08
2024-09-14,P022,Accessories,Puma,2452.38,1596.56,20,1961.9,56,290,3.6,1796.52,109866.4,20459.04
2024-09-20,P022,Accessories,Puma,1528.75,888.48,10,1375.88,93,725,4.6,1335.7,127956.84,45328.2
2024-09-28,P022,Accessories,Puma,4139.91,2640.3,5,3932.91,6,330,3.8,4138.23,23597.46,7755.66
2024-10-02,P022,Accessories,Puma,4969.27,3538.55,40,2981.56,29,113,4.4,3101.45,86465.24,-16152.71
2024-10-02,P022,Accessories,Puma,3575.95,2254.59,15,3039.56,13,157,4.1,3249.65,39514.28,10204.61
2024-10-20,P022,Accessories,Puma,4108.71,2450.86,5,3903.27,28,722,4.8,4238.35,109291.56,40667.48
2024-11-05,P022,Accessories,Puma,2234.03,1382.07,0,2234.03,85,460,3.3,2383.92,189892.55,72416.6
2024-11-09,P022,Accessories,Puma,4782.85,2927.78,0,4782.85,27,525,4.0,4628.0,129136.95,50086.89
2024-11-11,P022,Accessories,Puma,2845.05,1708.55,0,2845.05,28,449,4.4,2861.28,79661.4,31822.0
2024-11-16,P022,Accessories,Puma,2069.53,1263.67,0,2069.53,57,405,4.2,1988.44,117963.21,45934.02
2024-11-25,P022,Accessories,Puma,3746.6,2165.91,0,3746.6,33,566,3.5,4063.32,123637.8,52162.77
2024-11-26,P022,Accessories,Puma,1355.09,849.04,40,813.05,124,834,4.3,854.06,100818.2,-4462.76
2024-12-02,P022,Accessories,Puma,762.83,442.39,5,724.69,62,699,3.2,678.14,44930.78,17502.6
2024-12-03,P022,Accessories,Puma,4448.6,3076.45,40,2669.16,10,319,3.4,2913.65,26691.6,-4072.9
2024-12-18,P022,Accessories,Puma,674.38,485.26,15,573.22,114,488,4.8,606.56,65347.08,10027.44
2024-12-23,P022,Accessories,Puma,2464.46,1474.1,20,1971.57,52,548,4.3,2150.68,102521.64,25868.44
2024-12-29,P022,Accessories,Puma,2640.23,1524.79,20,2112.18,23,365,3.5,2080.9,48580.14,13509.97
2024-12-31,P022,Accessories,Puma,3842.51,2833.81,15,3266.13,10,299,4.7,3326.1,32661.3,4323.2
