Myntra_Clean_Data.csv
date,product_id,category,brand,listed_price,cost_price,discount_pct,final_price,units_sold,inventory_level,rating,competitor_price,revenue,profit
2023-01-08,P003,Accessories,Adidas,4128.04,2413.65,20,3302.43,22,631,4.9,3624.57,72653.46,19553.16
2023-01-15,P003,Accessories,Adidas,1923.26,1071.48,20,1538.61,33,811,4.1,1456.01,50774.13,15415.29
2023-01-16,P003,Accessories,Adidas,2695.42,1982.44,30,1886.79,12,979,4.2,1958.2,22641.48,-1147.8
2023-01-19,P003,Accessories,Adidas,3093.35,1713.38,40,1856.01,10,980,4.5,2004.43,18560.1,1426.3
2023-01-19,P003,Accessories,Adidas,2600.74,1892.19,0,2600.74,27,524,4.8,2627.5,70219.98,19130.85
2023-01-23,P003,Accessories,Adidas,4798.83,3280.27,40,2879.3,15,514,3.2,2773.69,43189.5,-6014.55
2023-01-28,P003,Accessories,Adidas,3572.72,2300.68,5,3394.08,23,120,5.0,3555.22,78063.84,25148.2
2023-02-04,P003,Accessories,Adidas,3600.78,2223.92,20,2880.62,32,156,3.6,3105.95,92179.84,21014.4
2023-02-14,P003,Accessories,Adidas,1443.96,1010.28,15,1227.37,72,328,3.9,1227.75,88370.64,15630.48
2023-02-15,P003,Accessories,Adidas,3632.5,2362.19,15,3087.62,28,846,3.5,3268.21,86453.36,20312.04
2023-03-02,P003,Accessories,Adidas,3196.0,2243.1,20,2556.8,11,544,4.0,2711.83,28124.8,3450.7
2023-03-12,P003,Accessories,Adidas,4273.05,2557.22,0,4273.05,33,258,3.5,4143.48,141010.65,56622.39
2023-03-16,P003,Accessories,Adidas,4550.85,2962.99,20,3640.68,25,191,4.0,3391.05,91017.0,16942.25
2023-03-16,P003,Accessories,Adidas,4591.43,2994.09,5,4361.86,33,946,4.5,4039.28,143941.38,45136.41
2023-03-21,P003,Accessories,Adidas,1570.81,1071.78,40,942.49,40,229,4.7,979.69,37699.6,-5171.6
2023-03-29,P003,Accessories,Adidas,1464.05,963.72,20,1171.24,88,177,4.9,1276.25,103069.12,18261.76
2023-04-01,P003,Accessories,Adidas,1569.54,1023.05,40,941.72,30,948,4.6,1021.0,28251.6,-2439.9
2023-04-06,P003,Accessories,Adidas,571.75,373.41,40,343.05,238,528,4.5,314.49,81645.9,-7225.68
2023-04-24,P003,Accessories,Adidas,998.21,652.6,5,948.3,60,552,3.7,895.66,56898.0,17742.0
2023-05-13,P003,Accessories,Adidas,653.7,443.07,20,522.96,81,577,4.1,501.68,42359.76,6471.09
2023-05-20,P003,Accessories,Adidas,3387.55,2414.05,0,3387.55,10,799,3.8,3587.55,33875.5,9735.0
2023-05-30,P003,Accessories,Adidas,1193.2,657.58,15,1014.22,72,610,4.5,1071.24,73023.84,25678.08
2023-06-06,P003,Accessories,Adidas,2031.21,1516.24,0,2031.21,46,301,4.7,1856.25,93435.66,23688.62
2023-06-09,P003,Accessories,Adidas,1884.1,1209.22,15,1601.48,51,630,3.8,1562.88,81675.48,20005.26
2023-06-18,P003,Accessories,Adidas,1971.3,1250.06,0,1971.3,34,293,3.4,1978.74,67024.2,24522.16
2023-06-24,P003,Accessories,Adidas,4417.1,2503.19,30,3091.97,14,170,3.3,3087.35,43287.58,8242.92
2023-06-26,P003,Accessories,Adidas,3945.46,2379.89,0,3945.46,21,341,3.3,3621.66,82854.66,32876.97
2023-06-30,P003,Accessories,Adidas,1284.22,722.6,20,1027.38,96,576,4.2,942.46,98628.48,29258.88
2023-07-07,P003,Accessories,Adidas,2240.02,1242.6,0,2240.02,20,471,4.1,2103.59,44800.4,19948.4
2023-07-10,P003,Accessories,Adidas,3435.82,2246.02,15,2920.45,5,297,3.6,2852.21,14602.25,3372.15
2023-07-11,P003,Accessories,Adidas,3886.4,2662.82,30,2720.48,28,920,4.7,2619.53,76173.44,1614.48
2023-07-12,P003,Accessories,Adidas,3832.68,2749.14,15,3257.78,25,365,3.3,3357.29,81444.5,12716.0
2023-07-21,P003,Accessories,Adidas,3115.33,1840.62,30,2180.73,16,456,3.7,2266.18,34891.68,5441.76
2023-07-26,P003,Accessories,Adidas,824.07,492.55,10,741.66,186,454,4.9,720.78,137948.76,46334.46
2023-08-03,P003,Accessories,Adidas,4030.65,2263.86,5,3829.12,29,421,4.0,3910.27,111044.48,45392.54
2023-08-19,P003,Accessories,Adidas,3211.66,2264.9,30,2248.16,18,822,4.6,2401.71,40466.88,-301.32
2023-08-21,P003,Accessories,Adidas,800.13,490.15,30,560.09,216,413,4.1,605.41,120979.44,15107.04
2023-09-06,P003,Accessories,Adidas,2522.5,1508.75,15,2144.12,50,781,3.4,1975.91,107206.0,31768.5
2023-09-12,P003,Accessories,Adidas,2921.47,1936.98,40,1752.88,52,540,4.3,1583.84,91149.76,-9573.2
2023-09-22,P003,Accessories,Adidas,1237.02,736.61,20,989.62,105,340,3.2,1070.42,103910.1,26566.05
2023-10-02,P003,Accessories,Adidas,1604.51,1055.01,0,1604.51,50,188,3.6,1601.21,80225.5,27475.0
2023-10-11,P003,Accessories,Adidas,4032.31,2548.65,20,3225.85,13,713,3.7,3049.15,41936.05,8803.6
2023-10-14,P003,Accessories,Adidas,4992.55,2924.27,5,4742.92,22,896,3.5,4334.24,104344.24,40010.3
2023-10-16,P003,Accessories,Adidas,3869.17,2492.47,5,3675.71,28,641,3.6,3371.56,102919.88,33130.72
2023-10-20,P003,Accessories,Adidas,4189.68,2784.73,40,2513.81,41,478,4.5,2638.27,103066.21,-11107.72
2023-10-21,P003,Accessories,Adidas,1114.34,713.08,20,891.47,104,470,3.8,908.73,92712.88,18552.56
2023-10-29,P003,Accessories,Adidas,2242.42,1253.21,0,2242.42,18,224,4.4,2123.61,40363.56,17805.78
2023-11-12,P003,Accessories,Adidas,4869.6,3197.15,15,4139.16,16,637,3.5,3935.55,66226.56,15072.16
2023-11-18,P003,Accessories,Adidas,3403.04,2475.83,0,3403.04,22,168,4.6,3656.16,74866.88,20398.62
2023-11-22,P003,Accessories,Adidas,3281.02,2131.07,5,3116.97,11,807,3.7,3225.63,34286.67,10844.9
2023-12-04,P003,Accessories,Adidas,4342.91,3217.29,30,3040.04,10,525,3.3,3178.51,30400.4,-1772.5
2023-12-09,P003,Accessories,Adidas,2799.8,1830.53,30,1959.86,88,520,4.3,1866.26,172467.68,11381.04
2023-12-10,P003,Accessories,Adidas,3712.97,2523.07,0,3712.97,16,499,4.3,3518.84,59407.52,19038.4
2023-12-29,P003,Accessories,Adidas,2753.43,1659.91,40,1652.06,81,287,3.9,1610.92,133816.86,-635.85
2024-01-06,P003,Accessories,Adidas,4217.83,3039.08,15,3585.16,24,998,3.6,3820.65,86043.84,13105.92
2024-01-12,P003,Accessories,Adidas,2855.6,2126.44,0,2855.6,28,967,4.2,2991.41,79956.8,20416.48
2024-01-14,P003,Accessories,Adidas,3407.01,2294.06,0,3407.01,27,838,3.3,3438.04,91989.27,30049.65
2024-01-18,P003,Accessories,Adidas,4658.43,3018.59,10,4192.59,34,212,4.4,3969.88,142548.06,39916.0
2024-01-20,P003,Accessories,Adidas,2831.43,1631.42,30,1982.0,54,253,4.3,1969.45,107028.0,18931.32
2024-01-29,P003,Accessories,Adidas,760.75,568.92,40,456.45,220,191,3.5,490.61,100419.0,-24743.4
2024-02-08,P003,Accessories,Adidas,1128.24,749.52,15,959.0,35,870,4.3,942.8,33565.0,7331.8
2024-02-17,P003,Accessories,Adidas,3075.65,2303.11,10,2768.08,27,776,4.1,2939.92,74738.16,12554.19
2024-02-21,P003,Accessories,Adidas,1187.0,792.46,20,949.6,125,537,3.7,859.86,118700.0,19642.5
2024-03-02,P003,Accessories,Adidas,3143.37,2022.13,15,2671.86,7,173,4.2,2410.0,18703.02,4548.11
2024-03-16,P003,Accessories,Adidas,4859.23,3506.52,15,4130.35,14,435,4.6,4138.53,57824.9,8733.62
2024-03-20,P003,Accessories,Adidas,3200.75,2284.12,0,3200.75,12,125,4.0,3473.45,38409.0,10999.56
2024-03-21,P003,Accessories,Adidas,553.01,365.3,5,525.36,90,662,3.4,575.0,47282.4,14405.4
2024-03-21,P003,Accessories,Adidas,3788.31,2537.71,15,3220.06,13,606,4.4,3457.5,41860.78,8870.55
2024-03-25,P003,Accessories,Adidas,3449.83,2568.05,10,3104.85,6,764,3.4,3334.44,18629.1,3220.8
2024-03-31,P003,Accessories,Adidas,4215.45,2867.8,0,4215.45,13,197,3.6,4502.38,54800.85,17519.45
2024-04-03,P003,Accessories,Adidas,2026.49,1164.7,5,1925.17,48,323,3.4,1806.32,92408.16,36502.56
2024-04-15,P003,Accessories,Adidas,3688.65,2045.53,40,2213.19,14,365,3.3,2326.83,30984.66,2347.24
2024-04-15,P003,Accessories,Adidas,4983.89,2762.28,30,3488.72,12,180,3.8,3300.74,41864.64,8717.28
2024-04-16,P003,Accessories,Adidas,2232.64,1647.06,40,1339.58,54,891,3.6,1228.46,72337.32,-16603.92
2024-04-19,P003,Accessories,Adidas,2465.89,1499.39,15,2096.01,34,319,4.7,2180.35,71264.34,20285.08
2024-04-19,P003,Accessories,Adidas,2473.43,1561.9,30,1731.4,36,680,3.5,1876.2,62330.4,6102.0
2024-04-19,P003,Accessories,Adidas,4691.61,2794.59,40,2814.97,11,394,4.1,2997.19,30964.67,224.18
2024-04-27,P003,Accessories,Adidas,3299.4,2472.2,15,2804.49,10,616,4.4,2688.79,28044.9,3322.9
2024-05-08,P003,Accessories,Adidas,4974.11,3109.88,20,3979.29,13,531,4.1,3744.21,51730.77,11302.33
2024-05-10,P003,Accessories,Adidas,3656.94,2297.79,5,3474.09,31,486,3.6,3597.42,107696.79,36465.3
2024-05-11,P003,Accessories,Adidas,1537.43,908.21,10,1383.69,87,768,3.2,1292.52,120381.03,41366.76
2024-05-19,P003,Accessories,Adidas,4348.32,3243.94,15,3696.07,13,197,4.1,3499.3,48048.91,5877.69
2024-05-24,P003,Accessories,Adidas,1118.02,636.31,15,950.32,80,873,4.9,1027.57,76025.6,25120.8
2024-05-24,P003,Accessories,Adidas,3510.99,2008.68,30,2457.69,12,976,3.3,2354.52,29492.28,5388.12
2024-05-25,P003,Accessories,Adidas,905.3,649.15,15,769.5,186,425,4.5,824.65,143127.0,22385.1
2024-05-29,P003,Accessories,Adidas,3777.7,2671.85,15,3211.04,19,713,5.0,3043.69,61009.76,10244.61
2024-06-11,P003,Accessories,Adidas,735.08,496.63,30,514.56,216,347,3.6,474.26,111144.96,3872.88
2024-07-02,P003,Accessories,Adidas,1585.78,1033.84,30,1110.05,124,484,3.8,1220.42,137646.2,9450.04
2024-07-04,P003,Accessories,Adidas,4607.36,2929.58,40,2764.42,34,612,4.5,2705.24,93990.28,-5615.44
2024-07-07,P003,Accessories,Adidas,2017.12,1261.72,40,1210.27,76,915,4.1,1284.48,91980.52,-3910.2
2024-07-12,P003,Accessories,Adidas,4780.32,3204.36,30,3346.22,25,825,4.3,3542.81,83655.5,3546.5
2024-07-20,P003,Accessories,Adidas,1238.96,786.92,15,1053.12,88,597,3.5,1134.42,92674.56,23425.6
2024-07-25,P003,Accessories,Adidas,3572.14,2553.55,30,2500.5,9,805,3.9,2270.31,22504.5,-477.45
2024-07-28,P003,Accessories,Adidas,1805.15,1195.71,20,1444.12,54,708,4.2,1528.45,77982.48,13414.14
2024-07-28,P003,Accessories,Adidas,4338.26,2509.45,5,4121.35,17,303,3.9,4285.24,70062.95,27402.3
2024-08-16,P003,Accessories,Adidas,2373.31,1347.49,40,1423.99,93,798,4.2,1548.03,132431.07,7114.5
2024-08-18,P003,Accessories,Adidas,2135.01,1401.2,30,1494.51,102,384,4.3,1510.57,152440.02,9517.62
2024-08-29,P003,Accessories,Adidas,3181.19,1890.74,40,1908.71,60,268,3.6,1726.77,114522.6,1078.2
2024-09-05,P003,Accessories,Adidas,2741.8,1840.5,15,2330.53,30,918,3.2,2154.39,69915.9,14700.9
2024-09-07,P003,Accessories,Adidas,3133.45,2132.45,10,2820.1,8,602,4.5,2929.18,22560.8,5501.2
2024-09-12,P003,Accessories,Adidas,860.93,637.66,0,860.93,95,634,3.9,839.66,81788.35,21210.65
2024-09-12,P003,Accessories,Adidas,4227.93,2756.14,30,2959.55,31,530,4.6,2948.9,91746.05,6305.71
2024-09-18,P003,Accessories,Adidas,2414.12,1610.79,0,2414.12,64,834,3.7,2356.67,154503.68,51413.12
2024-09-21,P003,Accessories,Adidas,4371.84,2872.36,0,4371.84,11,868,3.8,4282.06,48090.24,16494.28
2024-09-23,P003,Accessories,Adidas,3493.74,2198.03,15,2969.68,29,839,4.0,3084.29,86120.72,22377.85
2024-09-26,P003,Accessories,Adidas,4358.04,3088.94,10,3922.24,30,738,4.3,4225.98,117667.2,24999.0
2024-09-30,P003,Accessories,Adidas,3109.86,2041.71,5,2954.37,30,809,4.5,2786.98,88631.1,27379.8
2024-11-01,P003,Accessories,Adidas,1244.68,721.76,15,1057.98,130,520,3.4,1036.87,137537.4,43708.6
2024-11-10,P003,Accessories,Adidas,4908.24,3485.38,0,4908.24,23,467,3.9,4785.17,112889.52,32725.78
2024-11-11,P003,Accessories,Adidas,1589.08,1158.04,5,1509.63,46,866,4.6,1657.04,69442.98,16173.14
2024-11-22,P003,Accessories,Adidas,656.82,465.25,15,558.3,135,151,4.4,537.33,75370.5,12561.75
2024-11-28,P003,Accessories,Adidas,2769.02,1549.51,15,2353.67,44,694,3.7,2496.79,103561.48,35383.04
2024-12-12,P003,Accessories,Adidas,872.94,566.4,0,872.94,84,371,5.0,905.94,73326.96,25749.36
2024-12-13,P003,Accessories,Adidas,4860.14,3291.4,15,4131.12,42,806,3.8,3923.82,173507.04,35268.24
2024-12-19,P003,Accessories,Adidas,3391.38,2229.02,40,2034.83,26,327,4.5,1914.89,52905.58,-5048.94
2024-12-21,P003,Accessories,Adidas,3972.14,2254.25,0,3972.14,33,149,4.0,3871.17,131080.62,56690.37
2024-12-25,P003,Accessories,Adidas,1452.4,873.18,40,871.44,130,360,3.9,795.22,113287.2,-226.2
