Myntra_Clean_Data.csv
date,product_id,category,brand,listed_price,cost_price,discount_pct,final_price,units_sold,inventory_level,rating,competitor_price,revenue,profit
2023-01-08,P014,Accessories,Nike,1145.97,728.49,15,974.07,105,214,4.9,944.39,102277.35,25785.9
2023-01-13,P014,Accessories,Nike,4043.89,2891.45,30,2830.72,23,313,3.7,2616.37,65106.56,-1396.79
2023-01-27,P014,Accessories,Nike,2868.27,1827.45,10,2581.44,26,572,3.7,2768.49,67117.44,19603.74
2023-01-28,P014,Accessories,Nike,4396.54,2476.2,5,4176.71,19,457,3.6,4002.92,79357.49,32309.69
2023-01-29,P014,Accessories,Nike,4205.88,2320.76,5,3995.59,28,109,3.4,4111.37,111876.52,46895.24
2023-02-06,P014,Accessories,Nike,2828.01,2035.74,5,2686.61,5,698,4.7,2537.4,13433.05,3254.35
2023-02-12,P014,Accessories,Nike,2460.77,1583.34,5,2337.73,30,589,5.0,2156.06,70131.9,22631.7
2023-02-12,P014,Accessories,Nike,3866.39,2877.73,5,3673.07,27,406,3.8,3451.52,99172.89,21474.18
2023-02-12,P014,Accessories,Nike,825.79,611.59,40,495.47,50,839,3.7,508.4,24773.5,-5806.0
2023-02-18,P014,Accessories,Nike,2440.5,1398.71,10,2196.45,58,515,4.0,2300.78,127394.1,46268.92
2023-02-25,P014,Accessories,Nike,4778.51,3245.55,5,4539.58,18,295,3.4,4885.15,81712.44,23292.54
2023-03-05,P014,Accessories,Nike,2263.86,1650.14,0,2263.86,42,816,3.5,2180.94,95082.12,25776.24
2023-03-10,P014,Accessories,Nike,1191.48,850.79,0,1191.48,116,687,3.2,1134.98,138211.68,39520.04
2023-03-11,P014,Accessories,Nike,3268.39,1850.94,40,1961.03,28,109,4.1,1848.86,54908.84,3082.52
2023-03-27,P014,Accessories,Nike,2605.3,1781.31,30,1823.71,58,355,4.5,1675.15,105775.18,2459.2
2023-04-10,P014,Accessories,Nike,1204.12,747.39,15,1023.5,104,606,3.3,1037.3,106444.0,28715.44
2023-04-15,P014,Accessories,Nike,4033.49,2243.25,10,3630.14,10,899,3.7,3626.04,36301.4,13868.9
2023-04-30,P014,Accessories,Nike,1332.72,807.27,15,1132.81,28,336,3.9,1224.16,31718.68,9115.12
2023-05-02,P014,Accessories,Nike,1767.78,1198.25,40,1060.67,104,175,4.5,969.09,110309.68,-14308.32
2023-05-03,P014,Accessories,Nike,3274.64,2188.54,0,3274.64,13,960,4.9,3515.1,42570.32,14119.3
2023-05-06,P014,Accessories,Nike,4895.33,2903.17,0,4895.33,17,658,3.4,4871.02,83220.61,33866.72
2023-05-10,P014,Accessories,Nike,2808.3,2055.32,40,1684.98,30,505,4.6,1614.57,50549.4,-11110.2
2023-05-21,P014,Accessories,Nike,2399.73,1500.94,15,2039.77,46,520,3.4,1853.05,93829.42,24786.18
2023-05-22,P014,Accessories,Nike,2889.05,1661.57,5,2744.6,31,249,3.4,2924.5,85082.6,33573.93
2023-05-24,P014,Accessories,Nike,4176.5,2760.83,15,3550.02,21,101,5.0,3880.47,74550.42,16572.99
2023-05-24,P014,Accessories,Nike,2805.19,1931.0,40,1683.11,52,625,4.7,1539.69,87521.72,-12890.28
2023-05-25,P014,Accessories,Nike,2596.67,1946.91,40,1558.0,90,597,4.0,1538.34,140220.0,-35001.9
2023-06-01,P014,Accessories,Nike,1113.26,663.21,10,1001.93,76,723,4.6,950.42,76146.68,25742.72
2023-06-01,P014,Accessories,Nike,1879.02,1061.81,0,1879.02,64,688,4.0,1888.5,120257.28,52301.44
2023-06-08,P014,Accessories,Nike,2243.47,1424.95,5,2131.3,44,156,3.7,2120.08,93777.2,31079.4
2023-06-18,P014,Accessories,Nike,2794.27,1885.02,0,2794.27,22,977,4.8,2806.76,61473.94,20003.5
2023-06-24,P014,Accessories,Nike,1349.0,747.55,30,944.3,30,465,3.4,880.22,28329.0,5902.5
2023-07-01,P014,Accessories,Nike,2254.35,1617.58,10,2028.92,18,692,3.8,1978.95,36520.56,7404.12
2023-07-03,P014,Accessories,Nike,1927.97,1387.41,40,1156.78,36,470,4.1,1122.17,41644.08,-8302.68
2023-07-11,P014,Accessories,Nike,4411.75,2740.99,0,4411.75,32,375,4.5,4199.52,141176.0,53464.32
2023-07-17,P014,Accessories,Nike,3679.69,2383.92,0,3679.69,11,822,3.9,3847.72,40476.59,14253.47
2023-07-21,P014,Accessories,Nike,1093.83,741.24,10,984.45,105,502,4.5,916.75,103367.25,25537.05
2023-08-03,P014,Accessories,Nike,4324.6,2628.62,10,3892.14,9,710,4.2,3796.4,35029.26,11371.68
2023-08-17,P014,Accessories,Nike,2969.12,1815.49,30,2078.38,66,620,4.6,2075.02,137173.08,17350.74
2023-08-18,P014,Accessories,Nike,888.49,538.23,5,844.07,70,835,3.2,821.49,59084.9,21408.8
2023-08-24,P014,Accessories,Nike,2233.76,1366.0,20,1787.01,16,248,4.3,1785.25,28592.16,6736.16
2023-08-25,P014,Accessories,Nike,4969.23,3069.25,10,4472.31,34,618,3.4,4426.37,152058.54,47704.04
2023-08-26,P014,Accessories,Nike,2577.32,1469.89,40,1546.39,30,559,3.4,1494.2,46391.7,2295.0
2023-09-02,P014,Accessories,Nike,3800.6,2368.52,40,2280.36,20,260,4.9,2382.52,45607.2,-1763.2
2023-09-02,P014,Accessories,Nike,1334.82,807.49,0,1334.82,15,479,3.2,1459.02,20022.3,7909.95
2023-09-11,P014,Accessories,Nike,1748.98,1022.1,30,1224.29,56,384,4.0,1183.64,68560.24,11322.64
2023-09-18,P014,Accessories,Nike,3977.56,2379.49,10,3579.8,6,276,3.9,3893.98,21478.8,7201.86
2023-09-19,P014,Accessories,Nike,2494.62,1715.25,20,1995.7,16,384,4.1,1929.83,31931.2,4487.2
2023-09-20,P014,Accessories,Nike,907.34,678.7,5,861.97,105,831,3.2,872.97,90506.85,19243.35
2023-09-22,P014,Accessories,Nike,4418.47,2616.33,10,3976.62,12,864,3.8,3825.83,47719.44,16323.48
2023-09-26,P014,Accessories,Nike,3394.48,2351.9,40,2036.69,58,611,4.8,2079.2,118128.02,-18282.18
2023-09-28,P014,Accessories,Nike,2152.23,1228.27,5,2044.62,40,710,4.5,1860.14,81784.8,32654.0
2023-10-01,P014,Accessories,Nike,4460.57,2786.04,15,3791.48,24,531,4.6,3908.96,90995.52,24130.56
2023-10-03,P014,Accessories,Nike,4263.43,2504.39,5,4050.26,19,382,4.3,3959.46,76954.94,29371.53
2023-11-02,P014,Accessories,Nike,1459.52,1075.55,0,1459.52,93,417,5.0,1516.42,135735.36,35709.21
2023-11-14,P014,Accessories,Nike,4116.23,2713.87,0,4116.23,35,751,3.8,4001.08,144068.05,49082.6
2023-11-17,P014,Accessories,Nike,1505.57,958.57,0,1505.57,113,313,4.1,1629.45,170129.41,61811.0
2023-11-22,P014,Accessories,Nike,1565.26,1126.82,30,1095.68,98,829,4.9,1177.12,107376.64,-3051.72
2023-11-26,P014,Accessories,Nike,1856.83,1355.95,15,1578.31,74,192,3.2,1506.06,116794.94,16454.64
2023-11-28,P014,Accessories,Nike,3432.57,2180.34,20,2746.06,41,954,3.4,2836.37,112588.46,23194.52
2023-12-02,P014,Accessories,Nike,3409.93,2007.03,5,3239.43,41,467,4.7,3370.05,132816.63,50528.4
2023-12-08,P014,Accessories,Nike,1135.12,723.55,15,964.85,65,737,4.6,881.06,62715.25,15684.5
2023-12-11,P014,Accessories,Nike,1682.42,1038.37,15,1430.06,54,766,3.6,1337.49,77223.24,21151.26
2023-12-15,P014,Accessories,Nike,4342.33,2745.62,30,3039.63,29,450,3.3,2842.88,88149.27,8526.29
2023-12-16,P014,Accessories,Nike,2900.35,1648.92,15,2465.3,72,473,3.2,2290.89,177501.6,58779.36
2023-12-20,P014,Accessories,Nike,3734.31,2653.15,5,3547.59,22,665,3.3,3734.96,78046.98,19677.68
2023-12-23,P014,Accessories,Nike,3023.74,2150.35,5,2872.55,23,222,3.5,2966.16,66068.65,16610.6
2023-12-25,P014,Accessories,Nike,2843.86,2127.5,30,1990.7,23,791,3.9,1954.31,45786.1,-3146.4
2023-12-26,P014,Accessories,Nike,3756.22,2656.92,15,3192.79,42,469,3.7,3483.08,134097.18,22506.54
2023-12-30,P014,Accessories,Nike,1383.19,926.91,40,829.91,93,880,4.8,849.02,77181.63,-9021.0
2024-01-09,P014,Accessories,Nike,956.78,571.44,5,908.94,165,997,4.6,929.99,149975.1,55687.5
2024-01-12,P014,Accessories,Nike,4325.72,2512.93,0,4325.72,26,312,3.7,3941.66,112468.72,47132.54
2024-01-15,P014,Accessories,Nike,1537.47,938.07,5,1460.6,57,507,3.7,1427.34,83254.2,29784.21
2024-01-19,P014,Accessories,Nike,3817.35,2845.31,30,2672.14,32,434,4.0,2534.5,85508.48,-5541.44
2024-01-23,P014,Accessories,Nike,1218.34,862.78,10,1096.51,124,537,4.3,1159.95,135967.24,28982.52
2024-02-09,P014,Accessories,Nike,3926.79,2853.78,5,3730.45,29,553,3.4,3475.25,108183.05,25423.43
2024-02-13,P014,Accessories,Nike,2105.13,1450.49,30,1473.59,93,475,3.8,1428.65,137043.87,2148.3
2024-02-14,P014,Accessories,Nike,2894.37,2115.97,15,2460.21,28,736,4.5,2270.02,68885.88,9638.72
2024-02-18,P014,Accessories,Nike,1850.88,1194.0,0,1850.88,14,620,4.1,2002.06,25912.32,9196.32
2024-02-20,P014,Accessories,Nike,2091.42,1506.39,0,2091.42,46,409,4.5,1904.48,96205.32,26911.38
2024-02-21,P014,Accessories,Nike,3725.78,2735.15,40,2235.47,22,327,3.2,2354.78,49180.34,-10992.96
2024-02-22,P014,Accessories,Nike,3938.4,2901.92,15,3347.64,33,432,3.4,3135.62,110472.12,14708.76
2024-02-24,P014,Accessories,Nike,3837.53,2761.81,40,2302.52,60,405,4.8,2448.97,138151.2,-27557.4
2024-03-14,P014,Accessories,Nike,1820.53,1191.31,5,1729.5,42,779,4.8,1574.22,72639.0,22603.98
2024-03-20,P014,Accessories,Nike,1110.64,786.68,40,666.38,140,378,4.5,631.8,93293.2,-16842.0
2024-03-22,P014,Accessories,Nike,3926.15,2489.7,30,2748.3,21,451,3.5,2701.46,57714.3,5430.6
2024-03-30,P014,Accessories,Nike,1086.23,649.18,40,651.74,182,384,4.4,603.37,118616.68,465.92
2024-03-31,P014,Accessories,Nike,3096.27,2282.72,20,2477.02,58,810,4.3,2369.29,143667.16,11269.4
2024-03-31,P014,Accessories,Nike,1380.88,868.82,40,828.53,84,797,4.3,848.08,69596.52,-3384.36
2024-04-04,P014,Accessories,Nike,1586.13,1089.04,40,951.68,120,713,3.9,952.45,114201.6,-16483.2
2024-05-07,P014,Accessories,Nike,3075.28,2199.68,10,2767.75,18,710,3.5,2625.05,49819.5,10225.26
2024-05-12,P014,Accessories,Nike,2080.56,1408.06,0,2080.56,62,710,3.7,2253.67,128994.72,41695.0
2024-05-17,P014,Accessories,Nike,3535.55,2066.53,30,2474.88,62,549,3.4,2398.47,153442.56,25317.7
2024-05-25,P014,Accessories,Nike,3920.93,2246.64,10,3528.84,6,778,3.7,3202.12,21173.04,7693.2
2024-06-09,P014,Accessories,Nike,863.14,544.29,5,819.98,186,229,3.6,894.98,152516.28,51278.34
2024-06-11,P014,Accessories,Nike,2005.49,1480.04,15,1704.67,36,752,4.7,1546.4,61368.12,8086.68
2024-06-14,P014,Accessories,Nike,3624.21,2662.47,0,3624.21,9,259,3.8,3636.45,32617.89,8655.66
2024-06-27,P014,Accessories,Nike,1747.83,1179.82,15,1485.66,72,827,3.9,1609.78,106967.52,22020.48
2024-07-02,P014,Accessories,Nike,4284.17,3179.92,0,4284.17,9,580,3.7,4508.19,38557.53,9938.25
2024-07-03,P014,Accessories,Nike,4884.43,3318.65,20,3907.54,21,441,4.1,3603.99,82058.34,12366.69
2024-07-09,P014,Accessories,Nike,1921.14,1324.19,40,1152.68,20,292,4.2,1163.78,23053.6,-3430.2
2024-07-10,P014,Accessories,Nike,2507.1,1442.93,10,2256.39,32,124,4.9,2408.75,72204.48,26030.72
2024-07-11,P014,Accessories,Nike,3451.48,2382.99,30,2416.04,56,228,3.8,2208.78,135298.24,1850.8
2024-07-20,P014,Accessories,Nike,4020.28,2257.41,15,3417.24,6,679,3.9,3424.59,20503.44,6958.98
2024-07-21,P014,Accessories,Nike,2130.29,1421.6,5,2023.78,10,544,3.3,2076.82,20237.8,6021.8
2024-08-01,P014,Accessories,Nike,4388.57,2630.91,30,3072.0,32,233,4.0,3154.99,98304.0,14114.88
2024-08-02,P014,Accessories,Nike,2487.3,1693.53,20,1989.84,30,590,3.7,1815.18,59695.2,8889.3
2024-08-17,P014,Accessories,Nike,2568.45,1899.02,40,1541.07,54,773,4.5,1477.13,83217.78,-19329.3
2024-08-23,P014,Accessories,Nike,4781.24,2854.54,30,3346.87,6,700,3.6,3038.78,20081.22,2953.98
2024-08-23,P014,Accessories,Nike,4032.07,2711.32,15,3427.26,12,705,3.4,3502.47,41127.12,8591.28
2024-08-29,P014,Accessories,Nike,3597.36,2452.27,40,2158.42,60,697,3.9,2186.3,129505.2,-17631.0
2024-08-30,P014,Accessories,Nike,3853.64,2619.92,0,3853.64,26,770,3.2,4120.97,100194.64,32076.72
2024-09-04,P014,Accessories,Nike,4469.5,3115.34,10,4022.55,10,942,3.6,4175.65,40225.5,9072.1
2024-09-11,P014,Accessories,Nike,665.08,412.38,0,665.08,217,840,4.2,681.08,144322.36,54835.9
2024-09-24,P014,Accessories,Nike,1897.07,1347.36,15,1612.51,102,251,4.9,1684.84,164476.02,27045.3
2024-09-24,P014,Accessories,Nike,1203.76,689.16,30,842.63,150,408,4.2,907.13,126394.5,23020.5
2024-09-29,P014,Accessories,Nike,3938.42,2739.62,10,3544.58,25,309,4.7,3331.43,88614.5,20124.0
2024-09-30,P014,Accessories,Nike,3477.61,2101.06,10,3129.85,24,972,4.3,3054.09,75116.4,24690.96
2024-10-10,P014,Accessories,Nike,2948.07,2175.67,20,2358.46,39,473,4.3,2543.17,91979.94,7128.81
2024-10-10,P014,Accessories,Nike,4435.44,2948.38,15,3770.12,35,751,4.3,4129.81,131954.2,28760.9
2024-11-02,P014,Accessories,Nike,708.56,462.07,5,673.13,191,652,4.6,665.32,128567.83,40312.46
2024-11-05,P014,Accessories,Nike,4113.1,2670.17,15,3496.14,18,661,4.7,3802.09,62930.52,14867.46
2024-11-12,P014,Accessories,Nike,4462.07,2961.5,20,3569.66,29,256,4.0,3632.19,103520.14,17636.64
2024-11-30,P014,Accessories,Nike,537.2,380.51,10,483.48,182,718,3.4,517.84,87993.36,18740.54
2024-12-16,P014,Accessories,Nike,3436.57,2148.37,40,2061.94,39,385,4.2,2033.97,80415.66,-3370.77
2024-12-29,P014,Accessories,Nike,3890.02,2146.14,20,3112.02,37,815,4.5,3327.62,115144.74,35737.56
