Myntra_Clean_Data.csv
date,product_id,category,brand,listed_price,cost_price,discount_pct,final_price,units_sold,inventory_level,rating,competitor_price,revenue,profit
2023-01-08,P030,Footwear,Zara,1965.24,1174.28,30,1375.67,90,185,4.4,1442.92,123810.3,18125.1
2023-01-15,P030,Footwear,Zara,550.03,307.59,30,385.02,312,791,3.5,419.92,120126.24,24158.16
2023-02-09,P030,Footwear,Zara,3554.81,2497.88,0,3554.81,22,688,3.5,3397.57,78205.82,23252.46
2023-02-21,P030,Footwear,Zara,4642.04,2702.79,0,4642.04,16,593,4.2,5050.74,74272.64,31028.0
2023-02-22,P030,Footwear,Zara,1962.0,1432.9,40,1177.2,32,404,3.9,1065.19,37670.4,-8182.4
2023-02-23,P030,Footwear,Zara,1970.7,1434.69,20,1576.56,87,466,3.7,1555.88,137160.72,12342.69
2023-02-24,P030,Footwear,Zara,833.51,477.66,5,791.83,150,283,4.9,862.26,118774.5,47125.5
2023-02-26,P030,Footwear,Zara,3313.24,2134.83,30,2319.27,52,846,4.6,2355.14,120602.04,9590.88
2023-02-27,P030,Footwear,Zara,2415.37,1571.77,5,2294.6,20,942,4.1,2493.28,45892.0,14456.6
2023-02-28,P030,Footwear,Zara,2864.26,1623.76,5,2721.05,24,202,4.6,2483.12,65305.2,26334.96
2023-03-06,P030,Footwear,Zara,4318.31,2495.29,40,2590.99,24,660,4.1,2718.76,62183.76,2296.8
2023-03-09,P030,Footwear,Zara,1083.26,611.48,5,1029.1,40,577,4.1,1096.21,41164.0,16704.8
2023-03-15,P030,Footwear,Zara,3214.64,2091.4,10,2893.18,25,683,5.0,2865.48,72329.5,20044.5
2023-03-23,P030,Footwear,Zara,2094.71,1529.62,20,1675.77,58,385,3.2,1768.57,97194.66,8476.7
2023-03-24,P030,Footwear,Zara,4385.28,2984.68,20,3508.22,29,974,3.8,3774.43,101738.38,15182.66
2023-03-25,P030,Footwear,Zara,3200.54,1975.54,0,3200.54,9,156,4.2,2890.72,28804.86,11025.0
2023-03-27,P030,Footwear,Zara,3643.87,2215.91,15,3097.29,25,119,3.9,2935.58,77432.25,22034.5
2023-04-04,P030,Footwear,Zara,4130.86,2882.68,0,4130.86,32,705,5.0,3740.38,132187.52,39941.76
2023-04-08,P030,Footwear,Zara,2639.65,1662.81,20,2111.72,62,239,4.1,1967.52,130926.64,27832.42
2023-04-12,P030,Footwear,Zara,3247.82,2195.34,5,3085.43,25,504,3.6,2813.9,77135.75,22252.25
2023-04-29,P030,Footwear,Zara,2711.04,1731.48,40,1626.62,42,434,4.2,1489.51,68318.04,-4404.12
2023-04-30,P030,Footwear,Zara,3926.65,2645.31,0,3926.65,15,127,4.6,3631.67,58899.75,19220.1
2023-05-11,P030,Footwear,Zara,2264.66,1496.98,5,2151.43,66,911,3.6,1973.66,141994.38,43193.7
2023-05-15,P030,Footwear,Zara,2422.49,1789.97,40,1453.49,48,824,4.0,1435.67,69767.52,-16151.04
2023-05-21,P030,Footwear,Zara,4075.24,2734.33,15,3463.95,7,742,4.9,3306.09,24247.65,5107.34
2023-05-28,P030,Footwear,Zara,4567.24,2620.25,40,2740.34,5,410,4.3,2724.02,13701.7,600.45
2023-06-08,P030,Footwear,Zara,3245.52,2062.8,15,2758.69,12,732,4.3,2554.53,33104.28,8350.68
2023-06-11,P030,Footwear,Zara,3622.61,2200.08,15,3079.22,14,945,3.7,3274.67,43109.08,12307.96
2023-06-14,P030,Footwear,Zara,547.09,378.15,10,492.38,110,873,4.0,451.01,54161.8,12565.3
2023-06-23,P030,Footwear,Zara,4355.8,2773.24,30,3049.06,12,679,3.3,3351.54,36588.72,3309.84
2023-06-25,P030,Footwear,Zara,608.93,373.39,40,365.36,221,732,4.0,363.86,80744.56,-1774.63
2023-07-08,P030,Footwear,Zara,4158.36,2609.93,0,4158.36,13,129,5.0,3976.85,54058.68,20129.59
2023-07-14,P030,Footwear,Zara,3974.53,2683.12,0,3974.53,12,588,3.3,3915.74,47694.36,15496.92
2023-07-15,P030,Footwear,Zara,2219.81,1395.67,0,2219.81,46,525,4.7,2021.44,102111.26,37910.44
2023-07-23,P030,Footwear,Zara,1254.58,934.5,10,1129.12,20,770,4.5,1147.41,22582.4,3892.4
2023-08-09,P030,Footwear,Zara,3081.89,2250.14,15,2619.61,29,238,4.4,2461.88,75968.69,10714.63
2023-08-16,P030,Footwear,Zara,1750.5,1027.35,30,1225.35,112,382,4.6,1153.3,137239.2,22176.0
2023-08-24,P030,Footwear,Zara,3425.33,2242.78,10,3082.8,16,766,3.9,2881.09,49324.8,13440.32
2023-08-29,P030,Footwear,Zara,583.2,417.46,30,408.24,408,218,3.2,434.24,166561.92,-3761.76
2023-09-02,P030,Footwear,Zara,2069.98,1162.15,20,1655.98,96,817,4.5,1618.22,158974.08,47407.68
2023-09-10,P030,Footwear,Zara,872.39,597.37,5,828.77,54,269,3.3,768.34,44753.58,12495.6
2023-09-22,P030,Footwear,Zara,2435.55,1561.58,30,1704.88,34,378,3.2,1835.94,57965.92,4872.2
2023-09-30,P030,Footwear,Zara,2167.47,1281.04,40,1300.48,72,946,4.5,1387.38,93634.56,1399.68
2023-10-03,P030,Footwear,Zara,2501.35,1552.81,0,2501.35,44,526,3.4,2734.45,110059.4,41735.76
2023-10-06,P030,Footwear,Zara,1175.26,859.49,5,1116.5,46,671,4.6,1012.33,51359.0,11822.46
2023-10-06,P030,Footwear,Zara,4359.08,3177.18,5,4141.13,29,424,4.5,4277.39,120092.77,27954.55
2023-10-10,P030,Footwear,Zara,657.9,363.15,15,559.21,176,796,4.5,611.54,98420.96,34506.56
2023-10-25,P030,Footwear,Zara,4258.44,2934.35,10,3832.6,13,733,3.3,3759.14,49823.8,11677.25
2023-10-27,P030,Footwear,Zara,3237.05,2162.51,20,2589.64,28,122,3.4,2694.82,72509.92,11959.64
2023-11-06,P030,Footwear,Zara,668.15,421.01,30,467.7,78,435,4.4,433.79,36480.6,3641.82
2023-11-13,P030,Footwear,Zara,2016.43,1166.64,5,1915.61,54,170,3.4,2017.06,103442.94,40444.38
2023-11-20,P030,Footwear,Zara,622.72,367.39,0,622.72,353,599,3.5,609.19,219820.16,90131.49
2023-12-13,P030,Footwear,Zara,533.04,363.91,30,373.13,185,775,3.4,385.34,69029.05,1705.7
2023-12-27,P030,Footwear,Zara,4598.81,2698.97,30,3219.17,33,469,4.6,3066.67,106232.61,17166.6
2024-01-08,P030,Footwear,Zara,3002.34,1918.03,20,2401.87,34,707,3.7,2208.51,81663.58,16450.56
2024-01-11,P030,Footwear,Zara,887.97,664.36,0,887.97,95,547,4.0,886.27,84357.15,21242.95
2024-01-12,P030,Footwear,Zara,2432.41,1740.64,20,1945.93,22,128,4.0,2113.82,42810.46,4516.38
2024-01-16,P030,Footwear,Zara,2225.26,1253.1,0,2225.26,20,978,4.1,2345.61,44505.2,19443.2
2024-01-26,P030,Footwear,Zara,3618.32,2669.54,0,3618.32,30,372,4.4,3699.12,108549.6,28463.4
2024-01-31,P030,Footwear,Zara,3295.88,2085.89,10,2966.29,12,282,4.8,3245.68,35595.48,10564.8
2024-02-01,P030,Footwear,Zara,515.95,348.92,10,464.36,200,635,4.0,440.86,92872.0,23088.0
2024-02-20,P030,Footwear,Zara,1806.11,1086.59,0,1806.11,20,710,4.1,1729.6,36122.2,14390.4
2024-02-23,P030,Footwear,Zara,3001.63,2068.57,0,3001.63,6,900,3.5,2759.59,18009.78,5598.36
2024-02-29,P030,Footwear,Zara,2212.08,1360.61,0,2212.08,64,707,4.6,2022.52,141573.12,54494.08
2024-02-29,P030,Footwear,Zara,4816.75,2798.26,0,4816.75,6,294,3.2,4547.04,28900.5,12110.94
2024-02-29,P030,Footwear,Zara,3470.57,1960.48,40,2082.34,44,561,4.9,2141.66,91622.96,5361.84
2024-03-05,P030,Footwear,Zara,3609.98,2587.01,0,3609.98,17,519,4.4,3391.38,61369.66,17390.49
2024-03-05,P030,Footwear,Zara,1410.0,930.71,10,1269.0,39,256,3.3,1381.45,49491.0,13193.31
2024-03-06,P030,Footwear,Zara,3807.09,2194.25,5,3616.74,6,159,4.6,3730.39,21700.44,8534.94
2024-03-20,P030,Footwear,Zara,694.93,396.61,0,694.93,231,559,3.4,663.0,160528.83,68911.92
2024-04-03,P030,Footwear,Zara,4003.99,2951.56,0,4003.99,31,724,3.6,3772.51,124123.69,32625.33
2024-04-12,P030,Footwear,Zara,3139.76,1995.22,40,1883.86,10,301,4.7,1979.04,18838.6,-1113.6
2024-04-15,P030,Footwear,Zara,3642.5,2418.7,40,2185.5,46,196,4.7,2240.59,100533.0,-10727.2
2024-04-18,P030,Footwear,Zara,2054.11,1132.63,15,1745.99,28,534,3.4,1577.77,48887.72,17174.08
2024-04-20,P030,Footwear,Zara,2736.73,1695.4,40,1642.04,78,280,4.5,1756.52,128079.12,-4162.08
2024-05-03,P030,Footwear,Zara,3966.69,2480.1,5,3768.36,10,447,3.4,3901.97,37683.6,12882.6
2024-05-15,P030,Footwear,Zara,3861.96,2143.78,10,3475.76,16,989,4.9,3618.46,55612.16,21311.68
2024-06-04,P030,Footwear,Zara,2899.69,1727.84,30,2029.78,22,675,3.3,1882.59,44655.16,6642.68
2024-06-09,P030,Footwear,Zara,4570.34,2760.82,15,3884.79,10,907,4.7,4258.59,38847.9,11239.7
2024-06-11,P030,Footwear,Zara,1688.81,1190.34,30,1182.17,88,901,3.5,1209.37,104030.96,-718.96
2024-06-13,P030,Footwear,Zara,1062.47,794.25,40,637.48,217,963,4.6,665.36,138333.16,-34019.09
2024-06-20,P030,Footwear,Zara,2938.3,1718.04,10,2644.47,13,427,4.3,2605.81,34378.11,12043.59
2024-06-27,P030,Footwear,Zara,4050.82,2873.83,0,4050.82,25,192,3.4,4298.3,101270.5,29424.75
2024-06-28,P030,Footwear,Zara,2686.94,1798.7,0,2686.94,25,103,3.8,2868.15,67173.5,22206.0
2024-06-29,P030,Footwear,Zara,2160.11,1342.38,0,2160.11,66,197,3.5,2143.95,142567.26,53970.18
2024-06-30,P030,Footwear,Zara,1953.58,1170.8,30,1367.51,69,460,4.0,1253.19,94358.19,13572.99
2024-07-02,P030,Footwear,Zara,4576.71,2580.5,5,4347.87,29,346,4.2,4225.45,126088.23,51253.73
2024-07-04,P030,Footwear,Zara,4725.42,3380.86,0,4725.42,13,569,4.9,5101.0,61430.46,17479.28
2024-07-10,P030,Footwear,Zara,3949.85,2501.6,10,3554.86,17,467,3.4,3680.79,60432.62,17905.42
2024-07-11,P030,Footwear,Zara,1055.6,685.6,30,738.92,66,726,3.5,756.5,48768.72,3519.12
2024-07-27,P030,Footwear,Zara,1394.1,790.44,20,1115.28,96,282,3.3,1095.61,107066.88,31184.64
2024-07-28,P030,Footwear,Zara,892.05,511.28,0,892.05,140,899,4.7,917.54,124887.0,53307.8
2024-08-01,P030,Footwear,Zara,3901.27,2417.39,15,3316.08,34,244,4.0,3020.07,112746.72,30555.46
2024-08-03,P030,Footwear,Zara,1096.88,658.79,20,877.5,100,195,3.6,793.18,87750.0,21871.0
2024-08-05,P030,Footwear,Zara,1688.24,997.86,0,1688.24,14,307,4.3,1704.99,23635.36,9665.32
2024-08-08,P030,Footwear,Zara,1492.22,1093.69,40,895.33,170,644,3.9,867.39,152206.1,-33721.2
2024-08-09,P030,Footwear,Zara,3902.19,2803.31,30,2731.53,28,310,5.0,2659.59,76482.84,-2009.84
2024-08-11,P030,Footwear,Zara,708.81,390.03,15,602.49,216,613,4.8,602.68,130137.84,45891.36
2024-08-17,P030,Footwear,Zara,3524.58,1956.7,20,2819.66,27,247,4.7,2809.35,76130.82,23299.92
2024-08-18,P030,Footwear,Zara,2868.29,1626.65,20,2294.63,34,208,3.6,2473.26,78017.42,22711.32
2024-08-22,P030,Footwear,Zara,2423.32,1393.14,15,2059.82,56,355,3.3,1987.75,115349.92,37334.08
2024-08-23,P030,Footwear,Zara,3631.33,2070.96,10,3268.2,25,817,3.8,3149.71,81705.0,29931.0
2024-08-25,P030,Footwear,Zara,4798.66,2940.05,10,4318.79,23,274,4.7,4384.36,99332.17,31711.02
2024-09-04,P030,Footwear,Zara,4008.89,2451.01,40,2405.33,50,986,4.7,2362.74,120266.5,-2284.0
2024-09-11,P030,Footwear,Zara,2400.41,1727.08,20,1920.33,40,827,4.3,1859.85,76813.2,7730.0
2024-09-15,P030,Footwear,Zara,919.05,592.44,10,827.14,120,655,3.7,837.61,99256.8,28164.0
2024-09-16,P030,Footwear,Zara,2704.06,1853.81,0,2704.06,19,642,3.9,2451.67,51377.14,16154.75
2024-09-22,P030,Footwear,Zara,2908.11,1703.25,20,2326.49,38,518,4.3,2348.22,88406.62,23683.12
2024-09-25,P030,Footwear,Zara,2093.22,1195.37,15,1779.24,12,812,3.6,1711.99,21350.88,7006.44
2024-09-26,P030,Footwear,Zara,1264.16,922.25,40,758.5,90,823,3.9,792.92,68265.0,-14737.5
2024-10-01,P030,Footwear,Zara,581.05,334.98,20,464.84,429,816,4.1,465.85,199416.36,55709.94
2024-10-05,P030,Footwear,Zara,3142.05,2085.63,0,3142.05,13,769,4.3,3401.64,40846.65,13733.46
2024-10-07,P030,Footwear,Zara,682.18,381.09,20,545.74,198,250,3.5,520.39,108056.52,32600.7
2024-10-07,P030,Footwear,Zara,983.84,556.92,10,885.46,143,656,4.2,914.57,126620.78,46981.22
2024-10-23,P030,Footwear,Zara,3421.15,1989.64,30,2394.8,28,262,3.3,2195.42,67054.4,11344.48
2024-11-04,P030,Footwear,Zara,822.85,564.93,20,658.28,200,851,4.7,660.98,131656.0,18670.0
2024-11-06,P030,Footwear,Zara,3784.83,2403.21,5,3595.59,9,418,4.6,3395.82,32360.31,10731.42
2024-11-07,P030,Footwear,Zara,3496.31,2198.14,5,3321.49,37,721,3.7,3135.7,122895.13,41563.95
2024-11-11,P030,Footwear,Zara,2634.75,1554.64,15,2239.54,49,433,4.1,2248.04,109737.46,33560.1
2024-11-14,P030,Footwear,Zara,1367.73,866.44,15,1162.57,161,835,3.4,1098.49,187173.77,47676.93
2024-11-15,P030,Footwear,Zara,1292.92,897.72,10,1163.63,140,914,4.9,1225.82,162908.2,37227.4
2024-11-26,P030,Footwear,Zara,1093.16,766.57,5,1038.5,145,352,4.1,1118.84,150582.5,39429.85
2024-11-30,P030,Footwear,Zara,1824.13,1352.69,30,1276.89,113,296,4.2,1158.51,144288.57,-8565.4
2024-12-03,P030,Footwear,Zara,4934.23,2854.48,20,3947.38,27,651,3.9,4176.14,106579.26,29508.3
2024-12-17,P030,Footwear,Zara,2637.52,1903.77,40,1582.51,81,491,4.0,1484.88,128183.31,-26022.06
2024-12-24,P030,Footwear,Zara,3944.35,2956.45,40,2366.61,20,827,4.3,2409.43,47332.2,-11796.8
2024-12-31,P030,Footwear,Zara,4983.2,3511.01,20,3986.56,36,622,4.1,4004.17,143516.16,17119.8
