Myntra_Clean_Data.csv
date,product_id,category,brand,listed_price,cost_price,discount_pct,final_price,units_sold,inventory_level,rating,competitor_price,revenue,profit
2023-01-09,P024,Women,Nike,4711.96,2640.56,0,4711.96,22,815,4.8,4913.71,103663.12,45570.8
2023-01-10,P024,Women,Nike,1571.77,865.79,30,1100.24,40,432,4.4,1168.34,44009.6,9378.0
2023-01-17,P024,Women,Nike,4775.07,3052.23,40,2865.04,16,417,4.9,3013.1,45840.64,-2995.04
2023-01-18,P024,Women,Nike,4054.34,2929.45,40,2432.6,44,280,3.6,2404.37,107034.4,-21861.4
2023-01-26,P024,Women,Nike,3786.87,2713.31,5,3597.53,14,116,4.8,3557.52,50365.42,12379.08
2023-01-30,P024,Women,Nike,3004.95,2197.62,15,2554.21,25,244,3.8,2706.56,63855.25,8914.75
2023-01-31,P024,Women,Nike,3080.91,1923.47,40,1848.55,58,633,3.2,1913.06,107215.9,-4345.36
2023-02-01,P024,Women,Nike,3121.66,2005.19,40,1873.0,60,927,4.1,1899.94,112380.0,-7931.4
2023-02-13,P024,Women,Nike,1809.17,1337.01,5,1718.71,40,604,3.5,1854.42,68748.4,15268.0
2023-02-16,P024,Women,Nike,759.81,567.71,40,455.89,320,455,4.3,415.17,145884.8,-35782.4
2023-03-07,P024,Women,Nike,1096.7,721.47,5,1041.86,64,254,3.3,944.3,66679.04,20504.96
2023-03-08,P024,Women,Nike,4523.31,3175.32,40,2713.99,22,420,4.1,2905.99,59707.78,-10149.26
2023-03-11,P024,Women,Nike,1165.37,717.59,40,699.22,126,494,3.6,725.55,88101.72,-2314.62
2023-03-16,P024,Women,Nike,1114.1,693.41,30,779.87,162,344,4.0,771.26,126338.94,14006.52
2023-03-20,P024,Women,Nike,2408.5,1512.14,15,2047.22,68,243,4.6,2117.93,139210.96,36385.44
2023-03-24,P024,Women,Nike,4661.4,3213.47,40,2796.84,26,894,4.1,2519.52,72717.84,-10832.38
2023-03-25,P024,Women,Nike,1974.77,1253.14,20,1579.82,75,477,4.3,1636.59,118486.5,24501.0
2023-03-25,P024,Women,Nike,3649.77,2146.3,30,2554.84,26,262,4.5,2510.74,66425.84,10622.04
2023-04-06,P024,Women,Nike,2874.35,1998.24,40,1724.61,30,809,3.4,1640.34,51738.3,-8208.9
2023-04-16,P024,Women,Nike,1075.25,700.05,20,860.2,55,222,4.5,837.6,47311.0,8808.25
2023-04-18,P024,Women,Nike,860.52,609.28,20,688.42,182,920,3.7,751.15,125292.44,14403.48
2023-04-20,P024,Women,Nike,3323.65,2077.71,15,2825.1,33,986,4.9,2770.42,93228.3,24663.87
2023-04-26,P024,Women,Nike,598.6,404.45,15,508.81,99,321,4.8,499.74,50372.19,10331.64
2023-05-05,P024,Women,Nike,2232.55,1336.29,0,2232.55,60,613,3.3,2232.74,133953.0,53775.6
2023-05-08,P024,Women,Nike,4483.83,2848.38,15,3811.26,29,878,4.1,3780.46,110526.54,27923.52
2023-05-09,P024,Women,Nike,4107.61,2855.93,20,3286.09,33,689,4.3,2964.67,108440.97,14195.28
2023-05-10,P024,Women,Nike,2286.72,1370.0,0,2286.72,16,436,3.4,2318.92,36587.52,14667.52
2023-05-10,P024,Women,Nike,4522.44,2651.32,10,4070.2,7,726,3.9,3672.05,28491.4,9932.16
2023-05-14,P024,Women,Nike,3312.16,2046.02,10,2980.94,25,335,3.8,3097.49,74523.5,23373.0
2023-05-15,P024,Women,Nike,3101.53,2206.41,40,1860.92,54,968,4.4,1920.17,100489.68,-18656.46
2023-05-17,P024,Women,Nike,1025.07,688.92,20,820.06,96,472,3.5,827.02,78725.76,12589.44
2023-05-19,P024,Women,Nike,3561.77,2164.8,15,3027.5,34,521,3.5,3171.01,102935.0,29331.8
2023-05-24,P024,Women,Nike,629.52,452.73,5,598.04,224,801,4.6,635.62,133960.96,32549.44
2023-06-16,P024,Women,Nike,3408.41,1885.94,15,2897.15,34,413,4.0,2960.38,98503.1,34381.14
2023-06-21,P024,Women,Nike,4859.68,3532.25,15,4130.73,17,929,5.0,4395.83,70222.41,10174.16
2023-06-24,P024,Women,Nike,1785.63,1065.31,5,1696.35,26,272,4.1,1600.16,44105.1,16407.04
2023-06-28,P024,Women,Nike,3888.62,2393.59,15,3305.33,8,699,3.2,3234.54,26442.64,7293.92
2023-07-06,P024,Women,Nike,4588.04,3081.2,30,3211.63,7,797,4.0,3403.52,22481.41,913.01
2023-07-14,P024,Women,Nike,1901.65,1212.23,40,1140.99,112,780,3.6,1253.45,127790.88,-7978.88
2023-07-16,P024,Women,Nike,3431.47,2294.44,20,2745.18,28,253,3.6,2622.25,76865.04,12620.72
2023-07-16,P024,Women,Nike,4114.68,2902.73,5,3908.95,14,613,4.1,4084.83,54725.3,14087.08
2023-07-23,P024,Women,Nike,2746.53,1538.5,10,2471.88,30,346,5.0,2527.54,74156.4,28001.4
2023-07-26,P024,Women,Nike,2657.06,1672.28,10,2391.35,18,960,4.3,2251.1,43044.3,12943.26
2023-07-31,P024,Women,Nike,3497.37,2305.83,5,3322.5,20,615,4.1,3566.11,66450.0,20333.4
2023-08-03,P024,Women,Nike,2594.82,1480.13,10,2335.34,64,483,4.4,2341.87,149461.76,54733.44
2023-08-06,P024,Women,Nike,1401.57,874.09,0,1401.57,102,152,4.8,1301.88,142960.14,53802.96
2023-08-07,P024,Women,Nike,2068.72,1290.47,10,1861.85,42,895,5.0,1858.87,78197.7,23997.96
2023-08-08,P024,Women,Nike,1596.45,1037.49,30,1117.51,88,237,3.3,1014.03,98340.88,7041.76
2023-08-10,P024,Women,Nike,3924.0,2536.9,20,3139.2,33,250,4.9,3326.84,103593.6,19875.9
2023-08-13,P024,Women,Nike,3876.94,2232.01,10,3489.25,15,298,3.3,3402.77,52338.75,18858.6
2023-08-20,P024,Women,Nike,4030.77,2307.3,5,3829.23,10,234,4.9,3708.21,38292.3,15219.3
2023-08-25,P024,Women,Nike,1072.62,647.89,40,643.57,49,102,3.8,580.28,31534.93,-211.68
2023-08-26,P024,Women,Nike,1849.85,1366.71,10,1664.86,48,100,4.2,1620.38,79913.28,14311.2
2023-08-27,P024,Women,Nike,3267.7,1900.01,30,2287.39,58,833,3.5,2346.04,132668.62,22468.04
2023-09-17,P024,Women,Nike,3312.48,2370.0,30,2318.74,56,770,4.2,2101.64,129849.44,-2870.56
2023-09-17,P024,Women,Nike,1825.38,1244.6,5,1734.11,18,278,4.4,1650.15,31213.98,8811.18
2023-10-03,P024,Women,Nike,4899.15,3323.94,5,4654.19,16,486,3.7,4753.79,74467.04,21284.0
2023-10-04,P024,Women,Nike,1332.91,844.24,30,933.04,208,191,3.9,969.77,194072.32,18470.4
2023-10-08,P024,Women,Nike,1045.8,744.62,40,627.48,145,740,3.7,641.64,90984.6,-16985.3
2023-10-14,P024,Women,Nike,4166.98,2388.56,40,2500.19,14,549,3.8,2728.51,35002.66,1562.82
2023-10-23,P024,Women,Nike,993.11,707.69,10,893.8,104,357,3.4,836.27,92955.2,19355.44
2023-10-29,P024,Women,Nike,3777.21,2664.03,15,3210.63,19,355,4.2,3521.85,61001.97,10385.4
2023-11-14,P024,Women,Nike,3869.18,2137.52,5,3675.72,20,992,4.1,3608.45,73514.4,30764.0
2023-11-17,P024,Women,Nike,2790.04,1848.22,10,2511.04,27,395,4.0,2525.31,67798.08,17896.14
2023-11-23,P024,Women,Nike,516.11,358.06,0,516.11,257,444,4.8,506.16,132640.27,40618.85
2023-11-24,P024,Women,Nike,567.28,420.27,20,453.82,157,236,4.2,423.06,71249.74,5267.35
2023-12-01,P024,Women,Nike,4923.21,3086.25,20,3938.57,22,162,4.7,3840.45,86648.54,18751.04
2023-12-02,P024,Women,Nike,3808.69,2348.98,20,3046.95,6,383,4.6,3061.32,18281.7,4187.82
2023-12-10,P024,Women,Nike,2473.91,1808.0,20,1979.13,39,648,3.6,1864.44,77186.07,6674.07
2023-12-17,P024,Women,Nike,4797.15,2855.21,0,4797.15,24,651,3.7,5236.03,115131.6,46606.56
2023-12-25,P024,Women,Nike,3310.58,2189.37,5,3145.05,9,124,4.0,2835.46,28305.45,8601.12
2023-12-30,P024,Women,Nike,1267.4,703.58,15,1077.29,36,989,4.3,976.95,38782.44,13453.56
2024-01-17,P024,Women,Nike,4515.26,2607.11,0,4515.26,29,874,4.3,4280.98,130942.54,55336.35
2024-01-19,P024,Women,Nike,2741.38,2055.71,10,2467.24,66,530,4.4,2476.15,162837.84,27160.98
2024-01-22,P024,Women,Nike,3290.76,2018.25,20,2632.61,24,597,5.0,2618.73,63182.64,14744.64
2024-01-29,P024,Women,Nike,4672.13,3456.65,10,4204.92,22,218,3.2,3845.87,92508.24,16461.94
2024-01-30,P024,Women,Nike,2531.69,1477.35,0,2531.69,30,392,4.8,2718.91,75950.7,31630.2
2024-02-13,P024,Women,Nike,4055.5,2649.61,15,3447.18,34,922,4.5,3610.86,117204.12,27117.38
2024-02-18,P024,Women,Nike,3959.92,2489.94,5,3761.92,14,744,4.8,3953.73,52666.88,17807.72
2024-02-20,P024,Women,Nike,4010.91,2231.82,20,3208.73,8,490,3.4,3424.88,25669.84,7815.28
2024-03-02,P024,Women,Nike,3816.82,2433.22,10,3435.14,11,621,4.5,3588.73,37786.54,11021.12
2024-03-14,P024,Women,Nike,3097.04,2254.48,20,2477.63,50,291,4.0,2474.68,123881.5,11157.5
2024-03-14,P024,Women,Nike,4603.36,2601.43,20,3682.69,23,899,4.6,3736.4,84701.87,24868.98
2024-03-23,P024,Women,Nike,1811.78,1349.02,30,1268.25,72,136,4.1,1278.23,91314.0,-5815.44
2024-03-25,P024,Women,Nike,2513.04,1877.83,30,1759.13,50,364,4.7,1644.82,87956.5,-5935.0
2024-03-29,P024,Women,Nike,3712.93,2750.72,40,2227.76,44,473,4.3,2127.33,98021.44,-23010.24
2024-04-08,P024,Women,Nike,1545.86,1082.18,0,1545.86,51,539,4.6,1496.78,78838.86,23647.68
2024-04-15,P024,Women,Nike,2216.24,1289.32,30,1551.37,81,728,4.9,1680.52,125660.97,21226.05
2024-04-23,P024,Women,Nike,3107.78,2207.21,40,1864.67,10,222,4.3,1969.63,18646.7,-3425.4
2024-04-25,P024,Women,Nike,4910.57,2911.16,0,4910.57,11,103,3.5,4837.85,54016.27,21993.51
2024-04-28,P024,Women,Nike,2966.72,2153.4,10,2670.05,13,259,4.8,2821.28,34710.65,6716.45
2024-05-02,P024,Women,Nike,3995.89,2715.21,10,3596.3,5,159,4.3,3917.91,17981.5,4405.45
2024-05-19,P024,Women,Nike,3928.74,2898.85,0,3928.74,32,906,3.8,3628.2,125719.68,32956.48
2024-05-19,P024,Women,Nike,2512.27,1698.27,5,2386.66,22,858,3.7,2183.96,52506.52,15144.58
2024-05-21,P024,Women,Nike,3495.67,2271.4,10,3146.1,8,917,3.6,2997.0,25168.8,6997.6
2024-05-27,P024,Women,Nike,3957.64,2682.15,40,2374.58,26,393,4.0,2459.67,61739.08,-7996.82
2024-06-02,P024,Women,Nike,2901.55,1937.45,10,2611.4,7,235,4.8,2821.95,18279.8,4717.65
2024-06-09,P024,Women,Nike,3641.6,2312.0,10,3277.44,7,782,4.5,3233.66,22942.08,6758.08
2024-06-25,P024,Women,Nike,1390.34,813.33,20,1112.27,96,867,4.9,1004.67,106777.92,28698.24
2024-06-26,P024,Women,Nike,638.06,412.27,40,382.84,169,486,4.5,361.52,64699.96,-4973.67
2024-06-28,P024,Women,Nike,3618.73,2103.31,10,3256.86,30,508,4.2,3405.56,97705.8,34606.5
2024-07-06,P024,Women,Nike,1922.46,1367.59,20,1537.97,57,122,3.5,1544.2,87664.29,9711.66
2024-07-15,P024,Women,Nike,4948.4,3621.78,5,4700.98,32,851,4.9,4330.94,150431.36,34534.4
2024-07-15,P024,Women,Nike,3373.25,2302.61,0,3373.25,31,687,4.9,3512.78,104570.75,33189.84
2024-07-18,P024,Women,Nike,4060.09,2705.13,40,2436.05,24,141,3.3,2618.09,58465.2,-6457.92
2024-07-18,P024,Women,Nike,2665.82,1691.34,10,2399.24,38,833,4.0,2443.0,91171.12,26900.2
2024-07-22,P024,Women,Nike,4589.29,3078.85,0,4589.29,15,840,4.3,4931.39,68839.35,22656.6
2024-07-24,P024,Women,Nike,2654.98,1536.06,15,2256.73,48,887,4.8,2268.25,108323.04,34592.16
2024-07-25,P024,Women,Nike,4852.84,3622.7,0,4852.84,34,730,4.3,5301.9,164996.56,41824.76
2024-07-26,P024,Women,Nike,2005.75,1485.62,0,2005.75,50,929,3.7,2079.3,100287.5,26006.5
2024-08-07,P024,Women,Nike,1752.56,1234.36,40,1051.54,56,321,4.7,1011.34,58886.24,-10237.92
2024-08-15,P024,Women,Nike,1488.93,822.26,15,1265.59,33,638,4.3,1302.74,41764.47,14629.89
2024-08-31,P024,Women,Nike,3214.77,2209.76,0,3214.77,12,399,3.3,3213.3,38577.24,12060.12
2024-09-06,P024,Women,Nike,756.55,504.64,0,756.55,42,370,3.6,774.16,31775.1,10580.22
2024-09-20,P024,Women,Nike,4160.95,2379.16,20,3328.76,6,403,4.2,3351.13,19972.56,5697.6
2024-09-21,P024,Women,Nike,3739.84,2241.32,15,3178.86,27,304,3.3,2899.13,85829.22,25313.58
2024-09-24,P024,Women,Nike,1347.85,878.23,30,943.49,150,571,3.3,968.18,141523.5,9789.0
2024-09-26,P024,Women,Nike,3914.52,2233.25,0,3914.52,29,662,3.9,4253.46,113521.08,48756.83
2024-09-27,P024,Women,Nike,2039.34,1509.72,40,1223.6,52,124,4.6,1113.12,63627.2,-14878.24
2024-10-22,P024,Women,Nike,2824.14,1981.86,10,2541.73,22,799,4.0,2746.98,55918.06,12317.14
2024-10-23,P024,Women,Nike,4896.72,3608.02,15,4162.21,27,490,3.4,3979.86,112379.67,14963.13
2024-10-28,P024,Women,Nike,3226.86,1849.82,0,3226.86,31,834,4.1,3505.97,100032.66,42688.24
2024-11-02,P024,Women,Nike,768.26,488.08,0,768.26,257,284,3.4,707.41,197442.82,72006.26
2024-11-11,P024,Women,Nike,2226.03,1505.26,0,2226.03,39,960,4.6,2135.16,86815.17,28110.03
2024-11-14,P024,Women,Nike,636.92,373.79,5,605.07,114,618,4.6,591.68,68977.98,26365.92
2024-11-16,P024,Women,Nike,1863.47,1059.69,30,1304.43,120,877,4.7,1357.41,156531.6,29368.8
2024-11-18,P024,Women,Nike,1234.96,687.54,0,1234.96,67,848,3.2,1194.34,82742.32,36677.14
2024-12-04,P024,Women,Nike,2552.24,1764.03,0,2552.24,14,426,4.1,2748.5,35731.36,11034.94
2024-12-06,P024,Women,Nike,965.56,631.4,0,965.56,71,310,3.7,1056.14,68554.76,23725.36
2024-12-11,P024,Women,Nike,3421.77,1933.84,5,3250.68,31,509,4.8,3404.72,100771.08,40822.04
2024-12-18,P024,Women,Nike,1380.8,1024.45,15,1173.68,145,105,3.7,1082.33,170183.6,21638.35
2024-12-20,P024,Women,Nike,4103.74,2661.21,10,3693.37,27,507,4.5,3633.56,99720.99,27868.32
2024-12-22,P024,Women,Nike,1387.45,863.88,15,1179.33,156,889,4.3,1274.59,183975.48,49210.2
2024-12-24,P024,Women,Nike,1151.29,692.34,20,921.03,32,389,4.4,857.83,29472.96,7318.08
