Myntra_Clean_Data.csv
date,product_id,category,brand,listed_price,cost_price,discount_pct,final_price,units_sold,inventory_level,rating,competitor_price,revenue,profit
2023-01-11,P005,Kids,Puma,597.43,397.65,40,358.46,169,843,4.9,326.72,60579.74,-6623.11
2023-01-31,P005,Kids,Puma,1616.83,1110.7,10,1455.15,99,365,4.9,1560.58,144059.85,34100.55
2023-02-03,P005,Kids,Puma,2647.61,1776.35,10,2382.85,54,652,4.0,2241.66,128673.9,32751.0
2023-02-11,P005,Kids,Puma,2263.42,1584.74,10,2037.08,42,580,3.6,2109.35,85557.36,18998.28
2023-02-12,P005,Kids,Puma,4346.12,3072.77,15,3694.2,11,825,4.4,4045.0,40636.2,6835.73
2023-02-13,P005,Kids,Puma,2804.74,1726.04,15,2384.03,16,590,4.3,2185.79,38144.48,10527.84
2023-02-16,P005,Kids,Puma,1318.33,876.87,0,1318.33,84,554,4.9,1371.44,110739.72,37082.64
2023-02-28,P005,Kids,Puma,2452.01,1740.24,0,2452.01,54,476,3.3,2446.87,132408.54,38435.58
2023-03-02,P005,Kids,Puma,4688.41,3115.69,15,3985.15,10,449,3.2,3943.94,39851.5,8694.6
2023-03-05,P005,Kids,Puma,2616.42,1543.91,0,2616.42,33,940,4.4,2519.8,86341.86,35392.83
2023-03-24,P005,Kids,Puma,4097.49,2998.69,10,3687.74,7,541,4.4,3814.5,25814.18,4823.35
2023-03-25,P005,Kids,Puma,1556.14,1032.34,10,1400.53,27,864,3.2,1377.21,37814.31,9941.13
2023-04-04,P005,Kids,Puma,2698.26,1904.62,20,2158.61,54,880,4.8,2131.58,116564.94,13715.46
2023-04-07,P005,Kids,Puma,3230.73,2369.18,10,2907.66,19,339,3.7,2927.91,55245.54,10231.12
2023-04-12,P005,Kids,Puma,1039.64,707.86,5,987.66,80,394,4.6,959.87,79012.8,22384.0
2023-04-17,P005,Kids,Puma,932.96,522.54,40,559.78,232,620,4.6,543.88,129868.96,8639.68
2023-04-18,P005,Kids,Puma,3285.04,2342.56,0,3285.04,7,864,4.2,3159.46,22995.28,6597.36
2023-05-03,P005,Kids,Puma,4742.99,2861.54,5,4505.84,12,596,4.5,4764.36,54070.08,19731.6
2023-05-17,P005,Kids,Puma,4630.4,2715.69,30,3241.28,7,551,4.5,3071.86,22688.96,3679.13
2023-05-20,P005,Kids,Puma,1783.66,1196.77,30,1248.56,88,860,3.5,1299.98,109873.28,4557.52
2023-05-23,P005,Kids,Puma,3250.74,1891.75,40,1950.44,30,349,4.8,2101.51,58513.2,1760.7
2023-05-31,P005,Kids,Puma,1402.87,854.6,40,841.72,130,719,3.6,818.91,109423.6,-1674.4
2023-05-31,P005,Kids,Puma,3007.54,2250.83,40,1804.52,64,422,3.3,1828.73,115489.28,-28563.84
2023-06-14,P005,Kids,Puma,1979.26,1385.54,20,1583.41,27,911,4.9,1670.82,42752.07,5342.49
2023-06-20,P005,Kids,Puma,770.88,524.02,0,770.88,114,337,3.8,700.73,87880.32,28142.04
2023-06-25,P005,Kids,Puma,1124.31,679.58,10,1011.88,84,566,3.6,1043.32,84997.92,27913.2
2023-06-28,P005,Kids,Puma,3392.12,2267.7,10,3052.91,6,488,3.9,2926.15,18317.46,4711.26
2023-06-29,P005,Kids,Puma,2613.98,1874.34,20,2091.18,12,626,3.9,1939.52,25094.16,2602.08
2023-07-07,P005,Kids,Puma,2701.12,1808.88,15,2295.95,20,878,4.0,2186.51,45919.0,9741.4
2023-07-09,P005,Kids,Puma,3521.43,2120.44,10,3169.29,12,882,3.6,3211.83,38031.48,12586.2
2023-07-11,P005,Kids,Puma,2712.91,1949.73,40,1627.75,54,809,4.4,1478.05,87898.5,-17386.92
2023-07-12,P005,Kids,Puma,3565.97,2269.29,0,3565.97,23,283,3.3,3591.26,82017.31,29823.64
2023-07-18,P005,Kids,Puma,2529.82,1484.22,5,2403.33,26,528,4.1,2169.42,62486.58,23896.86
2023-07-24,P005,Kids,Puma,1913.0,1135.91,5,1817.35,12,576,4.7,1714.26,21808.2,8177.28
2023-07-28,P005,Kids,Puma,2415.99,1796.41,40,1449.59,42,918,4.4,1478.86,60882.78,-14566.44
2023-07-28,P005,Kids,Puma,3063.2,2095.89,40,1837.92,12,689,3.9,1987.24,22055.04,-3095.64
2023-08-01,P005,Kids,Puma,4829.82,3368.2,0,4829.82,5,458,3.4,4496.18,24149.1,7308.1
2023-08-08,P005,Kids,Puma,3485.64,2158.11,30,2439.95,66,551,4.5,2361.58,161036.7,18601.44
2023-08-19,P005,Kids,Puma,2793.45,1705.36,20,2234.76,26,374,4.6,2329.53,58103.76,13764.4
2023-08-21,P005,Kids,Puma,2709.99,1946.47,30,1896.99,42,917,3.9,1956.21,79673.58,-2078.16
2023-08-26,P005,Kids,Puma,2753.22,2038.01,20,2202.58,16,600,4.3,2400.94,35241.28,2633.12
2023-08-28,P005,Kids,Puma,3045.1,1924.27,0,3045.1,5,364,4.2,2986.7,15225.5,5604.15
2023-09-04,P005,Kids,Puma,2195.91,1352.44,0,2195.91,28,267,4.2,2212.05,61485.48,23617.16
2023-09-13,P005,Kids,Puma,4506.71,2690.21,5,4281.37,8,247,4.3,4155.35,34250.96,12729.28
2023-09-15,P005,Kids,Puma,1931.53,1363.22,10,1738.38,64,134,4.7,1865.22,111256.32,24010.24
2023-09-18,P005,Kids,Puma,2072.81,1357.62,15,1761.89,12,285,4.0,1851.71,21142.68,4851.24
2023-09-20,P005,Kids,Puma,4629.03,2661.08,20,3703.22,10,330,4.9,3662.71,37032.2,10421.4
2023-09-26,P005,Kids,Puma,3983.13,2713.47,20,3186.5,24,901,4.9,3326.68,76476.0,11352.72
2023-10-12,P005,Kids,Puma,3731.59,2130.09,30,2612.11,31,862,3.5,2637.79,80975.41,14942.62
2023-10-17,P005,Kids,Puma,3616.9,2545.3,0,3616.9,16,126,4.4,3269.58,57870.4,17145.6
2023-10-17,P005,Kids,Puma,810.02,523.34,5,769.52,163,505,5.0,810.66,125431.76,40127.34
2023-10-21,P005,Kids,Puma,3311.56,2356.24,30,2318.09,39,406,5.0,2340.93,90405.51,-1487.85
2023-10-28,P005,Kids,Puma,4477.47,2875.13,30,3134.23,41,539,3.9,2847.68,128503.43,10623.1
2023-11-09,P005,Kids,Puma,2619.78,1476.08,20,2095.82,41,822,4.1,2170.3,85928.62,25409.34
2023-11-11,P005,Kids,Puma,3388.6,2144.75,20,2710.88,18,519,4.2,2574.18,48795.84,10190.34
2023-11-11,P005,Kids,Puma,2665.03,1771.08,10,2398.53,75,756,4.7,2314.44,179889.75,47058.75
2023-11-29,P005,Kids,Puma,2034.8,1336.94,15,1729.58,67,999,3.3,1561.45,115881.86,26306.88
2023-11-30,P005,Kids,Puma,1521.36,838.0,10,1369.22,85,704,4.6,1395.63,116383.7,45153.7
2023-12-06,P005,Kids,Puma,1112.03,651.89,10,1000.83,83,721,4.5,991.61,83068.89,28962.02
2023-12-16,P005,Kids,Puma,3271.08,2195.76,30,2289.76,23,337,4.1,2271.82,52664.48,2162.0
2023-12-28,P005,Kids,Puma,3943.45,2673.28,0,3943.45,28,738,4.4,4241.63,110416.6,35564.76
2023-12-29,P005,Kids,Puma,1210.74,729.74,10,1089.67,78,632,4.5,1173.15,84994.26,28074.54
2024-01-02,P005,Kids,Puma,1231.56,823.97,40,738.94,108,848,4.0,739.16,79805.52,-9183.24
2024-01-29,P005,Kids,Puma,940.57,680.76,5,893.54,80,629,3.5,973.08,71483.2,17022.4
2024-01-31,P005,Kids,Puma,4789.51,3413.53,40,2873.71,20,765,4.4,2728.27,57474.2,-10796.4
2024-02-03,P005,Kids,Puma,3611.84,2592.14,30,2528.29,16,502,3.5,2775.05,40452.64,-1021.6
2024-02-16,P005,Kids,Puma,773.97,518.08,40,464.38,120,596,3.7,456.34,55725.6,-6444.0
2024-02-17,P005,Kids,Puma,3125.98,1880.81,40,1875.59,14,731,3.9,1796.68,26258.26,-73.08
2024-03-01,P005,Kids,Puma,2894.62,1767.67,20,2315.7,58,933,3.8,2154.66,134310.6,31785.74
2024-03-18,P005,Kids,Puma,4551.53,2538.6,20,3641.22,19,200,4.8,3328.88,69183.18,20949.78
2024-04-10,P005,Kids,Puma,2905.52,1772.44,30,2033.86,22,781,3.8,1891.1,44744.92,5751.24
2024-04-10,P005,Kids,Puma,2355.75,1576.29,40,1413.45,36,196,3.6,1387.31,50884.2,-5862.24
2024-04-13,P005,Kids,Puma,1831.5,1234.73,30,1282.05,66,543,3.8,1353.29,84615.3,3123.12
2024-04-19,P005,Kids,Puma,4331.35,2580.71,40,2598.81,26,198,3.5,2535.83,67569.06,470.6
2024-04-19,P005,Kids,Puma,1298.33,917.72,0,1298.33,78,607,3.9,1239.42,101269.74,29687.58
2024-05-04,P005,Kids,Puma,4674.63,3038.53,10,4207.17,27,137,3.6,4072.12,113593.59,31553.28
2024-05-13,P005,Kids,Puma,1982.89,1289.86,0,1982.89,64,804,3.9,2076.2,126904.96,44353.92
2024-05-22,P005,Kids,Puma,4384.3,2763.25,40,2630.58,18,731,3.9,2844.24,47350.44,-2388.06
2024-05-22,P005,Kids,Puma,3469.25,2553.77,40,2081.55,34,912,4.1,2063.78,70772.7,-16055.48
2024-05-23,P005,Kids,Puma,2019.72,1418.16,40,1211.83,128,499,4.8,1178.47,155114.24,-26410.24
2024-05-29,P005,Kids,Puma,662.33,394.03,10,596.1,160,229,4.0,586.03,95376.0,32331.2
2024-06-04,P005,Kids,Puma,4533.86,2944.62,0,4533.86,17,665,4.1,4790.93,77075.62,27017.08
2024-06-07,P005,Kids,Puma,983.1,548.17,0,983.1,95,210,4.3,985.77,93394.5,41318.35
2024-06-14,P005,Kids,Puma,2633.77,1600.53,20,2107.02,40,212,4.9,2271.73,84280.8,20259.6
2024-06-17,P005,Kids,Puma,640.56,393.62,20,512.45,171,601,4.8,540.3,87628.95,20319.93
2024-06-21,P005,Kids,Puma,4951.49,3177.99,0,4951.49,6,445,4.1,5150.8,29708.94,10641.0
2024-06-26,P005,Kids,Puma,1462.0,1030.22,0,1462.0,21,921,4.3,1375.81,30702.0,9067.38
2024-06-27,P005,Kids,Puma,4185.98,2576.71,5,3976.68,33,831,3.5,3599.08,131230.44,46199.01
2024-07-19,P005,Kids,Puma,2548.95,1536.18,15,2166.61,18,316,3.7,2039.78,38998.98,11347.74
2024-07-20,P005,Kids,Puma,4081.56,3055.74,5,3877.48,25,943,4.4,4087.71,96937.0,20543.5
2024-07-22,P005,Kids,Puma,2450.41,1446.5,40,1470.25,30,113,3.6,1498.83,44107.5,712.5
2024-07-26,P005,Kids,Puma,4615.93,3106.78,40,2769.56,33,443,4.7,2498.85,91395.48,-11128.26
2024-07-31,P005,Kids,Puma,3578.31,2282.47,5,3399.39,13,407,4.6,3118.12,44192.07,14519.96
2024-08-16,P005,Kids,Puma,3951.56,2590.84,0,3951.56,16,397,3.3,3732.88,63224.96,21771.52
2024-08-24,P005,Kids,Puma,3986.97,2315.17,5,3787.62,6,706,4.6,4052.05,22725.72,8834.7
2024-09-01,P005,Kids,Puma,2081.24,1467.18,10,1873.12,46,131,3.9,2039.86,86163.52,18673.24
2024-09-16,P005,Kids,Puma,3395.93,2089.36,0,3395.93,10,134,4.5,3428.7,33959.3,13065.7
2024-09-19,P005,Kids,Puma,555.47,386.32,15,472.15,150,143,3.6,471.78,70822.5,12874.5
2024-09-23,P005,Kids,Puma,3690.7,2732.07,5,3506.16,23,321,4.5,3309.76,80641.68,17804.07
2024-10-03,P005,Kids,Puma,1529.94,1015.59,0,1529.94,39,314,3.9,1519.6,59667.66,20059.65
2024-10-03,P005,Kids,Puma,3425.43,2003.18,15,2911.62,44,244,3.6,2949.99,128111.28,39971.36
2024-10-04,P005,Kids,Puma,626.76,354.46,20,501.41,339,487,3.4,512.85,169977.99,49816.05
2024-10-08,P005,Kids,Puma,1538.85,1046.24,20,1231.08,41,148,4.1,1151.72,50474.28,7578.44
2024-11-02,P005,Kids,Puma,3173.23,1836.84,30,2221.26,23,620,4.4,2193.59,51088.98,8841.66
2024-11-07,P005,Kids,Puma,1669.97,1034.69,30,1168.98,130,324,4.4,1242.58,151967.4,17457.7
2024-11-09,P005,Kids,Puma,3454.51,2467.97,5,3281.78,19,808,4.9,3087.35,62353.82,15462.39
2024-11-19,P005,Kids,Puma,2184.94,1209.07,5,2075.69,65,452,4.8,2031.57,134919.85,56330.3
2024-11-20,P005,Kids,Puma,3292.32,1825.33,15,2798.47,18,959,3.9,2754.43,50372.46,17516.52
2024-12-23,P005,Kids,Puma,3327.84,2401.21,0,3327.84,42,607,4.7,3647.95,139769.28,38918.46
2024-12-25,P005,Kids,Puma,2248.05,1358.43,20,1798.44,72,316,3.7,1813.8,129487.68,31680.72
