Myntra_Clean_Data.csv
date,product_id,category,brand,listed_price,cost_price,discount_pct,final_price,units_sold,inventory_level,rating,competitor_price,revenue,profit
2023-01-12,P009,Footwear,Levis,4328.91,2863.33,5,4112.46,11,389,4.4,4077.98,45237.06,13740.43
2023-01-28,P009,Footwear,Levis,1533.99,874.88,40,920.39,155,348,3.6,835.69,142660.45,7054.05
2023-02-03,P009,Footwear,Levis,3219.58,2330.22,30,2253.71,54,899,4.9,2093.77,121700.34,-4131.54
2023-02-05,P009,Footwear,Levis,4832.84,3570.34,40,2899.7,7,432,4.7,3093.6,20297.9,-4694.48
2023-02-12,P009,Footwear,Levis,3803.86,2689.22,40,2282.32,36,186,4.7,2107.33,82163.52,-14648.4
2023-02-12,P009,Footwear,Levis,1905.98,1392.29,40,1143.59,84,437,4.1,1101.93,96061.56,-20890.8
2023-02-16,P009,Footwear,Levis,883.45,661.86,40,530.07,234,897,4.2,484.79,124036.38,-30838.86
2023-02-18,P009,Footwear,Levis,3000.54,2125.13,30,2100.38,68,325,3.9,2150.75,142825.84,-1683.0
2023-02-21,P009,Footwear,Levis,2562.64,1744.49,20,2050.11,68,788,4.8,2052.08,139407.48,20782.16
2023-02-25,P009,Footwear,Levis,2761.35,1574.52,30,1932.94,44,158,4.2,2112.79,85049.36,15770.48
2023-03-04,P009,Footwear,Levis,1290.84,896.17,10,1161.76,104,576,3.9,1155.09,120823.04,27621.36
2023-03-08,P009,Footwear,Levis,1620.73,911.81,0,1620.73,45,161,4.6,1605.12,72932.85,31901.4
2023-03-08,P009,Footwear,Levis,4481.72,3171.59,0,4481.72,25,661,4.7,4564.06,112043.0,32753.25
2023-03-16,P009,Footwear,Levis,4447.62,3100.05,20,3558.1,33,860,4.2,3503.64,117417.3,15115.65
2023-03-16,P009,Footwear,Levis,2727.34,1965.53,10,2454.61,10,179,4.9,2471.4,24546.1,4890.8
2023-03-25,P009,Footwear,Levis,4550.45,2870.64,10,4095.4,19,140,4.9,4233.47,77812.6,23270.44
2023-03-26,P009,Footwear,Levis,3640.59,2006.31,40,2184.35,68,802,3.8,2183.34,148535.8,12106.72
2023-03-29,P009,Footwear,Levis,1718.24,1060.09,20,1374.59,45,462,4.2,1461.78,61856.55,14152.5
2023-03-29,P009,Footwear,Levis,3625.61,2377.59,10,3263.05,13,115,3.4,2938.84,42419.65,11510.98
2023-03-30,P009,Footwear,Levis,4713.34,2740.7,20,3770.67,23,730,3.7,3539.12,86725.41,23689.31
2023-04-01,P009,Footwear,Levis,1728.94,1226.18,10,1556.05,27,677,4.3,1583.36,42013.35,8906.49
2023-04-04,P009,Footwear,Levis,4799.75,3234.87,15,4079.79,22,781,4.9,3843.07,89755.38,18588.24
2023-04-16,P009,Footwear,Levis,2027.36,1428.51,30,1419.15,69,891,3.6,1379.9,97921.35,-645.84
2023-04-17,P009,Footwear,Levis,4117.0,2315.23,10,3705.3,22,813,4.0,3597.02,81516.6,30581.54
2023-04-21,P009,Footwear,Levis,1130.21,718.8,40,678.13,147,299,3.2,732.15,99685.11,-5978.49
2023-04-26,P009,Footwear,Levis,2723.48,1769.06,0,2723.48,6,166,3.3,2824.4,16340.88,5726.52
2023-05-03,P009,Footwear,Levis,3449.2,1966.18,30,2414.44,22,760,4.6,2285.2,53117.68,9861.72
2023-05-08,P009,Footwear,Levis,4720.86,2917.79,30,3304.6,19,250,3.4,3228.67,62787.4,7349.39
2023-05-13,P009,Footwear,Levis,2374.09,1469.21,5,2255.39,38,628,4.6,2383.18,85704.82,29874.84
2023-05-24,P009,Footwear,Levis,571.37,386.0,0,571.37,160,645,4.8,576.76,91419.2,29659.2
2023-05-25,P009,Footwear,Levis,4237.95,3063.71,0,4237.95,16,939,4.6,4592.82,67807.2,18787.84
2023-05-28,P009,Footwear,Levis,2850.22,1890.4,5,2707.71,30,989,4.8,2451.64,81231.3,24519.3
2023-05-29,P009,Footwear,Levis,4248.65,2422.64,15,3611.35,6,866,4.6,3829.83,21668.1,7132.26
2023-06-05,P009,Footwear,Levis,3790.11,2258.54,0,3790.11,12,330,4.0,3954.36,45481.32,18378.84
2023-06-06,P009,Footwear,Levis,551.06,343.79,20,440.85,77,632,4.9,400.48,33945.45,7473.62
2023-06-11,P009,Footwear,Levis,2338.3,1297.94,15,1987.56,44,490,4.4,1799.57,87452.64,30343.28
2023-06-11,P009,Footwear,Levis,612.85,402.36,10,551.57,171,199,3.6,523.34,94318.47,25514.91
2023-06-12,P009,Footwear,Levis,1891.16,1302.68,5,1796.6,52,394,3.7,1861.9,93423.2,25683.84
2023-06-12,P009,Footwear,Levis,2485.9,1611.17,15,2113.02,22,480,5.0,2070.38,46486.44,11040.7
2023-06-15,P009,Footwear,Levis,499.46,367.12,30,349.62,308,860,4.3,347.02,107682.96,-5390.0
2023-06-16,P009,Footwear,Levis,714.98,512.63,20,571.98,112,176,5.0,540.54,64061.76,6647.2
2023-06-25,P009,Footwear,Levis,2485.77,1735.54,30,1740.04,66,434,4.3,1628.59,114842.64,297.0
2023-07-03,P009,Footwear,Levis,2070.2,1550.08,30,1449.14,24,794,3.5,1568.06,34779.36,-2422.56
2023-07-04,P009,Footwear,Levis,4725.0,3027.71,15,4016.25,6,176,3.9,4170.39,24097.5,5931.24
2023-07-05,P009,Footwear,Levis,3964.93,2965.39,5,3766.68,26,652,4.5,3536.11,97933.68,20833.54
2023-07-08,P009,Footwear,Levis,2419.56,1550.85,0,2419.56,16,122,4.6,2556.79,38712.96,13899.36
2023-07-12,P009,Footwear,Levis,1416.19,870.83,5,1345.38,24,714,4.7,1382.93,32289.12,11389.2
2023-07-13,P009,Footwear,Levis,2630.15,1810.51,10,2367.14,22,188,3.3,2504.24,52077.08,12245.86
2023-07-23,P009,Footwear,Levis,3598.08,2160.91,5,3418.18,23,433,4.7,3739.3,78618.14,28917.21
2023-08-09,P009,Footwear,Levis,1283.59,848.38,20,1026.87,108,680,4.1,938.98,110901.96,19276.92
2023-08-09,P009,Footwear,Levis,1340.5,763.0,15,1139.42,104,999,4.8,1241.87,118499.68,39147.68
2023-08-15,P009,Footwear,Levis,1931.95,1241.37,0,1931.95,50,126,3.7,1782.03,96597.5,34529.0
2023-08-18,P009,Footwear,Levis,4120.29,2394.63,5,3914.28,20,535,3.6,3680.45,78285.6,30393.0
2023-08-23,P009,Footwear,Levis,2718.65,1902.39,20,2174.92,50,126,4.4,2081.4,108746.0,13626.5
2023-08-30,P009,Footwear,Levis,2580.41,1581.0,10,2322.37,20,997,4.6,2413.51,46447.4,14827.4
2023-09-14,P009,Footwear,Levis,3448.42,2279.75,15,2931.16,13,263,4.1,2956.54,38105.08,8468.33
2023-09-22,P009,Footwear,Levis,1060.42,600.3,30,742.29,180,795,4.6,704.76,133612.2,25558.2
2023-09-24,P009,Footwear,Levis,1742.38,1040.58,0,1742.38,44,738,3.9,1859.43,76664.72,30879.2
2023-09-24,P009,Footwear,Levis,3359.16,1927.04,10,3023.24,31,446,4.0,2783.84,93720.44,33982.2
2023-09-28,P009,Footwear,Levis,2658.33,1898.16,5,2525.41,15,682,3.5,2696.19,37881.15,9408.75
2023-10-05,P009,Footwear,Levis,1212.64,708.92,30,848.85,182,931,3.4,800.15,154490.7,25467.26
2023-10-17,P009,Footwear,Levis,1726.26,1176.65,40,1035.76,57,179,4.0,1002.65,59038.32,-8030.73
2023-10-25,P009,Footwear,Levis,1263.96,814.03,20,1011.17,26,753,3.7,1059.32,26290.42,5125.64
2023-10-27,P009,Footwear,Levis,1646.69,1107.57,5,1564.36,74,842,4.8,1550.87,115762.64,33802.46
2023-11-14,P009,Footwear,Levis,4487.17,2868.79,15,3814.09,16,324,4.1,3453.54,61025.44,15124.8
2023-11-30,P009,Footwear,Levis,1947.51,1206.27,5,1850.13,15,751,4.7,1752.05,27751.95,9657.9
2023-12-12,P009,Footwear,Levis,542.39,306.74,40,325.43,507,317,3.5,300.02,164993.01,9475.83
2023-12-16,P009,Footwear,Levis,2931.86,1986.29,15,2492.08,52,368,4.9,2599.04,129588.16,26301.08
2023-12-19,P009,Footwear,Levis,2295.97,1598.54,0,2295.97,36,705,4.7,2174.14,82654.92,25107.48
2023-12-19,P009,Footwear,Levis,3863.02,2749.88,15,3283.57,24,266,4.0,3492.75,78805.68,12808.56
2023-12-20,P009,Footwear,Levis,4853.48,3082.59,40,2912.09,9,512,4.5,2857.03,26208.81,-1534.5
2023-12-26,P009,Footwear,Levis,1668.12,1128.99,20,1334.5,27,425,3.7,1205.97,36031.5,5548.77
2023-12-30,P009,Footwear,Levis,3386.8,2317.73,40,2032.08,20,361,3.3,1831.88,40641.6,-5713.0
2023-12-31,P009,Footwear,Levis,2890.6,1628.95,15,2457.01,75,724,3.8,2665.5,184275.75,62104.5
2024-01-14,P009,Footwear,Levis,2599.03,1842.74,20,2079.22,30,456,4.4,2073.89,62376.6,7094.4
2024-01-15,P009,Footwear,Levis,4974.45,3176.06,40,2984.67,11,496,3.4,2859.61,32831.37,-2105.29
2024-01-15,P009,Footwear,Levis,1672.56,1215.01,30,1170.79,124,556,4.4,1099.84,145177.96,-5483.28
2024-01-24,P009,Footwear,Levis,3511.35,2549.26,20,2809.08,30,182,4.5,2885.55,84272.4,7794.6
2024-01-28,P009,Footwear,Levis,2108.48,1207.02,10,1897.63,12,862,4.0,1712.11,22771.56,8287.32
2024-01-30,P009,Footwear,Levis,667.42,455.68,5,634.05,91,703,4.7,651.22,57698.55,16231.67
2024-02-02,P009,Footwear,Levis,3727.31,2203.45,30,2609.12,32,378,4.7,2606.95,83491.84,12981.44
2024-02-16,P009,Footwear,Levis,2225.98,1287.31,15,1892.08,44,773,3.7,2018.8,83251.52,26609.88
2024-02-19,P009,Footwear,Levis,4980.24,3433.3,10,4482.22,20,570,3.3,4285.87,89644.4,20978.4
2024-02-20,P009,Footwear,Levis,1487.25,854.09,10,1338.52,66,487,4.6,1333.41,88342.32,31972.38
2024-02-23,P009,Footwear,Levis,2016.4,1176.6,40,1209.84,68,713,4.3,1177.35,82269.12,2260.32
2024-03-03,P009,Footwear,Levis,1789.33,1154.78,15,1520.93,81,145,5.0,1670.99,123195.33,29658.15
2024-03-11,P009,Footwear,Levis,2660.66,1526.89,5,2527.63,17,560,3.6,2478.77,42969.71,17012.58
2024-03-15,P009,Footwear,Levis,2048.49,1353.83,30,1433.94,33,784,4.0,1341.77,47320.02,2643.63
2024-03-25,P009,Footwear,Levis,2968.57,1792.59,15,2523.28,34,898,3.6,2274.05,85791.52,24843.46
2024-04-13,P009,Footwear,Levis,2823.0,1963.1,30,1976.1,56,723,4.4,1831.24,110661.6,728.0
2024-04-14,P009,Footwear,Levis,2265.51,1640.24,10,2038.96,50,593,3.8,2127.23,101948.0,19936.0
2024-04-21,P009,Footwear,Levis,3255.98,2312.32,40,1953.59,68,927,4.0,1815.62,132844.12,-24393.64
2024-04-25,P009,Footwear,Levis,3192.89,2381.23,0,3192.89,10,727,3.4,2968.7,31928.9,8116.6
2024-05-15,P009,Footwear,Levis,1156.98,707.34,30,809.89,108,798,3.5,842.79,87468.12,11075.4
2024-05-27,P009,Footwear,Levis,987.88,722.76,0,987.88,30,202,3.3,903.81,29636.4,7953.6
2024-05-28,P009,Footwear,Levis,960.13,703.22,5,912.12,30,313,4.6,914.36,27363.6,6267.0
2024-06-07,P009,Footwear,Levis,3090.73,2118.26,0,3090.73,10,510,4.8,3200.21,30907.3,9724.7
2024-06-10,P009,Footwear,Levis,2176.49,1367.64,15,1850.02,52,298,5.0,1703.85,96201.04,25083.76
2024-06-11,P009,Footwear,Levis,2953.09,1786.99,30,2067.16,50,125,4.9,2009.08,103358.0,14008.5
2024-06-16,P009,Footwear,Levis,3003.14,1733.13,10,2702.83,21,508,5.0,2540.44,56759.43,20363.7
2024-06-24,P009,Footwear,Levis,2227.79,1480.35,10,2005.01,28,622,5.0,1839.99,56140.28,14690.48
2024-07-01,P009,Footwear,Levis,1566.06,862.12,40,939.64,70,402,4.9,1021.76,65774.8,5426.4
2024-07-02,P009,Footwear,Levis,4997.33,2868.8,20,3997.86,6,362,4.1,3801.26,23987.16,6774.36
2024-07-11,P009,Footwear,Levis,2710.99,1795.35,20,2168.79,66,167,4.9,2338.81,143140.14,24647.04
2024-07-16,P009,Footwear,Levis,4055.02,2783.7,10,3649.52,10,592,4.5,3837.38,36495.2,8658.2
2024-07-20,P009,Footwear,Levis,2989.95,2010.5,30,2092.96,34,256,4.3,2198.45,71160.64,2803.64
2024-07-30,P009,Footwear,Levis,630.76,444.56,30,441.53,165,457,3.8,432.5,72852.45,-499.95
2024-08-13,P009,Footwear,Levis,3266.05,1865.46,20,2612.84,25,382,4.8,2678.88,65321.0,18684.5
2024-08-19,P009,Footwear,Levis,1941.64,1174.53,15,1650.39,48,670,4.3,1630.29,79218.72,22841.28
2024-08-22,P009,Footwear,Levis,2609.06,1564.64,20,2087.25,42,425,3.5,2050.2,87664.5,21949.62
2024-08-24,P009,Footwear,Levis,1436.25,848.89,40,861.75,105,178,3.6,848.79,90483.75,1350.3
2024-08-31,P009,Footwear,Levis,4874.25,3149.25,30,3411.98,32,444,3.4,3175.52,109183.36,8407.36
2024-09-03,P009,Footwear,Levis,2044.62,1268.77,10,1840.16,60,298,4.4,1825.13,110409.6,34283.4
2024-09-07,P009,Footwear,Levis,540.68,331.52,20,432.54,198,655,4.6,472.54,85642.92,20001.96
2024-09-13,P009,Footwear,Levis,3068.98,1880.9,30,2148.29,62,293,5.0,2314.31,133193.98,16578.18
2024-09-17,P009,Footwear,Levis,2364.74,1751.76,5,2246.5,60,149,4.5,2387.88,134790.0,29684.4
2024-10-15,P009,Footwear,Levis,1496.22,1007.64,5,1421.41,31,260,4.8,1294.42,44063.71,12826.87
2024-10-21,P009,Footwear,Levis,4073.16,2297.12,5,3869.5,22,999,4.1,4014.29,85129.0,34592.36
2024-10-27,P009,Footwear,Levis,4700.27,3066.0,40,2820.16,18,648,3.7,2720.23,50762.88,-4425.12
2024-10-30,P009,Footwear,Levis,4681.7,2637.72,15,3979.44,11,412,3.9,3846.21,43773.84,14758.92
2024-11-01,P009,Footwear,Levis,4912.8,3052.08,20,3930.24,20,557,4.4,4018.34,78604.8,17563.2
2024-11-08,P009,Footwear,Levis,4329.15,2653.36,10,3896.23,42,944,4.6,3857.01,163641.66,52200.54
2024-11-12,P009,Footwear,Levis,1757.14,1222.59,15,1493.57,120,497,3.7,1451.01,179228.4,32517.6
2024-12-04,P009,Footwear,Levis,1741.22,1034.27,15,1480.04,105,136,4.9,1472.82,155404.2,46805.85
2024-12-07,P009,Footwear,Levis,879.38,527.16,0,879.38,123,801,4.9,877.12,108163.74,43323.06
2024-12-21,P009,Footwear,Levis,2215.43,1286.0,5,2104.66,75,886,4.4,1966.83,157849.5,61399.5
2024-12-21,P009,Footwear,Levis,516.95,285.35,30,361.86,169,555,4.0,342.74,61154.34,12930.19
2024-12-30,P009,Footwear,Levis,4008.94,2942.5,20,3207.15,33,620,4.7,3278.16,105835.95,8733.45
