Myntra_Clean_Data.csv
date,product_id,category,brand,listed_price,cost_price,discount_pct,final_price,units_sold,inventory_level,rating,competitor_price,revenue,profit
2023-01-12,P023,Accessories,Roadster,580.09,412.24,10,522.08,216,800,4.2,554.55,112769.28,23725.44
2023-01-12,P023,Accessories,Roadster,3044.85,1937.04,10,2740.36,7,846,3.4,2844.38,19182.52,5623.24
2023-01-27,P023,Accessories,Roadster,2062.26,1179.49,30,1443.58,54,562,4.5,1387.68,77953.32,14260.86
2023-02-15,P023,Accessories,Roadster,3462.76,1919.56,10,3116.48,11,784,3.5,3342.63,34281.28,13166.12
2023-02-21,P023,Accessories,Roadster,4153.35,2338.33,30,2907.34,25,716,4.3,2846.38,72683.5,14225.25
2023-02-24,P023,Accessories,Roadster,4950.93,3684.83,10,4455.84,20,858,3.8,4061.14,89116.8,15420.2
2023-02-28,P023,Accessories,Roadster,4352.52,3004.68,20,3482.02,12,353,3.9,3252.41,41784.24,5728.08
2023-03-04,P023,Accessories,Roadster,1192.04,828.74,20,953.63,105,166,4.8,895.05,100131.15,13113.45
2023-03-14,P023,Accessories,Roadster,2464.93,1746.93,0,2464.93,16,471,3.4,2498.21,39438.88,11488.0
2023-03-16,P023,Accessories,Roadster,4375.84,2710.37,15,3719.46,26,829,4.7,3772.88,96705.96,26236.34
2023-03-18,P023,Accessories,Roadster,2912.59,1919.88,15,2475.7,60,597,3.5,2329.43,148542.0,33349.2
2023-03-19,P023,Accessories,Roadster,1587.19,1043.24,40,952.31,115,523,3.9,1004.9,109515.65,-10456.95
2023-03-20,P023,Accessories,Roadster,1690.77,1051.32,20,1352.62,93,454,4.2,1253.78,125793.66,28020.9
2023-03-20,P023,Accessories,Roadster,4218.13,2968.83,5,4007.22,27,669,4.3,3843.22,108194.94,28036.53
2023-03-20,P023,Accessories,Roadster,2289.85,1492.18,15,1946.37,36,632,4.9,2127.56,70069.32,16350.84
2023-03-27,P023,Accessories,Roadster,1518.19,999.63,0,1518.19,24,921,4.0,1407.96,36436.56,12445.44
2023-03-31,P023,Accessories,Roadster,4955.64,3145.2,20,3964.51,20,224,3.4,4232.8,79290.2,16386.2
2023-04-06,P023,Accessories,Roadster,1601.57,1011.61,0,1601.57,75,686,3.5,1686.27,120117.75,44247.0
2023-04-11,P023,Accessories,Roadster,2847.1,1836.27,30,1992.97,22,433,4.0,2190.03,43845.34,3447.4
2023-04-25,P023,Accessories,Roadster,1257.22,858.23,40,754.33,84,759,3.4,824.93,63363.72,-8727.6
2023-05-09,P023,Accessories,Roadster,2483.4,1839.18,15,2110.89,34,736,4.5,2053.26,71770.26,9238.14
2023-05-11,P023,Accessories,Roadster,1970.94,1447.45,15,1675.3,46,438,3.6,1821.17,77063.8,10481.1
2023-05-22,P023,Accessories,Roadster,2810.54,1828.96,0,2810.54,29,155,4.1,2552.08,81505.66,28465.82
2023-05-26,P023,Accessories,Roadster,4731.48,3098.93,15,4021.76,17,123,3.4,4334.15,68369.92,15688.11
2023-05-29,P023,Accessories,Roadster,1960.45,1244.53,30,1372.32,15,922,3.9,1353.85,20584.8,1916.85
2023-06-22,P023,Accessories,Roadster,1802.51,1239.78,15,1532.13,63,818,4.7,1623.23,96524.19,18418.05
2023-06-22,P023,Accessories,Roadster,1020.73,674.01,20,816.58,108,373,4.5,892.8,88190.64,15397.56
2023-06-25,P023,Accessories,Roadster,591.82,422.88,0,591.82,264,123,4.9,612.94,156240.48,44600.16
2023-07-06,P023,Accessories,Roadster,4400.36,2722.01,30,3080.25,15,405,4.3,2918.61,46203.75,5373.6
2023-07-12,P023,Accessories,Roadster,3188.01,1959.61,0,3188.01,16,822,4.6,3034.7,51008.16,19654.4
2023-07-19,P023,Accessories,Roadster,3146.95,1949.68,5,2989.6,27,585,3.4,2813.35,80719.2,28077.84
2023-07-21,P023,Accessories,Roadster,2186.18,1260.16,40,1311.71,75,632,3.6,1202.68,98378.25,3866.25
2023-07-23,P023,Accessories,Roadster,2893.39,1870.49,20,2314.71,38,705,4.7,2427.13,87958.98,16880.36
2023-08-02,P023,Accessories,Roadster,623.06,449.62,0,623.06,240,534,4.1,564.74,149534.4,41625.6
2023-08-04,P023,Accessories,Roadster,4087.42,2786.35,0,4087.42,31,670,3.5,3951.72,126710.02,40333.17
2023-08-09,P023,Accessories,Roadster,3906.09,2274.61,15,3320.18,15,412,3.6,3170.88,49802.7,15683.55
2023-08-19,P023,Accessories,Roadster,2115.55,1414.44,30,1480.88,63,990,3.8,1450.98,93295.44,4185.72
2023-08-23,P023,Accessories,Roadster,1639.61,1188.95,30,1147.73,24,338,3.3,1131.38,27545.52,-989.28
2023-08-28,P023,Accessories,Roadster,1469.73,971.74,10,1322.76,84,661,3.9,1230.21,111111.84,29485.68
2023-09-09,P023,Accessories,Roadster,2688.47,1816.52,0,2688.47,24,557,3.4,2722.33,64523.28,20926.8
2023-09-13,P023,Accessories,Roadster,2429.67,1720.05,10,2186.7,52,657,4.2,2349.25,113708.4,24265.8
2023-09-14,P023,Accessories,Roadster,4429.65,2918.22,15,3765.2,10,897,4.7,3796.27,37652.0,8469.8
2023-09-15,P023,Accessories,Roadster,3788.8,2098.24,30,2652.16,29,402,3.6,2527.94,76912.64,16063.68
2023-09-20,P023,Accessories,Roadster,3443.09,2412.68,20,2754.47,5,727,4.6,2678.18,13772.35,1708.95
2023-09-22,P023,Accessories,Roadster,4732.26,3509.92,10,4259.03,29,556,3.5,4609.83,123511.87,21724.19
2023-09-30,P023,Accessories,Roadster,1107.67,687.79,30,775.37,108,601,3.4,765.46,83739.96,9458.64
2023-10-07,P023,Accessories,Roadster,2352.5,1499.89,0,2352.5,72,432,4.3,2358.56,169380.0,61387.92
2023-10-11,P023,Accessories,Roadster,580.03,430.71,40,348.02,236,862,4.3,350.29,82132.72,-19514.84
2023-11-09,P023,Accessories,Roadster,2485.91,1845.25,15,2113.02,41,410,3.2,1971.05,86633.82,10978.57
2023-11-23,P023,Accessories,Roadster,744.27,479.52,0,744.27,62,354,3.9,688.23,46144.74,16414.5
2023-11-30,P023,Accessories,Roadster,2067.3,1210.35,40,1240.38,145,172,3.4,1292.86,179855.1,4354.35
2023-12-01,P023,Accessories,Roadster,1695.11,1007.42,20,1356.09,113,252,4.4,1360.36,153238.17,39399.71
2023-12-06,P023,Accessories,Roadster,3811.51,2247.91,15,3239.78,36,470,4.6,3403.11,116632.08,35707.32
2023-12-07,P023,Accessories,Roadster,3048.19,1972.83,20,2438.55,13,783,4.9,2331.58,31701.15,6054.36
2023-12-17,P023,Accessories,Roadster,2243.91,1638.46,10,2019.52,65,963,3.3,2055.44,131268.8,24768.9
2023-12-21,P023,Accessories,Roadster,1629.94,1193.01,30,1140.96,52,895,3.5,1191.9,59329.92,-2706.6
2023-12-22,P023,Accessories,Roadster,1521.95,940.33,0,1521.95,50,249,3.6,1409.46,76097.5,29081.0
2023-12-22,P023,Accessories,Roadster,1868.11,1219.68,20,1494.49,19,750,4.7,1357.59,28395.31,5221.39
2023-12-25,P023,Accessories,Roadster,1534.9,929.58,20,1227.92,36,787,4.7,1108.08,44205.12,10740.24
2024-01-15,P023,Accessories,Roadster,4309.41,3130.18,5,4093.94,13,391,4.2,4070.46,53221.22,12528.88
2024-01-16,P023,Accessories,Roadster,637.55,467.23,20,510.04,99,959,3.5,520.56,50493.96,4238.19
2024-01-17,P023,Accessories,Roadster,2204.62,1641.76,15,1873.93,66,364,4.7,1889.22,123679.38,15323.22
2024-01-22,P023,Accessories,Roadster,1597.43,1111.5,0,1597.43,54,548,3.8,1732.17,86261.22,26240.22
2024-01-28,P023,Accessories,Roadster,4042.58,2610.99,0,4042.58,17,427,4.1,4137.38,68723.86,24337.03
2024-01-29,P023,Accessories,Roadster,2423.74,1466.65,20,1938.99,42,127,4.1,2050.72,81437.58,19838.28
2024-02-10,P023,Accessories,Roadster,3036.58,1897.12,10,2732.92,7,304,4.2,2552.66,19130.44,5850.6
2024-02-17,P023,Accessories,Roadster,4469.65,2705.83,40,2681.79,16,715,3.4,2707.5,42908.64,-384.64
2024-02-21,P023,Accessories,Roadster,982.51,736.24,20,786.01,132,257,4.3,744.15,103753.32,6569.64
2024-03-01,P023,Accessories,Roadster,3299.89,1926.23,10,2969.9,22,251,3.7,2862.29,65337.8,22960.74
2024-03-05,P023,Accessories,Roadster,2329.36,1333.27,40,1397.62,102,653,3.8,1448.97,142557.24,6563.7
2024-03-07,P023,Accessories,Roadster,2674.19,1916.2,0,2674.19,11,654,3.9,2486.78,29416.09,8337.89
2024-03-17,P023,Accessories,Roadster,4693.31,2691.66,15,3989.31,25,254,4.8,3618.53,99732.75,32441.25
2024-04-06,P023,Accessories,Roadster,1324.7,764.19,0,1324.7,42,989,4.0,1271.09,55637.4,23541.42
2024-04-07,P023,Accessories,Roadster,3722.28,2267.4,5,3536.17,30,485,4.3,3742.04,106085.1,38063.1
2024-04-16,P023,Accessories,Roadster,4966.58,3301.41,0,4966.58,23,342,4.9,5276.92,114231.34,38298.91
2024-04-22,P023,Accessories,Roadster,3441.87,2516.93,0,3441.87,9,273,4.8,3425.96,30976.83,8324.46
2024-04-23,P023,Accessories,Roadster,4536.13,2872.44,30,3175.29,19,861,4.1,3067.57,60330.51,5754.15
2024-05-17,P023,Accessories,Roadster,2875.49,1985.42,20,2300.39,54,581,4.2,2082.83,124221.06,17008.38
2024-05-21,P023,Accessories,Roadster,1079.96,662.38,10,971.96,60,773,4.9,954.58,58317.6,18574.8
2024-05-22,P023,Accessories,Roadster,2488.72,1796.04,0,2488.72,38,592,4.8,2617.51,94571.36,26321.84
2024-05-26,P023,Accessories,Roadster,1256.72,834.88,20,1005.38,108,239,3.8,915.41,108581.04,18414.0
2024-05-27,P023,Accessories,Roadster,1511.93,911.42,20,1209.54,76,472,3.4,1235.1,91925.04,22657.12
2024-05-31,P023,Accessories,Roadster,4631.79,3038.85,5,4400.2,22,390,4.2,4250.95,96804.4,29949.7
2024-06-01,P023,Accessories,Roadster,2152.14,1474.39,30,1506.5,36,795,3.9,1385.42,54234.0,1155.96
2024-06-04,P023,Accessories,Roadster,3832.86,2614.41,30,2683.0,20,823,4.0,2768.31,53660.0,1371.8
2024-06-11,P023,Accessories,Roadster,4347.62,2731.65,20,3478.1,6,145,3.5,3367.38,20868.6,4478.7
2024-06-20,P023,Accessories,Roadster,1911.02,1360.57,10,1719.92,44,225,4.1,1587.26,75676.48,15811.4
2024-06-27,P023,Accessories,Roadster,2123.47,1290.44,40,1274.08,51,937,3.9,1358.3,64978.08,-834.36
2024-06-30,P023,Accessories,Roadster,621.79,370.61,20,497.43,300,276,4.7,523.45,149229.0,38046.0
2024-07-06,P023,Accessories,Roadster,1929.59,1183.53,30,1350.71,78,865,4.9,1222.37,105355.38,13040.04
2024-07-12,P023,Accessories,Roadster,1506.59,856.51,5,1431.26,42,602,4.3,1465.13,60112.92,24139.5
2024-07-17,P023,Accessories,Roadster,3681.04,2457.22,20,2944.83,6,331,3.6,3152.82,17668.98,2925.66
2024-07-18,P023,Accessories,Roadster,4134.32,2631.05,30,2894.02,9,579,4.0,3017.88,26046.18,2366.73
2024-07-23,P023,Accessories,Roadster,2953.43,1847.34,20,2362.74,52,848,4.3,2178.54,122862.48,26800.8
2024-08-10,P023,Accessories,Roadster,4938.98,2857.2,30,3457.29,26,191,4.5,3498.53,89889.54,15602.34
2024-08-18,P023,Accessories,Roadster,893.97,523.68,15,759.87,174,881,3.2,786.46,132217.38,41097.06
2024-08-18,P023,Accessories,Roadster,2070.79,1278.01,40,1242.47,124,656,3.9,1326.02,154066.28,-4406.96
2024-08-20,P023,Accessories,Roadster,2066.32,1397.48,5,1963.0,46,503,4.1,1821.65,90298.0,26013.92
2024-08-21,P023,Accessories,Roadster,923.08,624.7,40,553.85,261,737,3.2,549.48,144554.85,-18491.85
2024-09-09,P023,Accessories,Roadster,1664.66,1151.5,40,998.8,45,356,3.6,934.6,44946.0,-6871.5
2024-09-10,P023,Accessories,Roadster,2292.26,1269.53,40,1375.36,84,992,3.6,1372.67,115530.24,8889.72
2024-09-16,P023,Accessories,Roadster,3392.28,1984.1,20,2713.82,31,317,3.2,2804.89,84128.42,22621.32
2024-09-26,P023,Accessories,Roadster,4699.19,2882.55,30,3289.43,21,182,4.6,3460.14,69078.03,8544.48
2024-09-29,P023,Accessories,Roadster,2201.68,1312.92,15,1871.43,32,510,4.5,1922.01,59885.76,17872.32
2024-10-05,P023,Accessories,Roadster,4261.51,3022.23,5,4048.43,13,249,4.4,4204.79,52629.59,13340.6
2024-10-08,P023,Accessories,Roadster,3465.01,2583.41,15,2945.26,18,331,3.9,2956.62,53014.68,6513.3
2024-10-14,P023,Accessories,Roadster,3969.27,2677.8,5,3770.81,39,824,3.9,3882.66,147061.59,42627.39
2024-10-25,P023,Accessories,Roadster,2447.38,1380.82,30,1713.17,36,763,4.8,1582.91,61674.12,11964.6
2024-11-05,P023,Accessories,Roadster,3715.39,2657.44,10,3343.85,15,948,4.0,3023.39,50157.75,10296.15
2024-11-07,P023,Accessories,Roadster,4736.63,2908.3,5,4499.8,23,924,3.3,4570.64,103495.4,36604.5
2024-11-09,P023,Accessories,Roadster,1320.01,851.33,0,1320.01,105,309,3.6,1387.13,138601.05,49211.4
2024-11-10,P023,Accessories,Roadster,4009.91,2781.3,15,3408.42,10,290,4.8,3099.98,34084.2,6271.2
2024-11-10,P023,Accessories,Roadster,3194.5,1958.84,30,2236.15,26,938,3.3,2101.21,58139.9,7210.06
2024-11-11,P023,Accessories,Roadster,1363.39,903.38,40,818.03,195,288,3.7,762.79,159515.85,-16643.25
2024-11-12,P023,Accessories,Roadster,1876.67,1125.14,0,1876.67,26,267,3.8,1944.01,48793.42,19539.78
2024-11-13,P023,Accessories,Roadster,516.64,362.55,20,413.31,436,518,3.8,372.07,180203.16,22131.36
2024-11-20,P023,Accessories,Roadster,4713.49,2854.8,30,3299.44,19,634,3.9,3084.83,62689.36,8448.16
2024-11-29,P023,Accessories,Roadster,3501.78,2220.31,10,3151.6,7,680,4.9,3061.75,22061.2,6519.03
2024-12-04,P023,Accessories,Roadster,4161.91,2469.6,10,3745.72,13,498,4.1,3657.02,48694.36,16589.56
2024-12-04,P023,Accessories,Roadster,4811.34,3571.89,40,2886.8,35,203,4.1,2781.41,101038.0,-23978.15
2024-12-20,P023,Accessories,Roadster,4890.82,3534.13,20,3912.66,10,816,4.5,3528.5,39126.6,3785.3
2024-12-22,P023,Accessories,Roadster,1868.01,1296.31,30,1307.61,23,680,4.6,1251.86,30075.03,259.9
2024-12-28,P023,Accessories,Roadster,1588.05,885.07,20,1270.44,54,984,4.4,1147.27,68603.76,20809.98
2024-12-31,P023,Accessories,Roadster,3806.37,2138.33,10,3425.73,31,733,4.3,3377.93,106197.63,39909.4
