Myntra_Clean_Data.csv
date,product_id,category,brand,listed_price,cost_price,discount_pct,final_price,units_sold,inventory_level,rating,competitor_price,revenue,profit
2023-01-13,P026,Women,HRX,4008.29,2742.36,20,3206.63,17,273,3.3,3319.66,54512.71,7892.59
2023-01-15,P026,Women,HRX,3890.13,2724.68,10,3501.12,18,296,3.3,3375.02,63020.16,13975.92
2023-01-15,P026,Women,HRX,1445.12,815.05,0,1445.12,63,918,4.9,1429.11,91042.56,39694.41
2023-01-21,P026,Women,HRX,1066.72,700.25,40,640.03,63,846,5.0,590.46,40321.89,-3793.86
2023-01-30,P026,Women,HRX,2839.76,1643.01,40,1703.86,24,565,3.9,1587.53,40892.64,1460.4
2023-02-06,P026,Women,HRX,563.67,312.37,30,394.57,216,617,4.7,364.7,85227.12,17755.2
2023-02-15,P026,Women,HRX,587.82,372.97,20,470.26,200,622,4.8,511.87,94052.0,19458.0
2023-02-17,P026,Women,HRX,1791.09,1050.91,15,1522.43,33,619,4.1,1538.82,50240.19,15560.16
2023-02-17,P026,Women,HRX,2337.24,1398.93,20,1869.79,38,330,4.2,1948.03,71052.02,17892.68
2023-02-18,P026,Women,HRX,2299.62,1683.88,20,1839.7,40,105,3.8,1991.79,73588.0,6232.8
2023-02-27,P026,Women,HRX,4614.61,2980.33,40,2768.77,26,815,4.5,2552.21,71988.02,-5500.56
2023-03-10,P026,Women,HRX,2853.2,1692.1,20,2282.56,52,807,4.5,2137.03,118693.12,30703.92
2023-03-15,P026,Women,HRX,926.02,620.33,40,555.61,112,355,3.5,505.11,62228.32,-7248.64
2023-03-19,P026,Women,HRX,2465.13,1773.34,0,2465.13,56,128,4.3,2441.41,138047.28,38740.24
2023-03-20,P026,Women,HRX,4315.47,2927.57,30,3020.83,34,180,4.8,3303.11,102708.22,3170.84
2023-04-01,P026,Women,HRX,1940.96,1284.57,10,1746.86,28,879,3.2,1794.5,48912.08,12944.12
2023-04-03,P026,Women,HRX,4873.37,2944.27,0,4873.37,27,473,3.2,5325.96,131580.99,52085.7
2023-04-11,P026,Women,HRX,3252.36,2236.58,15,2764.51,7,451,4.4,2873.18,19351.57,3695.51
2023-04-23,P026,Women,HRX,3378.12,2017.93,10,3040.31,33,771,3.7,3190.13,100330.23,33738.54
2023-04-27,P026,Women,HRX,3038.54,2191.38,15,2582.76,15,550,3.4,2825.82,38741.4,5870.7
2023-05-04,P026,Women,HRX,2053.31,1224.17,5,1950.64,14,931,3.9,1780.55,27308.96,10170.58
2023-05-09,P026,Women,HRX,2639.1,1609.54,0,2639.1,11,454,4.2,2609.62,29030.1,11325.16
2023-05-13,P026,Women,HRX,2203.03,1632.19,20,1762.42,40,537,3.7,1593.59,70496.8,5209.2
2023-05-16,P026,Women,HRX,2576.01,1421.61,0,2576.01,16,360,4.8,2461.58,41216.16,18470.4
2023-05-21,P026,Women,HRX,858.52,619.08,30,600.96,48,769,4.7,598.74,28846.08,-869.76
2023-05-27,P026,Women,HRX,3007.55,1887.93,0,3007.55,28,922,3.8,3126.94,84211.4,31349.36
2023-06-03,P026,Women,HRX,4991.73,3619.91,20,3993.38,21,270,4.9,3692.45,83860.98,7842.87
2023-06-03,P026,Women,HRX,3604.84,2412.14,10,3244.36,22,665,3.2,3137.89,71375.92,18308.84
2023-06-11,P026,Women,HRX,3078.02,2170.65,10,2770.22,24,575,4.9,2567.73,66485.28,14389.68
2023-06-21,P026,Women,HRX,1549.64,1040.32,10,1394.68,36,847,4.1,1300.68,50208.48,12756.96
2023-06-24,P026,Women,HRX,3428.86,1887.53,10,3085.97,24,415,4.7,3180.09,74063.28,28762.56
2023-06-27,P026,Women,HRX,3128.11,1750.73,0,3128.11,12,302,3.6,2913.39,37537.32,16528.56
2023-07-03,P026,Women,HRX,790.23,464.3,20,632.18,133,598,4.2,673.69,84079.94,22328.04
2023-07-17,P026,Women,HRX,4807.94,3034.15,5,4567.54,34,556,4.9,4882.99,155296.36,52135.26
2023-07-19,P026,Women,HRX,4834.66,2763.53,5,4592.93,27,398,3.7,4842.34,124009.11,49393.8
2023-07-21,P026,Women,HRX,4431.66,2727.11,15,3766.91,17,498,4.7,4036.25,64037.47,17676.6
2023-07-31,P026,Women,HRX,2677.47,1771.83,5,2543.6,16,707,4.8,2639.78,40697.6,12348.32
2023-08-02,P026,Women,HRX,3384.0,1908.56,15,2876.4,30,147,4.8,3073.49,86292.0,29035.2
2023-08-04,P026,Women,HRX,4017.7,2366.71,10,3615.93,30,348,3.6,3280.62,108477.9,37476.6
2023-08-10,P026,Women,HRX,4377.22,3253.27,10,3939.5,33,973,3.3,4011.13,130003.5,22645.59
2023-08-17,P026,Women,HRX,785.69,542.08,0,785.69,126,862,4.5,800.73,98996.94,30694.86
2023-08-18,P026,Women,HRX,1445.33,910.34,30,1011.73,124,374,3.8,1001.43,125454.52,12572.36
2023-08-19,P026,Women,HRX,3941.23,2259.52,30,2758.86,32,585,4.6,2988.98,88283.52,15978.88
2023-08-24,P026,Women,HRX,3550.17,2398.3,15,3017.64,10,560,4.5,2756.4,30176.4,6193.4
2023-08-25,P026,Women,HRX,833.97,552.2,10,750.57,60,883,4.3,762.83,45034.2,11902.2
2023-08-25,P026,Women,HRX,3783.2,2181.92,5,3594.04,14,807,4.6,3861.3,50316.56,19769.68
2023-08-28,P026,Women,HRX,2516.02,1799.5,5,2390.22,20,336,3.8,2158.51,47804.4,11814.4
2023-08-29,P026,Women,HRX,1827.44,1073.08,30,1279.21,54,642,4.0,1251.72,69077.34,11131.02
2023-09-06,P026,Women,HRX,1473.84,1031.36,40,884.3,45,781,3.8,808.21,39793.5,-6617.7
2023-09-27,P026,Women,HRX,4421.86,3101.98,40,2653.12,16,886,4.4,2515.55,42449.92,-7181.76
2023-10-05,P026,Women,HRX,1914.46,1267.8,40,1148.68,140,527,5.0,1179.17,160815.2,-16676.8
2023-10-08,P026,Women,HRX,3220.53,1884.4,5,3059.5,10,969,4.6,3209.34,30595.0,11751.0
2023-10-13,P026,Women,HRX,4177.68,2971.21,20,3342.14,27,513,3.9,3531.51,90237.78,10015.11
2023-10-15,P026,Women,HRX,2677.6,1586.54,40,1606.56,89,272,3.4,1695.74,142983.84,1781.78
2023-10-15,P026,Women,HRX,3396.51,2328.94,40,2037.91,31,104,3.9,2114.91,63175.21,-9021.93
2023-10-16,P026,Women,HRX,2557.55,1496.64,30,1790.28,65,848,4.3,1636.5,116368.2,19086.6
2023-10-16,P026,Women,HRX,3306.94,2295.68,40,1984.16,13,872,3.4,1879.21,25794.08,-4049.76
2023-10-19,P026,Women,HRX,4317.17,3156.73,5,4101.31,22,514,4.0,4168.69,90228.82,20780.76
2023-10-29,P026,Women,HRX,4116.12,2376.77,30,2881.28,18,523,3.7,2772.77,51863.04,9081.18
2023-11-01,P026,Women,HRX,4063.48,2834.09,5,3860.31,35,177,3.7,4037.24,135110.85,35917.7
2023-11-17,P026,Women,HRX,4096.48,2434.76,30,2867.54,27,955,3.7,2757.35,77423.58,11685.06
2023-11-28,P026,Women,HRX,4964.78,3462.44,30,3475.35,37,410,4.4,3443.37,128587.95,477.67
2023-11-30,P026,Women,HRX,4818.06,2696.86,40,2890.84,14,713,4.7,3123.71,40471.76,2715.72
2023-12-01,P026,Women,HRX,3398.93,1887.92,15,2889.09,40,871,4.4,2681.99,115563.6,40046.8
2023-12-02,P026,Women,HRX,2340.18,1500.11,5,2223.17,54,454,3.9,2346.87,120051.18,39045.24
2023-12-04,P026,Women,HRX,1325.4,919.34,5,1259.13,124,584,4.6,1262.4,156132.12,42133.96
2023-12-09,P026,Women,HRX,799.32,456.92,0,799.32,78,855,4.4,789.82,62346.96,26707.2
2023-12-11,P026,Women,HRX,533.76,305.5,20,427.01,343,668,3.3,447.81,146464.43,41677.93
2023-12-12,P026,Women,HRX,1576.59,877.21,15,1340.1,74,221,4.7,1365.41,99167.4,34253.86
2023-12-18,P026,Women,HRX,2484.9,1522.83,5,2360.66,70,162,4.3,2559.53,165246.2,58648.1
2023-12-19,P026,Women,HRX,1686.13,931.44,5,1601.82,101,564,3.9,1461.87,161783.82,67708.38
2024-01-07,P026,Women,HRX,556.05,342.38,0,556.05,88,838,4.1,588.67,48932.4,18802.96
2024-01-16,P026,Women,HRX,4839.99,3305.47,5,4597.99,7,534,4.3,4528.3,32185.93,9047.64
2024-01-22,P026,Women,HRX,4905.19,2769.91,30,3433.63,15,889,4.7,3629.34,51504.45,9955.8
2024-01-28,P026,Women,HRX,4047.01,2764.1,5,3844.66,23,836,4.8,3460.34,88427.18,24852.88
2024-01-29,P026,Women,HRX,4987.56,3710.02,30,3491.29,6,975,3.8,3190.02,20947.74,-1312.38
2024-01-31,P026,Women,HRX,2801.02,2001.34,15,2380.87,60,522,3.9,2607.3,142852.2,22771.8
2024-02-04,P026,Women,HRX,2243.25,1351.03,15,1906.76,14,677,4.3,1783.92,26694.64,7780.22
2024-02-10,P026,Women,HRX,708.15,438.68,40,424.89,286,118,3.2,427.83,121518.54,-3943.94
2024-02-11,P026,Women,HRX,1266.38,770.9,30,886.47,140,671,3.7,883.55,124105.8,16179.8
2024-02-12,P026,Women,HRX,1593.08,1128.44,0,1593.08,93,632,4.4,1586.15,148156.44,43211.52
2024-02-13,P026,Women,HRX,1655.36,1020.05,10,1489.82,78,436,3.4,1542.89,116205.96,36642.06
2024-02-13,P026,Women,HRX,3354.06,2035.78,40,2012.44,58,789,4.3,2141.34,116721.52,-1353.72
2024-02-20,P026,Women,HRX,1094.49,728.78,15,930.32,165,482,3.6,919.64,153502.8,33254.1
2024-02-29,P026,Women,HRX,744.79,444.33,15,633.07,112,510,3.5,614.77,70903.84,21138.88
2024-03-02,P026,Women,HRX,662.81,400.82,30,463.97,190,938,4.6,477.27,88154.3,11998.5
2024-03-27,P026,Women,HRX,1251.98,727.9,20,1001.58,108,680,4.4,909.01,108170.64,29557.44
2024-03-29,P026,Women,HRX,3715.23,2261.35,30,2600.66,20,455,4.3,2500.74,52013.2,6786.2
2024-04-07,P026,Women,HRX,1488.47,928.3,15,1265.2,96,348,4.0,1329.75,121459.2,32342.4
2024-04-26,P026,Women,HRX,3929.28,2788.07,10,3536.35,17,430,3.9,3392.68,60117.95,12720.76
2024-04-29,P026,Women,HRX,1018.54,748.78,40,611.12,72,479,3.7,613.12,44000.64,-9911.52
2024-05-05,P026,Women,HRX,2778.63,1832.7,30,1945.04,48,389,4.2,1797.24,93361.92,5392.32
2024-05-07,P026,Women,HRX,1674.87,1063.52,15,1423.64,72,590,4.9,1318.18,102502.08,25928.64
2024-05-20,P026,Women,HRX,4968.27,3117.32,0,4968.27,19,568,4.1,4893.03,94397.13,35168.05
2024-05-22,P026,Women,HRX,3899.85,2560.48,0,3899.85,7,632,4.2,3739.51,27298.95,9375.59
2024-05-26,P026,Women,HRX,4648.57,2921.02,30,3254.0,6,487,3.3,3501.98,19524.0,1997.88
2024-06-02,P026,Women,HRX,3582.35,2217.11,5,3403.23,7,436,4.5,3530.05,23822.61,8302.84
2024-06-16,P026,Women,HRX,3627.09,2097.53,10,3264.38,27,792,3.9,3586.41,88138.26,31504.95
2024-06-18,P026,Women,HRX,1764.18,1318.08,5,1675.97,62,635,4.1,1590.66,103910.14,22189.18
2024-06-18,P026,Women,HRX,3328.81,2293.02,20,2663.05,20,387,4.8,2650.31,53261.0,7400.6
2024-06-24,P026,Women,HRX,3327.12,2023.41,0,3327.12,27,553,5.0,3191.22,89832.24,35200.17
2024-06-25,P026,Women,HRX,840.44,495.62,5,798.42,162,207,5.0,856.94,129344.04,49053.6
2024-06-25,P026,Women,HRX,1137.47,794.22,15,966.85,75,645,3.5,917.62,72513.75,12947.25
2024-06-27,P026,Women,HRX,3796.7,2159.56,15,3227.2,8,352,4.5,3232.66,25817.6,8541.12
2024-06-28,P026,Women,HRX,2222.37,1536.08,20,1777.9,40,239,4.9,1861.57,71116.0,9672.8
2024-06-29,P026,Women,HRX,3089.06,2312.18,10,2780.15,9,910,4.5,2695.91,25021.35,4211.73
2024-06-30,P026,Women,HRX,1756.63,1263.4,15,1493.14,75,352,3.4,1624.21,111985.5,17230.5
2024-07-02,P026,Women,HRX,4616.68,3076.7,10,4155.01,29,310,4.0,4557.6,120495.29,31270.99
2024-07-03,P026,Women,HRX,2672.23,1738.2,20,2137.78,16,866,3.9,2215.64,34204.48,6393.28
2024-07-04,P026,Women,HRX,1606.42,1069.04,30,1124.49,80,893,3.7,1055.74,89959.2,4436.0
2024-07-04,P026,Women,HRX,4552.0,2534.36,40,2731.2,25,117,3.9,2630.06,68280.0,4921.0
2024-07-05,P026,Women,HRX,2852.42,1634.15,0,2852.42,12,594,4.6,2689.83,34229.04,14619.24
2024-07-05,P026,Women,HRX,3659.7,2558.23,30,2561.79,17,394,3.4,2323.95,43550.43,60.52
2024-07-06,P026,Women,HRX,4196.22,3146.69,40,2517.73,26,373,3.5,2418.84,65460.98,-16352.96
2024-07-09,P026,Women,HRX,1244.39,817.99,20,995.51,90,894,3.4,1029.36,89595.9,15976.8
2024-07-12,P026,Women,HRX,4852.34,3056.3,0,4852.34,23,900,3.6,4639.75,111603.82,41308.92
2024-07-13,P026,Women,HRX,4016.61,2685.09,15,3414.12,28,976,4.5,3748.16,95595.36,20412.84
2024-07-13,P026,Women,HRX,3638.43,2541.66,20,2910.74,27,611,4.3,3001.73,78589.98,9965.16
2024-07-25,P026,Women,HRX,2491.96,1377.17,15,2118.17,52,528,3.7,2215.37,110144.84,38532.0
2024-07-31,P026,Women,HRX,2843.04,1645.6,20,2274.43,12,869,4.1,2302.54,27293.16,7545.96
2024-09-03,P026,Women,HRX,3905.19,2760.6,5,3709.93,8,945,4.7,3414.16,29679.44,7594.64
2024-09-05,P026,Women,HRX,3470.85,2140.91,40,2082.51,34,289,3.3,2183.47,70805.34,-1985.6
2024-09-06,P026,Women,HRX,3863.87,2577.39,0,3863.87,5,351,3.8,3812.35,19319.35,6432.4
2024-09-07,P026,Women,HRX,1339.6,904.07,30,937.72,95,216,3.3,967.0,89083.4,3196.75
2024-09-08,P026,Women,HRX,3854.4,2192.39,15,3276.24,33,145,4.8,3183.74,108115.92,35767.05
2024-09-17,P026,Women,HRX,739.82,462.61,0,739.82,156,580,4.2,695.36,115411.92,43244.76
2024-09-24,P026,Women,HRX,4731.63,3396.3,15,4021.89,8,625,4.2,4115.01,32175.12,5004.72
2024-10-07,P026,Women,HRX,2207.02,1454.25,10,1986.32,70,753,4.7,1949.89,139042.4,37244.9
2024-10-20,P026,Women,HRX,1094.33,799.35,40,656.6,309,593,3.5,714.99,202889.4,-44109.75
2024-10-22,P026,Women,HRX,2854.28,1709.79,20,2283.42,85,968,4.9,2459.95,194090.7,48758.55
2024-11-09,P026,Women,HRX,1916.39,1083.77,30,1341.47,23,310,3.7,1469.25,30853.81,5927.1
2024-11-16,P026,Women,HRX,891.26,560.95,0,891.26,182,680,4.2,942.33,162209.32,60116.42
2024-11-16,P026,Women,HRX,3056.74,2099.88,15,2598.23,16,447,4.1,2736.85,41571.68,7973.6
2024-11-17,P026,Women,HRX,4743.23,2618.98,30,3320.26,15,487,3.5,3222.25,49803.9,10519.2
2024-11-21,P026,Women,HRX,4577.52,3130.18,5,4348.64,18,513,4.9,4293.92,78275.52,21932.28
2024-11-27,P026,Women,HRX,3131.64,2347.67,0,3131.64,32,555,3.4,3255.21,100212.48,25087.04
2024-11-29,P026,Women,HRX,3333.16,1878.12,30,2333.21,15,932,3.4,2491.25,34998.15,6826.35
2024-11-30,P026,Women,HRX,1020.14,759.47,10,918.13,149,356,4.3,974.79,136801.37,23640.34
2024-12-05,P026,Women,HRX,4599.65,2901.24,5,4369.67,19,992,4.9,3953.83,83023.73,27900.17
2024-12-15,P026,Women,HRX,2728.53,1711.52,30,1909.97,31,178,4.8,1891.11,59209.07,6151.95
2024-12-18,P026,Women,HRX,3572.54,2508.78,30,2500.78,35,917,4.0,2331.26,87527.3,-280.0
2024-12-25,P026,Women,HRX,4732.51,3377.61,15,4022.63,40,109,3.8,4094.06,160905.2,25800.8
2024-12-26,P026,Women,HRX,4901.97,3666.96,15,4166.67,15,465,4.0,3948.83,62500.05,7495.65
2024-12-27,P026,Women,HRX,3378.6,2169.19,20,2702.88,9,657,3.8,2740.89,24325.92,4803.21
2024-12-31,P026,Women,HRX,4375.88,2446.2,0,4375.88,31,819,5.0,4059.87,135652.28,59820.08
