Myntra_Clean_Data.csv
date,product_id,category,brand,listed_price,cost_price,discount_pct,final_price,units_sold,inventory_level,rating,competitor_price,revenue,profit
2023-01-22,P008,Accessories,HRX,2181.24,1350.35,10,1963.12,52,262,3.8,1893.27,102082.24,31864.04
2023-01-24,P008,Accessories,HRX,4417.56,2804.0,0,4417.56,5,113,3.5,4046.19,22087.8,8067.8
2023-01-28,P008,Accessories,HRX,2662.76,1707.82,5,2529.62,25,833,3.2,2634.38,63240.5,20545.0
2023-01-31,P008,Accessories,HRX,4148.74,2350.02,5,3941.3,12,901,3.3,3804.81,47295.6,19095.36
2023-02-09,P008,Accessories,HRX,3860.89,2302.12,5,3667.85,33,165,3.4,3329.43,121039.05,45069.09
2023-03-05,P008,Accessories,HRX,1666.67,1175.58,15,1416.67,78,222,4.0,1361.28,110500.26,18805.02
2023-03-11,P008,Accessories,HRX,1414.42,858.89,0,1414.42,36,158,3.6,1358.17,50919.12,19999.08
2023-03-25,P008,Accessories,HRX,2288.17,1383.98,10,2059.35,62,356,3.8,2151.78,127679.7,41872.94
2023-03-28,P008,Accessories,HRX,1634.0,1163.65,15,1388.9,90,365,4.1,1401.65,125001.0,20272.5
2023-03-28,P008,Accessories,HRX,1133.67,844.07,40,680.2,189,703,3.7,710.36,128557.8,-30971.43
2023-04-06,P008,Accessories,HRX,2495.86,1527.95,0,2495.86,46,969,3.7,2549.07,114809.56,44523.86
2023-04-06,P008,Accessories,HRX,3479.36,2493.87,20,2783.49,20,711,3.5,3014.27,55669.8,5792.4
2023-04-07,P008,Accessories,HRX,4992.82,3087.5,20,3994.26,32,163,4.8,3723.85,127816.32,29016.32
2023-04-09,P008,Accessories,HRX,2337.61,1428.1,15,1986.97,58,725,4.8,1951.38,115244.26,32414.46
2023-04-10,P008,Accessories,HRX,4310.03,3134.37,15,3663.53,29,428,3.8,3913.76,106242.37,15345.64
2023-04-11,P008,Accessories,HRX,2520.57,1604.14,5,2394.54,58,537,3.3,2245.93,138883.32,45843.2
2023-04-23,P008,Accessories,HRX,4553.42,2625.51,15,3870.41,9,702,4.1,4052.45,34833.69,11204.1
2023-04-25,P008,Accessories,HRX,4493.57,2846.19,10,4044.21,20,535,4.9,3793.56,80884.2,23960.4
2023-05-02,P008,Accessories,HRX,4250.4,3030.26,20,3400.32,33,244,4.8,3714.69,112210.56,12211.98
2023-05-02,P008,Accessories,HRX,3926.56,2295.91,5,3730.23,6,836,3.4,3376.26,22381.38,8605.92
2023-05-05,P008,Accessories,HRX,2719.37,1538.39,0,2719.37,32,426,3.8,2948.45,87019.84,37791.36
2023-05-06,P008,Accessories,HRX,758.86,423.52,0,758.86,84,811,4.4,806.31,63744.24,28168.56
2023-05-11,P008,Accessories,HRX,3102.26,1947.3,10,2792.03,34,390,3.5,2952.51,94929.02,28720.82
2023-05-13,P008,Accessories,HRX,2582.08,1754.3,30,1807.46,68,967,4.8,1666.3,122907.28,3614.88
2023-05-27,P008,Accessories,HRX,2813.58,1561.51,30,1969.51,28,506,4.1,2069.23,55146.28,11424.0
2023-06-04,P008,Accessories,HRX,4545.34,3159.05,5,4318.07,30,245,3.4,4056.96,129542.1,34770.6
2023-06-11,P008,Accessories,HRX,1059.23,601.12,20,847.38,155,803,3.7,852.5,131343.9,38170.3
2023-06-13,P008,Accessories,HRX,4044.58,2630.3,15,3437.89,11,254,4.7,3514.96,37816.79,8883.49
2023-06-22,P008,Accessories,HRX,1410.62,938.49,40,846.37,145,829,4.6,815.82,122723.65,-13357.4
2023-06-23,P008,Accessories,HRX,3678.61,2715.68,0,3678.61,19,273,3.3,3702.32,69893.59,18295.67
2023-06-23,P008,Accessories,HRX,4469.44,3255.33,20,3575.55,30,443,4.4,3846.52,107266.5,9606.6
2023-06-25,P008,Accessories,HRX,4685.1,3418.25,10,4216.59,28,155,4.1,4340.94,118064.52,22353.52
2023-06-27,P008,Accessories,HRX,3715.59,2533.92,20,2972.47,17,679,4.3,2681.29,50531.99,7455.35
2023-07-04,P008,Accessories,HRX,880.05,555.94,5,836.05,145,685,3.4,833.99,121227.25,40615.95
2023-07-16,P008,Accessories,HRX,2228.88,1267.39,30,1560.22,21,724,3.5,1549.79,32764.62,6149.43
2023-07-17,P008,Accessories,HRX,3941.02,2945.54,40,2364.61,30,988,4.2,2456.23,70938.3,-17427.9
2023-07-26,P008,Accessories,HRX,2593.01,1662.71,0,2593.01,26,129,4.1,2533.18,67418.26,24187.8
2023-07-27,P008,Accessories,HRX,3424.09,2288.68,0,3424.09,14,801,4.5,3086.8,47937.26,15895.74
2023-07-29,P008,Accessories,HRX,784.19,533.1,15,666.56,91,344,4.1,634.73,60656.96,12144.86
2023-07-30,P008,Accessories,HRX,3349.5,2143.6,15,2847.08,30,381,3.3,2568.93,85412.4,21104.4
2023-08-03,P008,Accessories,HRX,2624.31,1527.63,15,2230.66,20,287,4.1,2378.37,44613.2,14060.6
2023-08-03,P008,Accessories,HRX,1270.01,738.95,5,1206.51,136,556,4.1,1231.96,164085.36,63588.16
2023-08-07,P008,Accessories,HRX,4269.25,2745.6,40,2561.55,28,704,4.3,2512.75,71723.4,-5153.4
2023-08-22,P008,Accessories,HRX,594.28,368.22,40,356.57,252,793,4.3,371.99,89855.64,-2935.8
2023-08-25,P008,Accessories,HRX,878.03,491.35,40,526.82,63,445,4.9,549.98,33189.66,2234.61
2023-09-03,P008,Accessories,HRX,987.45,668.87,0,987.45,105,805,3.7,1057.9,103682.25,33450.9
2023-09-13,P008,Accessories,HRX,4625.24,3261.99,5,4393.98,17,347,4.0,4620.08,74697.66,19243.83
2023-09-24,P008,Accessories,HRX,3304.21,2215.45,0,3304.21,6,619,3.7,3063.91,19825.26,6532.56
2023-09-24,P008,Accessories,HRX,4922.68,3193.23,15,4184.28,8,873,4.5,4184.47,33474.24,7928.4
2023-09-25,P008,Accessories,HRX,2945.63,1782.1,15,2503.79,31,216,4.7,2569.93,77617.49,22372.39
2023-09-25,P008,Accessories,HRX,2747.47,1676.24,15,2335.35,14,701,3.3,2389.01,32694.9,9227.54
2023-09-27,P008,Accessories,HRX,3716.02,2590.4,20,2972.82,23,466,4.0,3268.02,68374.86,8795.66
2023-09-30,P008,Accessories,HRX,3720.47,2637.09,20,2976.38,12,332,3.5,2973.37,35716.56,4071.48
2023-10-01,P008,Accessories,HRX,1626.57,1067.85,40,975.94,104,246,4.1,1037.7,101497.76,-9558.64
2023-10-02,P008,Accessories,HRX,3053.29,2156.4,0,3053.29,37,658,4.9,2903.19,112971.73,33184.93
2023-10-10,P008,Accessories,HRX,4099.1,2529.74,40,2459.46,54,871,3.5,2418.31,132810.84,-3795.12
2023-10-10,P008,Accessories,HRX,4855.54,3372.36,20,3884.43,15,180,4.7,4147.26,58266.45,7681.05
2023-10-16,P008,Accessories,HRX,4296.97,2588.85,0,4296.97,11,325,4.3,4607.04,47266.67,18789.32
2023-10-18,P008,Accessories,HRX,4758.28,2753.49,5,4520.37,24,188,4.0,4707.45,108488.88,42405.12
2023-11-02,P008,Accessories,HRX,1166.94,817.42,40,700.16,72,671,3.4,739.59,50411.52,-8442.72
2023-11-10,P008,Accessories,HRX,3455.18,2523.44,5,3282.42,22,273,4.9,3505.75,72213.24,16697.56
2023-11-14,P008,Accessories,HRX,1563.56,1088.24,10,1407.2,23,722,4.7,1330.78,32365.6,7336.08
2023-11-15,P008,Accessories,HRX,1977.36,1423.88,0,1977.36,75,763,3.4,2097.18,148302.0,41511.0
2023-11-21,P008,Accessories,HRX,4556.53,3057.72,40,2733.92,26,232,4.8,2979.66,71081.92,-8418.8
2023-12-15,P008,Accessories,HRX,1450.62,815.56,15,1233.03,166,104,4.3,1196.08,204682.98,69300.02
2023-12-29,P008,Accessories,HRX,4094.33,2364.84,5,3889.61,26,240,3.7,4015.13,101129.86,39644.02
2023-12-30,P008,Accessories,HRX,1681.55,1005.75,30,1177.08,98,641,4.3,1288.11,115353.84,16790.34
2024-01-02,P008,Accessories,HRX,3944.16,2914.57,5,3746.95,24,212,3.7,3725.38,89926.8,19977.12
2024-01-10,P008,Accessories,HRX,3793.98,2212.0,20,3035.18,25,895,4.5,2782.34,75879.5,20579.5
2024-01-19,P008,Accessories,HRX,4852.1,2846.26,0,4852.1,22,728,3.6,4610.43,106746.2,44128.48
2024-01-19,P008,Accessories,HRX,4399.07,2452.11,5,4179.12,23,201,3.6,4484.37,96119.76,39721.23
2024-01-29,P008,Accessories,HRX,4247.92,2615.52,5,4035.52,24,992,4.6,3852.88,96852.48,34080.0
2024-02-07,P008,Accessories,HRX,2303.16,1691.6,10,2072.84,28,915,4.8,2059.95,58039.52,10674.72
2024-02-12,P008,Accessories,HRX,925.53,566.46,30,647.87,175,638,4.5,617.71,113377.25,14246.75
2024-02-13,P008,Accessories,HRX,4551.68,2779.93,0,4551.68,27,588,4.6,4236.31,122895.36,47837.25
2024-02-15,P008,Accessories,HRX,4345.91,3035.21,15,3694.02,25,445,3.9,3580.26,92350.5,16470.25
2024-02-20,P008,Accessories,HRX,4782.63,3077.03,0,4782.63,26,421,4.1,4578.99,124348.38,44345.6
2024-03-02,P008,Accessories,HRX,2873.48,1790.89,20,2298.78,66,541,4.4,2390.59,151719.48,33520.74
2024-03-05,P008,Accessories,HRX,3448.63,2488.88,30,2414.04,18,366,5.0,2616.6,43452.72,-1347.12
2024-03-13,P008,Accessories,HRX,3589.06,1995.54,10,3230.15,13,313,4.2,2995.59,41991.95,16049.93
2024-04-01,P008,Accessories,HRX,2795.62,1631.5,0,2795.62,24,720,4.4,2682.1,67094.88,27938.88
2024-04-05,P008,Accessories,HRX,2085.9,1168.49,20,1668.72,18,953,4.3,1571.11,30036.96,9004.14
2024-04-08,P008,Accessories,HRX,2627.03,1771.94,40,1576.22,96,266,3.3,1587.64,151317.12,-18789.12
2024-04-10,P008,Accessories,HRX,4958.36,3677.1,20,3966.69,26,699,3.7,3859.77,103133.94,7529.34
2024-04-13,P008,Accessories,HRX,4567.76,3247.9,20,3654.21,22,215,4.4,3810.65,80392.62,8938.82
2024-04-13,P008,Accessories,HRX,1902.56,1183.96,15,1617.18,84,330,3.9,1598.44,135843.12,36390.48
2024-04-15,P008,Accessories,HRX,980.83,668.65,10,882.75,135,228,4.0,865.93,119171.25,28903.5
2024-05-01,P008,Accessories,HRX,3715.99,2215.76,40,2229.59,32,557,5.0,2348.3,71346.88,442.56
2024-05-02,P008,Accessories,HRX,4275.39,2863.55,20,3420.31,29,670,4.4,3485.1,99188.99,16146.04
2024-05-03,P008,Accessories,HRX,4729.79,3322.27,5,4493.3,28,689,3.8,4897.86,125812.4,32788.84
2024-05-05,P008,Accessories,HRX,4248.06,2823.09,5,4035.66,13,815,3.3,4126.29,52463.58,15763.41
2024-05-19,P008,Accessories,HRX,1917.44,1308.32,0,1917.44,48,661,4.1,2069.08,92037.12,29237.76
2024-05-26,P008,Accessories,HRX,4959.47,3214.25,15,4215.55,16,957,3.7,4211.68,67448.8,16020.8
2024-06-05,P008,Accessories,HRX,1960.59,1253.99,10,1764.53,38,830,4.7,1918.15,67052.14,19400.52
2024-06-05,P008,Accessories,HRX,2415.59,1425.93,40,1449.35,27,699,4.9,1392.17,39132.45,632.34
2024-06-06,P008,Accessories,HRX,1800.41,1228.45,40,1080.25,56,836,4.2,1171.7,60494.0,-8299.2
2024-07-01,P008,Accessories,HRX,935.4,524.89,0,935.4,45,769,4.1,954.72,42093.0,18472.95
2024-07-01,P008,Accessories,HRX,3123.99,1859.29,30,2186.79,44,372,4.0,1980.98,96218.76,14410.0
2024-07-02,P008,Accessories,HRX,2919.96,2116.49,40,1751.98,60,623,3.8,1818.56,105118.8,-21870.6
2024-07-03,P008,Accessories,HRX,3161.86,1763.07,40,1897.12,52,848,4.7,1891.11,98650.24,6970.6
2024-07-14,P008,Accessories,HRX,655.57,383.51,40,393.34,192,262,4.6,428.02,75521.28,1887.36
2024-07-25,P008,Accessories,HRX,1330.13,790.56,20,1064.1,112,721,4.8,1023.1,119179.2,30636.48
2024-08-02,P008,Accessories,HRX,3193.98,2081.1,30,2235.79,44,536,3.9,2153.36,98374.76,6806.36
2024-08-06,P008,Accessories,HRX,1238.25,805.07,20,990.6,40,780,4.9,898.46,39624.0,7421.2
2024-08-11,P008,Accessories,HRX,2722.07,1578.53,20,2177.66,60,992,4.5,1999.66,130659.6,35947.8
2024-08-12,P008,Accessories,HRX,3515.02,2479.56,15,2987.77,8,192,4.3,2747.04,23902.16,4065.68
2024-09-13,P008,Accessories,HRX,1665.04,1033.91,0,1665.04,96,835,3.7,1653.92,159843.84,60588.48
2024-09-15,P008,Accessories,HRX,2227.67,1577.01,20,1782.14,16,338,4.0,1671.34,28514.24,3282.08
2024-09-16,P008,Accessories,HRX,4703.52,3099.95,30,3292.46,32,761,3.9,3393.69,105358.72,6160.32
2024-09-17,P008,Accessories,HRX,3706.88,2095.6,20,2965.5,29,255,3.5,3096.32,85999.5,25227.1
2024-09-19,P008,Accessories,HRX,3891.32,2175.48,20,3113.06,25,928,4.6,3075.82,77826.5,23439.5
2024-09-24,P008,Accessories,HRX,1327.95,888.77,15,1128.76,20,553,4.0,1181.18,22575.2,4799.8
2024-09-28,P008,Accessories,HRX,3246.34,2296.87,40,1947.8,56,341,3.4,1947.55,109076.8,-19547.92
2024-09-29,P008,Accessories,HRX,1750.21,1272.03,0,1750.21,10,610,3.7,1923.12,17502.1,4781.8
2024-10-01,P008,Accessories,HRX,4068.45,2831.21,5,3865.03,28,702,4.9,3611.59,108220.84,28946.96
2024-10-03,P008,Accessories,HRX,2762.88,2039.32,40,1657.73,35,410,3.3,1729.82,58020.55,-13355.65
2024-10-06,P008,Accessories,HRX,3990.33,2305.22,15,3391.78,19,972,3.7,3283.87,64443.82,20644.64
2024-10-07,P008,Accessories,HRX,4535.68,2645.26,0,4535.68,23,971,4.3,4627.15,104320.64,43479.66
2024-10-07,P008,Accessories,HRX,3550.91,2580.17,40,2130.55,83,445,4.3,1958.98,176835.65,-37318.46
2024-10-16,P008,Accessories,HRX,750.65,437.87,15,638.05,182,266,3.4,691.74,116125.1,36432.76
2024-10-17,P008,Accessories,HRX,4844.17,2849.25,15,4117.54,35,857,4.6,3990.57,144113.9,44390.15
2024-10-18,P008,Accessories,HRX,3765.85,2117.07,5,3577.56,10,461,4.9,3334.78,35775.6,14604.9
2024-10-23,P008,Accessories,HRX,3695.39,2052.96,40,2217.23,75,631,4.1,2135.02,166292.25,12320.25
2024-10-24,P008,Accessories,HRX,2805.06,1851.0,5,2664.81,13,359,3.3,2526.78,34642.53,10579.53
2024-10-25,P008,Accessories,HRX,1188.48,834.93,5,1129.06,62,190,4.8,1233.72,70001.72,18236.06
2024-10-27,P008,Accessories,HRX,2559.83,1698.18,0,2559.83,9,268,3.6,2708.97,23038.47,7754.85
2024-11-01,P008,Accessories,HRX,2899.14,1864.29,10,2609.23,14,915,4.7,2473.54,36529.22,10429.16
2024-11-07,P008,Accessories,HRX,2644.02,1843.57,0,2644.02,6,283,3.2,2749.54,15864.12,4802.7
2024-11-16,P008,Accessories,HRX,3453.73,2436.74,15,2935.67,7,746,5.0,3029.78,20549.69,3492.51
2024-11-23,P008,Accessories,HRX,2717.42,1751.05,40,1630.45,132,849,3.3,1648.12,215219.4,-15919.2
2024-11-30,P008,Accessories,HRX,3406.41,2213.71,40,2043.85,65,893,3.4,2192.91,132850.25,-11040.9
2024-12-09,P008,Accessories,HRX,1451.84,1006.2,20,1161.47,83,200,3.6,1243.17,96402.01,12887.41
2024-12-10,P008,Accessories,HRX,4762.56,3196.95,10,4286.3,37,632,4.3,4197.86,158593.1,40305.95
2024-12-10,P008,Accessories,HRX,2119.78,1511.01,30,1483.85,23,629,3.3,1346.31,34128.55,-624.68
2024-12-22,P008,Accessories,HRX,2167.16,1571.53,10,1950.44,46,762,4.7,1923.88,89720.24,17429.86
2024-12-27,P008,Accessories,HRX,1675.19,1070.61,30,1172.63,109,434,4.7,1059.71,127816.67,11120.18
2024-12-28,P008,Accessories,HRX,4799.05,3186.74,20,3839.24,11,982,4.7,4075.87,42231.64,7177.5
