Myntra_Clean_Data.csv
date,product_id,category,brand,listed_price,cost_price,discount_pct,final_price,units_sold,inventory_level,rating,competitor_price,revenue,profit
2023-01-22,P018,Footwear,Nike,3526.16,2501.23,40,2115.7,36,474,4.2,2256.53,76165.2,-13879.08
2023-01-31,P018,Footwear,Nike,3342.46,2190.68,0,3342.46,19,705,4.6,3397.57,63506.74,21883.82
2023-02-08,P018,Footwear,Nike,1412.63,808.29,20,1130.1,68,315,4.0,1200.19,76846.8,21883.08
2023-02-09,P018,Footwear,Nike,1481.21,863.32,5,1407.15,39,449,3.7,1533.12,54878.85,21209.37
2023-02-09,P018,Footwear,Nike,3832.51,2343.6,40,2299.51,40,455,3.8,2078.19,91980.4,-1763.6
2023-02-13,P018,Footwear,Nike,3965.56,2277.18,20,3172.45,19,614,4.7,3344.99,60276.55,17010.13
2023-02-24,P018,Footwear,Nike,1442.49,899.57,5,1370.37,51,755,4.1,1460.82,69888.87,24010.8
2023-02-25,P018,Footwear,Nike,4171.19,2375.17,15,3545.51,23,246,4.5,3672.05,81546.73,26917.82
2023-02-25,P018,Footwear,Nike,3075.42,1982.28,20,2460.34,40,705,3.5,2383.57,98413.6,19122.4
2023-03-14,P018,Footwear,Nike,3923.27,2391.68,15,3334.78,11,160,4.9,3138.47,36682.58,10374.1
2023-03-14,P018,Footwear,Nike,624.36,402.2,30,437.05,374,516,4.2,458.23,163456.7,13033.9
2023-03-15,P018,Footwear,Nike,3250.09,2127.4,5,3087.59,26,116,4.5,3187.52,80277.34,24964.94
2023-03-17,P018,Footwear,Nike,1264.46,775.38,40,758.68,72,324,4.3,755.35,54624.96,-1202.4
2023-03-23,P018,Footwear,Nike,2617.9,1783.34,15,2225.22,32,137,4.7,2163.54,71207.04,14140.16
2023-03-30,P018,Footwear,Nike,4241.91,2731.62,40,2545.15,24,621,4.7,2716.8,61083.6,-4475.28
2023-04-12,P018,Footwear,Nike,1545.16,920.38,0,1545.16,90,730,3.4,1561.35,139064.4,56230.2
2023-04-26,P018,Footwear,Nike,641.85,395.76,15,545.57,252,494,3.5,563.79,137483.64,37752.12
2023-04-30,P018,Footwear,Nike,895.06,578.58,5,850.31,25,737,3.5,772.02,21257.75,6793.25
2023-05-07,P018,Footwear,Nike,2115.24,1467.0,10,1903.72,14,384,4.7,1843.91,26652.08,6114.08
2023-05-16,P018,Footwear,Nike,2416.25,1579.44,40,1449.75,93,227,3.7,1348.55,134826.75,-12061.17
2023-05-26,P018,Footwear,Nike,2775.12,1942.87,40,1665.07,90,596,4.1,1526.94,149856.3,-25002.0
2023-05-27,P018,Footwear,Nike,1547.74,1145.45,15,1315.58,90,126,4.1,1353.48,118402.2,15311.7
2023-05-30,P018,Footwear,Nike,4719.55,3405.93,10,4247.6,20,487,3.6,4346.29,84952.0,16833.4
2023-06-07,P018,Footwear,Nike,937.93,548.33,0,937.93,135,481,4.0,933.29,126620.55,52596.0
2023-06-15,P018,Footwear,Nike,4709.77,3457.95,20,3767.82,11,432,3.4,3643.23,41446.02,3408.57
2023-06-22,P018,Footwear,Nike,776.85,488.34,15,660.32,49,425,3.9,687.7,32355.68,8427.02
2023-07-03,P018,Footwear,Nike,4678.32,3358.77,20,3742.66,18,281,4.6,3782.17,67367.88,6910.02
2023-07-10,P018,Footwear,Nike,3143.72,2189.46,20,2514.98,31,116,4.9,2470.03,77964.38,10091.12
2023-07-23,P018,Footwear,Nike,3386.44,2254.69,20,2709.15,13,225,4.4,2523.67,35218.95,5907.98
2023-07-30,P018,Footwear,Nike,830.91,474.95,20,664.73,224,965,4.1,645.97,148899.52,42510.72
2023-08-03,P018,Footwear,Nike,1228.08,798.12,10,1105.27,84,995,4.4,1176.6,92842.68,25800.6
2023-08-08,P018,Footwear,Nike,699.42,438.87,0,699.42,189,919,3.2,724.47,132190.38,49243.95
2023-08-10,P018,Footwear,Nike,1638.07,1218.97,0,1638.07,24,884,4.4,1583.53,39313.68,10058.4
2023-08-12,P018,Footwear,Nike,3211.38,2039.52,0,3211.38,10,984,4.3,2982.58,32113.8,11718.6
2023-09-07,P018,Footwear,Nike,1563.87,1134.38,10,1407.48,45,572,3.5,1317.75,63336.6,12289.5
2023-09-07,P018,Footwear,Nike,3471.34,1930.86,0,3471.34,19,499,3.7,3458.65,65955.46,29269.12
2023-09-08,P018,Footwear,Nike,2302.38,1636.34,0,2302.38,56,168,4.5,2359.08,128933.28,37298.24
2023-09-15,P018,Footwear,Nike,2038.61,1269.42,30,1427.03,51,773,4.7,1540.75,72778.53,8038.11
2023-09-20,P018,Footwear,Nike,3981.86,2838.65,30,2787.3,5,254,3.3,2981.34,13936.5,-256.75
2023-09-26,P018,Footwear,Nike,4330.98,2767.46,20,3464.78,27,438,4.2,3315.84,93549.06,18827.64
2023-09-26,P018,Footwear,Nike,922.62,656.64,20,738.1,162,600,4.3,748.84,119572.2,13196.52
2023-09-28,P018,Footwear,Nike,3265.7,2250.61,15,2775.84,32,121,3.3,2772.83,88826.88,16807.36
2023-10-05,P018,Footwear,Nike,3164.81,1864.57,20,2531.85,37,823,4.4,2651.34,93678.45,24689.36
2023-10-13,P018,Footwear,Nike,1623.25,1125.13,10,1460.92,23,912,3.4,1320.28,33601.16,7723.17
2023-10-14,P018,Footwear,Nike,4939.92,3066.42,40,2963.95,9,662,4.3,2811.93,26675.55,-922.23
2023-10-18,P018,Footwear,Nike,4039.95,2226.28,0,4039.95,7,852,4.1,3978.57,28279.65,12695.69
2023-10-21,P018,Footwear,Nike,4135.35,2377.42,40,2481.21,13,105,4.1,2463.73,32255.73,1349.27
2023-10-22,P018,Footwear,Nike,2001.19,1323.88,10,1801.07,85,163,4.6,1679.36,153090.95,40561.15
2023-11-09,P018,Footwear,Nike,4516.07,2530.61,30,3161.25,44,662,4.3,3440.99,139095.0,27748.16
2023-11-11,P018,Footwear,Nike,4244.2,2766.03,15,3607.57,11,457,4.5,3910.71,39683.27,9256.94
2023-11-16,P018,Footwear,Nike,3109.62,1854.88,5,2954.14,13,870,3.5,2671.51,38403.82,14290.38
2023-11-16,P018,Footwear,Nike,763.01,514.23,15,648.56,227,437,4.2,621.38,147223.12,30492.91
2023-11-26,P018,Footwear,Nike,1436.8,828.44,10,1293.12,78,290,3.6,1395.89,100863.36,36245.04
2023-12-05,P018,Footwear,Nike,4411.87,3097.12,20,3529.5,36,682,4.8,3190.66,127062.0,15565.68
2023-12-11,P018,Footwear,Nike,2070.2,1259.08,30,1449.14,35,561,3.7,1483.13,50719.9,6652.1
2023-12-15,P018,Footwear,Nike,1153.4,770.74,0,1153.4,98,695,4.1,1114.46,113033.2,37500.68
2023-12-27,P018,Footwear,Nike,2607.51,1671.44,10,2346.76,65,322,3.7,2471.69,152539.4,43895.8
2023-12-31,P018,Footwear,Nike,2504.78,1796.49,5,2379.54,88,591,3.5,2552.28,209399.52,51308.4
2024-01-19,P018,Footwear,Nike,2882.84,1625.95,20,2306.27,14,992,4.2,2145.96,32287.78,9524.48
2024-01-26,P018,Footwear,Nike,1921.7,1246.22,10,1729.53,48,348,4.5,1682.51,83017.44,23198.88
2024-01-28,P018,Footwear,Nike,4908.43,3670.0,5,4663.01,34,656,4.8,4653.86,158542.34,33762.34
2024-01-31,P018,Footwear,Nike,3632.17,2357.84,15,3087.34,20,267,3.9,3134.65,61746.8,14590.0
2024-02-17,P018,Footwear,Nike,2848.11,2037.2,20,2278.49,22,507,4.3,2385.77,50126.78,5308.38
2024-02-23,P018,Footwear,Nike,3661.36,2720.39,20,2929.09,7,207,3.3,3003.32,20503.63,1460.9
2024-02-24,P018,Footwear,Nike,4928.72,3172.66,15,4189.41,28,964,4.5,4466.11,117303.48,28469.0
2024-02-25,P018,Footwear,Nike,1114.16,632.78,5,1058.45,36,235,3.7,1115.21,38104.2,15324.12
2024-03-04,P018,Footwear,Nike,563.01,327.05,0,563.01,136,284,4.8,568.58,76569.36,32090.56
2024-03-05,P018,Footwear,Nike,3737.34,2537.18,5,3550.47,25,336,4.5,3848.18,88761.75,25332.25
2024-03-05,P018,Footwear,Nike,2565.12,1553.46,30,1795.58,54,334,4.5,1805.41,96961.32,13074.48
2024-04-01,P018,Footwear,Nike,4112.68,2522.66,5,3907.05,6,888,3.7,3649.47,23442.3,8306.34
2024-04-07,P018,Footwear,Nike,3836.74,2611.43,40,2302.04,42,746,3.5,2240.83,96685.68,-12994.38
2024-04-08,P018,Footwear,Nike,3139.28,2255.85,0,3139.28,14,741,3.6,3081.94,43949.92,12368.02
2024-04-19,P018,Footwear,Nike,3973.79,2692.47,10,3576.41,20,235,3.6,3515.24,71528.2,17678.8
2024-04-23,P018,Footwear,Nike,727.3,467.36,5,690.94,231,212,4.1,690.8,159607.14,51646.98
2024-04-27,P018,Footwear,Nike,3387.93,2250.62,40,2032.76,26,898,3.4,2023.02,52851.76,-5664.36
2024-04-29,P018,Footwear,Nike,681.68,428.2,40,409.01,384,511,5.0,368.98,157059.84,-7368.96
2024-05-03,P018,Footwear,Nike,2251.53,1539.89,40,1350.92,15,235,3.6,1366.37,20263.8,-2834.55
2024-05-08,P018,Footwear,Nike,2985.47,1756.94,15,2537.65,17,131,3.9,2550.31,43140.05,13272.07
2024-05-14,P018,Footwear,Nike,2198.05,1512.78,40,1318.83,81,465,3.5,1187.58,106825.23,-15709.95
2024-05-22,P018,Footwear,Nike,3487.35,2286.35,10,3138.62,13,713,3.6,3322.75,40802.06,11079.51
2024-05-28,P018,Footwear,Nike,575.02,371.43,15,488.77,170,998,4.9,525.87,83090.9,19947.8
2024-06-01,P018,Footwear,Nike,3396.44,2306.2,0,3396.44,29,127,4.7,3566.58,98496.76,31616.96
2024-06-02,P018,Footwear,Nike,3581.97,2436.08,20,2865.58,10,564,5.0,3111.14,28655.8,4295.0
2024-06-05,P018,Footwear,Nike,2721.92,1907.87,30,1905.34,20,258,3.9,1888.95,38106.8,-50.6
2024-06-24,P018,Footwear,Nike,789.96,562.66,10,710.96,42,231,3.4,666.9,29860.32,6228.6
2024-06-25,P018,Footwear,Nike,2300.25,1605.64,30,1610.18,69,394,4.6,1713.19,111102.42,313.26
2024-06-30,P018,Footwear,Nike,2949.28,1849.85,30,2064.5,48,108,3.9,2056.47,99096.0,10303.2
2024-07-01,P018,Footwear,Nike,3041.73,2047.16,15,2585.47,27,816,4.7,2334.49,69807.69,14534.37
2024-07-06,P018,Footwear,Nike,2630.57,1491.68,5,2499.04,24,322,3.9,2374.13,59976.96,24176.64
2024-07-09,P018,Footwear,Nike,4273.9,2610.78,40,2564.34,8,560,4.0,2584.36,20514.72,-371.52
2024-07-17,P018,Footwear,Nike,1468.23,941.66,40,880.94,130,544,4.0,926.1,114522.2,-7893.6
2024-07-21,P018,Footwear,Nike,2025.37,1295.5,5,1924.1,36,724,4.5,1883.74,69267.6,22629.6
2024-07-22,P018,Footwear,Nike,2144.44,1518.61,15,1822.77,34,344,3.8,1795.7,61974.18,10341.44
2024-07-22,P018,Footwear,Nike,1270.69,814.15,5,1207.16,56,801,4.5,1194.45,67600.96,22008.56
2024-07-25,P018,Footwear,Nike,3403.05,2523.17,20,2722.44,19,654,3.6,2603.53,51726.36,3786.13
2024-07-29,P018,Footwear,Nike,675.06,499.03,5,641.31,70,275,4.7,648.78,44891.7,9959.6
2024-07-31,P018,Footwear,Nike,3687.53,2600.13,5,3503.15,17,941,4.8,3599.77,59553.55,15351.34
2024-08-01,P018,Footwear,Nike,2023.08,1339.47,5,1921.93,12,116,4.6,1932.7,23063.16,6989.52
2024-08-05,P018,Footwear,Nike,3762.42,2172.1,0,3762.42,27,188,3.6,4137.71,101585.34,42938.64
2024-08-07,P018,Footwear,Nike,1731.56,1236.27,20,1385.25,57,595,4.4,1433.98,78959.25,8491.86
2024-08-12,P018,Footwear,Nike,3023.08,2066.31,10,2720.77,26,670,4.0,2966.33,70740.02,17015.96
2024-08-16,P018,Footwear,Nike,766.28,454.57,30,536.4,144,996,4.0,569.68,77241.6,11783.52
2024-08-16,P018,Footwear,Nike,3336.38,1866.82,10,3002.74,30,390,4.3,3017.32,90082.2,34077.6
2024-08-25,P018,Footwear,Nike,644.54,358.25,10,580.09,264,191,4.5,595.78,153143.76,58565.76
2024-08-25,P018,Footwear,Nike,516.13,352.68,0,516.13,306,365,4.0,545.9,157935.78,50015.7
2024-08-28,P018,Footwear,Nike,1106.4,674.06,5,1051.08,112,868,4.7,1027.55,117720.96,42226.24
2024-09-03,P018,Footwear,Nike,856.05,580.9,20,684.84,98,733,5.0,721.17,67114.32,10186.12
2024-09-05,P018,Footwear,Nike,2592.48,1754.56,0,2592.48,22,535,4.7,2780.71,57034.56,18434.24
2024-09-07,P018,Footwear,Nike,1969.7,1404.87,0,1969.7,26,204,4.6,1969.42,51212.2,14685.58
2024-09-08,P018,Footwear,Nike,1968.93,1425.32,5,1870.48,68,178,4.9,1690.07,127192.64,30270.88
2024-09-14,P018,Footwear,Nike,2858.31,1819.27,10,2572.48,31,445,4.3,2356.1,79746.88,23349.51
2024-09-21,P018,Footwear,Nike,1217.05,784.08,40,730.23,168,189,3.4,693.04,122678.64,-9046.8
2024-09-21,P018,Footwear,Nike,1101.09,649.15,15,935.93,125,626,3.8,993.88,116991.25,35847.5
2024-09-23,P018,Footwear,Nike,2329.7,1500.65,15,1980.24,50,975,3.9,1941.77,99012.0,23979.5
2024-09-23,P018,Footwear,Nike,4759.41,3370.92,20,3807.53,22,286,4.2,3921.83,83765.66,9605.42
2024-09-25,P018,Footwear,Nike,4624.48,3364.07,10,4162.03,11,763,3.4,4503.95,45782.33,8777.56
2024-09-29,P018,Footwear,Nike,752.36,431.68,20,601.89,104,100,4.4,570.29,62596.56,17701.84
2024-10-06,P018,Footwear,Nike,3510.66,2561.53,10,3159.59,6,837,3.3,3422.11,18957.54,3588.36
2024-10-12,P018,Footwear,Nike,3309.95,2034.02,10,2978.96,11,953,3.9,3117.22,32768.56,10394.34
2024-10-13,P018,Footwear,Nike,1417.97,808.03,0,1417.97,70,414,4.9,1354.47,99257.9,42695.8
2024-10-18,P018,Footwear,Nike,2052.27,1205.02,30,1436.59,120,252,4.4,1317.84,172390.8,27788.4
2024-10-20,P018,Footwear,Nike,3144.29,2184.2,5,2987.08,24,981,4.4,2757.78,71689.92,19269.12
2024-10-24,P018,Footwear,Nike,560.88,357.75,40,336.53,273,189,4.9,357.68,91872.69,-5793.06
2024-10-25,P018,Footwear,Nike,1776.81,1315.42,10,1599.13,113,675,3.9,1459.64,180701.69,32059.23
2024-10-26,P018,Footwear,Nike,2672.62,1827.84,10,2405.36,59,450,3.5,2492.12,141916.24,34073.68
2024-11-04,P018,Footwear,Nike,1492.53,1049.17,30,1044.77,156,667,4.2,984.38,162984.12,-686.4
2024-11-08,P018,Footwear,Nike,2574.34,1889.08,15,2188.19,41,932,4.9,2195.82,89715.79,12263.51
2024-11-11,P018,Footwear,Nike,4552.42,3350.59,40,2731.45,23,517,4.1,2519.29,62823.35,-14240.22
2024-11-15,P018,Footwear,Nike,2614.78,1876.08,10,2353.3,26,393,4.1,2548.15,61185.8,12407.72
2024-11-19,P018,Footwear,Nike,2611.76,1731.1,5,2481.17,23,736,4.3,2604.53,57066.91,17251.61
2024-11-19,P018,Footwear,Nike,3887.43,2431.13,10,3498.69,28,661,4.5,3560.67,97963.32,29891.68
2024-11-28,P018,Footwear,Nike,4204.99,3001.17,10,3784.49,6,281,4.0,3467.53,22706.94,4699.92
2024-11-30,P018,Footwear,Nike,3502.46,1990.81,30,2451.72,52,805,4.4,2445.38,127489.44,23967.32
2024-12-03,P018,Footwear,Nike,3306.06,2109.88,5,3140.76,13,244,4.2,3402.34,40829.88,13401.44
2024-12-09,P018,Footwear,Nike,4991.32,3295.7,10,4492.19,33,886,5.0,4733.07,148242.27,39484.17
2024-12-12,P018,Footwear,Nike,1302.24,803.06,5,1237.13,46,876,4.9,1136.11,56907.98,19967.22
2024-12-16,P018,Footwear,Nike,1790.75,1200.76,15,1522.14,117,806,3.7,1565.11,178090.38,37601.46
2024-12-21,P018,Footwear,Nike,3847.36,2859.22,40,2308.42,18,812,5.0,2436.06,41551.56,-9914.4
2024-12-21,P018,Footwear,Nike,1531.47,884.63,40,918.88,78,369,3.3,964.89,71672.64,2671.5
2024-12-31,P018,Footwear,Nike,1745.23,1054.01,10,1570.71,105,785,3.4,1690.92,164924.55,54253.5
